A.L	en	1967+borders
A.L	en	2009+Israeli+election
A.L	en	2009+Israeli+elections
A.L	en	Abba+Eban
A.L	en	Africa
A.L	en	Afu+Agbaria
A.L	en	Agricultural+State+University+of+Moldova
A.L	en	Aharon+Yariv
A.L	en	Ahmad+Tibi
A.L	en	Ahmed+Dabbah
A.L	en	Ahmed+Tibi
A.L	en	Akram+Hasson
A.L	en	Al+Jazeera
A.L	en	Alali+Adamso
A.L	en	Alex+Miller+%28Israeli+politician%29
A.L	en	Aliyah
A.L	en	Aliyah+%28political+party%29
A.L	en	Alma+mater
A.L	en	Amnon+Cohen
A.L	en	Amnon+Lipkin-Shahak
A.L	en	Amnon+Rubinstein
A.L	en	Anastassia+Michaeli
A.L	en	Annapolis+Conference
A.L	en	Anthony+Zinni
A.L	en	Anti-Arabism
A.L	en	Anti-Israel
A.L	en	Anwar+Sadat
A.L	en	Arab
A.L	en	Arab+Democratic+Party+%28Israel%29
A.L	en	Arab+Israeli
A.L	en	Arab+members+of+the+Knesset
A.L	en	Ariel+Atias
A.L	en	Ariel+Sharon
A.L	en	Artillery+Corps+%28Israel%29
A.L	en	Arutz+Sheva
A.L	en	Aryeh+Bibi
A.L	en	Aryeh+Eldad
A.L	en	Aswan+Dam
A.L	en	Atomic+bombings+of+Hiroshima+and+Nagasaki
A.L	en	Authority+control
A.L	en	Avi+Duan
A.L	en	Avigdor+Eskin
A.L	en	Avigdor+Lieberman
A.L	en	Avishay+Braverman
A.L	en	Avraham+Michaeli
A.L	en	Avraham+Shochat
A.L	en	Ayoob+Kara
A.L	en	Bachelor+of+Arts
A.L	en	Balad+%28political+party%29
A.L	en	Bamahane
A.L	en	Beersheba
A.L	en	Belarus
A.L	en	Benjamin+Netanyahu
A.L	en	Benny+Begin
A.L	en	Binyamin+Ben-Eliezer
A.L	en	Bouncer+%28doorman%29
A.L	en	Breach+of+trust
A.L	en	C-SPAN
A.L	en	CNN
A.L	en	Cabinet+of+Israel
A.L	en	Chi%3Fin%3Fu
A.L	en	Chi%3Fin%3Fu
A.L	en	Condoleezza+Rice
A.L	en	Corporal
A.L	en	Dalia+Itzik
A.L	en	Dan+Meridor
A.L	en	Daniel+Ben-Simon
A.L	en	Daniel+Hershkowitz
A.L	en	Daniel+Pipes
A.L	en	Danny+Ayalon
A.L	en	Danny+Danon
A.L	en	David-Zvi+Pinkas
A.L	en	David+Azulai
A.L	en	David+Ben-Gurion
A.L	en	David+Levy+%28Israeli+politician%29
A.L	en	David+Remez
A.L	en	David+Rotem
A.L	en	Dead+Sea
A.L	en	Deputy+Prime+Minister
A.L	en	Deputy+leaders+of+Israel
A.L	en	Der+Spiegel
A.L	en	Disenfranchisement
A.L	en	Disengagement+plan
A.L	en	Doron+Avital
A.L	en	Dov+Khenin
A.L	en	Dov+Yosef
A.L	en	Effi+Eitam
A.L	en	Efraim+Sneh
A.L	en	Egyptian%EF%BF%BDIsraeli+Peace+Treaty
A.L	en	Ehud+Barak
A.L	en	Ehud+Olmert
A.L	en	Einat+Wilf
A.L	en	Eitan+Cabel
A.L	en	Eli+Suissa
A.L	en	Eli+Yishai
A.L	en	Eliezer+Moses
A.L	en	Eliezer+Sandberg
A.L	en	Energy+and+Water+Resources+Ministry
A.L	en	English+language
A.L	en	English+trusts+law
A.L	en	Eric+Yoffie
A.L	en	European+Union
A.L	en	Ezer+Weizman
A.L	en	Faina+Kirschenbaum
A.L	en	Far+right
A.L	en	Fascism
A.L	en	Financial+Times
A.L	en	Fine+%28penalty%29
A.L	en	Foreign+Affairs+Minister+of+Israel
A.L	en	Foreign+Affairs+and+Defense+Committee
A.L	en	Francisco+Gil-White
A.L	en	Frank-Walter+Steinmeier
A.L	en	Fraud
A.L	en	FrontPageMagazine.com
A.L	en	Gad+Yaacobi
A.L	en	Galei+Tzahal
A.L	en	Gaza+War
A.L	en	George+J.+Mitchell
A.L	en	George+Tenet
A.L	en	George+W.+Bush
A.L	en	George+W.+Bush+administration
A.L	en	Gershom+Gorenberg
A.L	en	Gideon+Sa%27ar
A.L	en	Gila+Gamliel
A.L	en	Gilad+Erdan
A.L	en	Giyur
A.L	en	Golda+Meir
A.L	en	Gonen+Segev
A.L	en	Gulag
A.L	en	Ha%27aretz
A.L	en	Haaretz
A.L	en	Hadash
A.L	en	Haim+Amsalem
A.L	en	Haim+Corfu
A.L	en	Haim+Katz
A.L	en	Haim+Landau
A.L	en	Hamad+Amar
A.L	en	Hamas
A.L	en	Hana+Sweid
A.L	en	Haneen+Zoabi
A.L	en	Hate+speech
A.L	en	Hatnuah
A.L	en	Hebrew+University+of+Jerusalem
A.L	en	Hebrew+language
A.L	en	Hillary+Clinton
A.L	en	Hosni+Mubarak
A.L	en	Hydrology
A.L	en	Ibrahim+Sarsur
A.L	en	Ilan+Gilon
A.L	en	Independence+%28Israeli+political+party%29
A.L	en	Institute+for+Middle+East+Understanding
A.L	en	International+Standard+Serial+Number
A.L	en	Iran
A.L	en	Iran+and+weapons+of+mass+destruction
A.L	en	Isaac+Herzog
A.L	en	Islamic+Jihad+Movement+in+Palestine
A.L	en	Israel
A.L	en	Israel%27s+unilateral+disengagement+plan
A.L	en	Israel+Defense+Forces
A.L	en	Israel+National+News
A.L	en	Israeli+Arab
A.L	en	Israeli+Arabs
A.L	en	Israeli+Jews
A.L	en	Israeli+Labor+Party
A.L	en	Israeli+Police
A.L	en	Israeli+government
A.L	en	Israeli+legislative+election%2C+1988
A.L	en	Israeli+legislative+election%2C+1999
A.L	en	Israeli+legislative+election%2C+2003
A.L	en	Israeli+legislative+election%2C+2006
A.L	en	Israeli+legislative+election%2C+2009
A.L	en	Israeli+new+shekel
A.L	en	Israeli+right-wing+politics
A.L	en	Israeli+settlement
A.L	en	Israeli+settlements
A.L	en	Italy
A.L	en	Jamal+Zahalka
A.L	en	Japan
A.L	en	Jean-Marie+Le+Pen
A.L	en	Jerusalem
A.L	en	Jew
A.L	en	Jewish+quota
A.L	en	Joseph+Stalin
A.L	en	Joshua+Hammer
A.L	en	Judean+Desert
A.L	en	J%EF%BF%BDrg+Haider
A.L	en	Kach+and+Kahane+Chai
A.L	en	Kadima
A.L	en	Karmel+Shama
A.L	en	Kibbutz
A.L	en	Kiev+University
A.L	en	Knesset
A.L	en	Knesset+Elections+Law
A.L	en	LA+Times
A.L	en	Labor+Party+%28Israel%29
A.L	en	Land+for+peace
A.L	en	Land+improvement
A.L	en	Lea+Nass
A.L	en	Lia+Shemtov
A.L	en	Lieberman+Plan
A.L	en	Likud
A.L	en	Limor+Livnat
A.L	en	List+of+members+of+the+eighteenth+Knesset
A.L	en	Loyalty+oath
A.L	en	M.J.+Rosenberg
A.L	en	Ma%27an+News
A.L	en	Maariv
A.L	en	Majalli+Wahabi
A.L	en	Marina+Solodkin
A.L	en	Marriage+in+Israel
A.L	en	Martin+Peretz
A.L	en	Martin+Schlaff
A.L	en	Mass+media
A.L	en	Masud+Ghnaim
A.L	en	McClatchy+Newspapers
A.L	en	Meir+Amit
A.L	en	Meir+Sheetrit
A.L	en	Memorial+to+the+Murdered+Jews+of+Europe
A.L	en	Menachem+Begin
A.L	en	Mercaz+HaRav
A.L	en	Mercaz+HaRav+massacre
A.L	en	Meretz
A.L	en	Meshulam+Nahari
A.L	en	Michael+Ben-Ari
A.L	en	Michael+Cherney
A.L	en	Michael+Eitan
A.L	en	Michael+Nudelman
A.L	en	Military+rank
A.L	en	Minister+of+Foreign+Affairs
A.L	en	Ministry+of+Transport%2C+National+Infrastructure+and+Road+Safety
A.L	en	Miri+Regev
A.L	en	Mohammad+Barakeh
A.L	en	Moldavian+SSR
A.L	en	Moldavian+Soviet+Socialist+Republic
A.L	en	Moldova
A.L	en	Money+laundering
A.L	en	Moshe+Arens
A.L	en	Moshe+Carmel
A.L	en	Moshe+Dayan
A.L	en	Moshe+Gafni
A.L	en	Moshe+Kahlon
A.L	en	Moshe+Katsav
A.L	en	Moshe+Matalon
A.L	en	Moshe+Shahal
A.L	en	Moshe+Sharett
A.L	en	Moshe+Ya%27alon
A.L	en	Mossad
A.L	en	NATO
A.L	en	NNDB
A.L	en	Nahman+Shai
A.L	en	Natan+Sharansky
A.L	en	National+Infrastructure+Minister+of+Israel
A.L	en	National+Union+%28Israel%29
A.L	en	Nazi
A.L	en	News+media
A.L	en	Nino+Abesadze
A.L	en	Nissim+Ze%27ev
A.L	en	Nitzan+Horowitz
A.L	en	Nokdim
A.L	en	Nrg+Maariv
A.L	en	Nuclear+proliferation
A.L	en	Nuclear+warfare
A.L	en	Nuremberg+Trials
A.L	en	N%EF%BF%BDe
A.L	en	Obama+administration
A.L	en	Occupied+Japan
A.L	en	Office+of+the+Prime+Minister+%28Israel%29
A.L	en	Ofir+Akunis
A.L	en	Omar+Suleiman
A.L	en	Operation+Cast+Lead
A.L	en	Ophir+Pines-Paz
A.L	en	Orit+Noked
A.L	en	Orit+Zuaretz
A.L	en	Orly+Levy
A.L	en	Orthodox+Judaism
A.L	en	Otniel+Schneller
A.L	en	Palestinian+Authority
A.L	en	Palestinian+National+Authority
A.L	en	Palestinian+state
A.L	en	Permanent+residence+%28United+States%29
A.L	en	Plea+bargain
A.L	en	Populism
A.L	en	Positions+on+Jerusalem
A.L	en	Press+conference
A.L	en	Prime+Minister+of+Israel
A.L	en	Rabbi+Meir+Kahane
A.L	en	Rabbinical+Judaism
A.L	en	Rachel+Adato
A.L	en	Racism
A.L	en	Raleb+Majadele
A.L	en	Ramallah
A.L	en	Ratified
A.L	en	Recep+Tayyip+Erdogan
A.L	en	Red+Army
A.L	en	Rehavam+Ze%27evi
A.L	en	Religion+in+Israel
A.L	en	Reuven+Rivlin
A.L	en	Richard+Cohen+%28columnist%29
A.L	en	Right+to+vote
A.L	en	Road+map+for+peace
A.L	en	Robert+Ilatov
A.L	en	Robert+Tiviaev
A.L	en	Romanian+language
A.L	en	Roni+Bar-On
A.L	en	Ronit+Tirosh
A.L	en	Ruhama+Avraham
A.L	en	Russian+language
A.L	en	Said+Nafa
A.L	en	Sanctions+against+Iran
A.L	en	Secularism
A.L	en	Separation+of+church+and+state
A.L	en	Shachiv+Shnaan
A.L	en	Shai+Hermesh
A.L	en	Shalom+Simhon
A.L	en	Sharm+e-Sheikh
A.L	en	Shas
A.L	en	Shaul+Mofaz
A.L	en	Shaul+Yahalom
A.L	en	Shelly+Yachimovich
A.L	en	Shimon+Peres
A.L	en	Shlomo+Ben-Ami
A.L	en	Shlomo+Molla
A.L	en	Siberian
A.L	en	Silvan+Shalom
A.L	en	Six+Day+War
A.L	en	Sofa+Landver
A.L	en	Soviet+Union
A.L	en	Special+envoy
A.L	en	Stas+Misezhnikov
A.L	en	Strategic+Affairs+Minister+of+Israel
A.L	en	Strong+Israel
A.L	en	Ta%27al
A.L	en	Taleb+el-Sana
A.L	en	Taras+Shevchenko+National+University+of+Kyiv
A.L	en	Tekoa%2C+Gush+Etzion
A.L	en	The+Atlantic
A.L	en	The+Christian+Science+Monitor
A.L	en	The+Daily+Telegraph
A.L	en	The+First+Post
A.L	en	The+Forward
A.L	en	The+Guardian
A.L	en	The+Independent
A.L	en	The+Jerusalem+Post
A.L	en	The+Jewish+Home
A.L	en	The+Jewish+Week
A.L	en	The+Miami+Herald
A.L	en	The+New+Republic
A.L	en	The+New+York+Review+of+Books
A.L	en	The+New+York+Times
A.L	en	The+Washington+Post
A.L	en	Today%27s+Zaman
A.L	en	Transportation+Minister+of+Israel
A.L	en	Turkish+Weekly
A.L	en	Two-state+solution
A.L	en	Tzachi+Hanegbi
A.L	en	Tzahi+Hanegbi
A.L	en	Tzipi+Hotovely
A.L	en	Tzipi+Livni
A.L	en	Ultra-nationalists
A.L	en	Ultra-orthodox
A.L	en	Union+for+Reform+Judaism
A.L	en	United+Arab+List
A.L	en	United+States+Secretary+of+State
A.L	en	United+Torah+Judaism
A.L	en	Uri+Ariel
A.L	en	Uri+Blau
A.L	en	Uri+Maklev
A.L	en	Uri+Orbakh
A.L	en	Uzi+Landau
A.L	en	Virtual+International+Authority+File
A.L	en	Vladimir+Putin
A.L	en	Vladimir+Zhirinovsky
A.L	en	Wall+Street+Journal
A.L	en	Walla%21
A.L	en	Washington+Post
A.L	en	West+Bank
A.L	en	Whole+Nation
A.L	en	Witness+tampering
A.L	en	WorldCat
A.L	en	World+War+II
A.L	en	Wye+River+Memorandum
A.L	en	YNET
A.L	en	YNet+news
A.L	en	Ya%27akov+Katz+%28politician+born+1951%29
A.L	en	Ya%27akov+Margi
A.L	en	Yaakov+Edri
A.L	en	Yaakov+Litzman
A.L	en	Yariv+Levin
A.L	en	Yasser+Arafat
A.L	en	Yediot+Ahronot
A.L	en	Yedioth+Ahronoth
A.L	en	Yiddish
A.L	en	Yigal+Allon
A.L	en	Yisrael+BaAliyah
A.L	en	Yisrael+Bar-Yehuda
A.L	en	Yisrael+Beiteinu
A.L	en	Yisrael+Eichler
A.L	en	Yisrael+Hasson
A.L	en	Yisrael+Katz+%28politician+born+1955%29
A.L	en	Yisrael+Kessar
A.L	en	Yitzhak+Aharonovich
A.L	en	Yitzhak+Ben-Aharon
A.L	en	Yitzhak+Berman
A.L	en	Yitzhak+Cohen
A.L	en	Yitzhak+Levy
A.L	en	Yitzhak+Moda%27i
A.L	en	Yitzhak+Mordechai
A.L	en	Yitzhak+Rabin
A.L	en	Yitzhak+Shamir
A.L	en	Yitzhak+Vaknin
A.L	en	Yoel+Hasson
A.L	en	Yohanan+Plesner
A.L	en	Yoram+Marciano
A.L	en	Yosef+Dayan
A.L	en	Yosef+Paritzky
A.L	en	Yosef+Sapir
A.L	en	Yosef+Serlin
A.L	en	Yuli-Yoel+Edelstein
A.L	en	Yulia+Shamalov-Berkovich
A.L	en	Yuri+Stern
A.L	en	Yuval+Ne%27eman
A.L	en	Yuval+Steinitz
A.L	en	Yuval+Tzelner
A.L	en	Zahava+Gal-On
A.L	en	Zalman+Aran
A.L	en	Ze%27ev+Ben+Aryeh
A.L	en	Ze%27ev+Bielski
A.L	en	Ze%27ev+Elkin
A.L	en	Zevulun+Orlev
A.L	en	Zion+Pinyan
A.L	en	Wikipedia%3ACitation+needed
A.L	en	Wikipedia%3AIPA+for+Hebrew
A.L	en	Wikipedia%3AMedia+help
A.L	en	Wikipedia%3APersondata
A.L	en	File%3AAvigdor+lieberman.ogg
A.L	en	Template%3ACurrent+MKs
A.L	en	Template%3AISO+639+name+he
A.L	en	Template%3AIsraelForeignMin
A.L	en	Template%3AIsraeli+Ministers+of+Transportation
A.L	en	Template%3AIsraeli+National+Infrastructure+Ministers
A.L	en	Template%3APortal%2FImages%2FBiography
A.L	en	Template%3APortal%2FImages%2FIsrael
A.L	en	Template%3APortal%2FImages%2FMoldova
A.L	en	Template%3APortal%2FImages%2FPolitics
A.L	en	Template%3APortal%2FImages%2FRussia
A.L	en	Template%3APortal%2FImages%2FSoviet+union
A.L	en	Template+talk%3ACurrent+MKs
A.L	en	Template+talk%3AIsraelForeignMin
A.L	en	Template+talk%3AIsraeli+Ministers+of+Transportation
A.L	en	Template+talk%3AIsraeli+National+Infrastructure+Ministers
A.L	en	Category%3AArticles+containing+Russian+language+text
A.L	en	Category%3AArticles+with+unsourced+statements+from+January+2012
A.L	en	Category%3AUse+dmy+dates+from+December+2012
A.L	en	Portal%3ABiography
A.L	en	Portal%3AIsrael
A.L	en	Portal%3AMoldova
A.L	en	Portal%3APolitics
A.L	en	Portal%3ARussia
A.L	en	Portal%3ASoviet+Union
B.L	fi	1958
B.L	fi	1978
B.L	fi	1999
B.L	fi	2006
B.L	fi	5.+kes%EF%BF%BDkuuta
B.L	fi	Ahmed+Tibi
B.L	fi	Ariel+Sharon
B.L	fi	Assuanin+pato
B.L	fi	Azerbaid%EF%BF%BDan
B.L	fi	Baku
B.L	fi	Benjamin+Netanjahu
B.L	fi	Chi%3Fin%3Fu
B.L	fi	Ehud+Olmert
B.L	fi	Englannin+kieli
B.L	fi	Euroopan+unioni
B.L	fi	Gaza
B.L	fi	Haaretz
B.L	fi	Heprea
B.L	fi	Histadrut
B.L	fi	Iranin+ydinkriisi
B.L	fi	Israel
B.L	fi	Israelin+p%EF%BF%BD%EF%BF%BDministeri
B.L	fi	Japani
B.L	fi	Jerusalemin+heprealainen+yliopisto
B.L	fi	Kach
B.L	fi	Knesset
B.L	fi	Kuollutmeri
B.L	fi	Likud
B.L	fi	Meir+Kahane
B.L	fi	Moldavian+sosialistinen+neuvostotasavalta
B.L	fi	Neuvostoliitto
B.L	fi	Operaatio+Valettu+lyijy
B.L	fi	Ophir+Pines-Paz
B.L	fi	Pohjois-Atlantin+liitto
B.L	fi	Romanian+kieli
B.L	fi	Shas
B.L	fi	Ven%EF%BF%BDj%EF%BF%BDn+kieli
B.L	fi	Wadi+Ar
B.L	fi	Ydinase
B.L	fi	Yhdysvallat
B.L	fi	Yisrael+Beiteinu
B.L	fi	%EF%BF%BD%EF%BF%BDrioikeisto
B.L	fr	10+f%EF%BF%BDvrier
B.L	fr	11+d%EF%BF%BDcembre
B.L	fr	13+d%EF%BF%BDcembre
B.L	fr	16+janvier
B.L	fr	18+d%EF%BF%BDcembre
B.L	fr	1940
B.L	fr	1958
B.L	fr	1978
B.L	fr	1993
B.L	fr	1996
B.L	fr	1997
B.L	fr	1999
B.L	fr	2002
B.L	fr	2004
B.L	fr	2006
B.L	fr	2008
B.L	fr	2009
B.L	fr	2012
B.L	fr	23+octobre
B.L	fr	2+ao%EF%BF%BDt
B.L	fr	4+juin
B.L	fr	5+juin
B.L	fr	Agence+France-Presse
B.L	fr	Agronomie
B.L	fr	Aliyah
B.L	fr	Allemands
B.L	fr	Anglais
B.L	fr	Ao%EF%BF%BDt+2009
B.L	fr	Ariel+Sharon
B.L	fr	Arm%EF%BF%BDe+rouge
B.L	fr	Avril+2006
B.L	fr	Azerba%EF%BF%BDdjan
B.L	fr	Bakou
B.L	fr	Bande+de+Gaza
B.L	fr	Benjamin+Netanyahou
B.L	fr	Benyamin+Netanyahou
B.L	fr	Bessarabie
B.L	fr	Betar
B.L	fr	Blanchiment
B.L	fr	Campagne+%EF%BF%BDlectorale
B.L	fr	Chi%3Fin%3Fu
B.L	fr	Chypre
B.L	fr	Condoleezza+Rice
B.L	fr	Conf%EF%BF%BDrence+d%27Annapolis
B.L	fr	Corruption
B.L	fr	D%EF%BF%BDcembre+2012
B.L	fr	Ehud+Barak
B.L	fr	F%EF%BF%BDvrier+2003
B.L	fr	Gouvernement+Olmert
B.L	fr	Homme+politique
B.L	fr	H%EF%BF%BDbreu
B.L	fr	Iran
B.L	fr	Israel+Beytenou
B.L	fr	Isra%EF%BF%BDlienne
B.L	fr	Isra%EF%BF%BDl
B.L	fr	Juda%EF%BF%BDsme
B.L	fr	Juifs
B.L	fr	Justice
B.L	fr	Kadima
B.L	fr	Kichinev
B.L	fr	Knesset
B.L	fr	Le+Figaro
B.L	fr	Le+Monde
B.L	fr	Liberman
B.L	fr	Likoud
B.L	fr	Liste+des+Premiers+ministres+d%27Isra%EF%BF%BDl
B.L	fr	Mahmoud+Ahmadinejad
B.L	fr	Mai+2004
B.L	fr	Mars+2001
B.L	fr	Mars+2002
B.L	fr	Moldavie
B.L	fr	Parti+travailliste+%28Isra%EF%BF%BDl%29
B.L	fr	Plan+de+d%EF%BF%BDsengagement+des+territoires+occup%EF%BF%BDs
B.L	fr	Police+%28institution%29
B.L	fr	Procureur
B.L	fr	Roumain
B.L	fr	Roumanie
B.L	fr	Russe
B.L	fr	R%EF%BF%BDpublique+socialiste+sovi%EF%BF%BDtique+moldave
B.L	fr	Seconde+Guerre+mondiale
B.L	fr	Seconde+Intifada
B.L	fr	Service+militaire
B.L	fr	Sib%EF%BF%BDrie
B.L	fr	Tch%EF%BF%BDtch%EF%BF%BDnie
B.L	fr	Tsahal
B.L	fr	Tzipi+Livni
B.L	fr	Universit%EF%BF%BD+h%EF%BF%BDbra%EF%BF%BDque+de+J%EF%BF%BDrusalem
B.L	fr	%EF%BF%BDlections+l%EF%BF%BDgislatives+isra%EF%BF%BDliennes+de+2006
B.L	fr	%EF%BF%BDlections+l%EF%BF%BDgislatives+isra%EF%BF%BDliennes+de+2009
B.L	fr	Discussion%3AAvigdor+Liberman
B.L	fr	Discussion%3AAvigdor+Liberman%2F%EF%BF%BD+faire
B.L	fr	Mod%EF%BF%BDle%3ACountry+data+Isra%EF%BF%BDl
B.L	fr	Mod%EF%BF%BDle%3A%EF%BF%BDbauche%2Fparam%EF%BF%BDtres+personnalit%EF%BF%BD+isra%EF%BF%BDlienne
B.L	fr	Aide%3AComment+modifier+une+page
B.L	fr	Aide%3AHomonymie
B.L	fr	Aide%3A%EF%BF%BDbauche
B.L	fr	Cat%EF%BF%BDgorie%3APortail%3AIsra%EF%BF%BDl%2FArticles+li%EF%BF%BDs
B.L	fr	Cat%EF%BF%BDgorie%3APortail%3APolitique%2FArticles+li%EF%BF%BDs
B.L	fr	Portail%3AIsra%EF%BF%BDl
B.L	fr	Portail%3APolitique
B.L	fr	Projet%3AAccueil
B.L	he	14+%3F%3F%3F%3F
B.L	he	15+%3F%3F%3F%3F%3F%3F%3F%3F
B.L	he	16+%3F%3F%3F%3F%3F%3F
B.L	he	18+%3F%3F%3F%3F%3F
B.L	he	1958
B.L	he	1978
B.L	he	1981
B.L	he	1983
B.L	he	1986
B.L	he	1987
B.L	he	1988
B.L	he	1992
B.L	he	1996
B.L	he	1997
B.L	he	1998
B.L	he	1999
B.L	he	2000
B.L	he	2001
B.L	he	2002
B.L	he	2004
B.L	he	2006
B.L	he	2008
B.L	he	2009
B.L	he	2012
B.L	he	29+%3F%3F%3F%3F%3F%3F%3F
B.L	he	30+%3F%3F%3F%3F%3F%3F%3F%3F
B.L	he	30+%3F%3F%3F%3F%3F%3F
B.L	he	3+%3F%3F%3F%3F%3F%3F
B.L	he	4+%3F%3F%3F%3F%3F
B.L	he	5+%3F%3F%3F%3F%3F
B.L	he	Nrg+%3F%3F%3F%3F%3F
B.L	he	Ynet
B.L	he	%3F%3F%3F+%3F%3F%3F
B.L	he	%3F%3F%3F+%3F%3F%3F%3F
B.L	he	%3F%3F%3F%3F%3F+%3F%3F%3F%3F%3F%3F%3F
B.L	he	%3F%3F%3F%3F%3F%3F%3F+%3F%3F%3F%3F%3F
B.L	he	%3F%3F%3F%3F%3F+%3F%3F%3F%3F%3F+%3F%3F%3F%3F
B.L	he	%3F%3F%3F%3F%3F+%3F%3F%3F%3F%3F%3F
B.L	he	%3F%3F%3F+%3F%3F%3F%3F
B.L	he	%3F%3F%3F%3F+%3F%3F%3F%3F%3F%3F
B.L	he	%3F%3F%3F%3F+%3F%3F%3F
B.L	he	%3F%3F%3F%3F+%3F%3F%3F%3F
B.L	he	%3F%3F%3F+%3F%3F+%3F%3F%3F%3F
B.L	he	%3F%3F%3F%22%3F
B.L	he	%3F%3F%3F%3F%3F%3F%3F%3F%3F%3F+%3F%3F%3F%3F%3F%3F
B.L	he	%3F%3F%3F%3F%3F%3F%3F%3F%3F
B.L	he	%3F%3F%3F%3F%3F+%3F%3F%3F%3F%3F%3F
B.L	he	%3F%3F%3F%3F%3F+%3F%3F%3F%3F
B.L	he	%3F%3F%3F%3F+%3F%3F%3F%3F%3F
B.L	he	%3F%3F%3F%3F+%3F%3F%3F%3F%3F
B.L	he	%3F%3F%3F%3F+%3F%3F%3F%3F
B.L	he	%3F%3F%3F%3F+%3F%3F%3F%3F
B.L	he	%3F%3F%3F%3F%3F+%3F%3F%3F%3F%3F
B.L	he	%3F%3F%3F%3F%3F+%3F%3F%3F%3F
B.L	he	%3F%3F%3F%3F%3F+%3F%3F%3F-%3F%3F%3F%3F%3F%3F
B.L	he	%3F%3F%3F%3F%3F%3F+%3F%3F%3F%3F%3F%3F%3F
B.L	he	%3F%3F%3F%3F+%3F%3F%3F%3F
B.L	he	%3F%3F%3F%3F+%3F%3F%3F%3F
B.L	he	%3F%3F%3F%3F+%3F%3F%3F
B.L	he	%3F%3F%3F%3F%3F+%3F%3F%3F%3F%3F-%3F%3F%3F%3F%3F+%3F%3F%3F%3F%3F
B.L	he	%3F%3F%3F%3F+%3F%3F%3F%3F%3F%3F
B.L	he	%3F%3F%3F%3F+%3F%3F%3F
B.L	he	%3F%3F%3F%3F+%3F%3F%3F%3F
B.L	he	%3F%3F%3F+%3F%3F%3F
B.L	he	%3F%3F%3F%3F%3F+%3F%3F%3F%3F%3F
B.L	he	%3F%3F%3F%3F%3F%3F+%3F%3F%3F%3F%3F%3F
B.L	he	%3F%3F%3F%3F%3F%3F+%3F%3F%3F
B.L	he	%3F%3F%3F%3F+%3F%3F%3F%3F
B.L	he	%3F%3F%3F%3F+%3F%3F%3F%3F%3F
B.L	he	%3F%3F%3F%3F+%3F%3F%3F%3F
B.L	he	%3F%3F%3F%3F%3F+%3F%3F%3F
B.L	he	%3F%3F%3F%3F%3F+%3F%3F%3F%3F%3F%3F-%3F%3F%3F
B.L	he	%3F%3F%3F%3F%3F+%3F%3F%3F%3F%3F%3F%3F%3F%3F%3F
B.L	he	%3F%3F%3F%3F%3F%3F+%3F%3F%3F%3F%3F%3F%3F
B.L	he	%3F%3F%3F%3F%3F%3F%3F%3F%3F
B.L	he	%3F%3F%3F%3F%3F%3F%3F+%3F%3F%3F%3F%3F%3F
B.L	he	%3F%3F%3F%3F%3F%3F%3F%3F%3F%3F%3F+ynet
B.L	he	%3F%3F%3F%3F%3F
B.L	he	%3F%3F%3F+%3F%3F%3F%3F
B.L	he	%3F%3F%3F%3F%3F+%3F%3F%3F
B.L	he	%3F%3F%3F%3F%3F%3F+%3F%3F%3F%3F+%3F%3F%3F%3F%3F%3F
B.L	he	%3F%3F%3F%3F%3F+%3F%3F%3F%3F%3F
B.L	he	%3F%3F%3F%3F%3F+%3F%3F%3F%3F
B.L	he	%3F%3F%3F%3F+%3F%3F%3F%3F
B.L	he	%3F%3F%3F%3F+%3F%3F%3F%3F
B.L	he	%3F%3F%3F%3F%3F%3F+%3F%3F%3F%3F%3F+%3F%3F%3F%3F%3F%3F%3F
B.L	he	%3F%3F%3F%3F%3F+%3F%3F%3F%3F%3F
B.L	he	%3F%3F%3F%3F%3F%3F
B.L	he	%3F%3F%3F%3F%3F%3F+%3F%3F%3F%3F
B.L	he	%3F%3F%3F%3F%3F%3F+%3F%3F+%3F%3F%3F%3F%3F%3F
B.L	he	%3F%3F%3F%3F%3F%3F+%3F%3F%3F%3F%3F%3F
B.L	he	%3F%3F%3F%3F%3F
B.L	he	%3F%3F%3F%3F+%3F%3F%3F%3F%3F%3F%3F
B.L	he	%3F%3F%3F%3F+%3F%3F%3F%3F%3F%3F+%3F%3F%3F%3F%3F%3F%3F%3F
B.L	he	%3F%3F%3F%3F+%3F%3F%3F%22%3F
B.L	he	%3F%3F%3F+%3F%3F%3F%3F
B.L	he	%3F%3F%3F+%3F%3F%3F%3F+%3F%3F%3F%3F%3F%3F%3F+%3F%3F%3F
B.L	he	%3F%27%3F%3F%3F%27+%3F%3F%3F%3F%3F
B.L	he	%3F%27%3F%3F%3F+%3F%3F%3F%3F%3F%3F
B.L	he	%3F%3F+%3F%3F%3F%3F%3F
B.L	he	%3F%3F%3F%3F%3F+%3F%3F%3F
B.L	he	%3F%3F%3F%3F%3F+%3F%3F%3F%3F
B.L	he	%3F%3F%3F%3F+%3F%3F%3F
B.L	he	%3F%3F%3F+%3F%3F%3F%3F%3F
B.L	he	%3F%3F%3F%3F+%3F%3F%3F%3F
B.L	he	%3F%3F%3F%3F+%3F%3F%3F%3F%3F%3F
B.L	he	%3F%3F%3F%3F%3F
B.L	he	%3F%3F%3F+%3F%3F%22%3F
B.L	he	%3F%3F%3F%3F+%3F%3F%3F%3F
B.L	he	%3F%3F+%3F%3F%3F%3F
B.L	he	%3F%3F+%3F%3F%3F%3F
B.L	he	%3F%3F%3F+%3F%3F%3F%3F%3F%3F
B.L	he	%3F%3F%3F+%3F%3F-%3F%3F%3F%3F%3F%3F
B.L	he	%3F%3F%3F+%3F%3F%3F
B.L	he	%3F%3F%3F+%3F%3F%3F+%3F%3F%3F%3F
B.L	he	%3F%3F%3F+%3F%3F%3F%3F
B.L	he	%3F%3F%3F+%3F%3F%3F
B.L	he	%3F%3F%3F%3F%3F+%3F%3F%3F%3F%3F
B.L	he	%3F%3F%3F%3F%3F%3F%3F%3F%3F+%3F%3F%3F%3F%3F%3F%3F
B.L	he	%3F%3F%3F%3F+%3F%3F%3F%3F%3F
B.L	he	%3F%3F%3F%3F%3F%3F%3F%3F
B.L	he	%3F%3F%3F%3F%3F%3F%3F%3F+%3F%3F%3F%3F%3F%3F%3F%3F
B.L	he	%3F%3F+%3F%3F%3F%3F%3F%3F
B.L	he	%3F%3F%3F+%3F%3F%3F%3F%3F%3F
B.L	he	%3F%3F%3F+%3F%3F%3F%3F%3F
B.L	he	%3F%3F%3F+%3F%3F%3F%3F
B.L	he	%3F%3F%3F%3F%3F+%3F%3F+%3F%3F%3F%3F%3F
B.L	he	%3F%3F%3F%3F%3F+%3F%3F%3F%3F%3F%3F%3F%3F
B.L	he	%3F%3F%3F%3F+%3F%3F%3F%3F%3F%3F
B.L	he	%3F%3F%3F%3F%3F%3F%3F%3F%3F%3F%3F+%3F%3F%3F%3F%3F%3F+%3F%3F%3F%3F%3F%3F%3F%3F
B.L	he	%3F%3F%3F%3F%3F%3F+%3F%3F%3F%3F%3F%3F%3F
B.L	he	%3F%3F%3F%3F%3F%3F+%3F%3F%3F%3F%3F%3F
B.L	he	%3F%3F%3F%3F%3F%3F%3F%3F%3F%3F+%3F%3F%3F%3F%3F%3F
B.L	he	%3F%3F%3F%3F
B.L	he	%3F%3F%3F%3F%3F%3F%3F+%3F%3F%3F%3F%3F%3F
B.L	he	%3F%3F%3F%3F%3F%3F%3F+%3F%3F%3F%3F%3F+%3F-17
B.L	he	%3F%3F%3F%3F%3F%3F%3F+%3F%3F%3F%3F%3F+%3F%3F%3F%3F+%3F%3F%3F%3F
B.L	he	%3F%3F%3F%3F%3F%3F%3F+%3F%3F%3F%3F%3F+%3F%3F%3F%3F%3F%3F+%3F%3F%3F%3F
B.L	he	%3F%3F%3F%3F%3F%3F%3F+%3F%3F%3F%3F%3F+%3F%3F%3F+%3F%3F%3F%3F
B.L	he	%3F%3F%3F%3F%3F%3F%3F+%3F%3F%3F%3F%3F+%3F%3F%3F%3F+%3F%3F%3F%3F
B.L	he	%3F%3F%3F%3F+%3F%3F%3F%3F%3F%3F
B.L	he	%3F%3F%3F%3F%3F+%3F%3F%3F%3F%3F%3F%3F%3F%3F+%3F%3F%3F%3F%3F+%3F%3F%3F%3F%3F%3F%3F%3F
B.L	he	%3F%3F%3F%3F%3F+67%2F19+%3F%3F+%3F%3F%3F%3F%3F+%3F%3F%3F%3F%3F%3F+%3F%3F+%3F%3F%3F%22%3F
B.L	he	%3F%3F%3F%3F%3F+%3F%3F%3F%3F%3F%3F+%3F%3F%3F%3F%3F%3F
B.L	he	%3F%3F%3F%3F%3F
B.L	he	%3F%3F%3F%3F%3F+%3F-15
B.L	he	%3F%3F%3F%3F%3F+%3F-16
B.L	he	%3F%3F%3F%3F%3F+%3F-18
B.L	he	%3F%3F%3F%3F%3F%3F
B.L	he	%3F%3F%3F%3F%3F%3F+%3F%3F%3F%3F%3F
B.L	he	%3F%3F%3F%3F%3F%3F+%3F%3F%3F%3F%3F+%3F%3F%3F%3F%3F
B.L	he	%3F%3F%3F%3F%3F%3F%3F
B.L	he	%3F%3F%3F%3F%3F%3F+%3F-29
B.L	he	%3F%3F%3F%3F%3F%3F+%3F-30
B.L	he	%3F%3F%3F%3F%3F%3F+%3F-31
B.L	he	%3F%3F%3F%3F%3F%3F+%3F-32
B.L	he	%3F%3F%3F%3F%3F%3F+%3F%3F%3F%3F%3F%3F%3F%3F%3F+%3F%3F%3F%3F%3F%3F
B.L	he	%3F%3F%3F%3F+%3F%3F%3F%3F+%282010%29
B.L	he	%3F%3F%3F%3F%3F%3F+%3F%3F%3F%3F%3F%3F%3F-%3F%3F%3F%3F
B.L	he	%3F%3F%3F%3F%3F%3F+%3F%3F%3F%3F%3F%3F%3F-%3F%3F%3F%3F%3F%3F%3F
B.L	he	%3F%3F%3F%3F%3F+%3F%3F%3F%3F%3F%3F
B.L	he	%3F%3F%3F%3F%3F%3F+%3F%3F%3F%3F%3F+%3F%3F%3F%3F%3F%3F%3F+%3F%3F%3F%3F%3F+%3F%3F%3F%3F%3F%3F
B.L	he	%3F%3F%3F%3F%3F%3F+%3F%3F%3F%3F%3F+%3F%3F%3F%3F%3F%3F%3F+%3F%3F%3F%3F%3F+%3F%3F%3F%3F%3F+%3F%3F%3F%3F%3F%3F
B.L	he	%3F%3F%3F%3F%3F+%3F%3F%3F%3F%3F%3F+%3F%3F+%3F%3F%3F%3F%3F%3F+%3F%3F%3F%3F%3F%3F%3F%3F
B.L	he	%3F%3F%3F%3F%3F+%3F%3F%3F+%3F%3F%3F%3F%3F%3F%3F
B.L	he	%3F%3F%3F%3F+%3F%3F%3F%3F%3F%3F
B.L	he	%3F%3F%3F%3F%3F+%3F%3F%3F%3F%3F%3F
B.L	he	%3F%3F%3F%3F%3F%3F+%3F%3F%3F%3F%3F%3F-%3F%3F%3F%3F%3F%3F%3F
B.L	he	%3F%3F%3F%3F
B.L	he	%3F%3F%3F%3F%3F+%3F%3F%3F%3F%3F%3F%3F%3F%3F
B.L	he	%3F%3F%3F+%3F%3F%3F%3F%3F%3F%3F+%3F%3F%3F%3F%3F%3F%3F%3F%3F
B.L	he	%3F%3F%3F%3F%3F%3F
B.L	he	%3F%3F%3F%3F%3F%3F%3F%3F%3F
B.L	he	%3F%3F%3F%3F%3F%3F%3F
B.L	he	%3F%3F%3F%3F%3F%21
B.L	he	%3F%3F%3F%3F%3F%3F%3F%3F%3F
B.L	he	%3F%3F%3F%3F%3F%3F%3F%3F%3F
B.L	he	%3F%3F%3F+%3F%3F%3F%3F%3F
B.L	he	%3F%3F%3F+%3F%3F%3F%3F%3F%3F
B.L	he	%3F%3F%3F+%3F%3F+%3F%3F%3F%3F+%28%3F%3F%3F%3F%3F%29
B.L	he	%3F%3F%3F+%3F%3F%3F%3F%3F%3F+%3F%3F%3F%3F
B.L	he	%3F%3F%3F%3F%3F%3F+%3F%3F%3F%3F%3F
B.L	he	%3F%3F%3F%3F+%3F%3F%3F%3F%3F
B.L	he	%3F%3F%3F%3F+%3F%3F%3F
B.L	he	%3F%22%3F+%3F%3F%3F%3F
B.L	he	%3F%3F%3F+%3F%3F%3F%3F%3F
B.L	he	%3F%3F%3F+%3F%3F%3F%3F%3F%3F%3F
B.L	he	%3F%3F%3F%3F%3F
B.L	he	%3F%3F%3F%3F%3F+2
B.L	he	%3F%3F%3F+%3F%3F%3F%3F%3F%3F%3F+%28%3F%3F%3F%3F%3F%29
B.L	he	%3F%3F%3F%3F+%3F%3F%3F%3F%3F
B.L	he	%3F%3F%3F%3F+%3F%3F
B.L	he	%3F%3F%3F%3F+%3F%3F%3F%3F%3F
B.L	he	%3F%3F%3F%3F+%3F%3F%3F%3F%3F
B.L	he	%3F%3F%3F+%3F%3F%3F%3F%3F%3F%3F%3F+%3F%3F%3F%3F%3F%3F%3F
B.L	he	%3F%3F%3F%3F%3F%3F+%3F%3F%3F%3F%3F
B.L	he	%3F%3F%3F%3F
B.L	he	%3F%3F%3F+%3F%3F%3F%3F
B.L	he	%3F%3F%3F+%3F%3F%3F%3F%3F
B.L	he	%3F%3F%3F%3F+%3F%3F%3F%3F%3F
B.L	he	%3F%3F%3F%3F%3F%3F+%3F%3F%3F%3F+%3F%3F%3F%3F%3F
B.L	he	%3F%3F%3F%3F%3F+%3F%3F%3F%3F%3F
B.L	he	%3F%3F%3F%3F+-+%3F%3F%3F%3F%3F%3F+%3F%3F%3F%3F%3F%3F%3F
B.L	he	%3F%3F%3F%3F%3F%3F
B.L	he	%3F%3F%3F%3F+%3F%3F%3F%3F%3F
B.L	he	%3F%3F%3F+%3F-%3F%3F%3F%3F
B.L	he	%3F%3F%3F%3F+%3F%3F%3F%3F%3F%3F%3F
B.L	he	%3F%3F%3F%3F%3F%3F
B.L	he	%3F%3F%3F%3F%3F
B.L	he	%3F%3F%3F%3F+%3F%3F%3F%3F%3F
B.L	he	%3F%3F%3F%3F+%3F%3F%3F%3F
B.L	he	%3F%3F%3F%3F%3F+%3F%3F%3F%3F%3F
B.L	he	%3F%3F%3F%3F%3F+%3F%3F%3F%3F%3F%3F%3F%3F
B.L	he	%3F%3F%3F%3F%3F%3F
B.L	he	%3F%3F%3F%3F%3F%3F+%3F%3F%3F
B.L	he	%3F%3F%3F%3F+%3F%3F%3F%3F
B.L	he	%3F%3F%3F%3F+%3F%3F%3F%3F
B.L	he	%3F%3F%3F%3F+%3F%3F%3F%3F
B.L	he	%3F%3F%3F%3F+%3F%3F%3F%3F%3F%3F%3F
B.L	he	%3F%3F%3F%3F%3F+%3F%3F%3F%3F%3F
B.L	he	%3F%3F%3F%3F+%3F%3F%3F%3F%3F%3F%3F%3F
B.L	he	%3F%3F%3F%3F%3F+%3F%3F%3F%3F%3F%3F-%3F%3F%3F%3F%3F%3F%3F%27
B.L	he	%3F%3F%3F%3F+%3F%3F%3F%3F%3F%3F%3F
B.L	he	%3F%3F%3F%3F
B.L	he	%3F%3F%3F%3F+%3F%3F%3F%3F
B.L	he	%3F%3F%3F%3F+%3F%3F%3F%3F%3F
B.L	he	%3F%3F%3F%3F+%3F%3F%3F%3F%3F%3F
B.L	he	%3F%3F%3F%3F+%3F%3F%3F%3F%3F%3F%3F
B.L	he	%3F%3F%3F%3F+%3F%3F%3F%3F%3F-%3F%3F%3F%3F%3F%3F
B.L	he	%3F%3F%3F%3F+%3F%3F%3F%3F%3F-%3F%3F%3F%3F%3F
B.L	he	%3F%3F%3F%3F%3F+%3F%3F%3F%3F%3F%3F%3F%3F%3F%3F
B.L	he	%3F%3F%3F%3F%3F
B.L	he	%3F%3F%3F%3F+%3F%3F%3F%3F
B.L	he	%3F%3F%3F%3F+%3F%3F+%28%3F%3F%3F%27%3F%29
B.L	he	%3F%3F%3F%3F+%3F%3F%3F%3F%3F
B.L	he	%3F%3F%3F%3F+%3F%3F%3F%3F
B.L	he	%3F%3F%3F%3F+%3F%3F%3F%3F%3F%3F%3F%3F%3F%27
B.L	he	%3F%3F%3F%3F+%3F%3F-%3F%3F%3F%3F
B.L	he	%3F%3F%3F%3F+%3F%3F%3F%3F
B.L	he	%3F%3F%3F%3F+%3F%3F%3F%3F%3F
B.L	he	%3F%3F%3F%3F+%3F%3F%3F%3F%3F
B.L	he	%3F%3F%3F%3F+%3F%3F%3F+%28%3F%3F%3F%3F%3F%3F%3F%3F%3F%29
B.L	he	%3F%3F%3F%3F+%3F%3F%3F
B.L	he	%3F%3F%3F%3F+%3F%3F%3F%3F%3F
B.L	he	%3F%3F%3F%3F+%3F%3F%3F%3F%3F
B.L	he	%3F%3F%3F%3F+%3F%3F%3F%3F
B.L	he	%3F%3F%3F%3F+%3F%3F%3F%3F
B.L	he	%3F%3F+%3F%3F%3F%3F
B.L	he	%3F%3F%3F%3F%3F
B.L	he	%3F%3F%3F%3F%3F+%3F%3F%3F%3F%3F%3F
B.L	he	%3F%3F%3F%3F%3F+%3F%3F%3F%3F%3F
B.L	he	%3F%3F%3F%3F%3F+%3F%3F-%3F%3F%3F%3F%3F
B.L	he	%3F%3F%3F%3F%3F+%3F%3F%3F%3F
B.L	he	%3F%3F%3F%3F%3F+%3F%3F+%28%3F%3F%3F%3F%3F%3F%29
B.L	he	%3F%3F%3F%3F%3F+%3F%3F%3F%3F
B.L	he	%3F%3F%3F%3F%3F%3F%3F
B.L	he	%3F%3F%3F%3F+%3F%3F%3F%3F%3F
B.L	he	%3F%3F%3F%3F+%3F%3F%3F%3F+%3F%3F%3F%3F
B.L	he	%3F%3F%3F+%3F%3F%3F%3F%3F
B.L	he	%3F%3F%3F+%3F%3F
B.L	he	%3F%3F%3F%3F
B.L	he	%3F%3F%3F%3F%3F+%3F%3F%3F%3F%3F%3F+%3F%3F+%3F%3F%3F%3F%3F
B.L	he	%3F%3F%3F%3F%3F+%3F%3F%3F
B.L	he	%3F%3F%3F+%3F%3F%3F%3F%3F
B.L	he	%3F%3F%3F%3F%3F+%3F%3F%3F%3F
B.L	he	%3F%3F%3F%3F+%3F%3F%3F%3F
B.L	he	%3F%3F%3F%3F+%3F%3F%3F%3F%3F
B.L	he	%3F%3F%3F%3F+%3F%3F%3F%3F
B.L	he	%3F%3F%3F%3F%3F+%3F%3F%3F%3F%3F%3F%3F%3F
B.L	he	%3F%3F%3F%3F%3F+%3F%3F%3F%3F
B.L	he	%3F%3F%3F%3F%3F%3F%3F
B.L	he	%3F%3F%3F%3F%3F+%3F%3F%3F%3F
B.L	he	%3F%3F%3F%3F%3F+%3F%3F+%3F%3F%3F
B.L	he	%3F%3F%3F%3F%3F+%3F%27%3F%3F%3F%3F
B.L	he	%3F%3F%3F%3F+%3F%3F%3F
B.L	he	%3F%3F%3F%3F%3F+%3F%3F%3F%3F%3F
B.L	he	%3F%3F%3F%3F%3F+%3F%3F%3F%3F%3F+%3F-32
B.L	he	%3F%3F%3F%3F%3F+%3F%3F%3F%3F%3F+%3F%3F%3F%3F%3F%3F%3F
B.L	he	%3F%3F%3F%3F+%3F%3F%3F%3F%3F%3F+%3F%3F%3F%3F
B.L	he	%3F%3F%3F%3F+%3F%3F%3F%3F
B.L	he	%3F%3F%3F%3F%3F+%3F%3F%3F%3F%3F
B.L	he	%3F%3F%3F%3F%3F+%3F%3F%3F%3F%3F
B.L	he	%3F%3F%3F%3F%3F+%3F%3F%3F%3F%3F%3F
B.L	he	%3F%3F%3F%3F%3F+%3F%3F%3F%3F%3F%3F+%3F%3F%3F%3F%3F%3F%3F%3F
B.L	he	%3F%3F%3F%3F%3F+%3F%3F%3F%3F%3F%3F%3F
B.L	he	%3F%3F%3F%3F%3F+%3F%3F%3F%3F%3F
B.L	he	%3F%3F%3F%3F%3F+%3F%22%3F
B.L	he	%3F%3F%3F%3F%3F+%3F%3F%3F%3F%3F
B.L	he	%3F%3F%3F%3F%3F
B.L	he	%3F%3F%3F%3F%3F+%3F%3F%3F%3F%3F%3F%3F%3F
B.L	he	%3F%3F%3F%3F
B.L	he	%3F%3F%3F
B.L	he	%3F%3F%3F+%3F%3F%3F%3F
B.L	he	%3F%3F%3F+%3F%3F%3F%3F
B.L	he	%3F%3F%3F+%3F%3F%3F%3F
B.L	he	%3F%3F%3F+%3F%3F%3F%3F
B.L	he	%3F%3F%3F+%3F%3F%3F%3F%3F
B.L	he	%3F%3F%3F+%3F%3F%3F%3F%3F
B.L	he	%3F%3F%3F+%3F%3F%3F%3F
B.L	he	%3F%3F%3F+%3F%3F%3F%3F%3F
B.L	he	%3F%3F%3F+%3F%3F%3F
B.L	he	%3F%3F%3F+%3F%3F%3F
B.L	he	%3F%3F%3F+%3F%3F%3F
B.L	he	%3F%3F%3F%3F%3F+%3F%3F%3F%3F
B.L	he	%3F%3F%3F%3F%3F+%3F%3F%3F%3F%3F
B.L	he	%3F%3F%3F%3F%3F+%3F%3F%3F%3F%3F%3F%3F%3F%3F%3F%3F
B.L	he	%3F%3F%3F%3F%3F+%3F%3F%3F%3F%3F%3F%3F
B.L	he	%3F%3F%3F%3F%3F%3F%3F+%3F%3F%3F%3F%3F+%3F%3F%3F%3F%3F%3F+%3F%3F+%3F%3F%3F%3F%3F%3F+%3F%3F%3F%3F%3F%3F%3F%3F
B.L	he	%3F%3F%3F%3F+%3F%3F%3F%3F%3F%3F%3F+%3F%3F%3F%3F%3F
B.L	he	%3F%3F%3F%3F+%3F%3F%3F%3F
B.L	he	%3F%3F%3F%3F+%3F%3F%3F%3F%3F%3F%3F
B.L	he	%3F%3F%3F%3F+%3F%3F%3F%3F%3F%3F%3F%2C+%3F%3F%3F%3F%3F%3F%3F+%3F%3F%3F%3F%3F%3F%3F%3F+%3F%3F%3F%3F%3F%3F%3F%3F+%3F%3F%3F%3F%3F%3F
B.L	he	%3F%3F%3F%3F+%3F%3F%3F+%3F%3F%3F%3F%3F%3F
B.L	he	%3F%3F%3F%3F%3F%3F
B.L	he	%3F%3F%3F%3F+%3F%3F
B.L	he	%3F%3F%3F%3F+%3F%3F%3F%3F%3F%3F
B.L	he	%3F%3F%3F%3F+%3F%3F%3F%3F%3F%3F%3F
B.L	he	%3F%3F%3F%3F+%3F%3F%3F
B.L	he	%3F%3F%3F+%3F%3F%3F+%3F%3F%3F%3F%3F%3F
B.L	he	%3F%3F%3F%3F+%3F%3F%3F%3F%3F
B.L	he	%3F%3F%3F+%3F%3F%3F%3F%27%3F%3F%3F%3F%3F
B.L	he	%3F%3F%3F%3F%3F+%3F%3F%3F%3F
B.L	he	%3F%3F%3F+%3F%3F%3F%3F%3F
B.L	he	%3F%3F%3F%3F+%3F%3F%3F%3F
B.L	he	%3F%3F%3F%3F%3F%3F+%3F%3F%3F%3F%3F
B.L	he	%3F%3F%3F%3F+%3F%3F%3F%3F%3F
B.L	he	%3F%3F%3F%3F+%3F%3F%3F%3F%3F%3F%3F
B.L	he	%3F%3F%3F%3F%3F+%3F%3F%3F%3F%3F%3F
B.L	he	%3F%3F%3F+%3F%3F%3F%3F%3F
B.L	he	%3F%3F%3F%3F+%3F%3F%3F%3F
B.L	he	%3F%3F%3F%3F+%3F%3F%3F%3F
B.L	he	%3F%3F%3F%3F+%3F%3F%3F%3F%3F
B.L	he	%3F%3F%3F+%3F%3F%3F%3F%3F%3F%3F
B.L	he	%3F%3F%3F%3F%3F+%3F%3F%3F%3F%3F
B.L	he	%3F%3F%3F%3F%3F%3F+%3F%3F%3F%3F
B.L	he	%3F%3F%3F%3F%3F+%3F%3F%3F%3F%3F%3F%3F%3F%3F
B.L	he	%3F%3F%3F%3F%3F
B.L	he	%3F%3F%3F%3F%3F%3F%3F%3F
B.L	he	%3F%3F%3F%3F%3F%3F%3F%3F+%3F%3F%3F%3F%3F%3F
B.L	he	%3F%3F%22%3F
B.L	he	%3F%3F%3F+%3F%3F%3F%3F%3F
B.L	he	%3F%3F%3F%3F+%3F%3F%3F%3F%3F%3F
B.L	he	%3F%3F%3F%3F+%3F%3F%3F%3F%3F%3F%3F
B.L	he	%3F%3F%3F%3F+%3F%3F%3F%3F
B.L	he	%3F%3F%3F+%28%3F%3F%3F%29
B.L	he	%3F%3F%3F%3F
B.L	he	%3F%3F%3F%3F%3F
B.L	he	%3F%3F%3F%3F%3F%3F%3F%3F
B.L	he	%3F%3F%3F%3F%3F%3F
B.L	he	%3F%3F%3F
B.L	he	%3F%3F%3F%3F%3F+%3F%3F%3F%3F%3F%3F
B.L	he	%3F%3F%3F+%3F%3F%3F%3F%3F%3F%3F%3F
B.L	he	%3F%3F%3F%3F%3F+%3F%3F%3F%3F%3F%3F
B.L	he	%3F%3F%3F%3F+%3F%3F%27%3F%3F%3F%3F
B.L	he	%3F%3F%3F+%3F%3F%3F%3F%3F+%3F%3F%3F%3F%3F%3F
B.L	he	%3F%3F%27%3F+%3F%3F%3F%3F+%3F%3F%3F%3F%3F%3F
B.L	he	%3F%3F%3F%3F%3F+%3F%3F%3F%3F%3F%3F
B.L	he	%3F%3F%3F%3F%3F+%3F%3F%3F%3F%3F%3F
B.L	he	%3F%3F%3F%3F%3F+%3F%3F%3F%3F%3F
B.L	he	%3F%3F%3F%3F+%3F%3F-%3F%3F%3F
B.L	he	%3F%3F%3F%3F%3F+%3F%3F%3F%3F%3F
B.L	he	%3F%3F%3F%3F%3F
B.L	he	%3F%3F%3F%3F%3F
B.L	he	%3F%3F%3F%3F%3F+%3F%3F%3F%3F
B.L	he	%3F%3F%3F+%3F%3F%3F%3F
B.L	he	%3F%3F%22%3F-%3F%3F%22%3F
B.L	he	%3F%3F%3F%3F+%3F%3F%3F%3F%3F
B.L	he	%3F%3F%3F%3F+%3F%3F%3F%3F
B.L	he	%3F%3F%3F%3F%3F+%3F%3F%3F%3F%3F+%3F%3F%3F%22%3F
B.L	he	%3F%3F%3F%3F
B.L	he	%3F%3F+%3F%3F%3F%3F
B.L	he	%3F%3F%3F%3F%3F+%3F%3F%3F%3F+%3F%3F%3F%3F%3F+%3F%3F%3F%3F%3F%3F
B.L	he	%3F%3F%3F%3F%3F+%3F%3F%3F%3F
B.L	he	%3F%3F%3F%3F+%3F%3F%3F%3F
B.L	he	%3F%3F%3F%3F+%3F%3F%3F%3F%3F
B.L	he	%3F%3F%3F+%3F%3F%3F%3F%3F%3F%3F%3F%27
B.L	he	%3F%3F%3F%3F+%3F%3F+%3F%3F%3F
B.L	he	%3F%3F%3F%3F+%3F%3F%3F%3F
B.L	he	%3F%3F%3F%3F%3F+%3F%3F%3F
B.L	he	%3F%3F+%3F%3F%3F%3F
B.L	he	%3F%3F+%3F%3F%3F%3F%3F%3F%3F
B.L	he	%3F%3F+%3F%3F%3F%3F%3F%3F%3F+%3F%3F%3F%3F%3F%3F%3F%3F
B.L	he	%3F%3F%3F+%3F%3F%3F%3F%3F%3F+%3F%3F%3F%3F+%3F%3F%3F%3F
B.L	he	%3F%3F%3F%3F%3F%3F+%3F%3F%3F%3F%3F%3F%3F%3F
B.L	he	%3F%3F%3F%3F%3F%3F+%3F%3F%3F%3F%3F%3F+%3F%3F%3F%3F%3F%3F
B.L	he	%3F%3F%3F%3F%3F+%3F%3F%3F%3F
B.L	he	%3F%3F%3F%3F%3F%3F%3F%3F%3A%3F%3F%3F%3F%3F%3F%3F%3F%3F%3F%3F
B.L	de	1958
B.L	de	5.+Juni
B.L	de	ARD
B.L	de	Abba+Eban
B.L	de	Achse+des+B%EF%BF%BDsen
B.L	de	Al-Ahram
B.L	de	Amir+Peretz
B.L	de	Annapolis+%28Maryland%29
B.L	de	Anto+%3Fapi%3F
B.L	de	Ariel+Scharon
B.L	de	Atombombenabw%EF%BF%BDrfe+auf+Hiroshima+und+Nagasaki
B.L	de	Au%EF%BF%BDenminister
B.L	de	Au%EF%BF%BDenminister+Israels
B.L	de	Awoda
B.L	de	BBC
B.L	de	Benjamin+Netanjahu
B.L	de	Chi%3Fin%3Fu
B.L	de	Christian+Science+Monitor
B.L	de	Christoph+Blocher
B.L	de	Condoleezza+Rice
B.L	de	Corneliu+Vadim+Tudor
B.L	de	David+Levy+%28Politiker%29
B.L	de	Deportation
B.L	de	Der+Spiegel
B.L	de	Der+Standard
B.L	de	Die+Presse
B.L	de	Die+Zeit
B.L	de	Ehud+Barak
B.L	de	Ehud+Olmert
B.L	de	Faschismus
B.L	de	Filip+Dewinter
B.L	de	F%EF%BF%BDnfte+Kolonne
B.L	de	Gazastreifen
B.L	de	Geert+Wilders
B.L	de	Ghalib+Mudschadala
B.L	de	Golda+Meir
B.L	de	Gush+Shalom
B.L	de	Haaretz
B.L	de	Ha%EF%BF%BDaretz
B.L	de	Hebr%EF%BF%BDische+Sprache
B.L	de	Hebr%EF%BF%BDische+Universit%EF%BF%BDt+Jerusalem
B.L	de	Hochverrat
B.L	de	Iran
B.L	de	Israel
B.L	de	Israelische+Parlamentswahl+2013
B.L	de	Israelische+Parlamentswahlen+2009
B.L	de	Israelische+Siedlung
B.L	de	Jean-Marie+Le+Pen
B.L	de	Jerusalem
B.L	de	Jerusalem+Post
B.L	de	Jigal+Allon
B.L	de	Jisra%27el+Beitenu
B.L	de	Jitzchak+Schamir
B.L	de	Jonathan+Cook
B.L	de	Jossi+Beilin
B.L	de	Junge+Welt
B.L	de	J%EF%BF%BDrg+Haider
B.L	de	Kach
B.L	de	Libanonkrieg+2006
B.L	de	Library+of+Congress+Control+Number
B.L	de	Likud
B.L	de	Menachem+Begin
B.L	de	Moldawien
B.L	de	Mosche+Arens
B.L	de	Mosche+Dajan
B.L	de	Mosche+Scharet
B.L	de	NATO
B.L	de	NZZ
B.L	de	Nahost-Konflikt
B.L	de	Nokdim
B.L	de	Norbert+Darabos
B.L	de	Premierminister
B.L	de	Pr%EF%BF%BDsidialsystem
B.L	de	Rassismus
B.L	de	Rechtsextremismus
B.L	de	Schimon+Peres
B.L	de	Schlomo+Ben+Ami
B.L	de	Silvan+Schalom
B.L	de	Spiegel+Online
B.L	de	Staatsb%EF%BF%BDrgerschaft
B.L	de	Totes+Meer
B.L	de	Tzipi+Livni
B.L	de	T%EF%BF%BDrsteher
B.L	de	Uri+Avnery
B.L	de	Virtual+International+Authority+File
B.L	de	Westjordanland
B.L	de	Yedioth+Ahronoth
B.L	de	ZNet
B.L	de	Zeev+Ben-Arie
B.L	de	Hilfe%3APersonendaten
B.L	fa	%3F%3F%3F%3F%3F%3F%3F
B.L	fa	%3F%3F%3F%3F%3F%3F%3F+%3F%3F%3F%3F+%3F%3F%3F%3F
B.L	fa	%3F%3F%3F%3F%3F%3F%3F%3F+%3F%3F%3F%3F%3F%3F+%3F%3F%3F%3F%3F%3F%3F+%28%3F%3F%3F%3F%29
B.L	fa	%3F%3F%3F%3F%3F%3F%3F
B.L	fa	%3F%3F%3F%3F%3F+%3F%3F%3F%3F%3F
B.L	fa	%3F%3F%3F%3F%3F%3F%3F+%3F%3F%3F%3F+%3F%3F%3F%3F%3F%3F%3F
B.L	fa	%3F%3F%3F%3F+%3F%3F%3F%3F
B.L	fa	%3F%3F%3F%3F%3F%3F%3F%3F%3F%3F
B.L	fa	%3F%3F%3F%3F%3F%3F%3F%3F%3F%3F
B.L	fa	%3F%3F%3F%3F+%3F%3F%3F%3F%3F%3F%3F%3F%3F%3F
B.L	fa	%3F%3F%3F+%3F%3F%3F%3F%3F%3F%3F%3F
B.L	fa	%3F%3F
B.L	fa	%3F%3F%3F%3F%3F%3F%3F
B.L	fa	%3F%3F%3F%3F%3F%3F%3F+%3F%3F%3F%3F%3F+%3F%3F%3F%3F%3F%3F%3F
B.L	fa	%3F%3F%3F%3F%3F+%3F%3F%3F%3F+%3F%3F%3F%3F%3F+%3F%3F%3F%3F%3F%3F%3F
B.L	fa	%3F%3F%3F%3F%3F+%3F%3F%3F%3F%3F%3F%3F%3F%3F+%3F%3F%3F%3F%3F%3F%3F+%3F%3F%3F%3F%3F%3F%3F
B.L	fa	%3F%3F%3F%3F%3F+%3F%3F%3F%3F+%3F%3F%3F+%3F%3F%3F%3F
B.L	fa	%3F%3F%3F%3F%3F%3F
B.L	fa	%3F%3F%3F%3F+%28%3F%3F%3F%3F%3F%3F%29
B.L	fa	%3F%3F%3F%3F+%28%3F%3F%3F%3F%3F%3F%29
B.L	fa	%3F%3F%3F%3F+%28%3F%3F%3F%3F%3F%3F%29
B.L	fa	%3F+%3F%3F%3F%3F
B.L	fa	%3F%3F%3F%3F%3F%3F%3F%3F%3F%3A%3F%3F%3F%3F%3F%3F+%3F%3F%3F
B.L	fa	%3F%3F%3F%3F%3A%3F%3F%3F%3F%3F-%3F%3F%3F
B.L	fa	%3F%3F%3F%3F%3A%3F%3F%3F%3F+%3F%3F%3F%3F%3F%3F%3F+%3F%3F%3F%3F%3F%3F%3F%3F%3F%3F
B.L	fa	%3F%3F%3F+%3F%3F%3F%3F%3A%3F%3F%3F%3F%3F-%3F%3F%3F
B.L	fa	%3F%3F%3F+%3F%3F%3F%3F%3A%3F%3F%3F%3F+%3F%3F%3F%3F%3F%3F%3F+%3F%3F%3F%3F%3F%3F%3F%3F%3F%3F
B.L	fa	%3F%3F%3F%3A%3F%3F%3F%3F%3F%3F%3F%3F%3F+%3F%3F%3F%3F%3F+%3F%3F%3F%3F%3F%3F+%3F%3F+%3F%3F%3F%3F+%3F%3F%3F%3F
B.L	eo	Israel+Beitenu
B.L	eo	Israelo
B.L	eo	Ki%3Finevo
B.L	eo	Knesset
B.L	eo	Moldava+Soveta+Socialisma+Respubliko
B.L	eo	Politikisto
B.L	eo	Sovetunio
B.L	et	1958
B.L	et	1978
B.L	et	2001
B.L	et	2002
B.L	et	2003
B.L	et	2004
B.L	et	2006
B.L	et	2008
B.L	et	2009
B.L	et	31.+m%EF%BF%BDrts
B.L	et	5.+juuni
B.L	et	Chi%3Fin%3Fu
B.L	et	Heebrea+keel
B.L	et	Iisrael
B.L	et	Iisraeli+v%EF%BF%BDlisminister
B.L	et	Jeruusalemma+Heebrea+%EF%BF%BDlikool
B.L	et	Knesset
B.L	et	Moldova
B.L	et	Tzipi+Livni
B.L	et	Vene+keel
B.L	et	Yisra%27el+Betenu
B.L	es	1958
B.L	es	1978
B.L	es	2002
B.L	es	2006
B.L	es	23+de+octubre
B.L	es	5+de+junio
B.L	es	ABC%28diario%29
B.L	es	Armisticio+%EF%BF%BDrabe-israel%EF%BF%BD+de+1949
B.L	es	Autoridad+Nacional+Palestina
B.L	es	Azerbaiy%EF%BF%BDn
B.L	es	Bak%EF%BF%BD
B.L	es	Beirut
B.L	es	Benjam%EF%BF%BDn+Netanyahu
B.L	es	Canad%EF%BF%BD
B.L	es	Chisinau
B.L	es	Ciencias+Pol%EF%BF%BDticas
B.L	es	Cisjordania
B.L	es	Colonia+israel%EF%BF%BD
B.L	es	Comit%EF%BF%BD+de+Defensa+y+Asuntos+Externos
B.L	es	Derecha+pol%EF%BF%BDtica
B.L	es	Ehud+%EF%BF%BDlmert
B.L	es	El+Pa%EF%BF%BDs
B.L	es	Estados+Unidos
B.L	es	Fuerzas+de+Defensa+de+Israel
B.L	es	Idioma+hebreo
B.L	es	Israel
B.L	es	Israel%EF%BF%BD
B.L	es	Kach
B.L	es	L%EF%BF%BDnea+Verde+%28Israel%29
B.L	es	Meir+Sheetrit
B.L	es	Ministro+de+Asuntos+Estrat%EF%BF%BDgicos
B.L	es	Ministro+de+Relaciones+Exteriores+de+Israel
B.L	es	Ministro+de+Transporte+de+Israel
B.L	es	Moldavia
B.L	es	Nokdim
B.L	es	Partido+pol%EF%BF%BDtico
B.L	es	Primer+Ministro+de+Israel
B.L	es	Relaciones+Internacionales
B.L	es	Rep%EF%BF%BDblica+Socialista+Sovi%EF%BF%BDtica+de+Moldavia
B.L	es	Teher%EF%BF%BDn
B.L	es	Tzaji+Hanegbi
B.L	es	Tzipi+Livni
B.L	es	Uadi+Ara
B.L	es	Universidad+Hebrea+de+Jerusal%EF%BF%BDn
B.L	es	Uni%EF%BF%BDn+Europea
B.L	es	Uni%EF%BF%BDn+Sovi%EF%BF%BDtica
B.L	es	Yasir+Arafat
B.L	es	Yisrael+Beytenu
B.L	es	YnetNews
B.L	es	Wikipedia%3AVerificabilidad
B.L	bg	1958
B.L	bg	5+%3F%3F%3F
B.L	bg	%3F%3F%3F%3F%3F+%3F%3F%3F%3F%3F
B.L	bg	%3F%3F%3F%3F%3F%3F%3F+%3F%3F%3F%3F%3F%3F%3F%3F
B.L	bg	%3F%3F%3F%3F
B.L	bg	%3F%3F%3F%3F%3F
B.L	bg	%3F%3F%3F%3F%3F%3F%3F%3F%3F
B.L	bg	%3F%3F%3F%3F%3F%3F%3F
B.L	bg	%3F%3F%3F%3F%3F%3F%3F
B.L	da	1958
B.L	da	1978
B.L	da	1999
B.L	da	2001
B.L	da	2002
B.L	da	2003
B.L	da	2004
B.L	da	2009
B.L	da	5.+juni
B.L	da	Chi%3Fin%3Fu
B.L	da	Det+hebraiske+universitet+i+Jerusalem
B.L	da	Hamas
B.L	da	Hebraisk+%28sprog%29
B.L	da	H%EF%BF%BDjreekstremisme
B.L	da	Israel
B.L	da	Israel+Defense+Forces
B.L	da	Knesset
B.L	da	Politiken.dk
B.L	da	Politiker
B.L	da	Politisk+parti
B.L	da	Sovjetunionen
B.L	da	Statskundskab
B.L	da	Yisrael+Beytenu
B.L	cs	14.+prosinec
B.L	cs	1958
B.L	cs	2003
B.L	cs	2004
B.L	cs	2009
B.L	cs	2012
B.L	cs	28.+%EF%BF%BDnor
B.L	cs	31.+b%3Fezen
B.L	cs	5.+%3Ferven
B.L	cs	6.+%3Ferven
B.L	cs	Ab%27as+Zakur
B.L	cs	Abba+Eban
B.L	cs	Abdulm%EF%BF%BDlik+ad+Dah%EF%BF%BDma%EF%BF%BDa
B.L	cs	Achi
B.L	cs	Acma%27ut
B.L	cs	Af%EF%BF%BD+Aghb%EF%BF%BDr%EF%BF%BDja
B.L	cs	Agudat+Jisra%27el
B.L	cs	Aharon+Brizon
B.L	cs	Aharon+Jariv
B.L	cs	Ahmad+at+T%EF%BF%BDb%EF%BF%BD
B.L	cs	Aj%EF%BF%BDb+Qar%EF%BF%BD
B.L	cs	Akram+Hasson
B.L	cs	Aktu%EF%BF%BDln%3F.cz
B.L	cs	Alex+Miller+%28politik%29
B.L	cs	Alexander+Cinker
B.L	cs	Am+Echad
B.L	cs	Am+%EF%BF%BDalem
B.L	cs	Ami+Ajalon
B.L	cs	Amir+Perec
B.L	cs	Amira+Dotan
B.L	cs	Amnon+Kohen
B.L	cs	Amnon+Lipkin-%EF%BF%BDachak
B.L	cs	Amnon+Rubinstein
B.L	cs	Amram+Micna
B.L	cs	Anastasija+Micha%27eli
B.L	cs	Anat+Ma%27or
B.L	cs	Ariel+Atias
B.L	cs	Ariel+%EF%BF%BDaron
B.L	cs	Arje+Bibi
B.L	cs	Arje+Eldad
B.L	cs	Arje+Gamli%27el
B.L	cs	Avi+Dichter
B.L	cs	Avigdor+Jicchaki
B.L	cs	Avi%EF%BF%BDaj+Braverman
B.L	cs	Avraham+Burg
B.L	cs	Avraham+Hirschson
B.L	cs	Avraham+Jechezk%27el
B.L	cs	Avraham+Michaeli
B.L	cs	Avraham+Poraz
B.L	cs	Avraham+Ravic
B.L	cs	Avraham+%EF%BF%BDochat
B.L	cs	Av%EF%BF%BDalom+Vilan
B.L	cs	Azm%EF%BF%BD+Bi%EF%BF%BD%EF%BF%BDra
B.L	cs	Bakal%EF%BF%BD%3F
B.L	cs	Baku
B.L	cs	Balad
B.L	cs	Bechira+Demokratit
B.L	cs	Benjamin+Ben+Eliezer
B.L	cs	Benjamin+Netanjahu
B.L	cs	Benny+Begin
B.L	cs	Binjamin+Elon
B.L	cs	Brit+Le%27umit+Mitkademet
B.L	cs	B%3Fetislav+Ture%3Fek
B.L	cs	Cachi+Hanegbi
B.L	cs	Cala%EF%BF%BD
B.L	cs	Cali+Re%EF%BF%BDef
B.L	cs	Chada%EF%BF%BD
B.L	cs	Chajim+Drukman
B.L	cs	Chajim+Kac
B.L	cs	Chajim+Korfu
B.L	cs	Chajim+Landau
B.L	cs	Chajim+Oron
B.L	cs	Chajim+Ramon
B.L	cs	Chamad+Amar
B.L	cs	Chanan+Porat
B.L	cs	Charedim
B.L	cs	Chec
B.L	cs	Chemi+Doron
B.L	cs	Cherut+-+N%EF%BF%BDrodn%EF%BF%BD+hnut%EF%BF%BD
B.L	cs	Cion+Pinjan
B.L	cs	Cipi+Chotovely
B.L	cs	Cipi+Livniov%EF%BF%BD
B.L	cs	Colette+Avital
B.L	cs	Cvi+Hendel
B.L	cs	Cvija+Greenfeld
B.L	cs	Dalia+Icik
B.L	cs	Dalia+Rabinov%EF%BF%BD-Pelosofov%EF%BF%BD
B.L	cs	Dan+Meridor
B.L	cs	Dan+Nave
B.L	cs	Dani%27el+Benlulu
B.L	cs	Dani+Jatom
B.L	cs	Dani+Koren
B.L	cs	Daniel+Ben+Simon
B.L	cs	Daniel+Hershkowitz
B.L	cs	Danny+Ajalon
B.L	cs	Danny+Danon
B.L	cs	David+Azulaj
B.L	cs	David+Ben+Gurion
B.L	cs	David+Cvi+Pinkas
B.L	cs	David+Levy
B.L	cs	David+Magen
B.L	cs	David+Mena
B.L	cs	David+Remez
B.L	cs	David+Rotem
B.L	cs	David+Tal
B.L	cs	Degel+ha-Tora
B.L	cs	Derech+Chada%EF%BF%BDa
B.L	cs	Doron+Avital
B.L	cs	Dov+Chenin
B.L	cs	Dov+Josef
B.L	cs	D%EF%BF%BDamal+Zahalka
B.L	cs	Efi+O%EF%BF%BD%27aja
B.L	cs	Efrajim+Ejtam
B.L	cs	Efrajim+Sne
B.L	cs	Ehud+Barak
B.L	cs	Ehud+Jatom
B.L	cs	Ehud+Olmert
B.L	cs	Ehud+Racabi
B.L	cs	Ejnat+Wilf
B.L	cs	Ejtan+Kabel
B.L	cs	Elchanan+Glazer
B.L	cs	Eli%27ezer+Kohen
B.L	cs	Eli%27ezer+Mozes
B.L	cs	Eli%27ezer+Sandberg
B.L	cs	Eli+Aflalo
B.L	cs	Eli+Ben+Menachem
B.L	cs	Eli+Goldschmidt
B.L	cs	Eli+Ji%EF%BF%BDaj
B.L	cs	Eli+Kohen+%28politik%29
B.L	cs	Eli+Suisa
B.L	cs	Elijahu+Gab%27aj
B.L	cs	Emil+Amsalem
B.L	cs	Er%27ela+Golan
B.L	cs	Esterina+Tartman
B.L	cs	Eti+Livni
B.L	cs	Evropsk%EF%BF%BD+unie
B.L	cs	Ezer+Weizman
B.L	cs	Faina+Kirschenbaum
B.L	cs	Gad+Ja%27akobi
B.L	cs	Genady+Riger
B.L	cs	Ge%EF%BF%BDer+%28politick%EF%BF%BD+strana%29
B.L	cs	Gh%EF%BF%BDlib+Mad%EF%BF%BD%EF%BF%BDdala
B.L	cs	Gideon+Ezra
B.L	cs	Gideon+Sa%27ar
B.L	cs	Gil
B.L	cs	Gila+Finkelstein
B.L	cs	Gila+Gamli%27el
B.L	cs	Gilad+Erdan
B.L	cs	Golda+Meirov%EF%BF%BD
B.L	cs	Gonen+Segev
B.L	cs	Ha-Derech+ha-Tova
B.L	cs	Ha-Miflaga+ha-Le%27umit+ha-Aravit
B.L	cs	Ha-Olim
B.L	cs	Haaretz
B.L	cs	Hana+Sweid
B.L	cs	Han%EF%BF%BDn+Zuab%EF%BF%BD
B.L	cs	Ha%EF%BF%BDim+Mach%27amid
B.L	cs	Hebrejsk%EF%BF%BD+univerzita+v+Jeruzal%EF%BF%BDm%3F
B.L	cs	Hebrej%EF%BF%BDtina
B.L	cs	Histadrut
B.L	cs	Husn%EF%BF%BDja+D%EF%BF%BDab%EF%BF%BDra
B.L	cs	IHNed.cz
B.L	cs	Ibrah%EF%BF%BDm+Sars%EF%BF%BDr
B.L	cs	Ilan+Gil%27on
B.L	cs	Ilan+Lejbovi%3F
B.L	cs	Ilan+%EF%BF%BDalgi
B.L	cs	Ilana+Kohen
B.L	cs	Inbal+Gavri%27eli
B.L	cs	Is%EF%BF%BDm+Mach%EF%BF%BDl
B.L	cs	Izrael
B.L	cs	Izraelci
B.L	cs	Izraelsk%EF%BF%BD+strana+pr%EF%BF%BDce
B.L	cs	Izraelsk%EF%BF%BD+obrann%EF%BF%BD+s%EF%BF%BDly
B.L	cs	Izraelsk%EF%BF%BD+osady
B.L	cs	Izraelsk%EF%BF%BD+pl%EF%BF%BDn+jednostrann%EF%BF%BDho+sta%EF%BF%BDen%EF%BF%BD
B.L	cs	Izrael%EF%BF%BDt%EF%BF%BD+Arabov%EF%BF%BD
B.L	cs	Ja%27akov+Ben+Jezri
B.L	cs	Ja%27akov+Edri
B.L	cs	Ja%27akov+Kac
B.L	cs	Ja%27akov+Kohen+%28politik%29
B.L	cs	Ja%27akov+Litzman
B.L	cs	Ja%27akov+Margi
B.L	cs	Ja%27el+Dajanov%EF%BF%BD
B.L	cs	Ja%27ir+Perec
B.L	cs	Jariv+Levin
B.L	cs	Jechi%27el+Chazan
B.L	cs	Jechi%27el+Lasri
B.L	cs	Jeden+Izrael
B.L	cs	Jeho%EF%BF%BDua+Maca
B.L	cs	Jeho%EF%BF%BDua+Menachem+Pollack
B.L	cs	Jehuda+Gil%27ad+%28politik%29
B.L	cs	Jehudit+Na%27ot
B.L	cs	Jicchak+Aharonovi%3F
B.L	cs	Jicchak+Ben+Aharon
B.L	cs	Jicchak+Ben+Jisra%27el
B.L	cs	Jicchak+Berman
B.L	cs	Jicchak+G%27agula
B.L	cs	Jicchak+Galanti
B.L	cs	Jicchak+Herzog
B.L	cs	Jicchak+Kohen
B.L	cs	Jicchak+Levy
B.L	cs	Jicchak+Moda%27i
B.L	cs	Jicchak+Mordechaj
B.L	cs	Jicchak+Saban
B.L	cs	Jicchak+Vaknin
B.L	cs	Jicchak+Ziv
B.L	cs	Jicchak+%EF%BF%BDamir
B.L	cs	Jig%27al+Bibi
B.L	cs	Jig%27al+Jasinov
B.L	cs	Jigal+Alon
B.L	cs	Jisra%27el+Bar+Jehuda
B.L	cs	Jisra%27el+Bejtejnu
B.L	cs	Jisra%27el+Chason
B.L	cs	Jisra%27el+Eichler
B.L	cs	Jisra%27el+Kac+%281955%29
B.L	cs	Jisra%27el+Kesar
B.L	cs	Jisra%27el+be-Alija
B.L	cs	Jo%27el+Chason
B.L	cs	Jochanan+Plesner
B.L	cs	Joram+Marci%27ano
B.L	cs	Josef+Paricky
B.L	cs	Josef+Sapir
B.L	cs	Josef+Serlin
B.L	cs	Josef+%EF%BF%BDagal
B.L	cs	Josi+Bejlin
B.L	cs	Josi+Kac
B.L	cs	Josi+Peled
B.L	cs	Josi+Sarid
B.L	cs	Juli-Joel+Edelstein
B.L	cs	Juli+Tamir
B.L	cs	Julia+%EF%BF%BDamalov-Berkovi%3F
B.L	cs	Juri+%EF%BF%BDtern
B.L	cs	Juval+Ne%27eman
B.L	cs	Juval+Steinitz
B.L	cs	Kach
B.L	cs	Kadima
B.L	cs	Karmel+%EF%BF%BDa%27ama
B.L	cs	Ki%EF%BF%BDin%3Fv
B.L	cs	Kneset
B.L	cs	Kypr
B.L	cs	Le%27a+Nas
B.L	cs	Le%27on+Litinecki
B.L	cs	Lia+%EF%BF%BDemtov
B.L	cs	Likud
B.L	cs	Limor+Livnat
B.L	cs	Mad%EF%BF%BDali+Wahabi
B.L	cs	Marina+Solodkin
B.L	cs	Masud+Ghnaim
B.L	cs	Matan+Vilnaj
B.L	cs	Maxim+Levy
B.L	cs	Mazor+Bahajna
B.L	cs	Me%27ir+Amit
B.L	cs	Me%27ir+Poru%EF%BF%BD
B.L	cs	Me%27ir+%EF%BF%BD%EF%BF%BDtrit
B.L	cs	Mejmad
B.L	cs	Meli+Poli%EF%BF%BDuk-Bloch
B.L	cs	Menachem+Begin
B.L	cs	Menachem+Ben+Sason
B.L	cs	Merec
B.L	cs	Merec-Jachad
B.L	cs	Me%EF%BF%BDulam+Nahari
B.L	cs	Micha%27el+Ben+Ari
B.L	cs	Micha%27el+Ejtan
B.L	cs	Micha%27el+Gorlovski
B.L	cs	Micha%27el+Kleiner
B.L	cs	Micha%27el+Melchi%27or
B.L	cs	Micha%27el+Nudelman
B.L	cs	Micha%27el+Racon
B.L	cs	Mifleget+ha-Merkaz
B.L	cs	Ministr+dopravy+Izraele
B.L	cs	Ministr+energetiky+a+vodn%EF%BF%BDch+zdroj%3F+Izraele
B.L	cs	Ministr+n%EF%BF%BDrodn%EF%BF%BD+infrastruktury+Izraele
B.L	cs	Ministr+zahrani%3Fn%EF%BF%BDch+v%3Fc%EF%BF%BD+Izraele
B.L	cs	Miri+Regev
B.L	cs	Moldavsko
B.L	cs	Mordechaj+Mi%EF%BF%BD%27ani
B.L	cs	Mosi+Raz
B.L	cs	Mo%EF%BF%BDe+Arens
B.L	cs	Mo%EF%BF%BDe+Dajan
B.L	cs	Mo%EF%BF%BDe+Gafni
B.L	cs	Mo%EF%BF%BDe+Ja%27alon
B.L	cs	Mo%EF%BF%BDe+Kacav
B.L	cs	Mo%EF%BF%BDe+Kachlon
B.L	cs	Mo%EF%BF%BDe+Karmel
B.L	cs	Mo%EF%BF%BDe+Matalon
B.L	cs	Mo%EF%BF%BDe+%EF%BF%BDachal
B.L	cs	Mo%EF%BF%BDe+%EF%BF%BDaret
B.L	cs	Mo%EF%BF%BDe+%EF%BF%BDaroni
B.L	cs	Muhammad+Baraka
B.L	cs	Muhammad+Kana%EF%BF%BDn
B.L	cs	Na%27omi+Blumenthal
B.L	cs	Na%27omi+Chazan
B.L	cs	Nachman+%EF%BF%BDaj
B.L	cs	Nachum+Langental
B.L	cs	Nadia+Chilu
B.L	cs	Natan+%EF%BF%BDaransky
B.L	cs	Nav%EF%BF%BDf+Mas%EF%BF%BDlaha
B.L	cs	Nechama+Ronen
B.L	cs	Neta+Dobrin
B.L	cs	Nican+Horowitz
B.L	cs	Nino+Abesadze
B.L	cs	Nisan+Slomi%27anski
B.L	cs	Nisim+Dahan
B.L	cs	Nissim+Ze%27ev
B.L	cs	Nokdim
B.L	cs	Novinky.cz
B.L	cs	Nov%EF%BF%BD+hnut%EF%BF%BD-Merec
B.L	cs	N%EF%BF%BDrodn%EF%BF%BD+jednota
B.L	cs	N%EF%BF%BDrodn%EF%BF%BD+n%EF%BF%BDbo%EF%BF%BDensk%EF%BF%BD+strana
B.L	cs	Ofer+Hugi
B.L	cs	Ofir+Akunis
B.L	cs	Ofir+Pines-Paz
B.L	cs	Omri+%EF%BF%BDaron
B.L	cs	Orit+Noked
B.L	cs	Orit+Zu%27arec
B.L	cs	Orly+Levy
B.L	cs	Orna+Angel
B.L	cs	Otniel+%EF%BF%BDneler
B.L	cs	Palestinci
B.L	cs	Palestinsk%EF%BF%BD+autonomie
B.L	cs	Pinchas+Cabari
B.L	cs	Pnina+Rosenblum
B.L	cs	Ra%27anan+Kohen
B.L	cs	Rachamim+Malul
B.L	cs	Rachel+Adato
B.L	cs	Rafi+Ejtan
B.L	cs	Ran+Kohen
B.L	cs	Rasismus
B.L	cs	Re%27uven+Rivlin
B.L	cs	Rechav%27am+Ze%27evi
B.L	cs	Re%EF%BF%BDef+Chen
B.L	cs	Robert+Ilatov
B.L	cs	Robert+Tiviajev
B.L	cs	Roman+Bronfman
B.L	cs	Ronen+Cur
B.L	cs	Roni+Bar-On
B.L	cs	Roni+Milo
B.L	cs	Ronit+Tiro%EF%BF%BD
B.L	cs	Ruchama+Avraham
B.L	cs	Ru%EF%BF%BDtina
B.L	cs	Sajid+Nafa
B.L	cs	Sara+Marom+%EF%BF%BDalev
B.L	cs	Severoatlantick%EF%BF%BD+aliance
B.L	cs	Seznam+%3Flen%3F+osmn%EF%BF%BDct%EF%BF%BDho+Knesetu
B.L	cs	Seznam+%3Flen%3F+patn%EF%BF%BDct%EF%BF%BDho+Knesetu
B.L	cs	Seznam+%3Flen%3F+sedmn%EF%BF%BDct%EF%BF%BDho+Knesetu
B.L	cs	Seznam+%3Flen%3F+%EF%BF%BDestn%EF%BF%BDct%EF%BF%BDho+Knesetu
B.L	cs	Silvan+%EF%BF%BDalom
B.L	cs	Sjednocen%EF%BF%BD+arabsk%EF%BF%BD+kandid%EF%BF%BDtka
B.L	cs	Sjednocen%EF%BF%BD+judaismus+T%EF%BF%BDry
B.L	cs	Sofa+Landver
B.L	cs	Sov%3Ftsk%EF%BF%BD+svaz
B.L	cs	Stas+Mise%EF%BF%BDnikov
B.L	cs	S%EF%BF%BDlih+Tar%EF%BF%BDf
B.L	cs	Ta%27al
B.L	cs	Talab+as-S%EF%BF%BDna
B.L	cs	Tamar+Go%EF%BF%BDansky
B.L	cs	Tauf%EF%BF%BDq+Chat%EF%BF%BDb
B.L	cs	Tommy+Lapid
B.L	cs	Tova+Ilan
B.L	cs	Uri%27el+Reichman
B.L	cs	Uri+Ari%27el
B.L	cs	Uri+Maklev
B.L	cs	Uri+Orbach
B.L	cs	Uri+Savir
B.L	cs	Uzi+Bar%27am
B.L	cs	Uzi+Even
B.L	cs	Uzi+Landau
B.L	cs	Viktor+Brailovsky
B.L	cs	Vl%EF%BF%BDda+St%EF%BF%BDtu+Izrael
B.L	cs	Volby+do+Knesetu+1999
B.L	cs	Volby+do+Knesetu+2003
B.L	cs	Volby+do+Knesetu+2006
B.L	cs	Volby+do+Knesetu+2009
B.L	cs	Weizman+%EF%BF%BDiry
B.L	cs	Wikicit%EF%BF%BDty
B.L	cs	Wikimedia+Commons
B.L	cs	Wikimedia+Foundation
B.L	cs	W%EF%BF%BDsil+T%EF%BF%BDh%EF%BF%BD
B.L	cs	Zahava+Gal-On
B.L	cs	Zalman+Aran
B.L	cs	Ze%27ev+Bielski
B.L	cs	Ze%27ev+Boim
B.L	cs	Ze%27ev+Elkin
B.L	cs	Zevulun+Orlev
B.L	cs	Z%EF%BF%BDpadn%EF%BF%BD+b%3Feh+Jord%EF%BF%BDnu
B.L	cs	%3Fesk%EF%BF%BD+rozhlas
B.L	cs	%EF%BF%BDa%27ul+Jahalom
B.L	cs	%EF%BF%BDaj+Cherme%EF%BF%BD
B.L	cs	%EF%BF%BDak%EF%BF%BDb+%EF%BF%BDan%EF%BF%BDn
B.L	cs	%EF%BF%BDalom+Simchon
B.L	cs	%EF%BF%BDas
B.L	cs	%EF%BF%BDaul+Mofaz
B.L	cs	%EF%BF%BDeli+Jachimovi%3F
B.L	cs	%EF%BF%BDimon+Peres
B.L	cs	%EF%BF%BDinuj
B.L	cs	%EF%BF%BDlomo+Ben+Ami
B.L	cs	%EF%BF%BDlomo+Benizri
B.L	cs	%EF%BF%BDlomo+Breznic
B.L	cs	%EF%BF%BDlomo+Mola
B.L	cs	%EF%BF%BDmu%27el+Halpert
B.L	cs	%EF%BF%BDidovsk%EF%BF%BD+domov
B.L	cs	Wikipedie%3AWikiProjekt+P%3Feklad%2FRady
B.L	cs	Soubor%3AAvigdor+lieberman.ogg
B.L	cs	Port%EF%BF%BDl%3AIzrael
B.L	cs	Port%EF%BF%BDl%3AObsah
B.L	als	Chi%3Fin%3Fu
B.L	als	Condoleezza+Rice
B.L	als	Ehud+Barak
B.L	als	Ehud+Olmert
B.L	als	Hebr%EF%BF%BDische+Universit%EF%BF%BDt+Jerusalem
B.L	als	Israel
B.L	als	Israelische+Siedlung
B.L	als	Iwrit
B.L	als	Jisra%27el+Beitenu
B.L	als	Knesset
B.L	als	Moldawien
B.L	als	Nokdim
B.L	als	Politiker
B.L	als	Sowjetunion
B.L	als	Uri+Avnery
B.L	als	Westjordanland
B.L	als	Zionismus
B.L	als	Wikipedia%3APersonendaten
B.L	ar	14+%3F%3F%3F%3F
B.L	ar	15+%3F%3F%3F%3F%3F%3F
B.L	ar	16+%3F%3F%3F%3F%3F
B.L	ar	1958
B.L	ar	1967
B.L	ar	1981
B.L	ar	1986
B.L	ar	1988
B.L	ar	1991
B.L	ar	1992
B.L	ar	1996
B.L	ar	1997
B.L	ar	1999
B.L	ar	2001
B.L	ar	2002
B.L	ar	2004
B.L	ar	2006
B.L	ar	2008
B.L	ar	2009
B.L	ar	2011
B.L	ar	30+%3F%3F%3F%3F%3F%3F
B.L	ar	31+%3F%3F%3F%3F
B.L	ar	4+%3F%3F%3F%3F%3F
B.L	ar	5+%3F%3F%3F%3F%3F
B.L	ar	%3F%3F%3F%3F%3F%3F%3F+%3F%3F%3F%3F%3F%3F
B.L	ar	%3F%3F%3F%3F%3F+%3F%3F%3F%3F%3F
B.L	ar	%3F%3F%3F%3F%3F%3F+%3F%3F%3F%3F%3F%3F%3F%3F
B.L	ar	%3F%3F%3F%3F%3F%3F+%3F%3F%3F%3F%3F%3F%3F%3F%3F
B.L	ar	%3F%3F%3F%3F%3F%3F%3F%3F%3F
B.L	ar	%3F%3F%3F%3F%3F%3F%3F
B.L	ar	%3F%3F%3F%3F%3F%3F%3F+%3F%3F%3F%3F%3F
B.L	ar	%3F%3F%3F%3F%3F+%3F%3F%3F%3F%3F%3F
B.L	ar	%3F%3F%3F%3F%3F+%3F%3F%3F%3F%3F+%3F%3F%3F%3F%3F%3F%3F%3F
B.L	ar	%3F%3F%3F%3F%3F+%3F%3F%3F%3F%3F%3F%3F
B.L	ar	%3F%3F%3F%3F%3F%3F%3F+%3F%3F%3F%3F%3F%3F%3F%3F
B.L	ar	%3F%3F%3F%3F%3F%3F%3F+%3F%3F%3F%3F%3F%3F%3F%3F
B.L	ar	%3F%3F%3F%3F%3F%3F
B.L	ar	%3F%3F%3F%3F+%3F%3F%3F%3F%3F%3F
B.L	ar	%3F%3F%3F%3F%3F%3F+%3F%3F%3F%3F%3F%3F%3F+%3F%3F%3F%3F%3F%3F%3F%3F%3F%3F
B.L	ar	%3F%3F%3F%3F%3F%3F%3F%3F
B.L	ar	%3F%3F%3F%3F%3F%3F%3F%3F%3F+%3F%3F%3F%3F%3F%3F+%3F%3F%3F%3F%3F%3F%3F
B.L	ar	%3F%3F%3F%3F%3F%3F
B.L	ar	%3F%3F%3F%3F%3F%3F
B.L	ar	%3F%3F%3F%3F%3F%3F%3F+%3F%3F%3F%3F%3F%3F%3F%3F+%3F%3F%3F%3F%3F
B.L	ar	%3F%3F%3F%3F%3F+%3F%3F%3F%3F
B.L	ar	%3F%3F%3F%3F%3F+%3F%3F%3F%3F%3F
B.L	ar	%3F%3F%3F%3F%3F%3F%3F+%3F%3F%3F%3F%3F%3F%3F
B.L	ar	%3F%3F%3F+%3F%3F%3F
B.L	ar	%3F%3F%3F%3F+%28%3F%3F%3F%3F%29
B.L	ar	%3F%3F%3F%3F%3F+%3F%3F%3F%3F%3F%3F%3F%3F%3F%3F%3F
B.L	ar	%3F%3F%3F%3F%3F%3F+%3F%3F%3F%3F%3F
B.L	ar	%3F%3F%3F+%3F%3F%3F%3F%3F%3F+%3F%3F%3F%3F%3F%3F%3F%3F%3F%3F
B.L	ar	%3F%3F%3F%3F+%3F%3F%3F%3F
B.L	ar	%3F%3F%3F+%3F%3F%3F%3F%3F%3F%3F+%3F%3F%3F%3F%3F
B.L	ar	%3F%3F%3F+%3F%3F%3F%3F%3F+%3F%3F%3F%3F%3F%3F%3F%3F%3F%3F
B.L	ar	%3F%3F%3F+%3F%3F%3F%3F%3F%3F%3F
B.L	ar	%3F%3F%3F%3F+%3F%3F%3F%3F%3F%3F
B.L	ar	%3F%3F%3F%3F+%3F%3F%3F%3F%3F%3F
B.L	ar	%3F%3F%3F%3F%3F%3F%3F%3F%3F
B.L	ar	%3F%3F%3F+%3F%3F%3F+%3F%3F%3F%3F%3F%3F%3F
B.L	ar	%3F%3F%3F%3F%3F%3F+%3F%3F%3F%3F%3F
B.L	ar	%3F%3F%3F%3F
B.L	ar	%3F%3F%3F%3F+%3F%3F%3F%3F%3F%3F%3F%3F
B.L	ar	%3F%3F%3F%3F+%3F%3F%3F%3F%3F%3F%3F
B.L	ar	%3F%3F%3F%3F%3F
B.L	ar	%3F%3F%3F+%3F%3F%3F%3F%3F%3F
B.L	ar	%3F%3F%3F%3F%3F%3F%3F%3F%3F
B.L	ar	%3F%3F%3F%3F%3F
B.L	ar	%3F%3F%3F%3F%3F%3F%3F
B.L	ar	%3F%3F%3F+%3F%3F%3F%3F%3F
B.L	ar	%3F%3F%3F+%3F%3F%3F%3F%3F%3F
B.L	ar	%3F%3F%3F%3F+%3F%3F%3F%3F%3F%3F%3F+%3F%3F%3F%3F+%3F%3F+%3F%3F%3F%3F%3F
B.L	ar	%3F%3F%3F%3F%3F+%3F%3F%3F%3F%3F%3F%3F%3F
B.L	ar	%3F%3F%3F%3F+%3F%3F%3F%3F%3F%3F%3F+%3F%3F%3F%3F%3F%3F+%3F%3F%3F%3F%3F%3F%3F%3F
B.L	ar	%3F%3F%3F%3F+%3F%3F%3F%3F%3F+%3F%3F%3F%3F%3F%3F%3F
B.L	ar	%3F%3F%3F%3F+%3F%3F%3F%3F+%3F%3F%3F%3F%3F
B.L	ar	%3F%3F%3F
B.L	ar	%3F%3F%3F%3F+%3F%3F%3F%3F+%3F%3F%3F%3F%3F%3F%3F+%3F%3F%3F%3F%3F%3F%3F%3F%3F%3F
B.L	ar	%3F%3F%3F%3F%3F%3F%3F%3F
B.L	ar	%3F%3F%3F%3F%3F%3F%3F
B.L	ar	%3F%3F%3F%3F%3F+%3F%3F%3F%3F%3F%3F%3F%3F+%3F%3F%3F%3F%3F%3F%3F%3F%3F%3F%3F
B.L	ar	%3F%3F%3F%3F+%3F%3F%3F%3F%3F
B.L	ar	%3F%3F%3F%3F
B.L	ar	%3F%3F%3F%3F%3A1958
B.L	ar	%3F%3F%3F%3F%3A5+%3F%3F%3F%3F%3F
B.L	no	1958
B.L	no	1978
B.L	no	1999
B.L	no	2009
B.L	no	31.+mars
B.L	no	5.+juni
B.L	no	Chi%3Fin%3Fu
B.L	no	Gulag
B.L	no	Knesset
B.L	no	Moldova
B.L	no	R%EF%BF%BDde+h%EF%BF%BDr
B.L	no	Sovjetunionen
B.L	no	Yisrael+Beiteinu
B.L	pl	17+stycznia
B.L	pl	1949
B.L	pl	1958
B.L	pl	1967
B.L	pl	1978
B.L	pl	1983
B.L	pl	1988
B.L	pl	1993
B.L	pl	1996
B.L	pl	1997
B.L	pl	1999
B.L	pl	19+stycznia
B.L	pl	2001
B.L	pl	2002
B.L	pl	2003
B.L	pl	2004
B.L	pl	2005
B.L	pl	2006
B.L	pl	2008
B.L	pl	2009
B.L	pl	21+wrze%3Fnia
B.L	pl	23+pa%3Fdziernika
B.L	pl	27+marca
B.L	pl	30+maja
B.L	pl	30+pa%3Fdziernika
B.L	pl	31+marca
B.L	pl	5+czerwca
B.L	pl	5+maja
B.L	pl	Abba+Eban
B.L	pl	Aharon+Yariv
B.L	pl	Amnon+Lipkin-Shahak
B.L	pl	Arabowie
B.L	pl	Ariel+Szaron
B.L	pl	Autonomia+Palesty%3Fska
B.L	pl	Beniamin+Netanjahu
B.L	pl	Benjamin+Netanyahu
B.L	pl	Condoleezza+Rice
B.L	pl	Cypi+Liwni
B.L	pl	David-Zvi+Pinkas
B.L	pl	David+Levy+%28izraelski+polityk%29
B.L	pl	David+Remez
B.L	pl	Dawid+Ben+Gurion
B.L	pl	Dov+Yosef
B.L	pl	Ehud+Barak
B.L	pl	Ehud+Olmert
B.L	pl	Ephraim+Sneh
B.L	pl	Ezer+Weizman
B.L	pl	Gad+Yaacobi
B.L	pl	Golda+Meir
B.L	pl	Haim+Corfu
B.L	pl	Haim+Landau
B.L	pl	Hamas
B.L	pl	Hezbollah
B.L	pl	Histadrut
B.L	pl	Icchak+Ben-Aharon
B.L	pl	Icchak+Levy
B.L	pl	Icchak+Mordechai
B.L	pl	Icchak+Szamir
B.L	pl	Iran
B.L	pl	Israel+Bar-Yehuda
B.L	pl	Israel+Katz
B.L	pl	Israel+Kessar
B.L	pl	Izrael
B.L	pl	Izraelska+Partia+Pracy
B.L	pl	Jerozolima
B.L	pl	Jigal+Allon
B.L	pl	Jordania
B.L	pl	Josef+Sapir
B.L	pl	Josef+Serlin
B.L	pl	J%3Fzyk+angielski
B.L	pl	J%3Fzyk+hebrajski
B.L	pl	Kadima
B.L	pl	Kiszyni%EF%BF%BDw
B.L	pl	Likud
B.L	pl	Mahmud+Abbas
B.L	pl	Maj
B.L	pl	Meir+Amit
B.L	pl	Meir+Sheetrit
B.L	pl	Menachem+Begin
B.L	pl	Ministerstwo+Spraw+Zagranicznych+Izraela
B.L	pl	Ministerstwo+Transportu+Izraela
B.L	pl	Moshe+Arens
B.L	pl	Moshe+Ya%27alon
B.L	pl	Mosze+Carmel
B.L	pl	Mosze+Dajan
B.L	pl	Mosze+Kacaw
B.L	pl	Mosze+Szarett
B.L	pl	Mo%3Fdawia
B.L	pl	Ophir+Pines-Paz
B.L	pl	Palesty%3Fczycy
B.L	pl	Pa%3Fdziernik
B.L	pl	Premierzy+Izraela
B.L	pl	Shaul+Mofaz
B.L	pl	Shaul+Yahalom
B.L	pl	Shlomo+Ben-Ami
B.L	pl	Silwan+Schalom
B.L	pl	Strefa+Gazy
B.L	pl	Szymon+Peres
B.L	pl	Tzachi+Hanegbi
B.L	pl	Wrzesie%3F
B.L	pl	Wybory+parlamentarne+w+Izraelu%2C+1999
B.L	pl	Wybory+parlamentarne+w+Izraelu+w+2006+roku
B.L	pl	Yisrael+Beitenu
B.L	pl	Zalman+Aran
B.L	pl	Zwi%3Fzek+Socjalistycznych+Republik+Radzieckich
B.L	pl	Szablon%3AMinister+Spraw+Zagranicznych+Izraela
B.L	pl	Szablon%3AMinister+Transportu+Izraela
B.L	pl	Dyskusja+szablonu%3AMinister+Spraw+Zagranicznych+Izraela
B.L	pl	Dyskusja+szablonu%3AMinister+Transportu+Izraela
B.L	nl	16+januari
B.L	nl	18+januari
B.L	nl	1958
B.L	nl	1993
B.L	nl	1996
B.L	nl	1997
B.L	nl	1999
B.L	nl	2003
B.L	nl	2006
B.L	nl	2008
B.L	nl	2009
B.L	nl	23+oktober
B.L	nl	29e+regering+van+Isra%EF%BF%BDl
B.L	nl	30e+regering+van+Isra%EF%BF%BDl
B.L	nl	31+maart
B.L	nl	31e+regering+van+Isra%EF%BF%BDl
B.L	nl	32e+regering+van+Isra%EF%BF%BDl
B.L	nl	5+juni
B.L	nl	Ariel+Sharon
B.L	nl	Bakoe
B.L	nl	Benjamin+Netanyahu
B.L	nl	Bethlehem
B.L	nl	Chisinau
B.L	nl	Coalitie
B.L	nl	Collaboratie
B.L	nl	De+Morgen
B.L	nl	Digital+Journal
B.L	nl	Directeur-generaal
B.L	nl	Economie+%28systeem%29
B.L	nl	Ehud+Olmert
B.L	nl	Haaretz
B.L	nl	Hebreeuws
B.L	nl	Hebreeuwse+Universiteit+van+Jeruzalem
B.L	nl	Histadrut+Ovdim+Le%27umit
B.L	nl	Internationale+betrekkingen
B.L	nl	Intifada
B.L	nl	Isra%EF%BF%BDl
B.L	nl	Isra%EF%BF%BDlische+nederzetting
B.L	nl	Jeruzalem
B.L	nl	Jisrael+Beet%EF%BF%BDnoe
B.L	nl	Jitschak+Aharonovitch
B.L	nl	Joden
B.L	nl	Joman+Jisraeli
B.L	nl	Knesset
B.L	nl	Lijst+van+Isra%EF%BF%BDlische+ministers+van+Buitenlandse+Zaken
B.L	nl	Likoed
B.L	nl	Maariv
B.L	nl	Mahmoud+Abbas
B.L	nl	Minister
B.L	nl	Moldavische+Socialistische+Sovjetrepubliek
B.L	nl	Moldavi%EF%BF%BD+%28land%29
B.L	nl	Nachtclub
B.L	nl	Nationalisme
B.L	nl	Neoliberalisme
B.L	nl	Nokdim
B.L	nl	Oost-Jeruzalem
B.L	nl	Palestijnse+Autoriteit
B.L	nl	Parlement
B.L	nl	Politicologie
B.L	nl	Politiek+leider
B.L	nl	Portier+%28beroep%29
B.L	nl	Presentator
B.L	nl	President
B.L	nl	Rechts+%28politiek%29
B.L	nl	Redacteur
B.L	nl	Secretaris
B.L	nl	Secularisme
B.L	nl	Sovjet-Unie
B.L	nl	Stemrecht
B.L	nl	The+First+Post
B.L	nl	The+Jerusalem+Post
B.L	nl	Time+%28tijdschrift%29
B.L	nl	Tzipi+Livni
B.L	nl	Vakbond
B.L	nl	Vicepremier
B.L	nl	Westelijke+Jordaanoever
B.L	nl	Wikimedia+Commons
B.L	nl	Zionistisch+Forum+voor+het+Sovjet-Jodendom
B.L	nl	Overleg%3AAvigdor+Lieberman
B.L	nl	Wikipedia%3ANeutraal+standpunt
B.L	nl	Wikipedia%3AOnenigheid+over+de+neutraliteit
B.L	nl	Portaal%3APolitiek
B.L	jv	15+Desember
B.L	jv	1958
B.L	jv	2009-02-09
B.L	jv	2012
B.L	jv	5+Juni
B.L	jv	Agricultural+State+University+of+Moldova
B.L	jv	Alma+mater
B.L	jv	Ariel+Sharon
B.L	jv	Artillery+Corps+%28Israel%29
B.L	jv	Avraham+Shochat
B.L	jv	Basa+Ibrani
B.L	jv	Basa+Rusia
B.L	jv	Benjamin+Netanyahu
B.L	jv	Chi%3Fin%3Fu
B.L	jv	Corporal
B.L	jv	Daftar+Menteri+Luar+Negeri+Israel
B.L	jv	Danny+Ayalon
B.L	jv	Effi+Eitam
B.L	jv	Ehud+Olmert
B.L	jv	Energy+and+Water+Resources+Ministry
B.L	jv	Hebrew+University+of+Jerusalem
B.L	jv	Israel
B.L	jv	Israel+Defense+Forces
B.L	jv	Isra%EF%BF%BDl
B.L	jv	Knesset
B.L	jv	Meir+Sheetrit
B.L	jv	Menteri+Njaba+Negeri+Israel
B.L	jv	Ministry+of+Transport%2C+National+Infrastructure+and+Road+Safety
B.L	jv	Moldova
B.L	jv	Soviet+Union
B.L	jv	Strategic+Affairs+Minister+of+Israel
B.L	jv	Taras+Shevchenko+National+University+of+Kyiv
B.L	jv	Tzachi+Hanegbi
B.L	jv	Tzipi+Livni
B.L	jv	Wakil+Perdana+Menteri+Israel
B.L	jv	Yisrael+Beiteinu
B.L	jv	Panganggo%3ANurulbaitirohmah
B.L	jv	Wikipedia%3ADiakritik
B.L	jv	Wikipedia%3AGambar
B.L	jv	Wikipedia%3AInterwiki
B.L	jv	Wikipedia%3AKategori
B.L	jv	Wikipedia%3ANgrap%EF%BF%BDkak%EF%BF%BD+artikel
B.L	jv	Wikipedia%3AWikifikasi
B.L	jv	Cithakan%3AHe
B.L	jv	Cithakan%3AIsrael-bio-stub
B.L	ko	1958%3F
B.L	ko	6%3F+5%3F
B.L	ko	Reuters
B.L	ko	The+New+York+Times
B.L	ko	%3F%3F%3F%3F
B.L	ko	%3F%3F%3F+%3F%3F%3F%3F+%3F%3F%3F%3F+%3F%3F%3F
B.L	ko	%3F%3F
B.L	ko	%3F%3F
B.L	ko	%3F%3F%3F+%3F%3F
B.L	ko	%3F%3F%3F%3F
B.L	ko	%3F%3F%3F%3F+%3F%3F%3F%3F
B.L	ko	%3F%3F%3F%3F+%3F%3F%3F%3F%3F%3F
B.L	ko	%3F%3F%3F%3F+%3F%3F%3F%3F%3F
B.L	ko	%3F%3F%3F%3F+%3F%3F%3F
B.L	ko	%3F%3F%3F%3F+%3F%3F%3F%3F%3F
B.L	ko	%3F%3F%3F%3F+%3F%3F%3F%3F%3F%3F
B.L	ko	%3F%3F%3F%3F%3F+%3F%3F
B.L	ko	%3F%3F%3F
B.L	ko	%3F%3F+%3F%3F
B.L	ko	%3F%3F%3F%3F
B.L	ko	%3F%3F%3F%3F
B.L	ko	%3F%3F%3F%3F%3A%3F%3F%3F
B.L	ko	%3F%3A%3F%3F%3F%2F%3F%3F%2F%3F%3F%3F%3F
B.L	ko	%3F%3A%3F%3F%3F%2F%3F%3F%2F%3F%3F%3F
B.L	la	1958
B.L	la	2009
B.L	la	31+Martii
B.L	la	5+Iunii
B.L	la	Biographia
B.L	la	CFA
B.L	la	Chisinau
B.L	la	Condoleezza+Rice
B.L	la	Hebraice
B.L	la	Israel
B.L	la	Moldavia
B.L	la	Yisrael+Beiteinu
B.L	la	Vicipaedia%3AStipulae
B.L	id	15+Desember
B.L	id	1958
B.L	id	2012
B.L	id	5+Juni
B.L	id	Agricultural+State+University+of+Moldova
B.L	id	Alma+mater
B.L	id	Ariel+Sharon
B.L	id	Artillery+Corps+%28Israel%29
B.L	id	Avraham+Shochat
B.L	id	Bahasa+Ibrani
B.L	id	Bahasa+Rusia
B.L	id	Benjamin+Netanyahu
B.L	id	Biografi
B.L	id	Chi%3Fin%3Fu
B.L	id	Corporal
B.L	id	Daftar+Menteri+Luar+Negeri+Israel
B.L	id	Danny+Ayalon
B.L	id	Effi+Eitam
B.L	id	Ehud+Olmert
B.L	id	Energy+and+Water+Resources+Ministry
B.L	id	Hebrew+University+of+Jerusalem
B.L	id	Israel
B.L	id	Israel+Defense+Forces
B.L	id	Knesset
B.L	id	Meir+Sheetrit
B.L	id	Menteri+Luar+Negeri+Israel
B.L	id	Ministry+of+Transport%2C+National+Infrastructure+and+Road+Safety
B.L	id	Moldova
B.L	id	Soviet+Union
B.L	id	Strategic+Affairs+Minister+of+Israel
B.L	id	Taras+Shevchenko+National+University+of+Kyiv
B.L	id	Tzachi+Hanegbi
B.L	id	Tzipi+Livni
B.L	id	Wakil+Perdana+Menteri+Israel
B.L	id	Yisrael+Beiteinu
B.L	id	Wikipedia%3AMemainkan+berkas+media
B.L	id	Wikipedia%3ARintisan
B.L	id	Berkas%3AAvigdor+lieberman.ogg
B.L	it	11+dicembre
B.L	it	15+dicembre
B.L	it	16+gennaio
B.L	it	1940
B.L	it	1958
B.L	it	1978
B.L	it	1993
B.L	it	1996
B.L	it	1997
B.L	it	1999
B.L	it	2002
B.L	it	2004
B.L	it	2006
B.L	it	2008
B.L	it	23+ottobre
B.L	it	27+novembre
B.L	it	2+agosto
B.L	it	4+giugno
B.L	it	5+giugno
B.L	it	Aeroporto+di+Tel+Aviv
B.L	it	Agence+France-Presse
B.L	it	Agronomia
B.L	it	Aliyah
B.L	it	Ariel+Sharon
B.L	it	Armata+Rossa
B.L	it	Artiglieria
B.L	it	Azerbaigian
B.L	it	Baku
B.L	it	Benjamin+Netanyahu
B.L	it	Bessarabia
B.L	it	Betar
B.L	it	Cecenia
B.L	it	Chi%3Fin%3Fu
B.L	it	Cipro
B.L	it	Cisgiordania
B.L	it	Colonia+%28insediamento%29
B.L	it	Condoleezza+Rice
B.L	it	Conferenza+di+Annapolis
B.L	it	Corruzione
B.L	it	Destra+%28politica%29
B.L	it	Ebraica
B.L	it	Egitto
B.L	it	Ehud+Barak
B.L	it	Ehud+Olmert
B.L	it	Elezioni+legislative+israeliane+del+2006
B.L	it	Elezioni+legislative+israeliane+del+2009
B.L	it	Fondamentalismo+islamico
B.L	it	Gaza
B.L	it	Giappone
B.L	it	Haaretz
B.L	it	Hamas
B.L	it	Iran
B.L	it	Israel+Beytenu
B.L	it	Israele
B.L	it	Kadima
B.L	it	Kahanismo
B.L	it	Knesset
B.L	it	Le+Monde
B.L	it	Likud
B.L	it	Lingua+ebraica
B.L	it	Lingua+inglese
B.L	it	Lingua+rumena
B.L	it	Lingua+russa
B.L	it	Mahmud+Ahmadinejad
B.L	it	Meir+Kahane
B.L	it	Moldavia
B.L	it	Operazione+Piombo+fuso
B.L	it	Partito+Laburista+%28Israele%29
B.L	it	Piano+di+disimpegno+unilaterale+israeliano
B.L	it	Politico
B.L	it	Polizia
B.L	it	Primo+ministro
B.L	it	Processo+di+Norimberga
B.L	it	Romania
B.L	it	Scienze+Politiche
B.L	it	Seconda+Intifada
B.L	it	Seconda+guerra+mondiale
B.L	it	Servizio+militare
B.L	it	Siberia
B.L	it	Sionista
B.L	it	Sovietiche
B.L	it	Striscia+di+Gaza
B.L	it	Tedeschi
B.L	it	Territori+occupati
B.L	it	Terrorismo
B.L	it	The+Jerusalem+Post
B.L	it	Tsahal
B.L	it	Unione+Sovietica
B.L	it	Universit%EF%BF%BD+ebraica+di+Gerusalemme
B.L	it	Vladimir+Putin
B.L	it	Yisrael+Beytenu
B.L	it	Yosef+Dayan
B.L	it	File%3AStub+.png
B.L	it	File%3AStub+politici+israeliani.png
B.L	it	Template%3AFrancese
B.L	it	Aiuto%3AAbbozzo
B.L	it	Aiuto%3AManuale+di+stile
B.L	it	Aiuto%3AUnicode
B.L	it	Categoria%3ANati+a+Chi%3Fin%3Fu
B.L	it	Categoria%3ANati+il+5+giugno
B.L	it	Categoria%3ANati+nel+1958
B.L	it	Categoria%3APolitici+israeliani+del+XXI+secolo
B.L	it	Categoria%3APolitici+israeliani+del+XX+secolo
B.L	it	Categoria%3AStub+-+politici+israeliani
B.L	it	Portale%3ABiografie
B.L	it	Portale%3ABiografie%2Ficona
B.L	it	Portale%3APolitica
B.L	it	Portale%3APolitica%2Ficona
B.L	it	Progetto%3APolitici+israeliani
B.L	io	1958
B.L	io	5+di+junio
B.L	io	Israel
B.L	io	Israel+Beitenu
B.L	io	Moldova
B.L	ja	12%3F26%3F
B.L	ja	12%3F27%3F
B.L	ja	1958%3F
B.L	ja	1978%3F
B.L	ja	1999%3F
B.L	ja	1%3F5%3F
B.L	ja	2001%3F
B.L	ja	2003%3F
B.L	ja	2005%3F
B.L	ja	2006%3F
B.L	ja	2007%3F
B.L	ja	2008%3F
B.L	ja	2009%3F
B.L	ja	2010%3F
B.L	ja	2011%3F
B.L	ja	2013%3F
B.L	ja	2016%3F
B.L	ja	2%3F3%3F
B.L	ja	3%3F31%3F
B.L	ja	4%3F1%3F
B.L	ja	5%3F31%3F
B.L	ja	6%3F5%3F
B.L	ja	CM
B.L	ja	%3F%3F%3F%3F%3F+%28%3F%3F%3F%3F%3F%3F%3F%29
B.L	ja	%3F%3F%3F%3F%3F%3F%3F
B.L	ja	%3F%3F%3F
B.L	ja	%3F%3F%3F%3F%3F%3F%3F%3F%3F
B.L	ja	%3F%3F%3F%3F%3F
B.L	ja	%3F%3F%3F%3F%3F%3F%3F%3F
B.L	ja	%3F%3F%3F%3F%3F%3F%3F%3F%3F
B.L	ja	%3F%3F%3F%3F
B.L	ja	%3F%3F%3F%3F%3F%3F%3F%3F%3F%3F
B.L	ja	%3F%3F%3F%3F%3F%3F%3F%3F%3F
B.L	ja	%3F%3F
B.L	ja	%3F%3F%3F%3F%3F
B.L	ja	%3F%3F
B.L	ja	%3F%3F%3F%3F%3F%3F%3F
B.L	ja	%3F%3F%3F%3F+%282008%3F-2009%3F%29
B.L	ja	%3F%3F%3F%3F%3F
B.L	ja	%3F%3F%3F%3F
B.L	ja	%3F%3F%3F%3F%3F
B.L	ja	%3F%3F%3F%3F%3F%3F%3F%3F%3F%3F%3F%3F%3F
B.L	ja	%3F%3F%3F%3F%3F%3F
B.L	ja	%3F%3F%3F%3F%3F%3F%3F%3F%3F
B.L	ja	%3F%3F%3F%3F%3F%3F%3F%3F%3F
B.L	ja	%3F%3F%3F%3F%3F%3F%3F
B.L	ja	%3F%3F%3F%3F%3F
B.L	ja	%3F%3F%3F%3F
B.L	ja	%3F%3F%3F%3F
B.L	ja	%3F%3F%3F%3F%3F%3F%3F
B.L	ja	%3F%3F%3F%3F%3F%3F%3F%3F
B.L	ja	%3F%3F%3F%3F%3F
B.L	ja	%3F%3F%3F%3F%3F%3F%3F%3F%3F
B.L	ja	%3F%3F%3F%3F%3F
B.L	ja	%3F%3F%3F%3F%3F%3F
B.L	ja	%3F%3F%3F%3F%3F
B.L	ja	%3F%3F%3F%3F%3F%3F%3F
B.L	ja	%3F%3F%3F%3F%3F%3F%3F%3F%3F%3F%3F
B.L	ja	%3F%3F%3F%3F%3F
B.L	ja	%3F%3F%3F%3F%3F%3F%3F
B.L	ja	%3F%3F%3F%3F%3F%3F%3F%3F%3F%3F%3F%3F%3F%3F%3F%3F%3F
B.L	ja	%3F%3F%3F%3F
B.L	ja	%3F%3F%3F%3F%3F
B.L	ja	%3F%3F%3F%3F%3F%3F%3F%3F%3F%3F
B.L	ja	%3F%3F%3F%3F
B.L	ja	%3F%3F%3F%3F
B.L	ja	%3F%3F%3F%3F%3F%3F%3F
B.L	ja	%3F%3F
B.L	ja	%3F%3F%3F%3F
B.L	ja	%3F%3F%3F%3F%3F%3F
B.L	ja	%3F%3F%3F%3F%3F
B.L	ja	%3F%3F%3F%3F
B.L	ja	%3F%3F%3F
B.L	ja	%3F%3F%3F%3F
B.L	ja	%3F
B.L	ja	%3F%3F
B.L	ja	%3F%3F%3F%3F%3F
B.L	ja	%3F%3F%3F
B.L	ja	%3F%3F%3F%3F
B.L	ja	%3F%3F
B.L	ja	%3F%3F
B.L	ja	%3F%3F%3F%3F%3F
B.L	ja	%3F%3F%3F%3F%3F
B.L	ja	%3F%3F
B.L	ja	%3F%3F%3F%3F
B.L	ja	%3F%3F%3F%3F%3F%3F
B.L	ja	%3F%3F
B.L	ja	%3F%3F%3F%3F%3F%3F%3F%3F%3F%3F%3F
B.L	ja	%3F%3F
B.L	ja	%3F%3F
B.L	ja	%3F%3F%3F
B.L	ja	%3F%3F
B.L	ja	%3F%3F%3F%3F
B.L	ja	%3F%3F%3F%3F
B.L	ja	%3F%3F%3F%3F%3F%3F%3F%3F%3F%3F%3F
B.L	ja	%3F%3F%3F
B.L	ja	%3F%3F
B.L	ja	%3F%3F%3F%3F
B.L	ja	%3F%3F%3F%3F
B.L	ja	%3F%3F%3F%3F
B.L	ja	%3F%3F%3F%3F%3F%3F%3F
B.L	ja	%3F%3F%3F%3F
B.L	ja	%3F%3F%3F%3F
B.L	ja	%3F%3F
B.L	ja	%3F%3F
B.L	ja	%3F%3F%3F%3F
B.L	ja	%3F%3F%3F%3F
B.L	ja	%3F%3F%3F%3F
B.L	ja	%3F%3F%3F%3F%3F%3F%3F%3F%3F%3F%3F
B.L	ja	Template%3A%3F%3F%3F
B.L	vi	Benjamin+Netanyahu
B.L	vi	Israel
B.L	vi	Israel+Beytenou
B.L	vi	Knesset
B.L	vi	M%3F
B.L	vi	Palestine
B.L	vi	Ti%3Fng+Hebrew
B.L	vi	Ti%3Fng+Nga
B.L	vi	%3F-r%3Fp
B.L	uk	10+%3F%3F%3F%3F%3F%3F
B.L	uk	16+%3F%3F%3F%3F%3F%3F%3F
B.L	uk	17+%3F%3F%3F%3F%3F%3F
B.L	uk	1958
B.L	uk	1978
B.L	uk	1986
B.L	uk	1993
B.L	uk	1999
B.L	uk	2001
B.L	uk	2002
B.L	uk	2003
B.L	uk	2004
B.L	uk	2006
B.L	uk	2007
B.L	uk	2009
B.L	uk	28+%3F%3F%3F%3F%3F%3F%3F
B.L	uk	28+%3F%3F%3F%3F%3F%3F
B.L	uk	31+%3F%3F%3F%3F%3F%3F
B.L	uk	5+%3F%3F%3F%3F%3F
B.L	uk	6+%3F%3F%3F%3F%3F%3F
B.L	uk	%3F%3F%3F%3F%3F
B.L	uk	%3F%3F%3F%3F%3F%3F%3F%3F
B.L	uk	%3F%3F%3F%3F%3F%3F%3F%3F%3F%3F%3F%3F+%3F%3F%3F%3F%3F%3F%3F%3F%3F%3F+%3F%3F%3F%3F%3F%3F%3F%3F
B.L	uk	%3F%3F%3F%3F%3F%3F%3F%3F%3F%3F%3F%3F%3F+%3F%3F%3F%3F%3F%3F%3F%3F%3F%3F%3F
B.L	uk	%3F%3F%3F%3F%3F
B.L	uk	%3F%3F%3F%3F%3F%3F%3F
B.L	uk	%3F%3F%3F%3F%3F%3F%3F
B.L	uk	%3F%3F%3F%3F%3F%3F%3F%3F+%3F%3F%3F%3F%3F+%3F%3F%3F-%3F%3F%3F%3F%3F%3F%3F
B.L	uk	%3F%3F%3F%3F%3F+%3F%3F%3F%3F%3F%3F%3F+%3F%3F%3F%3F%3F%3F%3F
B.L	uk	%3F%3F%3F%3F%3F%3F+%3F%3F%3F%3F%3F
B.L	uk	%3F%3F%3F%3F%3F%3F%3F%3F+%3F%3F%3F%3F%3F%3F%3F%3F%3F
B.L	uk	%3F%3F%3F%3F+%3F%3F%3F%3F%3F%3F%3F
B.L	uk	%3F%3F%3F%3F%3F%3F%3F
B.L	uk	%3F%3F%3F%3F%3F%3F%3F%3F%3F%3F%3F%3F+%3F%3F%3F%3F%3F%3F%3F%3F%3F%3F%3F%3F%3F%3F%3F%3F%3F%3F%3F%3F%3F+%3F%3F%3F%3F%3F%3F%3F%3F
B.L	uk	%3F%3F%3F%3F%3F%3F
B.L	uk	%3F%3F%3F%3F%3F%3F%3F
B.L	uk	%3F%3F%3F%3F%3F%3F%3F%3F
B.L	uk	%3F%3F%3F%3F%3F
B.L	uk	%3F%3F%3F%3F%3F%3F%3F%3F%3F%3F+%3F%3F%3F
B.L	uk	%3F%3F%3F%3F%3F%3F%3F
B.L	uk	%3F%3F%3F%3F%3F%3F%3F%3F+%3F%3F%3F%3F%3F%3F%3F
B.L	uk	%3F%3F%3F+%3F%3F%3F+%EF%BF%BD+%3F%3F%3F%3F%3F%3F%3F
B.L	uk	%3F%3F%3F+%3F%3F%3F+%EF%BF%BD+%3F%3F%3F%3F%3F%3F%3F
B.L	uk	%3F%3F%3F%3F%3F%3F%3F%3F%3F
B.L	uk	%3F%3F%3F%3F
B.L	uk	%3F%3F%3F%3F%3F%3F+%3F%3F%3F%3F
B.L	uk	%3F%3F%3F%3F+%3F%3F%3F%3F%3F
B.L	uk	%3F%3F%3F%3F%3F%3F%3F%3F%3F%3A%3F%3F+%3F%3F%3F%3F%3F%3F%3F%3F%3F%3F+%3F%3F%3F%3F%3F%3F
B.L	tr	14+Aral%3Fk
B.L	tr	16+Ocak
B.L	tr	1958
B.L	tr	1+Nisan
B.L	tr	2006
B.L	tr	2008
B.L	tr	2009
B.L	tr	2012
B.L	tr	30+Ekim
B.L	tr	Afu+Agbaria
B.L	tr	Ahmad+Tibi
B.L	tr	Alex+Miller+%28Israeli+politician%29
B.L	tr	Amir+Peretz
B.L	tr	Amnon+Cohen
B.L	tr	Anastasia+Michaeli
B.L	tr	Ariel+Atias
B.L	tr	Ariel+%3Faron
B.L	tr	Aryeh+Bibi
B.L	tr	Aryeh+Eldad
B.L	tr	Atom+bombas%3F
B.L	tr	Avi+Dichter
B.L	tr	Avishay+Braverman
B.L	tr	Avraham+Michaeli
B.L	tr	Ayoob+Kara
B.L	tr	Ayr%3Fl%3Fk+%28dizi%29
B.L	tr	Balad+%28siyasi+parti%29
B.L	tr	Benjamin+Netanyahu
B.L	tr	Benny+Begin
B.L	tr	Benyamin+Netanyahu
B.L	tr	Binyamin+Ben-Eliezer
B.L	tr	Cemal+Zahalka
B.L	tr	Dalia+Itzik
B.L	tr	Dan+Meridor
B.L	tr	Daniel+Ben-Simon
B.L	tr	Daniel+Hershkowitz
B.L	tr	Danny+Ayalon
B.L	tr	Danny+Danon
B.L	tr	David+Azulai
B.L	tr	David+Rotem
B.L	tr	Dov+Khenin
B.L	tr	Ehud+Barak
B.L	tr	Ehud+Olmert
B.L	tr	Einat+Wilf
B.L	tr	Eitan+Cabel
B.L	tr	Eli+Aflalo
B.L	tr	Eli+Yishai
B.L	tr	Eliezer+Moses
B.L	tr	Emil+Amsalem
B.L	tr	Faina+Kirschenbaum
B.L	tr	Gazze+Sava%3F%3F
B.L	tr	Gideon+Ezra
B.L	tr	Gideon+Sa%27ar
B.L	tr	Gila+Gamliel
B.L	tr	Gilad+Erdan
B.L	tr	Hadash
B.L	tr	Haim+Katz
B.L	tr	Haim+Oron
B.L	tr	Hamad+Amar
B.L	tr	Hana+Sweid
B.L	tr	Hanin+Zuabi
B.L	tr	Ibrahim+Sarsur
B.L	tr	Ilan+Gilon
B.L	tr	Isaac+Herzog
B.L	tr	Israeli+Labor+Party
B.L	tr	Kadima
B.L	tr	Karmel+Shama
B.L	tr	Ki%3Finev
B.L	tr	Knesset
B.L	tr	Lea+Nass
B.L	tr	Lia+Shemtov
B.L	tr	Likud
B.L	tr	Limor+Livnat
B.L	tr	Majalli+Wahabi
B.L	tr	Marina+Solodkin
B.L	tr	Masud+Ghnaim
B.L	tr	Matan+Vilnai
B.L	tr	Meir+Porush
B.L	tr	Meir+Sheetrit
B.L	tr	Meshulam+Nahari
B.L	tr	Michael+Ben-Ari
B.L	tr	Michael+Eitan
B.L	tr	Miri+Regev
B.L	tr	Mohammad+Barakeh
B.L	tr	Moshe+Gafni
B.L	tr	Moshe+Kahlon
B.L	tr	Moshe+Matalon
B.L	tr	Moshe+Ya%27alon
B.L	tr	Musevilik
B.L	tr	Nahman+Shai
B.L	tr	National+Union+%28Israel%29
B.L	tr	New+Movement-Meretz
B.L	tr	Nissim+Ze%27ev
B.L	tr	Nitzan+Horowitz
B.L	tr	Ofir+Akunis
B.L	tr	Orit+Noked
B.L	tr	Orit+Zuaretz
B.L	tr	Orly+Levy
B.L	tr	Otniel+Schneller
B.L	tr	Rachel+Adato
B.L	tr	Raleb+Majadele
B.L	tr	Reuven+Rivlin
B.L	tr	Robert+Ilatov
B.L	tr	Robert+Tiviaev
B.L	tr	Roni+Bar-On
B.L	tr	Ronit+Tirosh
B.L	tr	Ruhama+Avraham
B.L	tr	Said+Nafa
B.L	tr	Shai+Hermesh
B.L	tr	Shalom+Simhon
B.L	tr	Shas
B.L	tr	Shelly+Yachimovich
B.L	tr	Shlomo+Molla
B.L	tr	Silvan+Shalom
B.L	tr	Silvan+%3Falom
B.L	tr	Sofa+Landver
B.L	tr	Sovyet+Sosyalist+Cumhuriyetler+Birli%3Fi
B.L	tr	Stas+Misezhnikov
B.L	tr	TRT
B.L	tr	Ta%27al
B.L	tr	Taleb+el-Sana
B.L	tr	The+Jewish+Home
B.L	tr	Tzachi+Hanegbi
B.L	tr	Tzipi+Hotovely
B.L	tr	Tzipi+Livni
B.L	tr	T%EF%BF%BDrk%EF%BF%BDe
B.L	tr	United+Arab+liste
B.L	tr	United+Torah+Judaism
B.L	tr	Uri+Ariel
B.L	tr	Uri+Maklev
B.L	tr	Uri+Orbakh
B.L	tr	Uzi+Landau
B.L	tr	Ya%27akov+Katz+%28politician+born+1951%29
B.L	tr	Ya%27akov+Margi
B.L	tr	Yaakov+Edri
B.L	tr	Yaakov+Litzman
B.L	tr	Yariv+Levin
B.L	tr	Yisrael+Beiteinu
B.L	tr	Yisrael+Beytenu
B.L	tr	Yisrael+Hasson
B.L	tr	Yisrael+Katz+%28politician+born+1955%29
B.L	tr	Yitzhak+Aharonovich
B.L	tr	Yitzhak+Cohen
B.L	tr	Yitzhak+Vaknin
B.L	tr	Yoel+Hasson
B.L	tr	Yohanan+Plesner
B.L	tr	Yossi+Peled
B.L	tr	Yuli-Yoel+Edelstein
B.L	tr	Yulia+Shamalov-Berkovich
B.L	tr	Yuval+Steinitz
B.L	tr	Ze%27ev+Bielski
B.L	tr	Ze%27ev+Boim
B.L	tr	Ze%27ev+Elkin
B.L	tr	Zevulun+Orlev
B.L	tr	Zion+Pinyan
B.L	tr	%3Fbrani+%EF%BF%BDniversitesi
B.L	tr	%3Fsrail
B.L	tr	%3Fsrail+Evimiz+Partisi
B.L	tr	%3Fsrail+kabinesi
B.L	tr	%3Faul+Mofaz
B.L	tr	%3Fablon%3AMevcut+MK
B.L	tr	%3Fablon+tart%3F%3Fma%3AMevcut+MK
B.L	sv	1958
B.L	sv	5+juni
B.L	sv	Chisinau
B.L	sv	EU
B.L	sv	Engelska
B.L	sv	Hamas
B.L	sv	Hebreiska
B.L	sv	Hebreiska+Universitetet
B.L	sv	Israel
B.L	sv	Jerusalem
B.L	sv	Knesset
B.L	sv	Likud
B.L	sv	Moldavien
B.L	sv	NATO
B.L	sv	Rum%EF%BF%BDnska
B.L	sv	Ryska
B.L	sv	Yisrael+Beiteinu
B.L	sv	Yisrael+Beytenu
B.L	sh	1958
B.L	sh	5.+jun
B.L	sh	Alma+mater
B.L	sh	Ariel+Sharon
B.L	sh	Artiljerijski+zbor+%28Izrael%29
B.L	sh	Avraham+Shochat
B.L	sh	Benjamin+Netanyahu
B.L	sh	Chi%3Fin%3Fu
B.L	sh	Danny+Ayalon
B.L	sh	Effi+Eitam
B.L	sh	Ehud+Olmert
B.L	sh	Hebrejski+jezik
B.L	sh	Hebrejski+univerzitet+u+Jeruzalemu
B.L	sh	Inkumbent
B.L	sh	Izrael
B.L	sh	Izraelska+vlada
B.L	sh	Izraelske+obrambene+snage
B.L	sh	Izraelski+Jevreji
B.L	sh	Joshua+Hammer
B.L	sh	Kaplar
B.L	sh	Kneset
B.L	sh	Meir+Sheetrit
B.L	sh	Ministar+energije+i+vodnih+resursa
B.L	sh	Ministar+nacionalne+infrastrukture+Izraela
B.L	sh	Ministar+strate%EF%BF%BDkih+poslova+Izraela
B.L	sh	Ministar+transporta+Izraela
B.L	sh	Ministar+vanjskih+poslova+Izraela
B.L	sh	Ministarstvo+energije+i+vodnih+resursa
B.L	sh	Ministarstvo+transporta%2C+nacionalne+infrastrukture+i+bezbjednosti+puteva
B.L	sh	Ministrarstvo+transporta%2C+nacionalne+infrastrukture+i+bezbjednosti+puteva
B.L	sh	Moldavska+SSSR
B.L	sh	Moldova
B.L	sh	Nacionalni+univerzitet+Taras+%EF%BF%BDev%3Fenko+u+Kijevu
B.L	sh	Poljoprivredni+dr%EF%BF%BDavni+univerzitet+Moldove
B.L	sh	Ruski+jezik
B.L	sh	SSSR
B.L	sh	Sovjetski+Savet
B.L	sh	The+New+York+Review+of+Books
B.L	sh	Tzachi+Hanegbi
B.L	sh	Tzipi+Livni
B.L	sh	WorldCat
B.L	sh	Yisrael+Beiteinu
B.L	sh	Zamjenici+vo%3Fa+Izraela
B.L	sh	Wikipedia%3AMedia+help
B.L	sh	Datoteka%3AAvigdor+lieberman.ogg
B.L	ru	10+%3F%3F%3F%3F%3F%3F%3F
B.L	ru	14+%3F%3F%3F%3F%3F
B.L	ru	17+%3F%3F%3F
B.L	ru	18+%3F%3F%3F%3F%3F%3F%3F
B.L	ru	1942+%3F%3F%3F
B.L	ru	1948
B.L	ru	1949+%3F%3F%3F
B.L	ru	1950
B.L	ru	1951
B.L	ru	1952
B.L	ru	1953
B.L	ru	1953+%3F%3F%3F
B.L	ru	1955
B.L	ru	1955+%3F%3F%3F
B.L	ru	1956
B.L	ru	1958
B.L	ru	1958+%3F%3F%3F
B.L	ru	1959
B.L	ru	1962
B.L	ru	1965
B.L	ru	1966
B.L	ru	1969
B.L	ru	1970
B.L	ru	1974
B.L	ru	1977
B.L	ru	1978
B.L	ru	1978+%3F%3F%3F
B.L	ru	1979
B.L	ru	1980
B.L	ru	1981
B.L	ru	1982
B.L	ru	1984
B.L	ru	1986
B.L	ru	1986+%3F%3F%3F
B.L	ru	1988
B.L	ru	1990
B.L	ru	1990-%3F
B.L	ru	1992
B.L	ru	1993
B.L	ru	1993+%3F%3F%3F
B.L	ru	1995
B.L	ru	1996
B.L	ru	1996+%3F%3F%3F
B.L	ru	1997+%3F%3F%3F
B.L	ru	1998
B.L	ru	1998+%3F%3F%3F
B.L	ru	1999
B.L	ru	1999+%3F%3F%3F
B.L	ru	2000
B.L	ru	2001
B.L	ru	2001+%3F%3F%3F
B.L	ru	2002
B.L	ru	2002+%3F%3F%3F
B.L	ru	2003
B.L	ru	2003+%3F%3F%3F
B.L	ru	2004
B.L	ru	2004+%3F%3F%3F
B.L	ru	2005
B.L	ru	2006
B.L	ru	2006+%3F%3F%3F
B.L	ru	2007+%3F%3F%3F
B.L	ru	2008
B.L	ru	2008+%3F%3F%3F
B.L	ru	2009
B.L	ru	2009+%3F%3F%3F
B.L	ru	2011+%3F%3F%3F
B.L	ru	2012
B.L	ru	2012+%3F%3F%3F
B.L	ru	24+%3F%3F%3F%3F%3F%3F%3F%3F
B.L	ru	28+%3F%3F%3F%3F%3F
B.L	ru	28+%3F%3F%3F%3F%3F%3F%3F
B.L	ru	31+%3F%3F%3F%3F%3F
B.L	ru	5+%3F%3F%3F%3F
B.L	ru	5+%3F%3F%3F%3F
B.L	ru	6+%3F%3F%3F%3F
B.L	ru	7+%3F%3F%3F%3F%3F
B.L	ru	Al-Jazeera+English
B.L	ru	Der+Speigel
B.L	ru	Der+Spiegel
B.L	ru	Haaretz
B.L	ru	Los+Angeles+Times
B.L	ru	Newsru.co.il
B.L	ru	Newsweek
B.L	ru	The+Forward
B.L	ru	The+Guardian
B.L	ru	The+Washington+Post
B.L	ru	YNet+news
B.L	ru	Zman.com
B.L	ru	%3F%3F%3F%3F%3F%3F%3F%3F%3F%2C+%3F%3F%3F%3F%3F
B.L	ru	%3F%3F%3F%3F%3F%3F%3F%3F%2C+%3F%3F%3F%3F
B.L	ru	%3F%3F%3F%3F%3F%3F%3F%2C+%3F%3F%3F%3F%3F
B.L	ru	%3F%3F%3F%3F%3F
B.L	ru	%3F%3F%3F%3F%3F%3F%2C+%3F%3F%3F%3F%3F%3F
B.L	ru	%3F%3F%3F%3F%3F%3F+%3F%3F%3F%3F%3F
B.L	ru	%3F%3F%3F%3F%3F%3F%3F
B.L	ru	%3F%3F%3F%3F%3F%3F%3F%2C+%3F%3F%3F
B.L	ru	%3F%3F%3F%3F%3F%3F%2C+%3F%3F%3F%3F%3F
B.L	ru	%3F%3F%3F%3F%3F%2C+%3F%3F%3F%3F%3F%3F
B.L	ru	%3F%3F%3F%3F%3F%3F%2C+%3F%3F%3F%3F%3F
B.L	ru	%3F%3F%3F%3F%3F%3F%2C+%3F%3F%3F%3F
B.L	ru	%3F%3F%3F%3F%2C+%3F%3F%3F%3F%3F
B.L	ru	%3F%3F%3F%3F%2C+%3F%3F%3F%3F%3F
B.L	ru	%3F%3F%3F%3F%2C+%3F%3F%3F%3F
B.L	ru	%3F%3F%3F%3F%3F%3F%3F%2C+%3F%3F%3F%3F
B.L	ru	%3F%3F%3F%3F%2C+%3F%3F%3F%3F%3F%3F%3F
B.L	ru	%3F%3F%3F%3F%3F%2C+%3F%3F%3F%3F
B.L	ru	%3F%3F%3F%3F%3F%3F%2C+%3F%3F%3F
B.L	ru	%3F%3F%3F%3F%3F+%3F%3F%3F%3F%3F%3F%3F+%3F%3F%3F%3F%3F%3F%3F
B.L	ru	%3F%3F-%3F%3F%3F%3F%2C+%3F%3F%3F%3F%3F
B.L	ru	%3F%3F%3F%3F%3F%2C+%3F%3F%3F%3F%3F%3F
B.L	ru	%3F%3F%3F%3F%3F%3F
B.L	ru	%3F%3F%3F%3F%3F%3F%3F%3F+%3F%3F%3F%3F%3F+%3F%3F%3F-%3F%3F%3F%3F%3F%3F%3F
B.L	ru	%3F%3F%3F%3F%3F%2C+%3F%3F%3F%3F%3F%3F%3F
B.L	ru	%3F%3F%3F%3F%3F+%28%3F%3F%3F%3F%3F%3F%29
B.L	ru	%3F%3F%3F-%3F%3F%3F%3F%3F%3F%2C+%3F%3F%3F%3F%3F%3F%3F
B.L	ru	%3F%3F%3F-%3F%3F%2C+%3F%3F%3F%3F
B.L	ru	%3F%3F%3F%3F%3F%2C+%3F%3F%3F%3F
B.L	ru	%3F%3F%3F%3F%3F%3F%2C+%3F%3F%3F%3F%3F%3F%3F%3F
B.L	ru	%3F%3F%3F%3F%3F%2C+%3F%3F%3F%3F
B.L	ru	%3F%3F%3F%3F%3F%2C+%3F%3F%3F%3F%3F%3F%3F
B.L	ru	%3F%3F%3F%3F%3F%3F%3F%3F%3F%3F
B.L	ru	%3F%3F%3F%3F%3F%3F%3F%3F%2C+%3F%3F%3F%3F
B.L	ru	%3F%3F%3F-%3F%3F%3F%2C+%3F%3F%3F%3F%3F
B.L	ru	%3F%3F%3F-%3F%3F%3F%2C+%3F%3F%3F%3F%3F%3F%3F
B.L	ru	%3F%3F%3F-%3F%3F%3F%3F%2C+%3F%3F%3F%3F
B.L	ru	%3F%3F%3F-%3F%3F%3F%3F%3F%3F%2C+%3F%3F%3F%3F%3F
B.L	ru	%3F%3F%3F-%3F%3F%3F%3F%3F%3F%2C+%3F%3F%3F%3F%3F
B.L	ru	%3F%3F%3F-%3F%3F%3F%3F%3F%2C+%3F%3F%3F%3F%3F%3F%3F
B.L	ru	%3F%3F%3F-%3F%3F%3F%3F%3F%3F%3F%2C+%3F%3F%3F%3F%3F%3F%3F%3F
B.L	ru	%3F%3F%3F%3F%3F%3F%2C+%3F%3F%3F%3F%3F
B.L	ru	%3F%3F%3F%3F%2C+%3F%3F%3F%3F
B.L	ru	%3F%3F%3F%3F%3F%3F%3F%3F%3F%2C+%3F%3F%3F%3F%3F%3F
B.L	ru	%3F%3F%3F%3F%3F%3F%2C+%3F%3F%3F%3F%3F
B.L	ru	%3F%3F%3F%3F%3F%3F%3F%3F%2C+%3F%3F%3F%3F%3F%3F
B.L	ru	%3F%3F%3F%3F%3F%3F%2C+%3F%3F%3F%3F%3F%3F%3F%3F
B.L	ru	%3F%3F%3F%3F%3F%3F%3F%3F%3F+%3F%3F%3F%3F
B.L	ru	%3F%3F%3F%3F%3F%3F%3F%2C+%3F%3F%3F%3F
B.L	ru	%3F%3F%3F%3F%3F%3F%3F+%3F%3F%3F%3F%3F%3F%3F%3F%3F%3F%3F%3F%3F+%3F%3F%3F%3F%3F
B.L	ru	%3F%3F%3F%3F%3F%3F%3F%3F%3F+%3F%3F%3F+%3F%3F%3F%3F%3F%3F%3F
B.L	ru	%3F%3F%3F%3F%3F%3F%3F%3F%3F
B.L	ru	%3F%3F%3F%3F%3F%2C+%3F%3F%3F%3F%3F
B.L	ru	%3F%3F%3F%3F%3F%3F%3F%3F+%3F%3F%3F%3F%3F%3F%3F%3F%3F%3F%3F
B.L	ru	%3F%3F%3F%3F%3F%3F%3F%3F%2C+%3F%3F%3F%3F
B.L	ru	%3F%3F%3F%3F%3F%3F%2C+%3F%3F%3F%3F%3F
B.L	ru	%3F%3F%3F%3F%3F%3F%3F
B.L	ru	%3F%3F%3F%3F%3F%2C+%3F%3F%3F%3F
B.L	ru	%3F%3F%3F%3F%3F%3F%2C+%3F%3F%3F%3F%3F
B.L	ru	%3F%3F%3F%3F%3F%3F%3F%3F%3F%2C+%3F%3F%3F%3F%3F%3F%3F
B.L	ru	%3F%3F%3F%3F%3F%2C+%3F%3F%3F%3F%3F
B.L	ru	%3F%3F%3F%3F%3F-%3F%3F%3F+%3F%3F%3F%3F%3F%3F
B.L	ru	%3F%3F%3F%3F%3F%2C+%3F%3F%3F%3F
B.L	ru	%3F%3F%3F%3F%2C+%3F%3F%3F%3F
B.L	ru	%3F%3F%3F+%3F%3F%3F%3F%3F
B.L	ru	%3F%3F%3F%3F%2C+%3F%3F%3F
B.L	ru	%3F%3F%3F%3F%3F%3F%3F+%3F%3F%3F%3F%3F%3F%3F%3F
B.L	ru	%3F%3F%3F%3F%3F%3F%3F%3F%3F+%3F%3F%3F%3F%3F%3F%3F%3F%3F
B.L	ru	%3F%3F%3F%3F%3F%3F%3F%3F%3F+%3F%3F%3F
B.L	ru	%3F%3F%3F%3F%3F%3F+%3F%3F%3F%3F%3F
B.L	ru	%3F%3F%3F%3F%3F%3F%3F%3F%2C+%3F%3F%3F%3F%3F%3F%3F
B.L	ru	%3F%3F%3F%3F%3F%3F%3F%2C+%3F%3F%3F%3F%3F%3F%3F
B.L	ru	%3F%3F%3F%3F%2C+%3F%3F%3F%3F%3F
B.L	ru	%3F%3F%3F%3F%3F%2C+%3F%3F%3F%3F%3F%3F%3F%3F
B.L	ru	%3F%3F%3F%3F%3F%2C+%3F%3F%3F%3F%3F
B.L	ru	%3F%3F%3F%3F%3F%3F%2C+%3F%3F%3F%3F
B.L	ru	%3F%3F%3F%3F%3F
B.L	ru	%3F%3F%3F%3F%3F%3F%3F%3F%3F
B.L	ru	%3F%3F%3F%3F%3F%3F%3F%3F%3F%3F%3F%3F%3F+%3F%3F%3F%3F%3F%3F%3F%3F%3F%3F%3F%3F%3F+%3F%3F%3F%3F%3F%3F%3F%3F
B.L	ru	%3F%3F%3F%3F%3F%3F%3F%3F%3F%3F%3F%3F%3F+%3F%3F%3F%3F%3F%3F%3F%3F%3F%3F%3F
B.L	ru	%3F%3F%3F%3F%3F%3F%3F
B.L	ru	%3F%3F%3F%3F%3F%3F%3F%3F%3F%3F%3F+%3F%3F%3F%3F+%3F%3F%3F%3F%3F%3F%3F%3F%3F%3F%3F%3F%3F%3F+%3F%3F%3F%3F%3F%3F%3F%3F%3F%3F%3F%3F
B.L	ru	%3F%3F%3F%3F%3F%3F%2C+%3F%3F%3F%3F%3F%3F
B.L	ru	%3F%3F%3F%3F%3F%3F%3F
B.L	ru	%3F%3F%3F%3F%3F%3F%3F%3F%3F+%3F%3F%3F%3F%3F%3F%3F
B.L	ru	%3F%3F%3F%3F+%3F%3F%3F%3F%3F
B.L	ru	%3F%3F%3F%3F%2C+%3F%3F%3F%3F%3F
B.L	ru	%3F%3F%3F%3F%2C+%3F%3F%3F
B.L	ru	%3F%3F%3F%3F%3F+%3F%3F%3F%3F%3F%3F
B.L	ru	%3F%3F%3F%3F%3F%3F%2C+%3F%3F%3F%3F%3F
B.L	ru	%3F%3F%3F%3F%3F%3F
B.L	ru	%3F%3F%3F%3F%2C+%3F%3F%3F
B.L	ru	%3F%3F%3F%3F%3F%3F%3F%2C+%3F%3F%3F%3F
B.L	ru	%3F%3F%3F%3F%3F%3F%2C+%3F%3F%3F%3F
B.L	ru	%3F%3F%3F%2C+%3F%3F%3F%3F%3F%3F%3F
B.L	ru	%3F%3F%3F%2C+%3F%3F%3F%3F
B.L	ru	%3F%3F%3F%2C+%3F%3F%3F%3F%3F
B.L	ru	%3F%3F%3F%3F%3F%2C+%3F%3F%3F%3F
B.L	ru	%3F%3F%3F%3F%3F%3F%2C+%3F%3F%3F%3F%3F%3F%3F
B.L	ru	%3F%3F%3F%3F%3F%3F%3F%3F%3F%3F%2C+%3F%3F%3F%3F%3F
B.L	ru	%3F%3F%3F%3F%3F%3F%3F
B.L	ru	%3F%3F%3F%3F%3F%3F%3F%3F%3F%3F%3F+%3F%3F%3F%3F%3F%3F%3F%3F%3F%3F%3F%3F%3F%3F%3F%3F%3F%3F%3F%3F+%3F%3F%3F%3F%3F%3F%3F%3F
B.L	ru	%3F%3F%3F%3F%3F%3F%3F
B.L	ru	%3F%3F%3F%3F%3F%3F%3F+18-%3F%3F+%3F%3F%3F%3F%3F%3F
B.L	ru	%3F%3F%3F%3F%3F%2C+%3F%3F%3F%3F
B.L	ru	%3F%3F%3F%3F%2C+%3F%3F%3F%3F%3F
B.L	ru	%3F%3F%3F%3F%2C+%3F%3F%3F%3F%3F
B.L	ru	%3F%3F%3F%3F%3F%3F%2C+%3F%3F%3F
B.L	ru	%3F%3F%3F%3F%3F%3F%2C+%3F%3F%3F%3F
B.L	ru	%3F%3F%3F%3F%3F%3F%3F%2C+%3F%3F%3F%3F
B.L	ru	%3F%3F+%3F%3F%3F%2C+%3F%3F%3F-%3F%3F%3F%3F
B.L	ru	%3F%3F%3F%3F%2C+%3F%3F%3F%3F%3F
B.L	ru	%3F%3F%3F%3F%2C+%3F%3F%3F%3F%3F
B.L	ru	%3F%3F%3F%3F-%3F%3F%3F%3F%3F%3F%3F%3F%2C+%3F%3F%3F%3F
B.L	ru	%3F%3F%3F%3F%3F%2C+%3F%3F%3F%3F
B.L	ru	%3F%3F%3F%3F%3F+%28%3F%3F%3F%3F%3F%3F%3F%3F%29
B.L	ru	%3F%3F%3F%3F%3F%3F%2C+%3F%3F%3F%3F%3F
B.L	ru	%3F%3F%3F%3F%3F%2C+%3F%3F%3F%3F
B.L	ru	%3F%3F%3F%3F%3F
B.L	ru	%3F%3F%3F%3F%3F%3F-%3F%3F%3F%3F%3F%2C+%3F%3F%3F%3F%3F
B.L	ru	%3F%3F%3F%3F%3F%3F
B.L	ru	%3F%3F%3F%3F%3F%3F%2C+%3F%3F%3F%3F%3F
B.L	ru	%3F%3F%3F%3F%3F%3F%3F%3F%2C+%3F%3F%3F%3F%3F
B.L	ru	%3F%3F%3F%3F%3F%2C+%3F%3F%3F%3F%3F%3F%3F
B.L	ru	%3F%3F%3F%3F%3F%3F%2C+%3F%3F%3F
B.L	ru	%3F%3F%3F%3F%3F%2C+%3F%3F%3F%3F%3F
B.L	ru	%3F%3F%3F%3F%3F%3F+%3F%3F%3F%3F%3F
B.L	ru	%3F%3F%3F%3F%3F%3F%3F%3F%2C+%3F%3F%3F%3F%3F
B.L	ru	%3F%3F%3F%3F%3F%3F%3F%2C+%3F%3F%3F%3F
B.L	ru	%3F%3F%3F%3F%2C+%3F%3F%3F%3F%3F
B.L	ru	%3F%3F%3F%3F+%3F%3F%3F%3F%3F%3F
B.L	ru	%3F%3F%3F%3F%3F
B.L	ru	%3F%3F%3F%3F%3F%3F%3F%2C+%3F%3F%3F
B.L	ru	%3F%3F%3F%3F%3F%3F%2C+%3F%3F%3F%3F%3F+%28%3F%3F%3F%3F%3F%3F%3F%29
B.L	ru	%3F%3F%3F%3F%3F%3F%3F%3F%3F%3F%3F%3F+%3F%3F%3F%3F%3F%3F%3F%3F%3F%3F%3F%3F%3F%3F%3F+%3F%3F%3F%3F%3F%3F%3F%3F%3F%3F%3F%3F+%3F%3F%3F%3F%3F%3F%3F
B.L	ru	%3F%3F%3F%3F%3F%3F%3F%3F%3F%3F%3F%3F+%3F%3F%3F%3F%3F%3F%3F%3F%3F%3F+%3F%3F%3F%3F%3F%3F%3F
B.L	ru	%3F%3F%3F%3F%3F%3F%3F%3F%3F%3F%3F%3F+%3F%3F%3F%3F%3F%3F%3F%3F%3F%3F+%3F+%3F%3F%3F%3F%3F%3F%3F%3F%3F%3F%3F%3F%3F+%3F%3F%3F%3F%3F%3F%3F
B.L	ru	%3F%3F%3F%3F%3F%3F%3F+%3F%3F%3F%3F%3F%3F%3F%3F%3F%3F%3F+%3F%3F%3F+%3F%3F%3F%3F%3F%3F%3F
B.L	ru	%3F%3F%3F%3F%3F%3F%3F%3F%3F%3F%2C+%3F%3F%3F%3F
B.L	ru	%3F%3F%3F%3F%3F%3F%3F%2C+%3F%3F%3F%3F%3F%3F
B.L	ru	%3F%3F%3F%3F%3F%3F%3F%2C+%3F%3F%3F%3F%3F%3F%3F%3F%3F
B.L	ru	%3F%3F%3F%3F%3F%3F%3F+%3F%3F%3F%3F%3F%3F%3F
B.L	ru	%3F%3F%3F%3F%3F%2C+%3F%3F%3F%3F%3F
B.L	ru	%3F%3F%3F%3F%3F%2C+%3F%3F%3F%3F%3F%3F%3F
B.L	ru	%3F%3F%3F%3F%3F%3F%3F%3F%3F%3F+%3F%3F%3F
B.L	ru	%3F%3F%3F%3F%3F%3F%3F%3F%2C+%3F%3F%3F%3F%3F
B.L	ru	%3F%3F%3F%3F%3F%2C+%3F%3F%3F%3F%3F
B.L	ru	%3F%3F%3F%3F%2C+%3F%3F%3F%3F%3F
B.L	ru	%3F%3F%3F%3F%2C+%3F%3F%3F%3F
B.L	ru	%3F%3F%3F%3F%3F%3F%2C+%3F%3F%3F%3F%3F%3F%3F
B.L	ru	%3F%3F%3F+%3F%3F%3F+%3F%3F%3F%3F%3F%3F%3F
B.L	ru	%3F%3F%3F+%3F%3F%3F+%EF%BF%BD+%3F%3F%3F%3F%3F%3F%3F
B.L	ru	%3F%3F%3F%3F%2C+%3F%3F%3F
B.L	ru	%3F%3F%3F%3F%3F%3F%3F%3F%3F%2C+%3F%3F%3F%3F%3F%3F%3F%3F
B.L	ru	%3F%3F%3F%3F%3F%3F%2C+%3F%3F%3F%3F%3F
B.L	ru	%3F%3F%3F%3F%3F+%3F%3F%3F%3F%3F%3F%3F%3F%3F%3F
B.L	ru	%3F%3F%3F%3F%3F%3F
B.L	ru	%3F%3F%3F%3F%3F%2C+%3F%3F%3F%3F
B.L	ru	%3F%3F%3F%3F%3F%3F%3F%2C+%3F%3F%3F%3F
B.L	ru	%3F%3F%3F%3F%3F%2C+%3F%3F%3F
B.L	ru	%3F%3F%3F%3F%3F%3F
B.L	ru	%3F%3F%3F%3F%3F%2C+%3F%3F%3F%3F%3F%3F
B.L	ru	%3F%3F%3F%3F%3F%3F%3F%2C+%3F%3F%3F%3F%3F
B.L	ru	%3F%3F%3F%3F%3F%2C+%3F%3F%3F%3F%3F
B.L	ru	%3F%3F%3F%3F%3F%3F%2C+%3F%3F%3F%3F
B.L	ru	%3F%3F%3F%3F%3F%3F%3F%2C+%3F%3F%3F%3F%3F%3F%3F
B.L	ru	%3F%3F%3F%3F%3F%3F%3F-%3F%3F%3F%3F%3F%3F%3F+%3F%3F%3F%3F%3F%3F%3F
B.L	ru	%3F%3F%3F%3F
B.L	ru	%3F%3F%3F-%3F%3F%3F%3F%3F
B.L	ru	%3F%3F%3F%3F%3F%2C+%3F%3F%3F%3F
B.L	ru	%3F%3F%3F%3F%3F%2C+%3F%3F%3F%3F+%3F%3F%3F%3F%3F
B.L	ru	%3F%3F%3F%3F%3F%3F%3F%3F%3F%3F%3F%3F%3F+%3F%3F%3F%3F%3F%3F%3F
B.L	ru	%3F%3F%3F%3F%3F%3F%2C+%3F%3F%3F%3F%3F%3F
B.L	ru	%3F%3F%3F%3F%3F%2C+%3F%3F%3F%3F%3F
B.L	ru	%3F%3F%3F%3F%3F%3F%3F%3F%3F%3F%2C+%3F%3F%3F%3F%3F
B.L	ru	%3F%3F%3F%3F%3F%3F%3F%3F%3F%3F%2C+%3F%3F%3F%3F%3F%3F%3F
B.L	ru	%3F%3F%3F%3F
B.L	ru	%3F%3F%3F%3F%2C+%3F%3F%3F%3F%3F%3F
B.L	ru	%3F%3F%3F%3F%3F%2C+%3F%3F%3F%3F%3F
B.L	ru	%3F%3F%3F%3F%3F%2C+%3F%3F%3F%3F
B.L	ru	%3F%3F%3F%3F%3F%2C+%3F%3F%3F%3F%3F%3F
B.L	ru	%3F%3F%3F%3F%3F%2C+%3F%3F%3F%3F%3F
B.L	ru	%3F%3F%3F%3F%3F%3F
B.L	ru	%3F%3F%3F%3F%3F%3F%2C+%3F%3F%3F%3F%3F
B.L	ru	%3F%3F%3F%2C+%3F%3F%3F%3F%3F%3F
B.L	ru	%3F%3F%3F%3F%3F%3F%3F%3F%3F%2C+%3F%3F%3F%3F%3F%3F
B.L	ru	%3F%3F%3F%3F%3F%3F
B.L	ru	%3F%3F%3F%3F%3F
B.L	ru	%3F%3F%3F%3F%3F%3F
B.L	ru	%3F%3F%3F%3F%3F
B.L	ru	%3F%3F%3F%3F%2C+%3F%3F%3F%3F%3F
B.L	ru	%3F%3F%3F%3F%3F%3F%3F%2C+%3F%3F%3F%3F%3F%3F
B.L	ru	%3F%3F%3F%3F%3F%2C+%3F%3F%3F%3F%3F
B.L	ru	%3F%3F%3F%3F%3F%3F%3F%3F+%3F%3F%3F%3F%3F%3F+%3F%3F%3F%3F%3F%3F%3F%3F%3F%3F%3F%3F%3F+%3F%3F%3F%3F%3F%3F%3F
B.L	ru	%3F%3F%3F%3F%3F
B.L	ru	%3F%3F%3F%3F%3F%3F%2C+%3F%3F%3F%3F
B.L	ru	%3F%3F%3F%3F%3F%3F%3F%2C+%3F%3F%3F%3F
B.L	ru	%3F%3F%3F%3F%3F%2C+%3F%3F%3F
B.L	ru	%3F%3F%3F%3F%3F%2C+%3F%3F%3F%3F%3F
B.L	ru	%3F%3F%3F%3F%3F%2C+%3F%3F%3F%3F%3F%3F%3F
B.L	ru	%3F%3F%3F%3F%3F%2C+%3F%3F%3F%3F%3F
B.L	ru	%3F%3F%3F%3F%3F%3F%2C+%3F%3F%3F
B.L	ru	%3F%3F%3F%3F%3F%3F%3F%3F%2C+%3F%3F%3F%3F
B.L	ru	%3F%3F%3F%3F%3F%3F%2C+%3F%3F%3F%3F%3F%3F%3F
B.L	ru	%3F%3F%3F%3F+%3F%3F%3F%3F%3F%3F%3F
B.L	ru	%3F%3F%3F%3F%3F%3F%3F%2C+%3F%3F%3F%3F%3F
B.L	ru	%3F%3F%3F%3F+%3F%3F%3F%3F%3F
B.L	ru	%3F%3F%3F%3F%3F%3F%2C+%3F%3F%3F%3F%3F%3F+%3F%3F%3F%3F%3F%3F%3F%3F%3F
B.L	ru	%3F%3F%3F
B.L	ru	%3F%3F%3F%2C+%3F%3F%3F%3F%3F%3F
B.L	ru	%3F%3F%3F%3F%3F%2C+%3F%3F%3F%3F%3F%3F%3F
B.L	ru	%3F%3F%3F%3F%2C+%3F%3F%3F%3F%3F%3F%3F
B.L	ru	%3F%3F%3F%3F%3F%3F%3F%3F-%3F%3F%3F%3F%3F%3F%3F%3F%2C+%3F%3F%3F%3F
B.L	ru	%3F%3F%3F%3F%3F%2C+%3F%3F%3F%3F%3F
B.L	ru	%3F%3F%3F%3F%3F%2C+%3F%3F%3F%3F%3F
B.L	ru	%3F%3F%3F%3F%3F%2C+%3F%3F%3F%3F
B.L	ru	%3F%3F%3F%3F%3F%2C+%3F%3F%3F%3F%3F%3F
B.L	ru	%3F%3F%3F%3F%3F%3F%2C+%3F%3F%3F%3F
B.L	ru	%3F%3F%3F%3F%3F%3F
B.L	ru	%3F%3F%3F%3F%3F%3F%2C+%3F%3F%3F
B.L	ru	%3F%3F%3F%3F%3F%3F%2C+%3F%3F%3F%3F
B.L	ru	%3F%3F%3F%3F%3F%3F%3F%2C+%3F%3F%3F%3F%3F%3F%3F
B.L	ru	%3F%3F%3F%3F%3F%2C+%3F%3F%3F%3F%3F%3F
B.L	ru	%3F%3F%3F%3F%3F%3F%3F%2C+%3F%3F%3F%3F%3F
B.L	ru	%3F%3F%3F%3F%2C+%3F%3F%3F%3F
B.L	ru	%3F%3F%3F%3F%3F%3F%3F%3F%3F%3F%2C+%3F%3F%3F%3F%3F
B.L	ru	%3F%3F%3F%3F%2C+%3F%3F%3F%3F%3F
B.L	ru	%3F%3F%3F%3F%3F%2C+%3F%3F%3F
B.L	ru	%3F%3F%3F%3F%3F%2C+%3F%3F%3F%3F%3F%3F%3F
B.L	ru	%3F%3F%3F%3F%3F%3F%2C+%3F%3F%3F%3F%3F%3F%3F
B.L	ru	%3F%3F%3F%3F%3F%3F%2C+%3F%3F%3F%3F
B.L	ru	%3F%3F%3F%3F%3F%3F%2C+%3F%3F%3F%3F
B.L	ru	%3F%3F%3F%3F%3F%2C+%3F%3F%3F%3F%3F
B.L	ru	%3F%3F%3F%3F+%3F%3F%3F%3F%3F
B.L	ru	%3F%3F%3F+%3F%3F%3F%3F%3F%3F
B.L	ru	%3F%3F%3F%3F%3F%3F%3F%3F%3F%3F%3F+%3F%3F%3F%3F%3F%3F%3F%3F+%3F%3F%3F%3F%3F%3F%3F%3F%3F%3F%3F%3F%3F+%3F%3F%3F%3F%3F%3F%3F
B.L	ru	%3F%3F%3F%3F%3F%3F%2C+%3F%3F%3F%3F
B.L	ru	%3F%3F%3F%3F%3F%2C+%3F%3F%3F%3F
B.L	ru	%3F%3F%3F%3F%2C+%3F%3F%3F%3F%3F%3F
B.L	ru	%3F%3F%3F%3F%2C+%3F%3F%3F%3F
B.L	ru	%3F%3F%3F%3F%3F%3F+%3F%3F-%3F%3F%3F%3F
B.L	ru	%3F%3F%3F%3F%3F%3F%2C+%3F%3F%3F%3F%3F
B.L	ru	%3F%3F%3F%3F%3F%3F%3F%3F%2C+%3F%3F%3F%3F
B.L	ru	%3F%3F%3F%3F%3F%3F%3F%3F%3F%3A%3F%3F%3F%3F%3F%3F%3F%3F%3F%3F%3F%3F+%3F%3F%3F%3F%3F%3F%3F%3F%3F
B.L	ru	%3F%3F%3F%3F%3F%3F%3ARef-en
B.L	ru	%3F%3F%3F%3F%3F%3F%3A%3F%3F%3F%3F%3F%3F%3F%3F%3F%3F%3F+%3F%3F%3F%3F%3F%3F%3F%3F+%3F%3F%3F%3F%3F%3F%3F%3F
B.L	ru	%3F%3F%3F%3F%3F%3F%3A%3F%3F%3F%3F%3F%3F%3F%3F+%3F%3F%3F%3F%3F%3F%3F%3F%3F%3F%3F+%3F%3F%3F+%3F%3F%3F%3F%3F%3F%3F
B.L	ru	%3F%3F%3F%3F%3F%3F%3A%3F%3F%3F%3F%3F%3F%3F%3F+%3F%3F%3F%3F%3F%3F%3F%3F%3F%3F%3F%3F%3F%3F%3F+%3F%3F%3F%3F%3F%3F%3F%3F%3F%3F%3F%3F+%3F%3F%3F%3F%3F%3F%3F
B.L	ru	%3F%3F%3F%3F%3F%3F%3A%3F%3F%3F%3F%3F%3F%3F%3F+%3F%3F%3F%3F%3F%3F%3F%3F%3F%3F+%3F%3F%3F%3F%3F%3F%3F
B.L	ru	%3F%3F%3F%3F%3F%3F%3A%3F%3F%3F%3F%3F%3F%3F%3F+%3F%3F%3F%3F%3F%3F%3F%3F%3F%3F+%3F+%3F%3F%3F%3F%3F%3F%3F%3F%3F%3F%3F%3F%3F+%3F%3F%3F%3F%3F%3F%3F
B.L	ru	%3F%3F%3F%3F%3F%3F%3A%3F%3F%3F%3F%2F%3F%3F%3F%3F%3F%3F%3F
B.L	ro	1958
B.L	ro	1978
B.L	ro	1983
B.L	ro	1988
B.L	ro	1993
B.L	ro	1996
B.L	ro	1999
B.L	ro	2001
B.L	ro	2002
B.L	ro	2003
B.L	ro	2004
B.L	ro	21+septembrie
B.L	ro	30+mai
B.L	ro	4+iunie
B.L	ro	5+iunie
B.L	ro	Agronomie
B.L	ro	Al+doilea+r%3Fzboi+mondial
B.L	ro	Ariel+Sharon
B.L	ro	Azerbaidjan
B.L	ro	Baku
B.L	ro	Basarabia
B.L	ro	Chi%3Fin%3Fu
B.L	ro	Cisiordania
B.L	ro	Druzi
B.L	ro	Ehud+Olmert
B.L	ro	Germania+nazist%3F
B.L	ro	Ierusalim
B.L	ro	Intifada
B.L	ro	Iordan
B.L	ro	Iordania
B.L	ro	Iran
B.L	ro	Israel
B.L	ro	Iudeea
B.L	ro	Jerusalem+Post
B.L	ro	Limba+ebraic%3F
B.L	ro	Limba+englez%3F
B.L	ro	Limba+rus%3F
B.L	ro	List%3F+de+politicieni+israelieni+de+origine+rom%EF%BF%BDn%3F
B.L	ro	Nokdim
B.L	ro	Om+politic
B.L	ro	Procesele+de+la+N%EF%BF%BDrnberg
B.L	ro	Procesul+de+la+N%EF%BF%BDrnberg
B.L	ro	Republica+Moldova
B.L	ro	Republica+Sovietic%3F+Socialist%3F+Moldoveneasc%3F
B.L	ro	Rom%EF%BF%BDn
B.L	ro	Rom%EF%BF%BDn%3F
B.L	ro	Siberia
B.L	ro	Sionism
B.L	ro	Ultimatum
B.L	ro	Uniunea+Republicilor+Sovietice+Socialiste
B.L	ro	Vladimir+Voronin
B.L	pt	1958
B.L	pt	1999
B.L	pt	2001
B.L	pt	2003
B.L	pt	2009
B.L	pt	5+de+junho
B.L	pt	Ariel+Sharon
B.L	pt	Benjamin+Netanyahu
B.L	pt	Cidadania
B.L	pt	Ci%EF%BF%BDncia+Pol%EF%BF%BDtica
B.L	pt	Confer%EF%BF%BDncia+de+Annapolis
B.L	pt	Direita+pol%EF%BF%BDtica
B.L	pt	Ehud+Olmert
B.L	pt	Elei%EF%BF%BD%EF%BF%BDes+legislativas+em+Israel+em+2009
B.L	pt	Estado+Palestino
B.L	pt	Ex%EF%BF%BDrcito+Vermelho
B.L	pt	Ex%EF%BF%BDrcito+de+Israel
B.L	pt	Gulag
B.L	pt	Gush+Shalom
B.L	pt	Israel
B.L	pt	Kishinev
B.L	pt	Knesset
B.L	pt	Likud
B.L	pt	L%EF%BF%BDngua+hebraica
B.L	pt	L%EF%BF%BDngua+inglesa
B.L	pt	L%EF%BF%BDngua+russa
B.L	pt	Minist%EF%BF%BDrio+das+Rela%EF%BF%BD%EF%BF%BDes+Exteriores+%28Israel%29
B.L	pt	Minist%EF%BF%BDrio+das+Rela%EF%BF%BD%EF%BF%BDes+Exteriores+de+Israel
B.L	pt	Natan+Sharansky
B.L	pt	ONU
B.L	pt	Pol%EF%BF%BDtico
B.L	pt	Primeiro-ministro+de+Israel
B.L	pt	Retirada+Israelita+da+Faixa+de+Gaza
B.L	pt	Translitera%EF%BF%BD%EF%BF%BDo
B.L	pt	Tzipi+Livni
B.L	pt	Ultradireita
B.L	pt	Universidade+Hebraica+de+Jerusal%EF%BF%BDm
B.L	pt	Uni%EF%BF%BDo+Sovi%EF%BF%BDtica
B.L	pt	Uri+Avnery
B.L	pt	Yisrael+BaAliyah
B.L	pt	Yisrael+Beitenu
B.L	pt	%EF%BF%BDrabes+israelenses
B.L	pt	Ficheiro%3AAvigdor+lieberman.ogg
B.L	pt	Predefini%EF%BF%BD%EF%BF%BDo%3AInfo%2FPol%EF%BF%BDtico
B.L	pt	Ajuda%3AGuia+de+consulta+e+reprodu%EF%BF%BD%EF%BF%BDo%2Freproduzindo+Ogg
B.L	zh	%3F%3F%3F
B.L	zh	%3F%3F%3F%3F%3F%3F
B.L	zh	%3F%3F%3F%3F%3F
B.L	zh	%3F%3F%3F%3F%3F%3F%3F%3F
B.L	zh	%3F%3F%3F%3F%3F%3F%3F
B.L	zh	%3F%3F%3F%3F%3F%3F%3F%3F
B.L	zh	%3F%3F%3F%3F%3F%3F
B.L	zh	%3F%3F%3F
B.L	zh	%3F%3F%3F%3F%3F
B.L	zh	%3F%3F%3F%3F
B.L	zh	%3F%3F%3F%3F
B.L	yi	1958
B.L	yi	5+%3F%3F%3F%3F
B.L	yi	%3F%3F%3F%3F+%3F%3F%3F%3F%3F%3F%3F
B.L	yi	%3F%3F%3F%3F
B.L	yi	%3F%3F%3F+%3F%3F%3F%3F%3F
B.L	yi	%3F%3F%3F%3F+%3F%3F%3F%3F%3F%3F
B.L	yi	%3F%3F%3F%3F%3F
B.L	yi	%3F%3F%3F%3F
B.L	yi	%3F%3F%3F
B.L	yi	%3F%3F%3F+%3F%3F%3F%3F%3F
B.L	yi	%3F%3F%3F%3F%3F%3F+3
B.L	yi	%3F%3F%3F
B.L	yi	%3F%3F%3F%3F%3F+%3F%3F%3F%3F%3F%3F
B.L	yi	%3F%22%3F
B.L	yi	%3F%3F%3F%3F%3F%3F%3F%3F
B.L	yi	%3F%3F%3F%3F%3F%3F%3F
B.L	yi	%3F%3F%3F%3F+%3F%3F%3F%3F+%3F%3F%3F%3F%3F%3F%3F%3F
B.L	yi	%3F%3F%3F%3F%3F%3F%3F+%3F%3F%3F%3F%3F%3F%3F
B.L	yi	%3F%3F%3F+%3F%3F%3F+%3F%3F%3F%3F%3F%3F
B.L	yi	%3F%3F%3F%3F
B.L	yi	%3F%3F%3F%3F%3F%3F%3F
B.L	yi	%3F%3F%3F%3F%3F%3F%3F
B.L	yi	%3F%3F%3F%3F%3F%3F%3F%3F%3F%3F
B.L	yi	%3F%3F%3F%3F%3F%3F
B.L	yi	%3F%3F%3F%3F%3F%3F%3F+%3F%3F%3F%3F%3F%3F%3F%3F
B.L	yi	%3F%3F%3F%3F%3F%3F%3F%3F
B.L	yi	%3F%3F%3F+%3F%3F%3F%3F%3F%3F
B.L	yi	%3F%3F%3F%3F%3F%3F%3F%3F
B.L	yi	%3F%3F%3F%3F
B.L	yi	%3F%3F%3F%3F+%3F%3F%3F%3F%3F
CN	en	Avigdor_Lieberman
IWL	fi	Avigdor+Lieberman
IWL	fr	Avigdor+Liberman
IWL	he	%3F%3F%3F%3F%3F%3F%3F+%3F%3F%3F%3F%3F%3F
IWL	de	Avigdor+Lieberman
IWL	fa	%3F%3F%3F%3F%3F%3F%3F+%3F%3F%3F%3F%3F%3F
IWL	eo	Avigdor+Lieberman
IWL	et	Avigdor+Lieberman
IWL	es	Avigdor+Lieberman
IWL	bg	%3F%3F%3F%3F%3F%3F%3F+%3F%3F%3F%3F%3F%3F%3F%3F
IWL	da	Avigdor+Lieberman
IWL	cs	Avigdor+Lieberman
IWL	als	Awigdor+Lieberman
IWL	ar	%3F%3F%3F%3F%3F%3F%3F+%3F%3F%3F%3F%3F%3F%3F
IWL	no	Avigdor+Lieberman
IWL	pl	Avigdor+Lieberman
IWL	nl	Avigdor+Lieberman
IWL	jv	Avigdor+Lieberman
IWL	ko	%3F%3F%3F%3F%3F+%3F%3F%3F%3F
IWL	la	Avigdor+Lieberman
IWL	id	Avigdor+Lieberman
IWL	it	Avigdor+Lieberman
IWL	io	Avigdor+Liberman
IWL	ja	%3F%3F%3F%3F%3F%3F%3F%3F%3F%3F%3F%3F%3F%3F
IWL	vi	Avigdor+Liberman
IWL	uk	%3F%3F%3F%3F%3F%3F%3F+%3F%3F%3F%3F%3F%3F%3F%3F
IWL	tr	Avigdor+Liberman
IWL	sv	Avigdor+Lieberman
IWL	sh	Avigdor+Lieberman
IWL	ru	%3F%3F%3F%3F%3F%3F%3F%3F%2C+%3F%3F%3F%3F%3F%3F%3F
IWL	ro	Avigdor+Lieberman
IWL	pt	Avigdor+Lieberman
IWL	zh	%3F%3F%3F%3F%EF%BF%BD%3F%3F%3F
IWL	yi	%3F%3F%3F%3F%3F%3F%3F+%3F%3F%3F%3F%3F%3F%3F%3F
