A.L	de	Amélie Thyssen
A.L	de	Anita Gräfin Zichy-Thyssen
A.L	de	August-Thyssen-Bank
A.L	de	August Thyssen
A.L	de	August Thyssen-Hütte
A.L	de	August Thyssen junior
A.L	de	Friedrich Thyssen
A.L	de	Fritz Thyssen
A.L	de	Gabriele Inaara Begum Aga Khan
A.L	de	Greta Thyssen
A.L	de	Hans Heinrich Thyssen-Bornemisza de Kászon
A.L	de	Hedwig Thyssen
A.L	de	Heinrich Thyssen
A.L	de	Ingrid Thyssen
A.L	de	Johannes Thyssen
A.L	de	Joseph Thyssen
A.L	de	Marianne Thyssen
A.L	de	Museo Carmen Thyssen-Bornemisza
A.L	de	Nicole Thyssen
A.L	de	Renate Thyssen-Henne
A.L	de	Thomas Thyssen
A.L	de	Thyssen-Foussol
A.L	de	Thyssen-Schulte
A.L	de	ThyssenKrupp
A.L	de	Thyssen (Unternehmerfamilie)
A.L	de	Thyssen Polymer
A.L	de	Thyssen Telecom
A.L	de	Villa Fritz Thyssen
A.L	de	Villa Josef Thyssen
A.L	de	Walzwerk Thyssen
A.L	de	Zeche Thyssen
A.L	de	Wikipedia:Begriffsklärung
B.L	en	August Thyssen
B.L	en	Baron Hans Heinrich Thyssen-Bornemisza
B.L	en	Bodo Thyssen
B.L	en	Friedrich Thyssen
B.L	en	Fritz Thyssen
B.L	en	Heinrich, Baron Thyssen-Bornemisza de Kászon
B.L	en	Thiessen (disambiguation)
B.L	en	Thyssen-Bornemisza Museum
B.L	en	ThyssenKrupp
B.L	en	ThyssenKrupp Marine Systems
B.L	en	Thyssen AG
B.L	en	Thyssen family
B.L	en	Help:Disambiguation
B.L	no	August Thyssen
B.L	no	Fritz Thyssen
B.L	no	Hans Heinrich Thyssen-Bornemisza de Kászon
B.L	no	Heinrich Thyssen
B.L	no	Joseph Thyssen
B.L	no	Thyssen-Schulte
B.L	no	ThyssenKrupp
B.L	no	ThyssenKrupp AG
B.L	no	Thyssen Telecom
B.L	no	Wikipedia:Flertydige titler
B.L	nl	August-Thyssen-Bank
B.L	nl	August Thyssen
B.L	nl	Friedrich Thyssen
B.L	nl	Hans Heinrich Thyssen-Bornemisza de Kászon
B.L	nl	Karl Habsburg-Lothringen
B.L	nl	Museo Thyssen-Bornemisza
B.L	nl	ThyssenKrupp
B.L	nl	Thyssen (familie)
B.L	nl	Wikipedia:Doorverwijspagina
B.L	it	Acciaierie di Terni
B.L	it	August Thyssen
B.L	it	Azienda
B.L	it	Cognome
B.L	it	Dinastia
B.L	it	Fritz Thyssen
B.L	it	Germania
B.L	it	Hans Heinrich Thyssen-Bornemisza de Kászon
B.L	it	Heinrich Thyssen
B.L	it	Heinrich Thyssen-Bornemisza
B.L	it	Joseph Thyssen
B.L	it	Madrid
B.L	it	Margit von Batthyány
B.L	it	Museo
B.L	it	Museo Thyssen-Bornemisza
B.L	it	Siderurgia
B.L	it	ThyssenKrupp
B.L	it	ThyssenKrupp Marine Systems
B.L	it	Thyssen (famiglia)
B.L	it	Aiuto:Disambigua
B.L	it	Aiuto:Voce
B.L	it	Aiuto:Wikilink
B.L	ja	アウグスト・ティッセン
B.L	ja	アンリ・ティッセン
B.L	ja	カール・ハプスブルク＝ロートリンゲン
B.L	ja	ティッセンクルップ
B.L	ja	ティッセン家
B.L	ja	ハインリヒ・ティッセン
B.L	ja	ハンス・ハインリヒ・ティッセン＝ボルネミッサ
B.L	ja	フランツェスカ・ティッセン＝ボルネミッサ
B.L	ja	マルギト・ティッセン＝ボルネミッサ
B.L	ja	Wikipedia:曖昧さ回避
B.L	ru	ThyssenKrupp
B.L	ru	Thyssen AG
B.L	ru	Германия
B.L	ru	Мадрид
B.L	ru	Музей Тиссена-Борнемисы
B.L	ru	Немецкий язык
B.L	ru	Тиссен
B.L	ru	Тиссен, Август
B.L	ru	Тиссен, Августа
B.L	ru	Тиссен, Генрих
B.L	ru	Тиссен, Йозеф
B.L	ru	Тиссен, Петер
B.L	ru	Тиссен, Тиффани-Амбер
B.L	ru	Тиссен, Фриц
B.L	ru	Тиссен, Хайнц
B.L	ru	Тиссен-Борнемиса де Касон, Ганс Генрих
B.L	ru	Швейцария
B.L	ru	Википедия:Неоднозначность
B.L	ru	Википедия:Статья
B.L	ru	Википедия:Толкование ссылок
CN	de	Thyssen
IWL	en	Thyssen
IWL	no	Thyssen
IWL	nl	Thyssen
IWL	it	Thyssen
IWL	ja	ティッセン
IWL	ru	Тиссен (значения)
