A.L	de	1. Mai
A.L	de	1961
A.L	de	Abgeordnetenwatch.de
A.L	de	Abitur
A.L	de	Anti-Atomkraft-Bewegung
A.L	de	Auswärtiger Ausschuss
A.L	de	Biologie
A.L	de	Biologische Waffe
A.L	de	Bundestagswahl 2009
A.L	de	Castor schottern
A.L	de	Deutscher Bundestag
A.L	de	Deutschland
A.L	de	Die Linke
A.L	de	Diplom
A.L	de	Fraktion (Bundestag)
A.L	de	Gemeinsame Normdatei
A.L	de	Gentechnik
A.L	de	Greenpeace
A.L	de	Landesliste
A.L	de	Linksfraktion
A.L	de	Liste der Mitglieder des Deutschen Bundestages (17. Wahlperiode)
A.L	de	Nichtregierungsorganisation
A.L	de	Politiker
A.L	de	Promotion (Doktor)
A.L	de	Reinbek
A.L	de	Sudan
A.L	de	Sunshine Project
A.L	de	Universität Hamburg
A.L	de	Vereinte Nationen
A.L	de	Virtual International Authority File
A.L	de	Hilfe:Personendaten
B.L	la	1961
B.L	la	1 Maii
B.L	la	2003
B.L	la	2006
B.L	la	2009
B.L	la	2011
B.L	la	Consociatio Nationum
B.L	la	Dieta Foederalis Germaniae
B.L	la	Germania
B.L	la	Hamburgum
B.L	la	Motus Libycus anni 2011
B.L	la	Muammar al-Gaddafi
B.L	la	Reactorium nucleare
B.L	la	Sclopetum
B.L	la	Sinistra
CN	de	Jan_van_Aken_(Politiker)
IWL	la	Ioannes van Aken
