A.L	de	0,5%-Hürde
A.L	de	Abgeordnetenhaus von Berlin
A.L	de	Akupunktur
A.L	de	Anthropozentrismus
A.L	de	Arbeitszeit
A.L	de	Artgerechte Haltung
A.L	de	Asyl
A.L	de	Baden-Württemberg
A.L	de	Barbara Rütting
A.L	de	Bayern
A.L	de	Behinderung
A.L	de	Berlin
A.L	de	Bonn
A.L	de	Brandenburg
A.L	de	Braunschweig
A.L	de	Bremen
A.L	de	Bundestagswahl 1994
A.L	de	Bundestagswahl 1998
A.L	de	Bundestagswahl 2002
A.L	de	Bundestagswahl 2005
A.L	de	Bundestagswahl 2009
A.L	de	Bündnis90/Die Grünen
A.L	de	Bürgerschaftswahl in Hamburg 2011
A.L	de	Delmenhorst
A.L	de	Deutscher Bundestag
A.L	de	Deutschland
A.L	de	Die Grauen – Graue Panther
A.L	de	Die Tierschutzpartei
A.L	de	Egon Karp
A.L	de	Eisenbahn
A.L	de	Entwicklungsland
A.L	de	Ergebnisse der Landtagswahlen in der Bundesrepublik Deutschland
A.L	de	Erich Gräßer
A.L	de	Europawahl 1999
A.L	de	Europawahl 2004
A.L	de	Europawahl 2009
A.L	de	Europawahl in Deutschland 2009
A.L	de	Frank Decker
A.L	de	Ganzheitliche Medizin
A.L	de	Gentechnik
A.L	de	Gesundheit
A.L	de	Gisela Bulla
A.L	de	Grundgesetz für die Bundesrepublik Deutschland
A.L	de	Göppingen
A.L	de	Hagen
A.L	de	Hamburg
A.L	de	Hessen
A.L	de	Hessischer Landtag
A.L	de	Homöopathie
A.L	de	Individualverkehr
A.L	de	Ingeborg Bingener
A.L	de	Integration (Soziologie)
A.L	de	Jagd
A.L	de	Jürgen Gerlach (Politiker)
A.L	de	Kernenergie
A.L	de	Kleinpartei
A.L	de	Kommunalwahlen in Hessen 2011
A.L	de	Landkreis Darmstadt-Dieburg
A.L	de	Landkreis Groß-Gerau
A.L	de	Landkreis Kassel
A.L	de	Landkreis Sangerhausen
A.L	de	Landkreis Südliche Weinstraße
A.L	de	Landtag Mecklenburg-Vorpommern
A.L	de	Landtag Sachsen-Anhalt
A.L	de	Landtag Schleswig-Holstein
A.L	de	Landtag von Baden-Württemberg
A.L	de	Landtagswahl im Saarland 2012
A.L	de	Landtagswahl in Baden-Württemberg 2011
A.L	de	Landtagswahl in Bayern 2008
A.L	de	Landtagswahl in Brandenburg 2009
A.L	de	Landtagswahl in Hessen 2009
A.L	de	Landtagswahl in Mecklenburg-Vorpommern 2011
A.L	de	Landtagswahl in Niedersachsen 2008
A.L	de	Landtagswahl in Nordrhein-Westfalen 2012
A.L	de	Landtagswahl in Rheinland-Pfalz 2011
A.L	de	Landtagswahl in Sachsen-Anhalt 2006
A.L	de	Landtagswahl in Sachsen-Anhalt 2011
A.L	de	Landtagswahl in Sachsen 2004
A.L	de	Landtagswahl in Sachsen 2009
A.L	de	Landtagswahl in Schleswig-Holstein 2012
A.L	de	Landtagswahl in Thüringen 2009
A.L	de	Landtagswahlen (Niedersachsen)
A.L	de	Landtagswahlen (Saarland)
A.L	de	Landtagswahlergebnisse aus Nordrhein-Westfalen
A.L	de	Landwirtschaft
A.L	de	Leer (Ostfriesland)
A.L	de	Linksliberalismus
A.L	de	Liste der Landtagswahlergebnisse in Bayern
A.L	de	Liste von Tierschutzparteien
A.L	de	Lohnnebenkosten
A.L	de	MUT-Partei, Mensch Umwelt Tierschutz – Die Tierrechtspartei
A.L	de	Magdeburg
A.L	de	Manfred Karremann
A.L	de	Marktwirtschaft
A.L	de	Massentierhaltung
A.L	de	Mecklenburg-Vorpommern
A.L	de	Mensch
A.L	de	Methan
A.L	de	Mittelstand
A.L	de	Natur
A.L	de	Neue religiöse Bewegung
A.L	de	Niedersachsen
A.L	de	Nitrate
A.L	de	Nordrhein-Westfalen
A.L	de	Obdachlosigkeit
A.L	de	Offenbach am Main
A.L	de	Opfer (Kriminologie)
A.L	de	Parteienfinanzierung
A.L	de	Partido Antitaurino Contra el Maltrato Animal
A.L	de	Partij voor de Dieren
A.L	de	Paul Watson
A.L	de	Pelz
A.L	de	Pflanzenheilkunde
A.L	de	Politik in Hamburg
A.L	de	Radikaldemokratie
A.L	de	Rassismus
A.L	de	Rheinland-Pfalz
A.L	de	Rheinland-Pfälzischer Landtag
A.L	de	Saarland
A.L	de	Sachsen
A.L	de	Sachsen-Anhalt
A.L	de	Schleswig-Holstein
A.L	de	Schwermetalle
A.L	de	Selbstverlag
A.L	de	Sexismus
A.L	de	Stefan Bernhard Eck
A.L	de	Stierkampf
A.L	de	Thüringen
A.L	de	Tier
A.L	de	Tierpartei Schweiz
A.L	de	Tierrechte
A.L	de	Tierschutz
A.L	de	Tierversuche
A.L	de	Treibhauseffekt
A.L	de	Umweltpolitik
A.L	de	Universelles Leben
A.L	de	Veganismus
A.L	de	Vegetarismus
A.L	de	Viola Neu
A.L	de	Volksbegehren (Deutschland)
A.L	de	Volksinitiative (Deutschland)
A.L	de	Wahl zum Abgeordnetenhaus von Berlin 1999
A.L	de	Wahl zum Abgeordnetenhaus von Berlin 2011
A.L	de	Wahlen zum Brandenburger Landtag
A.L	de	Wahlergebnisse und Landesregierungen in Sachsen
A.L	de	Wahlergebnisse und Landesregierungen in Thüringen
A.L	de	Wahlergebnisse und Senate in Bremen
A.L	de	Wald-Michelbach
A.L	de	Wasserstraße
A.L	de	Wietzendorf
A.L	de	Öffentliche Verkehrsmittel
A.L	de	Ökologisch-Demokratische Partei
B.L	fa	آلمان
B.L	fa	حقوق حیوانات
B.L	fa	ویکی‌پدیا:مقالهٔ خرد
B.L	fa	الگو:سیاست-خرد
B.L	fa	بحث الگو:سیاست-خرد
B.L	en	A Cow at My Table
B.L	en	Abolitionism (animal rights)
B.L	en	Ahimsa
B.L	en	Alex Pacheco (activist)
B.L	en	Alliance '90/The Greens
B.L	en	Alternative for Germany
B.L	en	Amt (country subdivision)
B.L	en	An American Trilogy (book)
B.L	en	Anarchist Pogo Party of Germany
B.L	en	Andrew Linzey
B.L	en	Andrew Tyler
B.L	en	Angela Merkel
B.L	en	Animal Aid
B.L	en	Animal Alliance Environment Voters Party of Canada
B.L	en	Animal Justice Party
B.L	en	Animal Legal Defense Fund
B.L	en	Animal Liberation (book)
B.L	en	Animal Liberation Front
B.L	en	Animal Protection Party
B.L	en	Animal cognition
B.L	en	Animal consciousness
B.L	en	Animal husbandry
B.L	en	Animal law
B.L	en	Animal model
B.L	en	Animal product
B.L	en	Animal protectionism
B.L	en	Animal rights
B.L	en	Animal rights and the Holocaust
B.L	en	Animal rights movement
B.L	en	Animal testing
B.L	en	Animal testing on non-human primates
B.L	en	Animal training
B.L	en	Animal welfare
B.L	en	Animals' Rights: Considered in Relation to Social Progress
B.L	en	Animals, Men and Morals
B.L	en	Animals in sport
B.L	en	Anna Kingsford
B.L	en	Anthropocentrism
B.L	en	Anthrozoology
B.L	en	Anti-hunting
B.L	en	Antoine Goetschel
B.L	en	Barry Horne
B.L	en	Basic Law for the Federal Republic of Germany
B.L	en	Basic Law of the Federal Republic of Germany
B.L	en	Bavaria Party
B.L	en	Behind the Mask (2006 documentary film)
B.L	en	Bernard Rollin
B.L	en	Bile bear
B.L	en	Bill Maher
B.L	en	Bioethics
B.L	en	Blood sport
B.L	en	Brigid Brophy
B.L	en	Brigitte Bardot
B.L	en	Britches (monkey)
B.L	en	British Union for the Abolition of Vivisection
B.L	en	Brown Dog affair
B.L	en	Bruce Friedrich
B.L	en	Bullfighting
B.L	en	Bundesrat of Germany
B.L	en	Bundestag
B.L	en	Bundesversammlung (Germany)
B.L	en	Bürgerrechtsbewegung Solidarität
B.L	en	Cabinet of Germany
B.L	en	Cambridge Declaration on Consciousness
B.L	en	Cambridge University primates
B.L	en	Carol J. Adams
B.L	en	Cass Sunstein
B.L	en	Celia Hammond
B.L	en	Centre Party (Germany)
B.L	en	Chancellor of Germany (Federal Republic of Germany)
B.L	en	Chinese Animal Protection Network
B.L	en	Chris DeRose
B.L	en	Christian Centre
B.L	en	Christian Democratic Union (Germany)
B.L	en	Christian Social Union of Bavaria
B.L	en	Circus
B.L	en	Citizens in Rage
B.L	en	Cleveland Amory
B.L	en	Colin McGinn
B.L	en	Communist Party of Germany (1990)
B.L	en	Communist Party of Germany (Roter Morgen)
B.L	en	Composition of the German Regional Parliaments
B.L	en	Covance
B.L	en	Craig Rosebraugh
B.L	en	Cruelty to animals
B.L	en	Dan Mathews
B.L	en	David DeGrazia
B.L	en	David Sztybel
B.L	en	Deep ecology
B.L	en	Die PARTEI
B.L	en	Districts of Germany
B.L	en	Donald Watson
B.L	en	Douglas Adams
B.L	en	Earthlings (film)
B.L	en	Ecological Democratic Party
B.L	en	Elections in Germany
B.L	en	Environmentalism
B.L	en	Ethics of eating meat
B.L	en	Factory farming
B.L	en	Family Party of Germany
B.L	en	Federal Administrative Court of Germany
B.L	en	Federal Constitutional Court of Germany
B.L	en	Federal Court of Justice of Germany
B.L	en	Federal Finance Court of Germany
B.L	en	Federal Labour Court of Germany
B.L	en	Federal Social Court of Germany
B.L	en	Feminist Party of Germany
B.L	en	Foreign relations of Germany
B.L	en	Forks Over Knives
B.L	en	Fox hunting
B.L	en	Frances Power Cobbe
B.L	en	Free Democratic Party (Germany)
B.L	en	Free Voters
B.L	en	Freedom (German political party)
B.L	en	Fur
B.L	en	Fur trade
B.L	en	Gary Francione
B.L	en	Gary Steiner
B.L	en	Gemeinsamer Ausschuss
B.L	en	Gene Baur
B.L	en	Genetic engineering
B.L	en	German Communist Party
B.L	en	German Social Union (East Germany)
B.L	en	German language
B.L	en	Germany
B.L	en	Great Ape Project
B.L	en	Great ape research ban
B.L	en	Green Scare
B.L	en	Greg Avery
B.L	en	Heather Nicholson
B.L	en	Henry Spira
B.L	en	Henry Stephens Salt
B.L	en	Human rights in Germany
B.L	en	Hunt Saboteurs Association
B.L	en	Hunting
B.L	en	Huntingdon Life Sciences
B.L	en	Ingrid Newkirk
B.L	en	International primate trade
B.L	en	Italian Animal Welfare Party
B.L	en	Ivory trade
B.L	en	J. M. Coetzee
B.L	en	Jeremy Bentham
B.L	en	Jill Phipps
B.L	en	Joachim Gauck
B.L	en	Joan Dunayer
B.L	en	John Vyvyan
B.L	en	Judiciary of Germany
B.L	en	Juliet Gellatley
B.L	en	Karen Davis
B.L	en	Keith Mann
B.L	en	Kim Stallwood
B.L	en	Last Chance for Animals
B.L	en	Lawrence Finsen
B.L	en	List of animal advocacy parties
B.L	en	List of animal rights advocates
B.L	en	List of animal rights groups
B.L	en	List of political parties by country
B.L	en	List of political parties in Germany
B.L	en	Livestock
B.L	en	Lizzy Lind af Hageby
B.L	en	Marc Bekoff
B.L	en	Marianne Thieme
B.L	en	Mark Rowlands
B.L	en	Martha Nussbaum
B.L	en	Martin Balluch
B.L	en	Marxist–Leninist Party of Germany
B.L	en	Mary Midgley
B.L	en	Matt Ball
B.L	en	McDonald's Restaurants v. Morris & Steel
B.L	en	Meet Your Meat
B.L	en	Mercy for Animals
B.L	en	Municipalities of Germany
B.L	en	Nafovanny
B.L	en	Nathan Runkle
B.L	en	National Democratic Party of Germany
B.L	en	Nuclear power
B.L	en	Open rescue
B.L	en	Operation Backfire (FBI)
B.L	en	Outline of political science
B.L	en	Oxford Centre for Animal Ethics
B.L	en	Oxford Group (animal rights)
B.L	en	Pain and suffering in laboratory animals
B.L	en	Pain in animals
B.L	en	Paola Cavalieri
B.L	en	Party Against Bullfighting, Cruelty and Mistreatment of Animals
B.L	en	Party for the Animals
B.L	en	Party of Bible-abiding Christians
B.L	en	Party of Reason
B.L	en	Paul McCartney
B.L	en	Peaceable Kingdom (documentary)
B.L	en	People for the Ethical Treatment of Animals
B.L	en	Peter Singer
B.L	en	Pirate Party Germany
B.L	en	Pit of despair
B.L	en	Political party
B.L	en	Politics of Germany
B.L	en	Politics of the European Union
B.L	en	President of Germany
B.L	en	Priscilla Cohn
B.L	en	Pro Germany Citizens' Movement
B.L	en	Recreational fishing
B.L	en	Regierungsbezirk
B.L	en	Revolutionary Socialist League (Germany)
B.L	en	Richard D. Ryder
B.L	en	Robert Garner
B.L	en	Robin Webb
B.L	en	Rod Coronado
B.L	en	Roger Yates
B.L	en	Ronnie Lee
B.L	en	Seal hunting
B.L	en	Sentience
B.L	en	Silver Spring monkeys
B.L	en	Slaughterhouse
B.L	en	Social Democratic Party of Germany
B.L	en	Social Equality Party (Germany)
B.L	en	South Schleswig Voter Federation
B.L	en	Speciesism
B.L	en	States of Germany
B.L	en	Statt party (Germany)
B.L	en	Stephen R. L. Clark
B.L	en	Steve Sapontzis
B.L	en	Steven Best
B.L	en	Steven M. Wise
B.L	en	Stock-free agriculture
B.L	en	Striking at the Roots
B.L	en	Testing cosmetics on animals
B.L	en	The Animals Film
B.L	en	The Case for Animal Rights
B.L	en	The Cove (film)
B.L	en	The Friesen
B.L	en	The Left (Germany)
B.L	en	The Lives of Animals
B.L	en	The Republicans (Germany)
B.L	en	Tierschutzpartei
B.L	en	Tom Beauchamp
B.L	en	Tom Regan
B.L	en	Toxicology testing
B.L	en	Traffic
B.L	en	United Poultry Concerns
B.L	en	Unnecessary Fuss
B.L	en	Veganarchism
B.L	en	Veganism
B.L	en	Vegetarianism
B.L	en	Vegucated
B.L	en	Women and animal advocacy
B.L	en	Zoo
B.L	en	Wikipedia:Citation needed
B.L	en	Template:Animal rights
B.L	en	Template:German political parties
B.L	en	Template:Politics of Germany
B.L	en	Template:Portal/Images/Animal rights
B.L	en	Template:Portal/Images/Politics
B.L	en	Template talk:Animal rights
B.L	en	Template talk:German political parties
B.L	en	Template talk:Politics of Germany
B.L	en	Category:Animal Liberation Front
B.L	en	Category:Animal advocacy parties
B.L	en	Category:Animal law
B.L	en	Category:Animal rights
B.L	en	Category:Animal rights advocates
B.L	en	Category:Animal rights media
B.L	en	Category:Animal rights movement
B.L	en	Category:Animal testing
B.L	en	Category:Articles with unsourced statements from June 2009
B.L	en	Category:Blood sports
B.L	en	Category:Livestock
B.L	en	Category:Poultry farming
B.L	en	Category:Veganism
B.L	en	Category:Vegetarianism
B.L	en	Portal:Animal rights
B.L	en	Portal:Politics
B.L	nds	Akkupunktur
B.L	nds	Anthrpozentrismus
B.L	nds	Asyl
B.L	nds	Atheist
B.L	nds	Baden-Württemberg
B.L	nds	Barbara Nauheimer
B.L	nds	Bayern
B.L	nds	Beest
B.L	nds	Behinnern
B.L	nds	Berlin
B.L	nds	Bonn
B.L	nds	Brannenborg
B.L	nds	Bremen
B.L	nds	Bueree
B.L	nds	Bundsdagswahl 1994
B.L	nds	Bundsdagswahl 1998
B.L	nds	Bundsdagswahl 2002
B.L	nds	Bundsdagswahl 2005
B.L	nds	Bundsdagswahl 2009
B.L	nds	Christ
B.L	nds	De Grauen – Graue Panthers
B.L	nds	Deerrechte
B.L	nds	Deerrechten
B.L	nds	Deerschuul
B.L	nds	Deerversöök
B.L	nds	Demost
B.L	nds	Döringen
B.L	nds	Entwicklungslänner
B.L	nds	Europawahl 1999
B.L	nds	Europawahl 2004
B.L	nds	Europawahl 2009
B.L	nds	Flaagverkehr
B.L	nds	Frankfort an’n Main
B.L	nds	Ganzheitlich Medizin
B.L	nds	Gentechnik
B.L	nds	Gisela Bulla
B.L	nds	Grundgesett för de Bundsrepubliek Düütschland
B.L	nds	Hamborg
B.L	nds	Hessen
B.L	nds	Homöopathie
B.L	nds	Horst Wester
B.L	nds	Iesenbahn
B.L	nds	Ingeborg Bingener
B.L	nds	Integratschoon (Soziologie)
B.L	nds	Jagd
B.L	nds	Jürgen Gerlach (Politiker)
B.L	nds	Karnenergie
B.L	nds	Kohlenstoffdioxid
B.L	nds	Lahn-Dill-Kreis
B.L	nds	Landkreis Darmstadt-Dieburg
B.L	nds	Linksliberalismus
B.L	nds	Lobby
B.L	nds	Lohnnevenkosten
B.L	nds	Lüttpartei
B.L	nds	Manfred Karremann
B.L	nds	Margret Giese
B.L	nds	Martkweertschop
B.L	nds	Medizin
B.L	nds	Meideborch
B.L	nds	Mekelnborg-Vörpommern
B.L	nds	Middelstand
B.L	nds	Minsch
B.L	nds	Natur
B.L	nds	Neddersassen
B.L	nds	Noordrhien-Westfalen
B.L	nds	Offenbach
B.L	nds	Oortgerecht Hollen
B.L	nds	Opper (Kriminalogie)
B.L	nds	Pelz
B.L	nds	Phytotherapie
B.L	nds	Politik
B.L	nds	Redakschoon
B.L	nds	Rhienland-Palz
B.L	nds	Rullstohl
B.L	nds	Saarland
B.L	nds	Sassen
B.L	nds	Sassen-Anholt
B.L	nds	Sleswig-Holsteen
B.L	nds	Stefan Bernhard Eck
B.L	nds	Subventschoon
B.L	nds	Sülvstverlag
B.L	nds	Vegan
B.L	nds	Veganer
B.L	nds	Vegetarier
B.L	nds	Vegetarismus
B.L	nds	Waterstraat
B.L	nds	Wehrplicht
B.L	nds	Ökoloogsch-Demokraatsche Partei
B.L	pl	13 lutego
B.L	pl	1993
B.L	pl	2005
B.L	pl	21 lutego
B.L	pl	Die Linke
B.L	pl	Frankfurt nad Menem
B.L	pl	Język niemiecki
B.L	pl	Niemcy
B.L	pl	Partia polityczna
B.L	pl	Partie polityczne Niemiec
B.L	pl	Polowanie
B.L	pl	Prawa zwierząt
B.L	pl	Socjaldemokratyczna Partia Niemiec
B.L	pl	Unia Chrześcijańsko-Demokratyczna (Niemcy)
B.L	pl	Unia Chrześcijańsko-Społeczna w Bawarii
B.L	pl	Wegetarianizm
B.L	pl	Wolna Partia Demokratyczna
B.L	pl	Związek 90/Zieloni
B.L	pl	Szablon:Partie polityczne Niemiec
B.L	pl	Dyskusja szablonu:Partie polityczne Niemiec
B.L	nl	13 februari
B.L	nl	1993
B.L	nl	Allgemeiner Deutscher Arbeiterverein
B.L	nl	Anarchistische Pogo-Partei Deutschlands
B.L	nl	Beieren
B.L	nl	Beierse Volkspartij
B.L	nl	Berlijn
B.L	nl	Blokpartij
B.L	nl	Bondsdag
B.L	nl	Bündnis 90/Die Grünen
B.L	nl	Christlich-Demokratische Union Deutschlands (DDR)
B.L	nl	Christlich-Soziale Union
B.L	nl	Christlich Demokratische Union Deutschlands (Bondsrepubliek)
B.L	nl	Christliche Volkspartei des Saarlandes
B.L	nl	Conservatisme
B.L	nl	Deelstaten van Duitsland
B.L	nl	Demokratische Bauernpartei Deutschlands
B.L	nl	Demokratischer Frauenbund Deutschlands
B.L	nl	Deutsche Demokratische Partei
B.L	nl	Deutsche Fortschrittspartei
B.L	nl	Deutsche Friedensunion
B.L	nl	Deutsche Kommunistische Partei
B.L	nl	Deutsche Soziale Union
B.L	nl	Deutsche Volkspartei
B.L	nl	Deutsche Volksunion
B.L	nl	Deutsche Zentrumspartei
B.L	nl	Die Linke
B.L	nl	Die Republikaner
B.L	nl	Dierenrechten
B.L	nl	Duits-Hannoveraanse Partij
B.L	nl	Duitse Boerenpartij
B.L	nl	Duitse Nationale Volkspartij
B.L	nl	Duitse Partij
B.L	nl	Duitse verkiezingen 2005
B.L	nl	Duitsland
B.L	nl	Ecologisme
B.L	nl	Extreemlinks
B.L	nl	Extreemrechts
B.L	nl	Frankfurt am Main
B.L	nl	Freie Demokratische Partei
B.L	nl	Freie Deutsche Jugend
B.L	nl	Freie Wähler
B.L	nl	Freier Deutscher Gewerkschaftsbund
B.L	nl	Freikonservative Partei
B.L	nl	Geschiedenis van de politieke partijen in Duitsland
B.L	nl	Kommunistische Partei Deutschlands
B.L	nl	Kulturbund
B.L	nl	Liberaldemokratische Partei Deutschlands
B.L	nl	Liberalisme
B.L	nl	Links (politiek)
B.L	nl	Maagdenburg (stad)
B.L	nl	Maoïstische partijen in Duitsland
B.L	nl	Mecklenburg-Voor-Pommeren
B.L	nl	Nationaal-Liberale Partij (Duitsland)
B.L	nl	Nationaalsocialistische Duitse Arbeiderspartij
B.L	nl	Nationaldemokratische Partei Deutschlands
B.L	nl	Nationaldemokratische Partei Deutschlands (DDR)
B.L	nl	Nedersaksen
B.L	nl	Partei Bibeltreuer Christen
B.L	nl	Partei der Vernunft
B.L	nl	Partei für Soziale Gerechtigkeit
B.L	nl	Partij voor de Dieren
B.L	nl	Piratenpartij Duitsland
B.L	nl	Politieke partijen in Duitsland
B.L	nl	Regionalisme (politiek)
B.L	nl	Saksen (deelstaat)
B.L	nl	Sleeswijk-Holstein
B.L	nl	Socialisme
B.L	nl	Sozialdemokratische Arbeiterpartei (Duitsland)
B.L	nl	Sozialdemokratische Partei Deutschlands
B.L	nl	Sozialistische Arbeiterpartei Deutschlands
B.L	nl	Sozialistische Einheitspartei Deutschlands
B.L	nl	Stefan Bernhard Eck
B.L	nl	Südschleswigscher Wählerverband
B.L	nl	Unabhängige Sozialdemokratische Partei Deutschlands
B.L	nl	Union (Duitsland)
B.L	nl	Vereinigung der gegenseitigen Bauernhilfe
B.L	nl	Völkischer Block
B.L	nl	Portaal:Duitsland
B.L	nl	Portaal:Politiek
B.L	hu	1993
B.L	hu	2004
B.L	hu	2005
B.L	hu	Bundestag
B.L	hu	Erich Gräßer
B.L	hu	Gisela Bulla
B.L	hu	Hollandia
B.L	hu	Ingeborg Bingener
B.L	hu	Kanada
B.L	hu	Karin Rieden
B.L	hu	Német nyelv
B.L	hu	Párt
B.L	hu	Pártok Németországban
B.L	hu	Wikipédia:Csonk
B.L	hu	Portál:Németország
B.L	hu	Portál:Németország/ikon
B.L	zh	1993年
B.L	zh	2月13日
B.L	zh	動物權利
B.L	zh	動物福利
B.L	zh	嚴格素食主義
B.L	zh	德国政党列表
B.L	zh	德国联邦议会
B.L	zh	德國
B.L	zh	德國基本法
B.L	zh	德國政治
B.L	zh	德國行政區劃
B.L	zh	德國选举
B.L	zh	德語
B.L	zh	意识形态
B.L	zh	政黨
B.L	zh	歐洲議會
B.L	zh	歐洲議會黨團
B.L	zh	狩獵
B.L	zh	畜牧业
B.L	zh	綠色政治
B.L	zh	聯盟90/綠黨
B.L	zh	鬥牛
CN	de	Partei_Mensch_Umwelt_Tierschutz
IWL	fa	حزب رفاه حیوانات آلمان
IWL	en	Human Environment Animal Protection
IWL	nds	De Deerschuulpartei
IWL	pl	Partia Ochrony Zwierząt
IWL	nl	Die Tierschutzpartei
IWL	hu	Német Állatjólét Párt
IWL	zh	人類、環境與動物福利黨
