A.L	ja	-logy
A.L	ja	アテナイの学堂
A.L	ja	アリストテレス
A.L	ja	オックスフォード英語辞典
A.L	ja	オペレーションズリサーチ
A.L	ja	プラトン
A.L	ja	ラファエロ・サンティ
A.L	ja	中医学
A.L	ja	人文科学
A.L	ja	人間学
A.L	ja	人間科学
A.L	ja	人類学
A.L	ja	企業
A.L	ja	会計学
A.L	ja	伝統医学
A.L	ja	倫理学
A.L	ja	儒学
A.L	ja	公務員
A.L	ja	公立大学
A.L	ja	化学
A.L	ja	化学工学
A.L	ja	医学
A.L	ja	博物学
A.L	ja	原子力工学
A.L	ja	哲学
A.L	ja	商学
A.L	ja	国際連合教育科学文化機関
A.L	ja	土木工学
A.L	ja	地学
A.L	ja	地理学
A.L	ja	基礎科学
A.L	ja	大学
A.L	ja	大学設置基準
A.L	ja	天文学
A.L	ja	学会
A.L	ja	学位
A.L	ja	学問の一覧
A.L	ja	学習
A.L	ja	学者
A.L	ja	学術雑誌
A.L	ja	学際
A.L	ja	宗教学
A.L	ja	定義
A.L	ja	家政学
A.L	ja	専門家
A.L	ja	就職
A.L	ja	工学
A.L	ja	建築学
A.L	ja	心理学
A.L	ja	応用化学
A.L	ja	応用科学
A.L	ja	性科学
A.L	ja	情報学
A.L	ja	情報工学
A.L	ja	技術
A.L	ja	接尾語
A.L	ja	政治学
A.L	ja	政策学
A.L	ja	教育学
A.L	ja	教育科学
A.L	ja	教養
A.L	ja	数学
A.L	ja	文学
A.L	ja	文系
A.L	ja	文系と理系
A.L	ja	日本
A.L	ja	日本の私塾一覧
A.L	ja	日本十進分類法
A.L	ja	本
A.L	ja	材料工学
A.L	ja	林学
A.L	ja	査読
A.L	ja	栄養学
A.L	ja	機械工学
A.L	ja	歯学
A.L	ja	歴史学
A.L	ja	民俗学
A.L	ja	水産学
A.L	ja	江戸時代
A.L	ja	法学
A.L	ja	物理学
A.L	ja	獣医学
A.L	ja	理学
A.L	ja	理系
A.L	ja	環境問題
A.L	ja	環境学
A.L	ja	生活科学
A.L	ja	生物学
A.L	ja	生物工学
A.L	ja	生理学
A.L	ja	看護学
A.L	ja	知識
A.L	ja	研究
A.L	ja	研究所
A.L	ja	社会学
A.L	ja	社会福祉学
A.L	ja	社会科学
A.L	ja	私塾
A.L	ja	私立大学
A.L	ja	科学
A.L	ja	紀要
A.L	ja	経営学
A.L	ja	経営工学
A.L	ja	経営情報学
A.L	ja	経済学
A.L	ja	総合科学
A.L	ja	美学
A.L	ja	考古学
A.L	ja	職業としての学問
A.L	ja	自然科学
A.L	ja	芸術学
A.L	ja	薬学
A.L	ja	藩校
A.L	ja	行政学
A.L	ja	解剖学
A.L	ja	言語学
A.L	ja	計算機科学
A.L	ja	資格
A.L	ja	軍事学
A.L	ja	軍学
A.L	ja	農学
A.L	ja	電子工学
A.L	ja	電気工学
A.L	ja	Wikipedia:「要出典」をクリックされた方へ
A.L	ja	Wikipedia:信頼できる情報源
A.L	ja	Wikipedia:出典を明記する
A.L	ja	Wikipedia:検証可能性
A.L	ja	Category:出典を必要とする記事/2011年11月
A.L	ja	Category:出典を必要とする記述のある記事/2010年2月
B.L	en	Academia
B.L	en	Academic authorship
B.L	en	Academic publishing
B.L	en	Causality
B.L	en	Classical philosophy
B.L	en	Data
B.L	en	Dialectical reasoning
B.L	en	Empirical
B.L	en	Empirical method
B.L	en	Empiricism
B.L	en	Epistemology
B.L	en	Evidence
B.L	en	Experiment
B.L	en	Experimental method
B.L	en	External criticism
B.L	en	Gerbrand van den Eeckhout
B.L	en	Historian
B.L	en	Historical method
B.L	en	Historical revisionism
B.L	en	Historiography
B.L	en	History of scholarship
B.L	en	Hypotheses
B.L	en	Hypothesis
B.L	en	Inquiry
B.L	en	Intellectual
B.L	en	Knowledge
B.L	en	Manual of style
B.L	en	Merriam-Webster
B.L	en	Natural philosophy
B.L	en	Natural science
B.L	en	Observable
B.L	en	Observation
B.L	en	Open access (publishing)
B.L	en	Phenomenon
B.L	en	Philosophy
B.L	en	Philosophy of history
B.L	en	Practice (social theory)
B.L	en	Primary source
B.L	en	Principle
B.L	en	Professor
B.L	en	Reasoning
B.L	en	Rigour
B.L	en	Scholar
B.L	en	Scholasticism
B.L	en	Science
B.L	en	Scientific method
B.L	en	Self-archiving
B.L	en	Social science
B.L	en	Source criticism
B.L	en	Theory
B.L	en	Thesis, antithesis, synthesis
B.L	en	Urtext edition
B.L	en	Variable (mathematics)
B.L	en	Wikipedia:Verifiability
B.L	en	Template:Citation needed
B.L	en	Help:Introduction to referencing/1
B.L	en	Category:Articles needing additional references from October 2008
CN	ja	学問
IWL	en	Scholarly method
