A.L	de	1. Juli
A.L	de	2004
A.L	de	Ableger (Wirtschaft)
A.L	de	Adidas
A.L	de	Aktiengesellschaft
A.L	de	Aktienindex
A.L	de	Allianz SE
A.L	de	Altana
A.L	de	Asahi Kasei
A.L	de	Axel C. Heitmann
A.L	de	BASF
A.L	de	BMW
A.L	de	Babcock Borsig
A.L	de	Bayer AG
A.L	de	Bayerische Hypotheken- und Wechsel-Bank
A.L	de	Bayerische Vereinsbank
A.L	de	Beiersdorf AG
A.L	de	Bilanzsumme
A.L	de	Brasilien
A.L	de	Chemische Industrie
A.L	de	Chrom(III)-oxid
A.L	de	Commerzbank
A.L	de	Continental AG
A.L	de	DAX
A.L	de	Daimler AG
A.L	de	Deutsche Bank
A.L	de	Deutsche Börse
A.L	de	Deutsche Post AG
A.L	de	Deutsche Telekom
A.L	de	Dienstleister
A.L	de	Dow Chemical
A.L	de	Dresdner Bank
A.L	de	E.ON
A.L	de	E.ON Ruhrgas
A.L	de	Eisenoxidpigment
A.L	de	Epcos
A.L	de	Erlös
A.L	de	Euro
A.L	de	Evonik Degussa
A.L	de	Feldmühle (Unternehmen)
A.L	de	Fresenius (Unternehmen)
A.L	de	Fresenius Medical Care
A.L	de	Gemeinsame Normdatei
A.L	de	Gemeinschaft Unabhängiger Staaten
A.L	de	Geschäftsbereich
A.L	de	Gewinn
A.L	de	Gründung (Recht)
A.L	de	Hannover Rück
A.L	de	HeidelbergCement
A.L	de	Heizbälge
A.L	de	Helsinki
A.L	de	Henkel (Unternehmen)
A.L	de	Hoechst
A.L	de	Hypo Real Estate
A.L	de	Industriegewerkschaft Bergbau, Chemie, Energie
A.L	de	Ineos
A.L	de	Infineon
A.L	de	International Securities Identification Number
A.L	de	K+S
A.L	de	Karstadt
A.L	de	Kautschuk
A.L	de	Kemira
A.L	de	Konzern
A.L	de	Köln
A.L	de	Köln-Deutz
A.L	de	Kürten
A.L	de	Lanxess Arena
A.L	de	Leverkusen
A.L	de	Linde AG
A.L	de	Lit.Cologne
A.L	de	Lufthansa
A.L	de	MAN
A.L	de	MLP AG
A.L	de	Mannesmann
A.L	de	MaxCologne
A.L	de	Merck KGaA
A.L	de	Metro AG
A.L	de	Mitarbeiter
A.L	de	Munich Re
A.L	de	Nixdorf Computer
A.L	de	OM Group
A.L	de	Pigmentpräparation
A.L	de	Polyamide
A.L	de	Polybutylenterephthalat
A.L	de	Porto Feliz
A.L	de	Postbank
A.L	de	Preussag
A.L	de	Produkt (Wirtschaft)
A.L	de	RWE
A.L	de	Rechtsform
A.L	de	SAP
A.L	de	SGL Carbon
A.L	de	Saltigo
A.L	de	Saltigo GmbH
A.L	de	Salzgitter AG
A.L	de	Siemens
A.L	de	Sissach
A.L	de	Sitz (juristische Person)
A.L	de	Spezialchemie
A.L	de	StarChem
A.L	de	São Paulo
A.L	de	TUI
A.L	de	ThyssenKrupp
A.L	de	ThyssenKrupp Steel
A.L	de	Unternehmensführung
A.L	de	VEBA
A.L	de	VIAG
A.L	de	Volkswagen AG
A.L	de	Website
A.L	de	Wirtschaftszweig
B.L	fr	Adidas
B.L	fr	Allemagne
B.L	fr	Allianz
B.L	fr	BASF
B.L	fr	Bayer (entreprise)
B.L	fr	Bayer AG
B.L	fr	Bayerische Motoren Werke
B.L	fr	Beiersdorf
B.L	fr	Caoutchouc (matériau)
B.L	fr	Commerzbank
B.L	fr	Composé chimique
B.L	fr	Continental AG
B.L	fr	DAX
B.L	fr	Daimler (entreprise)
B.L	fr	Deutsche Bank
B.L	fr	Deutsche Börse
B.L	fr	Deutsche Post
B.L	fr	Deutsche Telekom
B.L	fr	E.ON
B.L	fr	Fresenius
B.L	fr	Fresenius Medical Care
B.L	fr	HeidelbergCement
B.L	fr	Henkel
B.L	fr	Infineon Technologies
B.L	fr	K+S
B.L	fr	Lanxess Arena
B.L	fr	Leverkusen
B.L	fr	Linde AG
B.L	fr	Lufthansa
B.L	fr	Matière plastique
B.L	fr	Merck KGaA
B.L	fr	Munich Re
B.L	fr	RWE
B.L	fr	SAP (entreprise)
B.L	fr	Siemens (entreprise)
B.L	fr	Siège social
B.L	fr	ThyssenKrupp
B.L	fr	Volkswagen (entreprise)
B.L	fr	Discussion:Lanxess/À faire
B.L	fr	Wikipédia:Notoriété des entreprises, sociétés et produits
B.L	fr	Modèle:Infobox Société
B.L	fr	Modèle:Palette DAX
B.L	fr	Modèle:Ébauche/paramètres entreprise allemande
B.L	fr	Discussion modèle:Palette DAX
B.L	fr	Aide:Comment modifier une page
B.L	fr	Aide:Ébauche
B.L	fr	Catégorie:Entreprise par date de fondation
B.L	fr	Catégorie:Portail:Chimie/Articles liés
B.L	fr	Catégorie:Portail:Entreprises/Articles liés
B.L	fr	Catégorie:Portail:Rhénanie-du-Nord-Westphalie/Articles liés
B.L	fr	Portail:Allemagne
B.L	fr	Portail:Chimie
B.L	fr	Portail:Entreprises
B.L	fr	Portail:Rhénanie-du-Nord-Westphalie
B.L	fa	آدیداس
B.L	fa	آلمان
B.L	fa	آلیانتس
B.L	fa	ا.آن
B.L	fa	ار وه ئه
B.L	fa	اس آ پ
B.L	fa	اینفینئون
B.L	fa	ب آ اس اف
B.L	fa	ب ام و
B.L	fa	بایر (شرکت)
B.L	fa	بایرسدورف
B.L	fa	بسپار
B.L	fa	بورس فرانکفورت
B.L	fa	تایر
B.L	fa	تیسن‌کروپ
B.L	fa	جهان
B.L	fa	دایملر آ گ
B.L	fa	دویچه بانک
B.L	fa	دویچه بورزه
B.L	fa	دویچه تلکوم
B.L	fa	دویچه پست
B.L	fa	زبان آلمانی
B.L	fa	زیمنس
B.L	fa	شرکت
B.L	fa	صنایع شیمیایی
B.L	fa	فرزنیوس
B.L	fa	فرزنیوس مدیکال کر
B.L	fa	لاستیک سنتزی
B.L	fa	لورکوزن
B.L	fa	لوفت‌هانزا
B.L	fa	لینده
B.L	fa	مرک
B.L	fa	مواد شیمیایی
B.L	fa	میونیک ره
B.L	fa	هایدلبرگ‌سمنت
B.L	fa	هنکل
B.L	fa	پلاستیک
B.L	fa	کا+اس
B.L	fa	کومرتس‌بانک
B.L	fa	کونتیننتال آ گ
B.L	fa	گروه فولکس‌واگن
B.L	fa	یورو
B.L	fa	۲۰۰۴ (میلادی)
B.L	fa	الگو:شرکت‌های دکس
B.L	fa	بحث الگو:شرکت‌های دکس
B.L	en	1000000000 (number)
B.L	en	Adidas
B.L	en	Aktiengesellschaft
B.L	en	Allianz
B.L	en	Amines
B.L	en	Aromatic compounds
B.L	en	Asahi Kasei
B.L	en	Asset
B.L	en	Axel C. Heitmann
B.L	en	BASF
B.L	en	BMW
B.L	en	Bayer
B.L	en	Bayer AG
B.L	en	Beiersdorf
B.L	en	Benzyl
B.L	en	Butadiene
B.L	en	Butyl rubber
B.L	en	Chemical industry
B.L	en	Chief executive officer
B.L	en	China
B.L	en	Cologne
B.L	en	Commerzbank
B.L	en	Commonwealth of Independent States
B.L	en	Continental AG
B.L	en	DAX
B.L	en	DSM (company)
B.L	en	Daimler AG
B.L	en	Deutsche Bank
B.L	en	Deutsche Börse
B.L	en	Deutsche Post
B.L	en	Deutsche Telekom
B.L	en	Divestments
B.L	en	Dorlastan
B.L	en	Dow Chemical
B.L	en	E.ON
B.L	en	EBITDA
B.L	en	EPDM rubber
B.L	en	Earnings before interest and taxes
B.L	en	Elastomers
B.L	en	Equity (finance)
B.L	en	Euro
B.L	en	Fine chemicals
B.L	en	Frankfurt Stock Exchange
B.L	en	Fresenius (company)
B.L	en	Fresenius Medical Care
B.L	en	Germany
B.L	en	HeidelbergCement
B.L	en	Henkel
B.L	en	Hydrazine
B.L	en	Ineos
B.L	en	Infineon Technologies
B.L	en	Ion exchange resins
B.L	en	Iron oxide
B.L	en	K+S
B.L	en	Kemira
B.L	en	Kürten
B.L	en	Leather
B.L	en	Leverkusen
B.L	en	List of inorganic pigments
B.L	en	Low-rolling-resistance tires
B.L	en	Lufthansa
B.L	en	Merck KGaA
B.L	en	Moscow
B.L	en	Munich Re
B.L	en	Net income
B.L	en	OM Group
B.L	en	Paper chemicals
B.L	en	Pigment
B.L	en	Plastic
B.L	en	Plastics
B.L	en	Polybutadiene
B.L	en	Public company
B.L	en	RWE
B.L	en	Reaction intermediate
B.L	en	Russia
B.L	en	SAP AG
B.L	en	Siemens
B.L	en	Specialty chemicals
B.L	en	Styrene-butadiene
B.L	en	Supervisory Board
B.L	en	Syngenta
B.L	en	Synthetic fiber
B.L	en	Synthetic rubber
B.L	en	Textile manufacturing
B.L	en	The Linde Group
B.L	en	ThyssenKrupp
B.L	en	Ticker symbol
B.L	en	Types of business entity
B.L	en	Volkswagen Group
B.L	en	Template:DAX companies
B.L	en	Template:Portal/Images/Companies
B.L	en	Template talk:DAX companies
B.L	en	Portal:Companies
B.L	es	2005
B.L	es	Alemania
B.L	es	Bayer
B.L	es	Cuero
B.L	es	Empresa
B.L	es	Leverkusen
B.L	es	Pigmentos inorgánicos
B.L	es	Polibutadieno
B.L	es	Química
B.L	es	Saltigo GmbH
B.L	es	Wikipedia:Fuentes fiables
B.L	es	Wikipedia:Verificabilidad
B.L	es	Ayuda:Cómo referenciar
B.L	pl	1863
B.L	pl	1 lipca
B.L	pl	2004
B.L	pl	2005
B.L	pl	31 stycznia
B.L	pl	Bayer AG
B.L	pl	Branża
B.L	pl	Formy prawne przedsiębiorstw
B.L	pl	Frankfurter Wertpapierbörse
B.L	pl	Kolonia (Niemcy)
B.L	pl	Leverkusen
B.L	pl	Niem.
B.L	pl	Niemcy
B.L	pl	Produkt (marketing)
B.L	pl	Przychód (ekonomia)
B.L	pl	Siedziba (prawo)
B.L	pl	Spółka akcyjna
B.L	pl	Zatrudnienie
B.L	ko	토론:랑세스
B.L	ko	위키백과:신뢰할 수 있는 출처
B.L	ko	위키백과:출처 밝히기
B.L	ko	위키백과:편집 지침
B.L	ko	위키백과:확인 가능
B.L	ru	1863 год
B.L	ru	2005 год
B.L	ru	2006 год
B.L	ru	28 января
B.L	ru	Aareal Bank
B.L	ru	Aurubis
B.L	ru	Bauer Group
B.L	ru	BayWa
B.L	ru	Bayer
B.L	ru	Bayer AG
B.L	ru	Bilfinger Berger
B.L	ru	Celesio
B.L	ru	Continental AG
B.L	ru	Demag Cranes AG
B.L	ru	Deutsche EuroShop
B.L	ru	Deutsche Postbank
B.L	ru	Douglas Holding
B.L	ru	EADS
B.L	ru	ElringKlinger
B.L	ru	Fielmann
B.L	ru	Fraport
B.L	ru	Fuchs Petrolub
B.L	ru	GAGFAH
B.L	ru	GEA Group
B.L	ru	Gerresheimer
B.L	ru	Gildemeister
B.L	ru	HHLA
B.L	ru	Hannover Re
B.L	ru	HeidelbergCement
B.L	ru	Heidelberger Druckmaschinen
B.L	ru	Hochtief
B.L	ru	Hugo Boss
B.L	ru	IVG Immobilien
B.L	ru	Klöckner
B.L	ru	Krones
B.L	ru	Leoni AG
B.L	ru	MDAX
B.L	ru	MLP AG
B.L	ru	MTU Aero Engines
B.L	ru	Pfleiderer
B.L	ru	Praktiker
B.L	ru	ProSiebenSat.1 Media
B.L	ru	Puma AG
B.L	ru	Rational AG
B.L	ru	Rheinmetall
B.L	ru	Rhön-Klinikum
B.L	ru	SGL Carbon
B.L	ru	STADA Arzneimittel
B.L	ru	Sky Deutschland
B.L	ru	Symrise
B.L	ru	Südzucker
B.L	ru	TUI
B.L	ru	Tognum
B.L	ru	Vossloh
B.L	ru	Wacker Chemie
B.L	ru	Wincor Nixdorf
B.L	ru	Акционерное общество
B.L	ru	Германия
B.L	ru	Евро
B.L	ru	Каучук
B.L	ru	Ланксесс Арена
B.L	ru	Леверкузен
B.L	ru	Листинг (экономика)
B.L	ru	Полимер
B.L	ru	Предприятие
B.L	ru	Продукт (бизнес)
B.L	ru	Сайт
B.L	ru	Франкфуртская фондовая биржа
B.L	ru	Химическая промышленность
B.L	ru	Юридическое лицо
B.L	ru	Википедия:Авторитетные источники
B.L	ru	Википедия:Заготовка статьи
B.L	ru	Википедия:Как править статьи
B.L	ru	Википедия:Проверяемость
B.L	ru	Википедия:Сноски
B.L	ru	Шаблон:Rq/sources
B.L	ru	Шаблон:Rq/Пояснения
B.L	qu	1863
B.L	qu	Alimanya
B.L	qu	Bayer
B.L	qu	Chaqllisinchi
B.L	qu	Leverkusen
B.L	qu	Ruruchina
B.L	pt	2009
B.L	pt	24 de agosto
B.L	pt	Axel C. Heitmann
B.L	pt	Bayer AG
B.L	pt	Bernhard Düttmann
B.L	pt	Borracha
B.L	pt	Dow Jones
B.L	pt	Empresa
B.L	pt	Great Place to Work Institute
B.L	pt	Köln
B.L	pt	Leverkusen
B.L	pt	Polímeros
B.L	pt	Produtos básicos e finos
B.L	pt	Produtos de borracha
B.L	pt	Química especial
B.L	pt	Rainier van Roessel
B.L	pt	Revista Época
B.L	pt	Werner Breuers
B.L	pt	Wikipédia:Esboço
B.L	pt	Ajuda:Guia de tradução
CN	de	Lanxess
IWL	fr	Lanxess
IWL	fa	لانکسس
IWL	en	Lanxess
IWL	es	Lanxess
IWL	pl	Lanxess
IWL	ko	랑세스
IWL	ru	Lanxess
IWL	qu	Lanxess
IWL	pt	Lanxess
