A.L	de	Aktiengesellschaft (Deutschland)
A.L	de	Allianz SE
A.L	de	Andrologie
A.L	de	Atophan
A.L	de	Bayer AG
A.L	de	Bayer HealthCare Pharmaceuticals
A.L	de	Bayer Schering Pharma AG
A.L	de	Bergkamen
A.L	de	Berlin
A.L	de	Berlin-Adlershof
A.L	de	Berlin-Charlottenburg-Nord
A.L	de	Berlin-Chemie
A.L	de	Berlin-Grünau
A.L	de	Berlin-Wedding
A.L	de	Bezirk Köpenick
A.L	de	Bilanzsumme
A.L	de	Chausseestraße
A.L	de	Deutsche Wiedervereinigung
A.L	de	Deutschland
A.L	de	Diagnostikum
A.L	de	Erlös
A.L	de	Ernst Christian Friedrich Schering
A.L	de	Euro
A.L	de	Feindliche Übernahme
A.L	de	Firma
A.L	de	Frankfurter Allgemeine Zeitung
A.L	de	Fusion (Wirtschaft)
A.L	de	Gewinn
A.L	de	Giuseppe Vita
A.L	de	Goldmark
A.L	de	Gründung (Recht)
A.L	de	Gynäkologie
A.L	de	Liquidation
A.L	de	Medikament
A.L	de	Merck KGaA
A.L	de	Mitarbeiter
A.L	de	Moskau
A.L	de	Oberschlesische Kokswerke und Chemische Fabriken
A.L	de	Onkologie
A.L	de	Pflanzenschutzmittel
A.L	de	Radiopharmakon
A.L	de	Rechtsform
A.L	de	Reparation
A.L	de	Röntgen
A.L	de	Salicylsäure
A.L	de	Schering-Plough
A.L	de	Sitz (juristische Person)
A.L	de	Sperrminorität
A.L	de	Streubesitz
A.L	de	Unternehmensführung
A.L	de	Vereinigte Staaten
A.L	de	Vereinigtes Königreich
A.L	de	Volkseigener Betrieb
A.L	de	W. Spindler
A.L	de	Website
A.L	de	Weimar
A.L	de	Weißer Ritter (Wirtschaft)
A.L	de	Wirtschaftszweig
A.L	de	Wydriza
A.L	de	Zweiter Weltkrieg
B.L	fr	1871
B.L	fr	Allemagne
B.L	fr	Andrologie
B.L	fr	Bayer AG
B.L	fr	Bayer Schering Pharma
B.L	fr	Bergkamen
B.L	fr	Berlin
B.L	fr	Berlin-Wedding
B.L	fr	Cancérologie
B.L	fr	Ernst Schering
B.L	fr	Euro
B.L	fr	Gynécologie
B.L	fr	Industrie pharmaceutique
B.L	fr	Merck & Co.
B.L	fr	Radiopharmaceutique
B.L	fr	Ruhr (région)
B.L	fr	Schering-Plough Corporate
B.L	fr	Schering (homonymie)
B.L	fr	Seconde Guerre mondiale
B.L	fr	Société anonyme
B.L	fr	Weimar
B.L	fr	Discussion:Schering/À faire
B.L	fr	Modèle:Ébauche/paramètres Allemagne
B.L	fr	Aide:Comment modifier une page
B.L	fr	Aide:Homonymie
B.L	fr	Aide:Ébauche
B.L	fr	Catégorie:Portail:Allemagne/Articles liés
B.L	fr	Catégorie:Portail:Entreprises/Articles liés
B.L	fr	Catégorie:Portail:Pharmacie/Articles liés
B.L	fr	Portail:Allemagne
B.L	fr	Portail:Entreprises
B.L	fr	Portail:Pharmacie
B.L	fr	Projet:Accueil
B.L	en	Aktiengesellschaft
B.L	en	Andrology
B.L	en	Bayer
B.L	en	Bayer Schering Pharma
B.L	en	Bayer Schering Pharma AG
B.L	en	Bergkamen
B.L	en	Berlex Laboratories
B.L	en	Combined oral contraceptive pill
B.L	en	Contrast medium
B.L	en	Ernst Christian Friedrich Schering
B.L	en	Gadopentetic acid
B.L	en	Geographic coordinate system
B.L	en	Germany
B.L	en	Gynaecology
B.L	en	Interferon beta-1b
B.L	en	Merck KGaA
B.L	en	Multiple sclerosis
B.L	en	Nuclear medicine
B.L	en	Oncology
B.L	en	Pharmaceutical
B.L	en	Pharmaceutical company
B.L	en	Schering-Plough
B.L	en	Schering (surname)
B.L	en	Voluntary redundancy
B.L	en	Wedding, Berlin
B.L	en	White knight (business)
B.L	es	1851
B.L	es	Aktiengesellschaft
B.L	es	Alemania
B.L	es	Andrología
B.L	es	Bayer
B.L	es	Bayer Schering Pharma
B.L	es	Bayer Schering Pharma AG
B.L	es	Caballero blanco (finanzas)
B.L	es	Ernst Christian Friedrich Schering
B.L	es	Esclerosis múltiple
B.L	es	Farmacéutica
B.L	es	Ginecología
B.L	es	Industria
B.L	es	Medicina nuclear
B.L	es	Medio de contraste
B.L	es	Merck KGaA
B.L	es	Oncología
B.L	es	Píldora anticonceptiva
B.L	es	Wedding, Berlin
B.L	es	Wedding (Berlín)
B.L	th	1851
B.L	th	Andrology
B.L	th	Gynaecology
B.L	th	Nuclear medicine
B.L	th	Oncology
B.L	th	ค.ศ. 1851
B.L	th	คำขวัญ
B.L	th	ตลาดหลักทรัพย์นิวยอร์ก
B.L	th	ตลาดหลักทรัพย์แฟรงเฟิอร์ต
B.L	th	บริษัท
B.L	th	บริษัทมหาชน
B.L	th	บริษัทยา
B.L	th	ประเทศเยอรมนี
B.L	th	ผลิตภัณฑ์
B.L	th	ภาษาอังกฤษ
B.L	th	ยูโร
B.L	th	รายได้
B.L	th	ห้างหุ้นส่วน
B.L	th	องค์กร
B.L	th	อุตสาหกรรม
B.L	th	เบอร์ลิน-เวดดิ้ง
B.L	th	เภสัชอุตสาหกรรม
B.L	th	เยอรมนี
B.L	th	เว็บไซต์
B.L	th	แอนส์ท เชริ่ง
B.L	th	วิกิพีเดีย:โครง
B.L	ru	1851
B.L	ru	1851 год
B.L	ru	1855 год
B.L	ru	1864 год
B.L	ru	1870 год
B.L	ru	1871 год
B.L	ru	1879 год
B.L	ru	1885 год
B.L	ru	1888 год
B.L	ru	1905
B.L	ru	1905 год
B.L	ru	1910
B.L	ru	1914 год
B.L	ru	1927 год
B.L	ru	1956 год
B.L	ru	1973
B.L	ru	1974
B.L	ru	1981 год
B.L	ru	1991 год
B.L	ru	1992
B.L	ru	1993
B.L	ru	1994
B.L	ru	1995 год
B.L	ru	1996 год
B.L	ru	23 октября
B.L	ru	30 сентября
B.L	ru	4 июля
B.L	ru	Aventis CropScience
B.L	ru	Hoechst AG
B.L	ru	XIX
B.L	ru	XX век
B.L	ru	Австралия
B.L	ru	Австрия
B.L	ru	Англия
B.L	ru	Берлин
B.L	ru	Берлин-Веддинг
B.L	ru	ГКНТ
B.L	ru	Географические координаты
B.L	ru	Германия
B.L	ru	Йенафарм
B.L	ru	Китай
B.L	ru	Лейрас
B.L	ru	Листинг (экономика)
B.L	ru	Немецкий язык
B.L	ru	Париж
B.L	ru	Первая мировая война
B.L	ru	Публичная компания
B.L	ru	Россия
B.L	ru	Русско-японская война
B.L	ru	СССР
B.L	ru	Сайт
B.L	ru	Санкт-Петербург
B.L	ru	Северная Америка
B.L	ru	Фармацевтика
B.L	ru	Финляндия
B.L	ru	Франкфуртская фондовая биржа
B.L	ru	Франция
B.L	ru	Шарлоттенбург (город)
B.L	ru	Южная Америка
B.L	ru	Юридическое лицо
B.L	ru	Япония
B.L	pt	1851
B.L	pt	2006
B.L	pt	2010
B.L	pt	29 de dezembro
B.L	pt	Adolf Butenandt
B.L	pt	Aktiengesellschaft
B.L	pt	Alemanha
B.L	pt	Bayer
B.L	pt	Bayer Schering Pharma
B.L	pt	Berlim
B.L	pt	Coordenadas geográficas
B.L	pt	Empresa de capital aberto
B.L	pt	Ernst Christian Friedrich Schering
B.L	pt	Língua alemã
B.L	pt	Língua portuguesa
B.L	pt	Marca
B.L	pt	Prêmio Nobel de Química
B.L	pt	Segunda Guerra Mundial
B.L	pt	Portal:Farmácia
CN	de	Schering_AG
IWL	fr	Schering
IWL	en	Schering AG
IWL	es	Schering AG
IWL	th	เชริ่ง
IWL	ru	Schering
IWL	pt	Schering
