A.L	de	Arbeit & soziale Gerechtigkeit – Die Wahlalternative
A.L	de	Berlin
A.L	de	Bundestagswahl 1998
A.L	de	Bundestagswahl 2005
A.L	de	Bundestagswahl 2009
A.L	de	David North
A.L	de	Europawahl 2004
A.L	de	Europawahl 2009
A.L	de	Gemeinsame Normdatei
A.L	de	Gewerkschaft
A.L	de	Globalisierung
A.L	de	Internationales Komitee der Vierten Internationale
A.L	de	Kapitalismus
A.L	de	Kleinpartei
A.L	de	Landesbehörde für Verfassungsschutz
A.L	de	Landtagswahl in Hessen 1999
A.L	de	Landtagswahl in Hessen 2003
A.L	de	Landtagswahl in Hessen 2008
A.L	de	Leo Trotzki
A.L	de	Linksextremismus
A.L	de	Mehring Verlag
A.L	de	Nationalstaat
A.L	de	Pablismus
A.L	de	Partei des Demokratischen Sozialismus
A.L	de	Proletariat
A.L	de	Schlagwortnormdatei
A.L	de	Socialist Equality Party
A.L	de	Sozialdemokratie
A.L	de	Stalinismus
A.L	de	Trotzkismus
A.L	de	Ulrich Rippert
A.L	de	Vierte Internationale
A.L	de	Wahl zum Abgeordnetenhaus von Berlin 2006
A.L	de	Wahl zum Abgeordnetenhaus von Berlin 2011
B.L	en	Capitalism
B.L	en	Elections in Germany
B.L	en	Essen
B.L	en	Far left
B.L	en	Fourth International
B.L	en	German language
B.L	en	Germany
B.L	en	Globalisation
B.L	en	International Committee of the Fourth International
B.L	en	International Students for Social Equality
B.L	en	Leon Trotsky
B.L	en	List of political ideologies
B.L	en	List of political parties in Germany
B.L	en	Mehring Books
B.L	en	Nation state
B.L	en	Political party
B.L	en	Political spectrum
B.L	en	Politics of Germany
B.L	en	Right-wing politics
B.L	en	Social democracy
B.L	en	Socialism
B.L	en	Socialist Equality Party
B.L	en	Socialist Equality Party (Australia)
B.L	en	Socialist Equality Party (Sri Lanka)
B.L	en	Socialist Equality Party (UK)
B.L	en	Socialist Equality Party (United States)
B.L	en	Stalinism
B.L	en	Trade union
B.L	en	Trotskyism
B.L	en	Ulrich Rippert
B.L	en	Working class
B.L	en	World Socialist Web Site
B.L	en	Template:Socialist Equality Parties
B.L	en	Template talk:Socialist Equality Parties
B.L	nl	1971
B.L	nl	1997
B.L	nl	1998
B.L	nl	2004
B.L	nl	2005
B.L	nl	Australië (land)
B.L	nl	Berlijn
B.L	nl	Bondsdag
B.L	nl	Deelstaat
B.L	nl	Duitsland
B.L	nl	Economie als systeem
B.L	nl	Engeland
B.L	nl	Europese verkiezingen
B.L	nl	Februari
B.L	nl	Frankrijk
B.L	nl	Hessen
B.L	nl	Leon Trotski
B.L	nl	Maatschappij (sociologie)
B.L	nl	Noordrijn-Westfalen
B.L	nl	Proletariaat
B.L	nl	Saksen (deelstaat)
B.L	nl	Socialisme
B.L	nl	Sri Lanka
B.L	nl	Stalinisme
B.L	nl	Trotskisme
B.L	nl	Verenigde Staten
B.L	nl	Vierde Internationale
CN	de	Partei_für_Soziale_Gleichheit,_Sektion_der_Vierten_Internationale
IWL	en	Social Equality Party (Germany)
IWL	nl	Partei für Soziale Gleichheit
