A.L	de	1982
A.L	de	20. Juli
A.L	de	AUF Gelsenkirchen
A.L	de	Afghanistan
A.L	de	Afrika
A.L	de	Agenda 2010
A.L	de	Albstadt
A.L	de	All Pakistan Trade Union Federation
A.L	de	Antikommunismus
A.L	de	Arbeit & soziale Gerechtigkeit – Die Wahlalternative
A.L	de	Arbeiterbewegung
A.L	de	Armin Pfahl-Traughber
A.L	de	Asien
A.L	de	Bangladesch
A.L	de	Bergkamen
A.L	de	Bitterfeld-Wolfen
A.L	de	Bochum
A.L	de	Bolivien
A.L	de	Bolşevik Parti (Kuzey Kürdistan-Türkiye)
A.L	de	Boykott
A.L	de	Bulgarien
A.L	de	Bulgarische Arbeiterpartei (Kommunisten)
A.L	de	Bulgarische Kommunistische Partei (Wladimir Spasow)
A.L	de	Bundesamt für Verfassungsschutz
A.L	de	Bundesgerichtshof
A.L	de	Bundestagswahl 1983
A.L	de	Bundestagswahl 1998
A.L	de	Bundestagswahl 2002
A.L	de	Bundestagswahl 2005
A.L	de	Bundestagswahl 2009
A.L	de	Bundestagswahl 2013
A.L	de	Bundeszentrale für politische Bildung
A.L	de	Chile
A.L	de	Communist Party of Bangladesh
A.L	de	Communist Party of India (Marxist-Leninist)
A.L	de	Communist Party of Nepal (Unified)
A.L	de	Communist Party of South Africa (Marxist-Leninist)
A.L	de	Corriente Comunista del Partido Socialista Unido de Venezuela
A.L	de	Demokratische Republik Kongo
A.L	de	Demonstration
A.L	de	Deutsche Kommunistische Partei
A.L	de	Deutscher Bundestag
A.L	de	Deutschland
A.L	de	Diktatur des Proletariats
A.L	de	Dominikanische Republik
A.L	de	Druckerei
A.L	de	Eisenach
A.L	de	Essen
A.L	de	Essen steht AUF
A.L	de	Esslingen am Neckar
A.L	de	Europa
A.L	de	Frank Hirschinger
A.L	de	Frauenverband Courage
A.L	de	Freie Meinungsäußerung
A.L	de	Friedensbewegung
A.L	de	Friedrich Engels
A.L	de	Gehirnwäsche
A.L	de	Gelsenkirchen
A.L	de	Gemeinsame Normdatei
A.L	de	Gesellschaft für wissenschaftlichen Kommunismus
A.L	de	Gewerkschaft
A.L	de	Griechenland
A.L	de	Groep van Marxisten-Leninisten/Rode Morgen
A.L	de	Gruppa Kommunistow-Rewoljutsjonerow »Krasnyj Klin«
A.L	de	Haiti
A.L	de	Hannah-Arendt-Institut
A.L	de	Harald Bergsdorf
A.L	de	Hartz-Konzept
A.L	de	Helmut Müller-Enbergs
A.L	de	Hezb-e Ranjbaran Iran
A.L	de	IG Metall
A.L	de	Imperialismus
A.L	de	Indien
A.L	de	Indonesia Revolutionary
A.L	de	Indonesien
A.L	de	International Conference of Marxist-Leninist Parties and Organizations
A.L	de	International Coordination of Revolutionary Parties and Organizations
A.L	de	Iran
A.L	de	Jahrbuch Extremismus und Demokratie
A.L	de	Josef Stalin
A.L	de	Jungle World
A.L	de	Kapitalismus
A.L	de	Karl Marx
A.L	de	Kassel
A.L	de	Klaus Wallenstein
A.L	de	Kolumbien
A.L	de	Kommounistikí Orgánosi Elládas
A.L	de	Kommunalpolitik
A.L	de	Kommunismus
A.L	de	Kommunistische Organisation Luxemburgs
A.L	de	Kommunistische Partei
A.L	de	Kommunistische Partei Deutschlands
A.L	de	Kommunistische Partei der Sowjetunion
A.L	de	Kommunistische Partei der Tschechoslowakei – Tschechoslowakische Arbeiterpartei
A.L	de	Kommunistischer Arbeiterbund Deutschlands
A.L	de	Koordinierungsrat der Arbeiterbewegung, Ukraine
A.L	de	Kreisfreie Stadt
A.L	de	Kritik und Selbstkritik
A.L	de	Kulturrevolution
A.L	de	Kundgebung
A.L	de	Landgericht Essen
A.L	de	Landkreis Sonneberg
A.L	de	Landtagswahl in Sachsen-Anhalt 2006
A.L	de	Landtagswahl in Sachsen-Anhalt 2011
A.L	de	Lateinamerika
A.L	de	Lenin
A.L	de	Leverkusen
A.L	de	Linksextremismus
A.L	de	Luxemburg
A.L	de	Mao Zedong
A.L	de	Maoismus
A.L	de	Marksist Leninist Komünist Parti
A.L	de	Marokko
A.L	de	Marxismus-Leninismus
A.L	de	Marxist-Leninist Organization of Afghanistan
A.L	de	Marxistisch-Leninistische Gruppe Schweiz
A.L	de	Marxistisch-Leninistische Partei Deutschlands (1965–1968)
A.L	de	Marxistisch-Leninistische Plattform
A.L	de	Monika Gärtner-Engel
A.L	de	Montagsdemonstrationen gegen Sozialabbau 2004
A.L	de	Moroccan Marxist-Leninist Proletarian Line
A.L	de	Mülheim an der Ruhr
A.L	de	Nepal
A.L	de	Nepal Communist Party (Mashal)
A.L	de	Neue soziale Bewegungen
A.L	de	Neukirchen-Vluyn
A.L	de	Niederlande
A.L	de	Nikita Chruschtschow
A.L	de	Nordamerika
A.L	de	Nordrhein-Westfalen
A.L	de	Nouveau Parti Communiste Haïtien (Marxiste Léniniste)
A.L	de	Organisation Révolutionnaire du Congo
A.L	de	Pakistan
A.L	de	Panama
A.L	de	Paraguay
A.L	de	Pariser Kommune
A.L	de	Partei des Demokratischen Sozialismus
A.L	de	Partei neuen Typus
A.L	de	Parteienfinanzierung
A.L	de	Parteispende
A.L	de	Partido Comunista (Marxista-Leninista) de Panamá
A.L	de	Partido Comunista (Marxista Leninista) (Dominikanische Republik)
A.L	de	Partido Comunista Chileno (Acción Proletaria)
A.L	de	Partido Comunista Marxista Leninista Maoista de Bolivia
A.L	de	Partido Comunista Paraguayo (independiente)
A.L	de	Partido Comunista de Colombia – maoista
A.L	de	Partido Komunista ng Pilipinas
A.L	de	Partido Marxista Leninista del Peru
A.L	de	Partido Proletario del Peru
A.L	de	Partido Revolucionario de los Trabajadores de Colombia
A.L	de	Partija rada
A.L	de	Peru
A.L	de	Politische Partei
A.L	de	Provisional Central Committee Communist Party of India (Marxist-Leninist)
A.L	de	Rebell (Jugendverband)
A.L	de	Reconstrucción Comunista
A.L	de	Revisionismus
A.L	de	Revolutionary Organization of Labor
A.L	de	Rudolf van Hüllen
A.L	de	Russische Maoistische Partei
A.L	de	Russland
A.L	de	Schlagwortnormdatei
A.L	de	Schweiz
A.L	de	Sekte
A.L	de	Serbien
A.L	de	Slowakei
A.L	de	Solingen
A.L	de	Sowjetunion
A.L	de	Sozialismus
A.L	de	Spanien
A.L	de	Stalinismus
A.L	de	Stefan Engel (Politiker)
A.L	de	Südafrika
A.L	de	Tschechische Republik
A.L	de	Türkei
A.L	de	Türkiye İhtilalci Komünistler Birliği
A.L	de	USA
A.L	de	Ukraine
A.L	de	Union der jungen Kommunisten der Tschechoslowakei
A.L	de	Unterlassungsklage
A.L	de	Unvereinbarkeitsbeschluss
A.L	de	Venezuela
A.L	de	Ver.di
A.L	de	Vereinigte Sozialistische Partei Venezuelas
A.L	de	Verfassungsschutz
A.L	de	Verlag
A.L	de	Verlag Ferdinand Schöningh
A.L	de	Volksrepublik China
A.L	de	Vorfeldorganisation
A.L	de	Weißrussland
A.L	de	Weltrevolution
A.L	de	Werbeagentur
A.L	de	Widerstandsbewegung „23. September“ Bulgarien
A.L	de	Willi Dickhut
A.L	de	Witten
A.L	de	Wladimir Lenin
A.L	de	Wolfen
A.L	de	Working Women Organization
A.L	de	Zentralkomitee
B.L	fr	Allemagne
B.L	fr	Extrême gauche
B.L	fr	Friedrich Engels
B.L	fr	Karl Marx
B.L	fr	Lénine
B.L	fr	Mao Zedong
B.L	fr	Office fédéral de protection de la constitution
B.L	fr	Parti communiste allemand (DKP)
B.L	fr	Parti politique
B.L	fr	Staline
B.L	fr	Discussion:Parti marxiste-léniniste d'Allemagne/À faire
B.L	fr	Wikipédia:Citez vos sources
B.L	fr	Modèle:Ébauche/paramètres Allemagne
B.L	fr	Modèle:Ébauche/paramètres parti politique
B.L	fr	Aide:Comment modifier une page
B.L	fr	Aide:Note
B.L	fr	Aide:Ébauche
B.L	fr	Catégorie:Article manquant de référence depuis février 2010
B.L	fr	Catégorie:Portail:Allemagne/Articles liés
B.L	fr	Catégorie:Portail:Communisme/Articles liés
B.L	fr	Portail:Allemagne
B.L	fr	Portail:Communisme
B.L	fr	Projet:Accueil
B.L	fa	آلمان
B.L	fa	انتخابات
B.L	fa	حزب
B.L	fa	شورش
B.L	fa	مارکسیست لنینیست
B.L	fa	کمونیست
B.L	fa	کنفرانس بین‌المللی احزاب و سازمان‌های مارکسیست لنینیست (نشریه بین‌الملل)
B.L	fa	ویکی‌پدیا:مقالهٔ خرد
B.L	fa	الگو:سیاست-خرد
B.L	fa	بحث الگو:سیاست-خرد
B.L	en	20th Party Congress
B.L	en	All-Union Communist Party Bolsheviks
B.L	en	Anti-Revisionism
B.L	en	Anti-communism
B.L	en	Anti-communist
B.L	en	Anti-revisionist
B.L	en	Armenian Communist Party
B.L	en	Azerbaijan Communist Party (1993)
B.L	en	Communism
B.L	en	Communist
B.L	en	Communist Initiative (Austria)
B.L	en	Communist Labour Party of Turkey/Leninist
B.L	en	Communist League (UK, 1988)
B.L	en	Communist League of Great Britain
B.L	en	Communist Organization of Greece
B.L	en	Communist Party (Denmark)
B.L	en	Communist Party (Flanders)
B.L	en	Communist Party (Wallonia)
B.L	en	Communist Party in Denmark
B.L	en	Communist Party of Abkhazia
B.L	en	Communist Party of Albania (1991)
B.L	en	Communist Party of Albania 8 November
B.L	en	Communist Party of Austria
B.L	en	Communist Party of Belarus
B.L	en	Communist Party of Bohemia and Moravia
B.L	en	Communist Party of Britain
B.L	en	Communist Party of Britain (Marxist–Leninist)
B.L	en	Communist Party of Bulgaria
B.L	en	Communist Party of Catalonia
B.L	en	Communist Party of Denmark
B.L	en	Communist Party of Finland (1997)
B.L	en	Communist Party of Germany
B.L	en	Communist Party of Germany (1990)
B.L	en	Communist Party of Germany (Roter Morgen)
B.L	en	Communist Party of Great Britain (Marxist–Leninist)
B.L	en	Communist Party of Great Britain (Provisional Central Committee)
B.L	en	Communist Party of Greece
B.L	en	Communist Party of Greece (Marxist-Leninist)
B.L	en	Communist Party of Ireland
B.L	en	Communist Party of Lithuania
B.L	en	Communist Party of Luxembourg
B.L	en	Communist Party of Moldova (2012)
B.L	en	Communist Party of Norway
B.L	en	Communist Party of Pridnestrovie
B.L	en	Communist Party of Scotland
B.L	en	Communist Party of Slovakia
B.L	en	Communist Party of South Ossetia
B.L	en	Communist Party of Spain
B.L	en	Communist Party of Spain (Marxist-Leninist)
B.L	en	Communist Party of Sweden (1995)
B.L	en	Communist Party of Turkey (current)
B.L	en	Communist Party of Ukraine
B.L	en	Communist Party of the Peoples of Spain
B.L	en	Communist Party of the Russian Federation
B.L	en	Communist Party of the Soviet Union
B.L	en	Communist Platform (Italy)
B.L	en	Communist Refoundation Party
B.L	en	Communist Workers' Party – For Peace and Socialism
B.L	en	Communist party
B.L	en	Deng Xiaoping
B.L	en	Dictatorship of the proletariat
B.L	en	Elections in Germany
B.L	en	Far-left politics
B.L	en	French Communist Party
B.L	en	Friedrich Engels
B.L	en	German Communist Party
B.L	en	German federal election, 2005
B.L	en	German federal election, 2009
B.L	en	German federal election, 2013
B.L	en	German language
B.L	en	Germany
B.L	en	Hungarian Communist Workers' Party
B.L	en	Hungarian Socialist Workers' Party (1993)
B.L	en	IG Metall
B.L	en	International Conference of Marxist-Leninist Parties and Organizations (International Newsletter)
B.L	en	International Coordination of Revolutionary Parties and Organizations
B.L	en	Italian Marxist-Leninist Party
B.L	en	Joseph Stalin
B.L	en	KPML(r)
B.L	en	Karl Marx
B.L	en	Labour Party (Turkey)
B.L	en	League of Communists of Macedonia (1992)
B.L	en	Left Party (Germany)
B.L	en	Lenin Circle
B.L	en	List of political ideologies
B.L	en	List of political parties in Germany
B.L	en	Mao Zedong
B.L	en	Maoism
B.L	en	Marxism–Leninism
B.L	en	Marxist-Leninist
B.L	en	Marxist-Leninist Communist Party (Turkey)
B.L	en	Marxist-Leninist Communist Party of Greece
B.L	en	Marxist-Leninist Italian Communist Party
B.L	en	Marxist-Leninist Revolutionary Party of Italy
B.L	en	Marxist–Leninist Party of Ukraine
B.L	en	Movement for the Reorganization of the Communist Party of Greece 1918-55
B.L	en	New Communist Party of Britain
B.L	en	New Communist Party of the Netherlands
B.L	en	Parti Communiste des Ouvriers de France
B.L	en	Party of Belarusian Communists
B.L	en	Party of Communists of the Republic of Moldova
B.L	en	Party of Italian Communists
B.L	en	People's Democratic Union (Portugal)
B.L	en	Polish Communist Party (2002)
B.L	en	Political party
B.L	en	Political spectrum
B.L	en	Politics of Germany
B.L	en	Portuguese Communist Party
B.L	en	Pridnestrovie Communist Party
B.L	en	Progressive Party of Working People
B.L	en	Red
B.L	en	Renewing Communist Ecological Left
B.L	en	Revolutionary Communist Group (UK)
B.L	en	Revolutionary Communist Party of Britain (Marxist–Leninist)
B.L	en	Revolutionary Communist Party of Turkey
B.L	en	Russian Communist Workers' Party – Revolutionary Party of Communists
B.L	en	Sammarinese Communist Refoundation
B.L	en	Saxony-Anhalt
B.L	en	Socialism
B.L	en	Socialist Labour Party of Croatia
B.L	en	Socialist Party of Latvia
B.L	en	Stalinism
B.L	en	Stefan Engel
B.L	en	Swiss Party of Labour
B.L	en	Thuringia
B.L	en	United Communist Party of Georgia
B.L	en	Ver.di
B.L	en	Vladimir Lenin
B.L	en	Willi Dickhut
B.L	en	Workers' Communist Party (Denmark)
B.L	en	Workers' Communist Party (Norway)
B.L	en	Workers' Communist Party of Bosnia and Herzegovina
B.L	en	Workers' Party of Hungary 2006
B.L	en	Workers' Party of Ireland
B.L	en	Workers Party of Belgium
B.L	en	Template:European communist parties
B.L	en	Template talk:European communist parties
B.L	en	Portal:Communism
B.L	es	1978
B.L	es	1982
B.L	es	Alemania
B.L	es	Años 1950
B.L	es	Comunista
B.L	es	Conferencia Internacional de Partidos y Organizaciones Marxista-Leninistas
B.L	es	Deng Xiaoping
B.L	es	Estalinismo
B.L	es	Europa del Este
B.L	es	Friedrich Engels
B.L	es	Gelsenkirchen
B.L	es	Idioma alemán
B.L	es	Karl Marx
B.L	es	Lenin
B.L	es	Mao
B.L	es	Maoísmo
B.L	es	Marxismo-Leninismo
B.L	es	Partido político
B.L	es	Partidos políticos de Alemania
B.L	es	Política de Alemania
B.L	es	República Popular China
B.L	es	Revisionismo (marxismo)
B.L	es	Socialismo
B.L	es	Stalin
B.L	es	URSS
B.L	es	Unión Comunista Obrera de Alemania
B.L	es	XX Congreso del PCUS
B.L	es	Wikipedia:Fuentes fiables
B.L	es	Wikipedia:Verificabilidad
B.L	es	Ayuda:Cómo referenciar
B.L	br	1982
B.L	br	1998
B.L	br	2002
B.L	br	2005
B.L	br	Alamagn
B.L	br	Alamaneg
B.L	br	Aozadur Komunour Luksembourg
B.L	br	Aozadur Kumunour Marksour-Leninour - Hent Proleter
B.L	br	Aozadur Marksour-Leninour Afghanistan
B.L	br	Bodad Marksourion-Leninourion/Tarzh-an-deiz Ruz
B.L	br	Bodad Ray O. Light
B.L	br	Ensavadur Amaru
B.L	br	Kevredad Komunour Japan (Kuzul Broadel)
B.L	br	Kuzuliadeg Etrebroadel ar Strolladoù hag Aozadurioù Marksour-Leninour (Kelc'hlizher Etrebroadel)
B.L	br	Kuzulioù evit Skoazell ar Harzerezh - evit ar Gomunouriezh
B.L	br	Luskad Dispac'hel Pobl Paraguay Pyahura
B.L	br	Mao Zedong
B.L	br	Maoouriezh
B.L	br	Marksouriezh-leninouriezh
B.L	br	Revindo
B.L	br	SK Suafrika (ML)
B.L	br	Strollad Bolchevikour (Norzh Kurdistan-Turkia)
B.L	br	Strollad Komunour (Marksour-Leninour) Panama
B.L	br	Strollad Komunour Dispac'hel (Arc'hantina)
B.L	br	Strollad Komunour Dispac'hel (Uruguay)
B.L	br	Strollad Komunour Filipinez
B.L	br	Strollad Komunour India (Marksour-Leninour) Banniel Ruz
B.L	br	Strollad Komunour India (Marksour-Leninour) Demokratelezh Nevez
B.L	br	Strollad Komunour India (Marksour-Leninour) Janashakti
B.L	br	Strollad Komunour India (Marksour-Leninour) Kuzul Kreiz Da c'hortoz
B.L	br	Strollad Komunour Nepal (Kreizenn Unaniezh-Masal)
B.L	br	Strollad Komunour Nepal (Mashal)
B.L	br	Strollad Komunour Perou (Marksour-Leninour)
B.L	br	Strollad Komunour Turkia/Marksour-Leninour
B.L	br	Strollad Komunour al Labourerion (Norvegia)
B.L	br	Strollad Kumunour (Marksour-Leninour) (Republik Dominikan)
B.L	br	Strollad Kumunour (Marksour-Leninour) Bolivia
B.L	br	Strollad Kumunour Kolombia - Maoour
B.L	br	Strollad Labourerion Bangladesh
B.L	br	Strollad al Labour (Serbia)
B.L	br	Unvaniezh Labourerion Komunour Alamagn
B.L	br	Rummad:Strolladoù politikel komunour
B.L	da	1982
B.L	da	Die Linke
B.L	da	Maoisme
B.L	da	Politisk parti
B.L	da	Rebell
B.L	da	Rote Fahne
B.L	da	Stefan Engel
B.L	da	Vesttyskland
B.L	da	Portal:Kommunisme
B.L	nds	20. Parteidag vun de KPdSU
B.L	nds	AUF Gelsenkiärken
B.L	nds	Agenda 2010
B.L	nds	Albstadt
B.L	nds	Baukem
B.L	nds	Berlin
B.L	nds	Bitterfeld-Wolfen
B.L	nds	Biärgkoamen
B.L	nds	Boykott
B.L	nds	Bundsamt för Verfatenschuul
B.L	nds	Bundsdagswahl 1998
B.L	nds	Bundsdagswahl 2002
B.L	nds	Bundsdagswahl 2005
B.L	nds	Bundsgerichtshoff
B.L	nds	Demonstratschoon
B.L	nds	Diktatur
B.L	nds	Druckeree
B.L	nds	Düütsche Kommunistische Partei
B.L	nds	Entstaliniseeren
B.L	nds	Essen
B.L	nds	Essen steht AUF
B.L	nds	Esslingen an’n Neckar
B.L	nds	Fredensbewegen
B.L	nds	Friedrich Engels
B.L	nds	Froenverband Courage
B.L	nds	Gelsenkiärken
B.L	nds	Gewerkschaft
B.L	nds	Hartz-Kunzept
B.L	nds	Hiätten
B.L	nds	IG Metall
B.L	nds	Ideologie
B.L	nds	Iesenack
B.L	nds	International Conference of Marxist-Leninist Parties and Organizations
B.L	nds	Internet
B.L	nds	Josef Stalin
B.L	nds	KPdSU
B.L	nds	Kapitalismus
B.L	nds	Karl Marx
B.L	nds	Kassel
B.L	nds	Kommunalpolitik
B.L	nds	Kommunismus
B.L	nds	Kommunistisch Arbeiterbund vun Düütschland
B.L	nds	Kommunistische Partei vun Düütschland
B.L	nds	Kundgeven
B.L	nds	Landdagswahl in Sassen-Anholt 2006
B.L	nds	Landkreis Sonneberg
B.L	nds	Lenin
B.L	nds	Leverkusen
B.L	nds	Linksextremismus
B.L	nds	Lüttpartei
B.L	nds	Mandaagsdemonstratschoon gegen Sozialafbo 2004
B.L	nds	Mao Zedong
B.L	nds	Maoismus
B.L	nds	Minschenrechten
B.L	nds	Monika Gärtner-Engel
B.L	nds	Mölm
B.L	nds	Neukirchen-Vluyn
B.L	nds	Ne’e soziale Bewegen
B.L	nds	Nichvereenborkeitsbesluss
B.L	nds	Nikita Chruschtschow
B.L	nds	Noordrhien-Westfalen
B.L	nds	Partei vun’n Demokraatschen Sozialismus
B.L	nds	Parteienfinanzeeren
B.L	nds	Proletariat
B.L	nds	Rebell (Jöögdverband)
B.L	nds	Solingen
B.L	nds	Sowjetunion
B.L	nds	Sozialismus
B.L	nds	Stalinismus
B.L	nds	Stefan Engel
B.L	nds	Streik
B.L	nds	Stuttgart
B.L	nds	Ver.di
B.L	nds	Verbreken gegen de Minschlichkeit
B.L	nds	Verlag
B.L	nds	WASG
B.L	nds	Wahl
B.L	nds	Warfagentur
B.L	nds	Willi Dickhut
B.L	nds	Witten
B.L	nds	Wolfen
B.L	nds	Zentralkomitee
B.L	no	1956
B.L	no	1972
B.L	no	1982
B.L	no	2005
B.L	no	Albstadt
B.L	no	Anti-revisjonisme
B.L	no	Arbeidernes Kommunistparti
B.L	no	Bundesamt für Verfassungsschutz
B.L	no	Die Linke
B.L	no	Eisenach
B.L	no	Essen
B.L	no	Esslingen
B.L	no	Gelsenkirchen
B.L	no	Hartz-konseptet
B.L	no	Kassel
B.L	no	Kina
B.L	no	Leverkusen
B.L	no	Maoisme
B.L	no	Mülheim an der Ruhr
B.L	no	Norge
B.L	no	Solingen
B.L	no	Stefan Engel
B.L	no	Tyskland
B.L	no	Valget i Tyskland 2005
B.L	no	Vest-Tyskland
B.L	pl	1982
B.L	pl	2011
B.L	pl	20 lipca
B.L	pl	Andreas Voßkuhle
B.L	pl	Angela Merkel
B.L	pl	Bochum
B.L	pl	Bundesrat
B.L	pl	Bundestag
B.L	pl	Deutsche Bundesbank
B.L	pl	Die Linke
B.L	pl	Die Linkspartei.PDS
B.L	pl	Dieter Engels
B.L	pl	Drugi rząd Angeli Merkel
B.L	pl	Federalny Sąd Administracyjny (Niemcy)
B.L	pl	Federalny Sąd Pracy (Niemcy)
B.L	pl	Federalny Trybunał Finansowy (Niemcy)
B.L	pl	Federalny Trybunał Konstytucyjny
B.L	pl	Federalny Trybunał Obrachunkowy
B.L	pl	Federalny Trybunał Sprawiedliwości (Niemcy)
B.L	pl	Guido Westerwelle
B.L	pl	Harald Range
B.L	pl	Horst Seehofer
B.L	pl	Ingrid Schmidt
B.L	pl	Jens Weidmann
B.L	pl	Joachim Gauck
B.L	pl	Język niemiecki
B.L	pl	Kanclerze Niemiec
B.L	pl	Klaus Tolksdorfv
B.L	pl	Komunizm
B.L	pl	Konstytucja Niemiec
B.L	pl	Kontrola Państwowa w Niemczech
B.L	pl	Kraje związkowe Niemiec
B.L	pl	Leninizm
B.L	pl	Maoizm
B.L	pl	Marion Eckertz-Höfer
B.L	pl	Ministerstwo Spraw Zagranicznych Niemiec
B.L	pl	Międzynarodowa Konferencja Marksistowsko-Leninowskich Partii i Organizacji (maoistowska)
B.L	pl	Młodzieżówka
B.L	pl	Niemcy
B.L	pl	Niemieckie referenda
B.L	pl	Norbert Lammert
B.L	pl	Partie polityczne Niemiec
B.L	pl	Polityka zagraniczna Niemiec
B.L	pl	Prezydenci Niemiec
B.L	pl	Prokurator generalny (Niemcy)
B.L	pl	Przewodniczący Bundesratu
B.L	pl	Przewodniczący Bundestagu
B.L	pl	Referendum w sprawie akceptacji przyłączenia Austrii do Niemiec w 1938
B.L	pl	Rudolf Mellinghoff
B.L	pl	Rząd federalny Niemiec
B.L	pl	Saksonia-Anhalt
B.L	pl	Samorząd terytorialny w Niemczech
B.L	pl	Skrajna lewica
B.L	pl	Socjaldemokratyczna Partia Niemiec
B.L	pl	Socjalizm
B.L	pl	Stefan Engel
B.L	pl	System prawny Niemiec
B.L	pl	System wyborczy w Niemczech
B.L	pl	Turyngia
B.L	pl	Unia Chrześcijańsko-Demokratyczna (Niemcy)
B.L	pl	Unia Chrześcijańsko-Społeczna w Bawarii
B.L	pl	Ustrój polityczny Niemiec
B.L	pl	Wolna Partia Demokratyczna
B.L	pl	Wybory do Parlamentu Europejskiego w Niemczech
B.L	pl	Wybory do Parlamentu Europejskiego w Niemczech w 2009 roku
B.L	pl	Wybory parlamentarne w Nieczech
B.L	pl	Wybory parlamentarne w Niemczech w 2005 roku
B.L	pl	Wybory parlamentarne w Niemczech w 2013 roku
B.L	pl	Wybory prezydenckie w Niemczech
B.L	pl	Wybory prezydenckie w Niemczech w 2012 roku
B.L	pl	Wybory samorządowe w Niemczech
B.L	pl	Wybory samorządowe w Niemczech w 2009 roku
B.L	pl	Związek 90/Zieloni
B.L	pl	Szablon:Partie polityczne Niemiec
B.L	pl	Dyskusja szablonu:Partie polityczne Niemiec
B.L	pl	Kategoria:Polityka Niemiec
B.L	pl	Wikiprojekt:Polityka
B.L	it	1982
B.L	it	1998
B.L	it	2002
B.L	it	2005
B.L	it	Alleanza '90 - I Verdi
B.L	it	Borghesia
B.L	it	Comunista
B.L	it	Die Linke
B.L	it	Dittatura del proletariato
B.L	it	Engels
B.L	it	Germania
B.L	it	Lenin
B.L	it	Mao Zedong
B.L	it	Maoista
B.L	it	Marx
B.L	it	Marxista-leninista
B.L	it	Partito Liberale Democratico (Germania)
B.L	it	Partito Socialdemocratico Tedesco
B.L	it	Politica della Germania
B.L	it	Socialismo
B.L	it	Stalin
B.L	it	Stefan Engel
B.L	it	Unione Cristiano-Sociale in Baviera
B.L	it	Unione Cristiano Democratica (Germania)
B.L	it	Unione dei Lavoratori Comunisti di Germania
B.L	it	Template:Partiti politici in Germania
B.L	it	Discussioni template:Partiti politici in Germania
B.L	ru	1982
B.L	ru	Neuer Weg
B.L	ru	XX съезд КПСС
B.L	ru	Албанская партия труда
B.L	ru	Бохум
B.L	ru	Гельзенкирхен
B.L	ru	Дикхут, Вилли
B.L	ru	Йорг Вайдеманн
B.L	ru	Коммунистическая партия Советского Союза
B.L	ru	Левая партия (Германия)
B.L	ru	Ленин, Владимир Ильич
B.L	ru	Мао Цзэдун
B.L	ru	Маоизм
B.L	ru	Маркс, Карл
B.L	ru	Марксизм-ленинизм
B.L	ru	Международные конференции марксистско-ленинских партий и организаций
B.L	ru	Немецкий язык
B.L	ru	Ребелл
B.L	ru	Социалистические страны
B.L	ru	Сталин, Иосиф Виссарионович
B.L	ru	Хрущёв, Никита Сергеевич
B.L	ru	Энгель, Штефан
B.L	ru	Энгельс, Фридрих
CN	de	Marxistisch-Leninistische_Partei_Deutschlands
IWL	fr	Parti marxiste-léniniste d'Allemagne
IWL	fa	حزب مارکسیست لنینیست آلمان
IWL	en	Marxist–Leninist Party of Germany
IWL	es	Partido Marxista-Leninista de Alemania
IWL	br	Strollad Marksour-Leninour Alamagn
IWL	da	Marxistisch-Leninistische Partei Deutschlands
IWL	nds	Marxistisch-Leninistische Partei vun Düütschland
IWL	no	Marxistisch-Leninistische Partei Deutschlands
IWL	pl	Marksistowsko-Leninowska Partia Niemiec
IWL	it	Partito Marxista-Leninista di Germania
IWL	ru	Марксистско-ленинская партия Германии
