A.L	de	1971
A.L	de	20. Februar
A.L	de	Abendzeitung
A.L	de	Allgemeiner Studierendenausschuss
A.L	de	Bundesministerium der Verteidigung
A.L	de	Bundestag
A.L	de	Christof Leng
A.L	de	Diplom-Sozialwirt
A.L	de	Dirk Hillbrecht
A.L	de	Freie Software
A.L	de	Grundwehrdienst
A.L	de	Hamburg
A.L	de	Helmut-Schmidt-Universität
A.L	de	Institut für Kriminologische Sozialforschung
A.L	de	Jens Seipenbusch
A.L	de	Jugendring
A.L	de	Julius-Leber-Kaserne (Berlin)
A.L	de	Kriminologie
A.L	de	Liberalismus
A.L	de	Meppen
A.L	de	Munzinger-Archiv
A.L	de	Neue Osnabrücker Zeitung
A.L	de	Neumünster
A.L	de	Nordwest-Zeitung
A.L	de	Osnabrücker Zeitung
A.L	de	Panzergrenadierbrigade 31
A.L	de	Parteienfinanzierung
A.L	de	Paypal
A.L	de	Piratenpartei Berlin
A.L	de	Piratenpartei Deutschland
A.L	de	Podcast
A.L	de	Rechenschaftsbericht
A.L	de	Referat (Behörde)
A.L	de	Römisch-katholische Kirche
A.L	de	Schatzmeister
A.L	de	Sebastian Nerz
A.L	de	Sozialforschung
A.L	de	Spiegel Online
A.L	de	Stern.de
A.L	de	Universität Hamburg
A.L	de	Universität Osnabrück
A.L	de	Universitäten der Bundeswehr
A.L	de	Varel
A.L	de	Wahl durch Zustimmung
A.L	de	Wissenschaftliche Hilfskraft
A.L	de	Wissenschaftsmanagement
A.L	de	Hilfe:Personendaten
B.L	fr	2012
B.L	fr	Le Monde
B.L	fr	Meppen (Allemagne)
B.L	fr	Ministère fédéral de la Défense (Allemagne)
B.L	fr	Parti pirate allemand
B.L	fr	Sebastian Nerz
B.L	fr	Transparency International
B.L	fr	Catégorie:Portail:Allemagne/Articles liés
B.L	fr	Catégorie:Portail:Politique/Articles liés
B.L	fr	Portail:Allemagne
B.L	fr	Portail:Politique
B.L	no	1971
B.L	no	20. februar
B.L	no	Abendzeitung
B.L	no	Abitur
B.L	no	Bundeswehrs universitet
B.L	no	Meppen
B.L	no	Neue Osnabrücker Zeitung
B.L	no	Osnabrück
B.L	no	Piratenpartei Deutschland
B.L	no	Thomas Wiegold
B.L	no	Tyskland
B.L	no	Wikimedia Commons
B.L	no	Wikipedia:Portaler
B.L	no	Portal:Tyskland
CN	de	Bernd_Schlömer
IWL	fr	Bernd Schlömer
IWL	no	Bernd Schlömer
