A.L	de	2,3,3,3-Tetrafluorpropen
A.L	de	AEG
A.L	de	ARD
A.L	de	Aabar Investments PJSC
A.L	de	Adidas
A.L	de	Adolf Eichmann
A.L	de	Adolph Saurer AG
A.L	de	Affalterbach
A.L	de	Air Liquide
A.L	de	Airbus
A.L	de	Aksaray
A.L	de	Aktiengesellschaft
A.L	de	Aktiengesellschaft (Deutschland)
A.L	de	Aktientausch
A.L	de	Alabama
A.L	de	Allianz SE
A.L	de	Alstom
A.L	de	Altana
A.L	de	American LaFrance
A.L	de	American Motors Corporation
A.L	de	Andreas Renschler
A.L	de	Angelina Sörgel
A.L	de	Anheuser-Busch InBev
A.L	de	ArcelorMittal
A.L	de	Argentinien
A.L	de	Assicurazioni Generali
A.L	de	Auburn Hills (Michigan)
A.L	de	Aufsichtsratsvorsitzender
A.L	de	Auto Union
A.L	de	Automobil
A.L	de	Automobilindustrie
A.L	de	Automobilwerke Ludwigsfelde
A.L	de	Automotive Fuel Cell Corporation
A.L	de	Axa
A.L	de	BASF
A.L	de	BMW
A.L	de	BMW AG
A.L	de	BNP Paribas
A.L	de	Babcock Borsig
A.L	de	Banco Bilbao Vizcaya Argentaria
A.L	de	Banco Santander
A.L	de	Bayer AG
A.L	de	Bayerische Hypotheken- und Wechsel-Bank
A.L	de	Bayerische Vereinsbank
A.L	de	Beiersdorf AG
A.L	de	Beijing Automotive Industry Holding
A.L	de	Benz & Cie.
A.L	de	Berlin
A.L	de	BharatBenz
A.L	de	Big Brother Award
A.L	de	Blackstone Group
A.L	de	Brasilien
A.L	de	Bremen
A.L	de	Buenos Aires
A.L	de	CEO
A.L	de	Carrefour (Unternehmen)
A.L	de	Cement Roadstone Holding
A.L	de	Cerberus Capital Management
A.L	de	Charleston (South Carolina)
A.L	de	Chery Automobile
A.L	de	Christine Hohmann-Dennhardt
A.L	de	Chrysler
A.L	de	Cleveland
A.L	de	Commerzbank
A.L	de	Compagnie de Saint-Gobain
A.L	de	Continental AG
A.L	de	Crédit Agricole (Unternehmen)
A.L	de	DAX
A.L	de	Daimler-Benz
A.L	de	Daimler-Motoren-Gesellschaft
A.L	de	Daimler Busse
A.L	de	Daimler Contemporary
A.L	de	Daimler Financial Services
A.L	de	Daimler FleetBoard GmbH
A.L	de	Daimler India Commercial Vehicles
A.L	de	Daimler TSS GmbH
A.L	de	Daimler Truck Financial
A.L	de	Daimler Trucks
A.L	de	Danone
A.L	de	Debis
A.L	de	Detroit
A.L	de	Detroit Diesel
A.L	de	Deutsche Bank
A.L	de	Deutsche Börse
A.L	de	Deutsche Friedensgesellschaft – Vereinigte KriegsdienstgegnerInnen
A.L	de	Deutsche Post AG
A.L	de	Deutsche Telekom
A.L	de	Deutsches Reich 1933 bis 1945
A.L	de	Deutschland
A.L	de	Dieter Zetsche
A.L	de	Digitalcourage
A.L	de	Dodge
A.L	de	Dornier-Werke
A.L	de	Dortmund
A.L	de	Dpa
A.L	de	Dresdner Bank
A.L	de	Düsseldorf
A.L	de	E.ON
A.L	de	EADS
A.L	de	EU-Kommission
A.L	de	EURO STOXX 50
A.L	de	EVolution
A.L	de	Eagle (Automarke)
A.L	de	East London
A.L	de	Eckhard Cordes
A.L	de	Edo de Mexico
A.L	de	Egyptian German Automotive Company
A.L	de	Enel
A.L	de	Eni (Unternehmen)
A.L	de	Epcos
A.L	de	Erlkönig (Auto)
A.L	de	Erlös
A.L	de	Euro
A.L	de	Eurocopter
A.L	de	EvoBus
A.L	de	Evonik Degussa
A.L	de	Evonik Industries
A.L	de	Feldmühle (Unternehmen)
A.L	de	Fiat
A.L	de	Finanzdienstleistung
A.L	de	Focus
A.L	de	Fokker
A.L	de	Ford
A.L	de	France Telecom
A.L	de	Frankfurter Wertpapierbörse
A.L	de	Frankreich
A.L	de	Franz Brozincevic (Fahrzeughersteller)
A.L	de	Franz Haniel & Cie. GmbH
A.L	de	Freightliner
A.L	de	Fresenius (Unternehmen)
A.L	de	Fresenius Medical Care
A.L	de	Fried. Krupp Motoren- und Kraftwagenfabriken
A.L	de	Friends of the Earth
A.L	de	Fuchū (Toyama)
A.L	de	GDF Suez
A.L	de	Gaby Weber
A.L	de	Gafney (South Carolina)
A.L	de	Gaggenau
A.L	de	Gastonia (North Carolina)
A.L	de	Gewinn
A.L	de	Global Electric Motorcars
A.L	de	Global Engine Manufacturing Alliance
A.L	de	Global registrierte Aktie
A.L	de	González Catán
A.L	de	Grundkapital
A.L	de	Gründung (Recht)
A.L	de	Hamburg
A.L	de	Handelsblatt
A.L	de	Handelsmarke
A.L	de	Hannover Rück
A.L	de	Hanomag-Henschel
A.L	de	Hans Pohl (Historiker)
A.L	de	Hauptversammlung
A.L	de	HeidelbergCement
A.L	de	Henkel (Unternehmen)
A.L	de	High Point
A.L	de	Hilmar Kopper
A.L	de	Hoechst
A.L	de	Holocaust
A.L	de	Holýšov
A.L	de	Horex
A.L	de	Hypo Real Estate
A.L	de	Hyundai Motor Company
A.L	de	ING Groep
A.L	de	Iberdrola
A.L	de	Ilmor
A.L	de	Indien
A.L	de	Indonesien
A.L	de	Infineon
A.L	de	International Securities Identification Number
A.L	de	Intesa Sanpaolo
A.L	de	Investmentgesellschaft
A.L	de	Japan
A.L	de	Jeep
A.L	de	Joint-Venture
A.L	de	Juiz de Fora
A.L	de	Jürgen E. Schrempp
A.L	de	Jürgen Grässlin
A.L	de	Jürgen Hubbert
A.L	de	Jürgen Schrempp
A.L	de	K+S
A.L	de	KZ Ravensbrück
A.L	de	Kamenz
A.L	de	Kanada
A.L	de	Karl Heinz Roth
A.L	de	Karstadt
A.L	de	Kassel
A.L	de	Kawasaki (Kanagawa)
A.L	de	Kecskemét
A.L	de	Kirk Kerkorian
A.L	de	Kleinbus
A.L	de	Kleintransporter
A.L	de	Kohlenstoffdioxid
A.L	de	Korruption
A.L	de	Kuppenheim
A.L	de	Kuwait
A.L	de	Kuwait Investment Authority
A.L	de	Kässbohrer Fahrzeugwerke
A.L	de	Lanxess
A.L	de	Li-Tec Battery
A.L	de	Ligny-en-Barrois
A.L	de	Limited Liability Company
A.L	de	Linde AG
A.L	de	Lithium-Ionen-Akkumulator
A.L	de	Lkw-Maut in Deutschland
A.L	de	LobbyControl
A.L	de	Ludwigsfelde
A.L	de	Lufthansa
A.L	de	L’Oréal
A.L	de	MAN
A.L	de	MBtech Group
A.L	de	MLP AG
A.L	de	MTU Aero Engines
A.L	de	MTU Friedrichshafen
A.L	de	Magna International
A.L	de	Manfred Bischoff
A.L	de	Mannesmann
A.L	de	Mannheim
A.L	de	Manufacturing Commercial Vehicles
A.L	de	Maschinenfabrik Esslingen
A.L	de	Maybach-Manufaktur
A.L	de	Maybach-Motorenbau
A.L	de	Mercedes-AMG
A.L	de	Mercedes-Benz
A.L	de	Mercedes-Benz-Bus
A.L	de	Mercedes-Benz-Lkw
A.L	de	Mercedes-Benz (Motorsport)
A.L	de	Mercedes-Benz Bank
A.L	de	Mercedes-Benz Baureihe 639
A.L	de	Mercedes-Benz Cars
A.L	de	Mercedes-Benz Museum
A.L	de	Mercedes-Benz South Africa
A.L	de	Mercedes-Benz Sprinter
A.L	de	Mercedes-Benz U.S. International
A.L	de	Mercedes-Benz Vans
A.L	de	Mercedes-Benz Vario
A.L	de	Mercedes-Benz Vito
A.L	de	Mercedes AMG F1 Team
A.L	de	Mercedes AMG High Performance Powertrains
A.L	de	Merck KGaA
A.L	de	Messerschmitt-Bölkow-Blohm
A.L	de	Metro AG
A.L	de	Mexiko
A.L	de	Mississauga
A.L	de	Mitarbeiter
A.L	de	Mitsubishi Fuso Canter
A.L	de	Mitsubishi Fuso Truck and Bus Corporation
A.L	de	Mitsubishi Motors
A.L	de	Mount Holly (North Carolina)
A.L	de	Moët Hennessy Louis Vuitton
A.L	de	Munich Re
A.L	de	Nagoya
A.L	de	Nakatsu (Kanagawa)
A.L	de	Nixdorf Computer
A.L	de	Nokia
A.L	de	Nutzfahrzeug
A.L	de	Omnibus
A.L	de	Oragadam
A.L	de	Orion (Bus)
A.L	de	Personenkraftwagen
A.L	de	Philips
A.L	de	Plymouth (Automarke)
A.L	de	Portland (Oregon)
A.L	de	Postbank
A.L	de	Preussag
A.L	de	Pune
A.L	de	RWE
A.L	de	Rastatt
A.L	de	Rechtsform
A.L	de	Reisebus
A.L	de	Renault-Nissan
A.L	de	Repsol YPF
A.L	de	Robert Eaton
A.L	de	Russland
A.L	de	SAP
A.L	de	Salzgitter AG
A.L	de	Sankt Petersburg
A.L	de	Sanofi-Aventis
A.L	de	Schneider Electric
A.L	de	Schutzgemeinschaft der Kapitalanleger
A.L	de	Schwarzbuch Markenfirmen
A.L	de	Setra
A.L	de	Siemens
A.L	de	Sindelfingen
A.L	de	Sitz (juristische Person)
A.L	de	Smart (Automarke)
A.L	de	Societe Generale
A.L	de	Spanien
A.L	de	Spiegel Online
A.L	de	Spiegel online
A.L	de	St. Thomas (Ontario)
A.L	de	Stadt des 6. Oktober
A.L	de	Stadtbus (Bauarten)
A.L	de	Stellenabbau
A.L	de	Sterling Trucks
A.L	de	Streumunition
A.L	de	Stuttgart
A.L	de	Stuttgart-Möhringen
A.L	de	Stuttgart-Untertürkheim
A.L	de	Stuttgarter Zeitung
A.L	de	Sutlej Motors
A.L	de	Sámano (Kantabrien)
A.L	de	São Bernardo do Campo
A.L	de	Südafrika
A.L	de	TUI
A.L	de	Telecom Italia
A.L	de	Telefónica
A.L	de	Tesla Motors
A.L	de	Testfahrt
A.L	de	Tetrafluorethan
A.L	de	Thomas Built Buses
A.L	de	ThyssenKrupp
A.L	de	Tognum
A.L	de	Toll Collect
A.L	de	Total (Unternehmen)
A.L	de	Tramagal
A.L	de	TruckWorks
A.L	de	Trägersystem
A.L	de	Tuscaloosa
A.L	de	Tuscaloosa County
A.L	de	Türkei
A.L	de	USA
A.L	de	Ulm
A.L	de	Ungarn
A.L	de	UniCredit Group
A.L	de	Unibail-rodamco
A.L	de	Unilever
A.L	de	Unimog
A.L	de	United States Securities and Exchange Commission
A.L	de	Unternehmensführung
A.L	de	VEBA
A.L	de	VIAG
A.L	de	Vance (Alabama)
A.L	de	Vereinigte Arabische Emirate
A.L	de	Vereinigte Staaten
A.L	de	Vereinigte Staaten von Amerika
A.L	de	Verkehrsunfall auf der Bundesautobahn 5 im Juli 2003
A.L	de	Vietnam
A.L	de	Vinci (Unternehmen)
A.L	de	Vitoria-Gasteiz
A.L	de	Vivendi
A.L	de	Volksrepublik China
A.L	de	Volkswagen
A.L	de	Volkswagen AG
A.L	de	Vorstandsvorsitzender
A.L	de	WKN
A.L	de	Website
A.L	de	Wehrmacht
A.L	de	Welt
A.L	de	Western Star Trucks
A.L	de	Wettbewerbsbehörde
A.L	de	Willys-Overland
A.L	de	Wirtschaftszweig
A.L	de	Wolfgang Bernhard
A.L	de	Wörth am Rhein
A.L	de	Zeit des Nationalsozialismus
A.L	de	Zwangsarbeit
A.L	de	Ägypten
A.L	de	Überlandbus
B.L	fi	1998
B.L	fi	Adidas
B.L	fi	Allianz
B.L	fi	Autoteollisuus
B.L	fi	BASF
B.L	fi	BMW
B.L	fi	Baden-Württemberg
B.L	fi	Bayer
B.L	fi	Beiersdorf
B.L	fi	Berliini
B.L	fi	Chrysler Corporation
B.L	fi	Commerzbank
B.L	fi	DAX-indeksi
B.L	fi	Daimler-Benz
B.L	fi	Daimler Motor Company
B.L	fi	Deutsche Bank
B.L	fi	Deutsche Börse
B.L	fi	Deutsche Post
B.L	fi	Deutsche Telekom
B.L	fi	Dieter Zetsche
B.L	fi	E.ON
B.L	fi	EADS
B.L	fi	Fresenius
B.L	fi	Fresenius Medical Care
B.L	fi	Hannover Re
B.L	fi	Henkel
B.L	fi	K+S
B.L	fi	Kuorma-auto
B.L	fi	Liikevaihto
B.L	fi	Linde
B.L	fi	Lufthansa
B.L	fi	MAN (yritys)
B.L	fi	METRO AG
B.L	fi	Maybach
B.L	fi	Mercedes-Benz
B.L	fi	Merck KGaA
B.L	fi	Munich Re
B.L	fi	RWE
B.L	fi	SAP (yritys)
B.L	fi	Saksa
B.L	fi	Salzgitter (yritys)
B.L	fi	Siemens
B.L	fi	Smart
B.L	fi	Stuttgart
B.L	fi	ThyssenKrupp
B.L	fi	Toimiala
B.L	fi	Toimitusjohtaja
B.L	fi	Volkswagen
B.L	fi	Wikimedia Commons
B.L	fi	Yritys
B.L	fi	Wikipedia:Tynkä
B.L	fi	Luokka:Yritystyngät
B.L	fr	12 novembre
B.L	fr	1998
B.L	fr	1er janvier
B.L	fr	2002
B.L	fr	2003
B.L	fr	2005
B.L	fr	2006
B.L	fr	2008
B.L	fr	7 avril
B.L	fr	7 mai
B.L	fr	Action (finance)
B.L	fr	Adidas
B.L	fr	Afrique du Sud
B.L	fr	Airbus
B.L	fr	Allemagne
B.L	fr	Alliance Renault-Nissan
B.L	fr	Allianz
B.L	fr	Arnaud Lagardère
B.L	fr	Ashok Leyland
B.L	fr	Astra SpA
B.L	fr	Automotive Fuel Cell Cooperation
B.L	fr	Avril 2005
B.L	fr	BASF
B.L	fr	Bayer (entreprise)
B.L	fr	Bayerische Motoren Werke
B.L	fr	Beiersdorf
B.L	fr	Bernhard Walter
B.L	fr	BharatBenz
B.L	fr	Biens et services marchands
B.L	fr	Bourse de Francfort
B.L	fr	Camion
B.L	fr	Cerberus Capital Management
B.L	fr	Changan automobile
B.L	fr	Chef d'entreprise
B.L	fr	Chevrolet
B.L	fr	Chiffre d'affaires
B.L	fr	Chrysler
B.L	fr	Chrysler Corporation
B.L	fr	Chrysler Crossfire
B.L	fr	Commerzbank
B.L	fr	Continental AG
B.L	fr	DAF (entreprise)
B.L	fr	DAX
B.L	fr	Daimler
B.L	fr	Daimler-Benz AG
B.L	fr	Daimler Motor Company
B.L	fr	Detroit Diesel
B.L	fr	Deutsche Bank
B.L	fr	Deutsche Börse
B.L	fr	Deutsche Post
B.L	fr	Deutsche Telekom
B.L	fr	Dieter Zetsche
B.L	fr	Dodge
B.L	fr	Dodge Sprinter
B.L	fr	Dollar américain
B.L	fr	Dongfeng Motor Corporation
B.L	fr	E.ON
B.L	fr	Earl Graves
B.L	fr	Eicher (Fabricant)
B.L	fr	Entreprise nationale des véhicules industriels
B.L	fr	Erich Klemm
B.L	fr	Europe
B.L	fr	European Aeronautic Defence and Space Company
B.L	fr	European aeronautic defence and space company
B.L	fr	FAW Group
B.L	fr	Fiat
B.L	fr	Fiat Group
B.L	fr	Fiat V.I.
B.L	fr	Ford
B.L	fr	Freightliner LLC
B.L	fr	Freightliner Sprinter
B.L	fr	Fresenius
B.L	fr	Fresenius Medical Care
B.L	fr	GAZ (entreprise)
B.L	fr	GMC
B.L	fr	GM Daewoo
B.L	fr	Geely
B.L	fr	General Motors
B.L	fr	Gerd Rheude
B.L	fr	HeidelbergCement
B.L	fr	Heinrich Flegel
B.L	fr	Helmut Lense
B.L	fr	Henkel
B.L	fr	Hilmar Kopper
B.L	fr	Hino Motors
B.L	fr	Histoire des bourses de valeurs
B.L	fr	Honda
B.L	fr	Hongyan
B.L	fr	Hyundai
B.L	fr	Hyundai Motor
B.L	fr	IVECO
B.L	fr	Infineon Technologies
B.L	fr	International trucks
B.L	fr	Isuzu
B.L	fr	Jürgen E. Schrempp
B.L	fr	Jürgen Langer
B.L	fr	K+S
B.L	fr	KamAZ
B.L	fr	Kenworth
B.L	fr	Kirk Kerkorian
B.L	fr	Koweït
B.L	fr	Lanxess
B.L	fr	Leyland
B.L	fr	Libération (journal)
B.L	fr	Linde AG
B.L	fr	Lufthansa
B.L	fr	Lynton Wilson
B.L	fr	MAN (constructeur)
B.L	fr	MAZ
B.L	fr	Mack Trucks
B.L	fr	Manfred Schneider
B.L	fr	Mark Wössner
B.L	fr	Maybach
B.L	fr	Mazda (automobiles)
B.L	fr	McLaren Group
B.L	fr	Mercedes-AMG
B.L	fr	Mercedes-Benz
B.L	fr	Mercedes-Benz Sprinter
B.L	fr	Mercedes-Benz buses
B.L	fr	Mercedes AMG High Performance Powertrains
B.L	fr	Mercedes Grand Prix
B.L	fr	Merck KGaA
B.L	fr	Mitsubishi Fuso
B.L	fr	Mitsubishi Fuso Truck and Bus Corporation
B.L	fr	Mitsubishi Motors
B.L	fr	Monde (univers)
B.L	fr	Munich Re
B.L	fr	Nate Gooden
B.L	fr	Navistar International
B.L	fr	Nissan
B.L	fr	Opel
B.L	fr	Orion Bus
B.L	fr	Orion Bus Industries
B.L	fr	PSA Peugeot Citroën
B.L	fr	Paccar
B.L	fr	Peter Magowan
B.L	fr	Peterbilt
B.L	fr	Pullman (voiture)
B.L	fr	RWE
B.L	fr	Renault
B.L	fr	Renault-Nissan
B.L	fr	Renault Trucks
B.L	fr	Robert Lanigan
B.L	fr	Rocquencourt (Yvelines)
B.L	fr	Résultat net
B.L	fr	SAP (entreprise)
B.L	fr	Scania
B.L	fr	Secteur d'activité
B.L	fr	Setra
B.L	fr	Setra (véhicules)
B.L	fr	Siemens (entreprise)
B.L	fr	Site web
B.L	fr	Siège social
B.L	fr	Smart
B.L	fr	Société anonyme
B.L	fr	Stefan Schwaab
B.L	fr	Sterling Trucks
B.L	fr	Stuttgart
B.L	fr	Suzuki
B.L	fr	Syndrome d'immunodéficience acquise
B.L	fr	Tata Daewoo Commercial Vehicle
B.L	fr	Tata Group
B.L	fr	Tata Motors
B.L	fr	Tatra (entreprise)
B.L	fr	Thomas Built Buses
B.L	fr	Thomas Klebe
B.L	fr	ThyssenKrupp
B.L	fr	Toyota
B.L	fr	Toyota (entreprise)
B.L	fr	UD Trucks
B.L	fr	Udo Richter
B.L	fr	Unimog
B.L	fr	UralAZ
B.L	fr	Volkswagen
B.L	fr	Volkswagen (entreprise)
B.L	fr	Volvo
B.L	fr	Western Star
B.L	fr	William Owens (Daimler)
B.L	fr	Wolf Röder
B.L	fr	Zavod Imeni Likhacheva
B.L	fr	Émirat de Dubaï
B.L	fr	Émirats arabes unis
B.L	fr	États-Unis
B.L	fr	Wikipédia:Citez vos sources
B.L	fr	Modèle:Country data Allemagne
B.L	fr	Modèle:Country data Corée du Sud
B.L	fr	Modèle:Country data Inde
B.L	fr	Modèle:Country data Italie
B.L	fr	Modèle:Country data Japon
B.L	fr	Modèle:Country data Russie
B.L	fr	Modèle:Country data Suède
B.L	fr	Modèle:Country data États-Unis
B.L	fr	Modèle:Infobox Société
B.L	fr	Modèle:Palette Constructeurs automobiles
B.L	fr	Modèle:Palette Constructeurs camions
B.L	fr	Modèle:Palette DAX
B.L	fr	Modèle:Palette Daimler AG
B.L	fr	Discussion modèle:Palette Constructeurs automobiles
B.L	fr	Discussion modèle:Palette Constructeurs camions
B.L	fr	Discussion modèle:Palette DAX
B.L	fr	Discussion modèle:Palette Daimler AG
B.L	fr	Aide:Homonymie
B.L	fr	Aide:Note
B.L	fr	Aide:Redirection
B.L	fr	Catégorie:Article manquant de référence depuis juillet 2008
B.L	fr	Catégorie:Entreprise par date de fondation
B.L	fr	Catégorie:Forme juridique des entreprises
B.L	fr	Catégorie:Portail:Allemagne/Articles liés
B.L	fr	Catégorie:Portail:Automobile/Articles liés
B.L	fr	Catégorie:Portail:Entreprises/Articles liés
B.L	fr	Portail:Allemagne
B.L	fr	Portail:Automobile
B.L	fr	Portail:Entreprises
B.L	he	1998
B.L	he	EADS
B.L	he	אירבוס
B.L	he	גרמניה
B.L	he	יונדאי
B.L	he	יפן
B.L	he	מייבאך
B.L	he	מיצובישי
B.L	he	מיצובישי פוזו
B.L	he	מקלארן
B.L	he	מרצדס
B.L	he	מרצדס-בנץ
B.L	he	מרצדס AMG
B.L	he	סווטש
B.L	he	סמארט
B.L	he	פרייטליינר
B.L	he	פשיטת רגל
B.L	he	קוריאה
B.L	he	קרייזלר
B.L	he	קרן השקעות פרטיות
B.L	he	רכב
B.L	fa	آئودی
B.L	fa	آدیداس
B.L	fa	آرسلور میتال
B.L	fa	آرو
B.L	fa	آریل (خودرو)
B.L	fa	آسکاری
B.L	fa	آسیا
B.L	fa	آلفا رومئو
B.L	fa	آلمان
B.L	fa	آلمانی
B.L	fa	آلیانتس
B.L	fa	آمریکای شمالی
B.L	fa	آنادول
B.L	fa	آنهویزر-بوش انبیو
B.L	fa	آوتوواز
B.L	fa	آکسا
B.L	fa	ا.آن
B.L	fa	ار وه ئه
B.L	fa	اروپا
B.L	fa	اس آ پ
B.L	fa	استون مارتین
B.L	fa	اسمارت
B.L	fa	اسکانیا
B.L	fa	اسیلور
B.L	fa	اشتوتگارت
B.L	fa	اشنایدر الکتریک
B.L	fa	اشکودا
B.L	fa	اقیانوسیه
B.L	fa	ال و ام هاش
B.L	fa	ام آ ان
B.L	fa	ام‌جی کارز
B.L	fa	انل
B.L	fa	انی
B.L	fa	اواز
B.L	fa	اولدزموبیل
B.L	fa	اپترا موتورز
B.L	fa	اکیورا
B.L	fa	ایبردرولا
B.L	fa	ایر لیکوئید
B.L	fa	ایران خودرو
B.L	fa	ایسوزو
B.L	fa	ایشیا موتورز
B.L	fa	اینتسا سانپائولو
B.L	fa	ایندیتکس
B.L	fa	اینفینئون
B.L	fa	اینفینیتی
B.L	fa	ایوکو
B.L	fa	ای‌اس‌ام‌ال هولدینگ
B.L	fa	ب آ اس اف
B.L	fa	ب ام و
B.L	fa	ب ان پ پاریبا
B.L	fa	بانکو بیلبائو
B.L	fa	بایر (شرکت)
B.L	fa	بایرسدورف
B.L	fa	بریتانیایی
B.L	fa	بریتیش لیلاند
B.L	fa	بریلیانس
B.L	fa	بنتلی
B.L	fa	بوگاتی
B.L	fa	بیوک
B.L	fa	بی‌ام‌سی
B.L	fa	بی‌ام‌سی (ترکیه)
B.L	fa	بی‌وای‌دی خودرو
B.L	fa	تاتا موتورز
B.L	fa	تسلا موتورز
B.L	fa	تلفونیکا
B.L	fa	توتال
B.L	fa	توفاش
B.L	fa	تویوتا
B.L	fa	تیسن‌کروپ
B.L	fa	جنرالی
B.L	fa	جگوار (خودرو)
B.L	fa	جیلی
B.L	fa	جیپ
B.L	fa	جی‌ام کره
B.L	fa	جی‌ام‌سی
B.L	fa	جی‌ای‌سی
B.L	fa	خدمات مالی دایملر
B.L	fa	خودرو
B.L	fa	داتسون
B.L	fa	داف
B.L	fa	دانون
B.L	fa	داچیا
B.L	fa	دایملر موتور کمپانی
B.L	fa	دایهاتسو
B.L	fa	دتوماسو
B.L	fa	درآمد
B.L	fa	دوج
B.L	fa	دوو باس
B.L	fa	دویچه بانک
B.L	fa	دویچه بورزه
B.L	fa	دویچه تلکوم
B.L	fa	دویچه پست
B.L	fa	رخش خودرو دیزل
B.L	fa	رنو
B.L	fa	رنو سامسونگ موتورز
B.L	fa	روا (شرکت خودرو)
B.L	fa	رولز-رویس موتور کارز
B.L	fa	روور
B.L	fa	رپسول
B.L	fa	زاستاوا
B.L	fa	زبان آلمانی
B.L	fa	زیمنس
B.L	fa	ساب
B.L	fa	ساترن (شرکت)
B.L	fa	سانتاندر گروپ
B.L	fa	سانوفی
B.L	fa	سانگ‌یونگ
B.L	fa	سایون
B.L	fa	سایپا
B.L	fa	سایپا دیزل
B.L	fa	سن-گوبن
B.L	fa	سوبارو
B.L	fa	سوزوکی
B.L	fa	سوسیته ژنرال
B.L	fa	سیات
B.L	fa	سیتروئن
B.L	fa	سی‌آراچ
B.L	fa	شرکت خودروسازی اپل
B.L	fa	شرکت دانگفنگ موتور
B.L	fa	شرکت سهامی عام
B.L	fa	شرکت صنایع خودروسازی شانگهای
B.L	fa	شورولت
B.L	fa	صنایع خودروسازی
B.L	fa	صنایع سنگین فوجی
B.L	fa	فراری
B.L	fa	فرانس تلکوم
B.L	fa	فرزنیوس
B.L	fa	فرزنیوس مدیکال کر
B.L	fa	فورد
B.L	fa	فولکس‌واگن
B.L	fa	فیات
B.L	fa	فیسکر آتوموتیو
B.L	fa	فیلیپس
B.L	fa	لادا
B.L	fa	لامبورگینی
B.L	fa	لانچیا
B.L	fa	لانکسس
B.L	fa	لندرور
B.L	fa	لوتوس کارز
B.L	fa	لورئال
B.L	fa	لوفت‌هانزا
B.L	fa	لکسوس
B.L	fa	لیلاند موتورز
B.L	fa	لینده
B.L	fa	لینکلن (شرکت)
B.L	fa	ماروتی سوزوکی
B.L	fa	مازراتی
B.L	fa	ماهیندرا
B.L	fa	ماک
B.L	fa	مایباخ
B.L	fa	مرسدس بنز
B.L	fa	مرک
B.L	fa	مرکوری (خودرو)
B.L	fa	مزدا
B.L	fa	مورگان
B.L	fa	مک‌لارن
B.L	fa	میتسوبیشی موتورز
B.L	fa	میلیارد
B.L	fa	مینی (بی‌ام‌و)
B.L	fa	میونیک ره
B.L	fa	نوکیا
B.L	fa	نیسان
B.L	fa	هالدن
B.L	fa	هامر
B.L	fa	هایدلبرگ‌سمنت
B.L	fa	هندوستان (شرکت خودرو)
B.L	fa	هنکل
B.L	fa	هوندا
B.L	fa	هیوندای موتور
B.L	fa	وابیس
B.L	fa	وارتبورگ
B.L	fa	واکسهال
B.L	fa	وب‌گاه
B.L	fa	ولوو
B.L	fa	وینچی
B.L	fa	ویوندی
B.L	fa	پارس خودرو
B.L	fa	پانوز
B.L	fa	پاگانی
B.L	fa	پروتو موتورز
B.L	fa	پروتون (خودرو)
B.L	fa	پرودوآ
B.L	fa	پورشه
B.L	fa	پونتیاک
B.L	fa	پژو
B.L	fa	پژو سیتروئن
B.L	fa	پکن (شرکت خودرو)
B.L	fa	پینینفارینا
B.L	fa	چانگان موتورز
B.L	fa	چری (خودرو)
B.L	fa	ژ د اف سوئز
B.L	fa	کا+اس
B.L	fa	کادیلاک
B.L	fa	کارفور
B.L	fa	کارل بنز
B.L	fa	کاماز
B.L	fa	کرایسلر
B.L	fa	کرمان خودرو
B.L	fa	کنوورث
B.L	fa	کومرتس‌بانک
B.L	fa	کونتیننتال آ گ
B.L	fa	کیا موتورز
B.L	fa	گاز (خودرو)
B.L	fa	گروه فاو
B.L	fa	گروه فولکس‌واگن
B.L	fa	گریت وال موتور
B.L	fa	یاماها موتور
B.L	fa	یورو
B.L	fa	یورو استاکس ۵۰
B.L	fa	یونیبیل-رودآمکو
B.L	fa	یونیلیور
B.L	fa	یونی‌کردیت
B.L	fa	الگو:برندهای خودرو
B.L	fa	الگو:شرکت‌های دکس
B.L	fa	الگو:شرکت‌های یورو استاکس ۵۰
B.L	fa	بحث الگو:برندهای خودرو
B.L	fa	بحث الگو:شرکت‌های دکس
B.L	fa	بحث الگو:شرکت‌های یورو استاکس ۵۰
B.L	el	12 Νοεμβρίου
B.L	el	1883
B.L	el	1890
B.L	el	18 Νοεμβρίου
B.L	el	1924
B.L	el	1926
B.L	el	1998
B.L	el	1 Ιανουαρίου
B.L	el	2000
B.L	el	2001
B.L	el	2002
B.L	el	2003
B.L	el	2004
B.L	el	2005
B.L	el	2006
B.L	el	2007
B.L	el	28 Ιουνίου
B.L	el	7 Μαΐου
B.L	el	Airbus
B.L	el	Automotive Fuel Cell Cooperation
B.L	el	Chrysler
B.L	el	Chrysler Crossfire
B.L	el	Daimler-Benz
B.L	el	Detroit Diesel
B.L	el	Dodge
B.L	el	EADS
B.L	el	ECHOLINE
B.L	el	EVolution
B.L	el	EvoBus
B.L	el	Freightliner (truck)
B.L	el	Freightliner Trucks
B.L	el	General Motors
B.L	el	Hyundai Motor Company
B.L	el	Jeep
B.L	el	Kamaz
B.L	el	Manufacturing Commercial Vehicles
B.L	el	Master Motors
B.L	el	Maybach
B.L	el	Mercedes-AMG
B.L	el	Mercedes-Benz
B.L	el	Mercedes GP
B.L	el	Mitsubishi Fuso Truck and Bus Corporation
B.L	el	Mitsubishi Motors
B.L	el	Orion International
B.L	el	Setra
B.L	el	Smart (αυτοκινητοβιομηχανία)
B.L	el	Sterling Trucks
B.L	el	Tata Motors
B.L	el	Tesla Motors
B.L	el	Thomas Built Buses
B.L	el	Tognum
B.L	el	Unimog
B.L	el	Western Star Trucks
B.L	el	Βίλχελμ Μάιμπαχ
B.L	el	Γερμανία
B.L	el	Γκότλιμπ Ντάιμλερ
B.L	el	Ιαπωνία
B.L	el	Κράισλερ
B.L	el	Μιτσουμπίσι Μότορς
B.L	el	Νότια Κορέα
B.L	el	Στουτγάρδη
B.L	el	Στουτγκάρδη
B.L	el	Βικιπαίδεια:Επαληθευσιμότητα
B.L	el	Βικιπαίδεια:Παράθεση πηγών
B.L	el	Πρότυπο:Daimler
B.L	el	Συζήτηση προτύπου:Daimler
B.L	eo	Akcia kompanio
B.L	eo	Benzinmotoro
B.L	eo	Chrysler
B.L	eo	Deutsche Bank
B.L	eo	ECHOLINE
B.L	eo	EVolution
B.L	eo	Ekonomiko
B.L	eo	Eŭro
B.L	eo	Eŭropa Unio
B.L	eo	Freightliner
B.L	eo	Gottlieb Daimler
B.L	eo	Hanomag-Henschel
B.L	eo	Manufacturing Commercial Vehicles
B.L	eo	Maybach
B.L	eo	Mercedes-AMG
B.L	eo	Mercedes-Benz
B.L	eo	Mitsubishi Fuso Truck and Bus
B.L	eo	Orion Bus
B.L	eo	Setra
B.L	eo	Smart
B.L	eo	Sparkilo
B.L	eo	Sterling Trucks
B.L	eo	Stuttgart
B.L	eo	Thomas Built Buses
B.L	eo	Unimog
B.L	eo	Western Star Trucks
B.L	eo	Vikipedio:La perfekta ĝermo de artikolo
B.L	eo	Vikipedio:Trovi aŭ kreskigi ĝermojn
B.L	en	ASML Holding
B.L	en	AXA
B.L	en	Active Cylinder Control
B.L	en	Adidas
B.L	en	Affiliates
B.L	en	Air Liquide
B.L	en	Airbus
B.L	en	Aktiengesellschaft
B.L	en	Alliance Truck Parts
B.L	en	Allianz
B.L	en	American Motors
B.L	en	Andreas Renschler
B.L	en	Anheuser-Busch InBev
B.L	en	Ansgar Osseforth
B.L	en	Arcelor Mittal
B.L	en	Archer Daniels Midland Company
B.L	en	Arnaud Lagardère
B.L	en	Asset
B.L	en	Assicurazioni Generali
B.L	en	Automaker
B.L	en	Automobile
B.L	en	Automobiles
B.L	en	Automotive Fuel Cell Cooperation
B.L	en	Automotive industry
B.L	en	BASF
B.L	en	BBVA
B.L	en	BMW
B.L	en	BNP Paribas
B.L	en	Banco Santander
B.L	en	Barreiros (manufacturer)
B.L	en	Bayer AG
B.L	en	Bayer CropScience
B.L	en	Beiersdorf
B.L	en	Beijing Benz
B.L	en	Berlin
B.L	en	Bernhard Walter
B.L	en	BharatBenz
B.L	en	Big Three (automobile manufacturers)
B.L	en	Biofuel
B.L	en	BlueTec
B.L	en	Brawn GP
B.L	en	Bribery
B.L	en	Bus
B.L	en	BusinessWeek
B.L	en	C. Robert Kidder
B.L	en	CRH plc
B.L	en	Carlos Ghosn
B.L	en	Carrefour
B.L	en	Cerberus Capital Management
B.L	en	Chairman
B.L	en	Charging station
B.L	en	Chief executive officer
B.L	en	Chrysler
B.L	en	Chrysler-Plymouth
B.L	en	Chrysler (division)
B.L	en	Chrysler Australia
B.L	en	Chrysler Building
B.L	en	Chrysler Canada
B.L	en	Chrysler Chapter 11 reorganization
B.L	en	Chrysler Classic Racing
B.L	en	Chrysler Crossfire
B.L	en	Chrysler Europe
B.L	en	Chrysler Headquarters and Technology Center
B.L	en	Chrysler Hemi engine
B.L	en	Chrysler Pentastar engine
B.L	en	Chrysler Proving Grounds
B.L	en	Chrysler UK
B.L	en	Class action
B.L	en	Clemens Börsig
B.L	en	Commer
B.L	en	Commercial vehicle
B.L	en	Commerzbank
B.L	en	Continental AG
B.L	en	Contract
B.L	en	DAX
B.L	en	Daimler-Benz
B.L	en	Daimler-Benz InterServices AG (Debis)
B.L	en	DaimlerChrysler-Mitsubishi alliance
B.L	en	Daimler China
B.L	en	Daimler Chrysler
B.L	en	Daimler Company
B.L	en	Daimler Financial Services
B.L	en	Daimler India
B.L	en	Daimler India Commercial Vehicles Pvt. ltd.
B.L	en	Daimler Japan
B.L	en	Daimler Motoren Gesellschaft
B.L	en	Daimler Trucks
B.L	en	DeSoto (automobile)
B.L	en	Deferred prosecution
B.L	en	Denza
B.L	en	Detroit Diesel
B.L	en	Deutsche Bank
B.L	en	Deutsche Börse
B.L	en	Deutsche Post
B.L	en	Deutsche Telekom
B.L	en	Diamond-Star Motors
B.L	en	Dieter Zetsche
B.L	en	Division (business)
B.L	en	Dodge
B.L	en	Dodge Sprinter
B.L	en	E.ON
B.L	en	EADS
B.L	en	EUROSTAR
B.L	en	Eagle (automobile)
B.L	en	Earnings before interest and taxes
B.L	en	Enel
B.L	en	Engine Holding
B.L	en	Eni
B.L	en	Envi (automobile)
B.L	en	Equity (finance)
B.L	en	Erich Klemm
B.L	en	Essilor
B.L	en	Euro
B.L	en	Euro Stoxx 50
B.L	en	Europe
B.L	en	EvoBus
B.L	en	Fargo Trucks
B.L	en	Federal Bureau of Investigation
B.L	en	Fiat
B.L	en	Fiat SpA
B.L	en	Foreign Corrupt Practices Act
B.L	en	France
B.L	en	France Télécom
B.L	en	Frankfurt Stock Exchange
B.L	en	Freightliner LLC
B.L	en	Freightliner Sprinter
B.L	en	Freightliner Trucks
B.L	en	Fresenius (company)
B.L	en	Fresenius Medical Care
B.L	en	Fujian Benz
B.L	en	GDF Suez
B.L	en	General Motors
B.L	en	Germany
B.L	en	Global Electric Motorcars
B.L	en	Global Engine Manufacturing Alliance
B.L	en	Gottlieb Daimler
B.L	en	Groupe Danone
B.L	en	Handelsblatt
B.L	en	Hans Scherenberg
B.L	en	HeidelbergCement
B.L	en	Heinrich Flegel
B.L	en	Helmut Lense
B.L	en	Henkel
B.L	en	Hillman
B.L	en	History of Chrysler
B.L	en	Humber (car)
B.L	en	Hyundai Motor Company
B.L	en	Iberdrola
B.L	en	Imperial (automobile)
B.L	en	Inditex
B.L	en	Infineon Technologies
B.L	en	Institutional investor
B.L	en	Intesa Sanpaolo
B.L	en	Iraq
B.L	en	Italy
B.L	en	Japan
B.L	en	Jatropha curcas
B.L	en	Jeep
B.L	en	Jeep Grand Cherokee
B.L	en	Joachim Zahn
B.L	en	Juergen Hambrecht
B.L	en	Jürgen E. Schrempp
B.L	en	Jürgen Langer
B.L	en	K+S
B.L	en	KAMAZ
B.L	en	Kamaz
B.L	en	Karl Benz
B.L	en	Karl Wilfert
B.L	en	Karrier
B.L	en	Kickbacks
B.L	en	Kirk Kerkorian
B.L	en	Kuwait
B.L	en	Kuwait Investment Authority
B.L	en	L'Oréal
B.L	en	LVMH
B.L	en	Lancia
B.L	en	Lanxess
B.L	en	Lee Iacocca
B.L	en	List of Chrysler engines
B.L	en	List of Chrysler factories
B.L	en	List of Chrysler platforms
B.L	en	List of Chrysler transmissions
B.L	en	List of Chrysler vehicles
B.L	en	Louis J. Freeh
B.L	en	Louis Rhodes
B.L	en	Lufthansa
B.L	en	Lynton Wilson
B.L	en	Manfred Bischoff
B.L	en	Manfred Schneider
B.L	en	Manifesto
B.L	en	Manufacturing Commercial Vehicles
B.L	en	Mark Wössner
B.L	en	Marque
B.L	en	Master Motors
B.L	en	Maybach
B.L	en	McLaren
B.L	en	Mercedes-AMG
B.L	en	Mercedes-Benz
B.L	en	Mercedes-Benz Bank
B.L	en	Mercedes-Benz Buses
B.L	en	Mercedes-Benz Canada
B.L	en	Mercedes-Benz India
B.L	en	Mercedes-Benz Japan
B.L	en	Mercedes-Benz M-Class
B.L	en	Mercedes-Benz Mexico
B.L	en	Mercedes-Benz North America
B.L	en	Mercedes-Benz S 400 HYBRID
B.L	en	Mercedes-Benz Sprinter
B.L	en	Mercedes-Benz USA
B.L	en	Mercedes-Benz buses
B.L	en	Mercedes-Benz in Formula One
B.L	en	Mercedes AMG High Performance Powertrains
B.L	en	Mercedes GP
B.L	en	Merck KGaA
B.L	en	Mitsubishi Fuso Truck and Bus Corporation
B.L	en	Mopar
B.L	en	Multinational corporation
B.L	en	Munich Re
B.L	en	NYSE
B.L	en	Net income
B.L	en	Nissan
B.L	en	Nokia
B.L	en	Offshore bank
B.L	en	Oil-for-Food Programme
B.L	en	Orion Bus Industries
B.L	en	Orion International
B.L	en	Philips
B.L	en	Plymouth (automobile)
B.L	en	Political corruption
B.L	en	Private investors
B.L	en	R/T
B.L	en	RWE
B.L	en	Ram Trucks
B.L	en	Renault
B.L	en	Renault-Nissan Alliance
B.L	en	Repsol S.A.
B.L	en	Richard J. Leon
B.L	en	Robert Khuzami
B.L	en	Ruhnama
B.L	en	SAP AG
B.L	en	Saddam Hussein
B.L	en	Saint-Gobain
B.L	en	Sanofi
B.L	en	Saparmurat Niyazov
B.L	en	Sari Baldauf
B.L	en	Schneider Electric
B.L	en	Sergio Marchionne
B.L	en	Setra
B.L	en	Settlement (litigation)
B.L	en	Shareholdings
B.L	en	Shell companies
B.L	en	Siemens
B.L	en	Simca
B.L	en	Singer (car)
B.L	en	Smart (automobile)
B.L	en	Smart ED
B.L	en	Société Générale
B.L	en	South America
B.L	en	Stefan Schwaab
B.L	en	Sterling Trucks
B.L	en	Stock exchanges
B.L	en	Street and Racing Technology
B.L	en	Stuttgart
B.L	en	Subsidiaries
B.L	en	Subsidiary
B.L	en	Sunbeam (car company)
B.L	en	Supervisory board
B.L	en	TD Auto Finance
B.L	en	Tata Group
B.L	en	Tata Motors
B.L	en	Telefónica
B.L	en	Tesla Motors
B.L	en	The Linde Group
B.L	en	Thomas Built Buses
B.L	en	Thomas Klebe
B.L	en	Thomas W. LaSorda
B.L	en	ThyssenKrupp
B.L	en	Ticker symbol
B.L	en	Tognum
B.L	en	Total SA
B.L	en	Turkmenbashi (disambiguation)
B.L	en	Turkmenistan
B.L	en	Types of business entity
B.L	en	U.S. Justice Department
B.L	en	U.S. Securities and Exchange Commission
B.L	en	UniCredit
B.L	en	Unibail-Rodamco
B.L	en	Unilever
B.L	en	United States Council for Automotive Research
B.L	en	United States District Court for the District of Columbia
B.L	en	Uwe Werner
B.L	en	Valiant (automobile)
B.L	en	Valter Sanches
B.L	en	Vinci (construction)
B.L	en	Vivendi
B.L	en	Volkswagen
B.L	en	Volkswagen Group
B.L	en	Walter Chrysler
B.L	en	Washington, D.C.
B.L	en	Western Star Trucks
B.L	en	Whistleblower
B.L	en	Wilhelm Maybach
B.L	en	William Owens (businessman)
B.L	en	Wolfgang Bernhard
B.L	en	Talk:Daimler AG
B.L	en	Wikipedia:Citation needed
B.L	en	Wikipedia:Disputed statement
B.L	en	Wikipedia:Link rot
B.L	en	Wikipedia:Media help
B.L	en	File:Daimler AG.ogg
B.L	en	Template:Chrysler Group LLC
B.L	en	Template:DAX companies
B.L	en	Template:Daimler AG
B.L	en	Template:Euro Stoxx 50 Companies
B.L	en	Template talk:Chrysler Group LLC
B.L	en	Template talk:DAX companies
B.L	en	Template talk:Daimler AG
B.L	en	Template talk:Euro Stoxx 50 Companies
B.L	en	Help:IPA for German
B.L	en	Category:Articles with dead external links from May 2009
B.L	en	Category:Articles with dead external links from October 2010
B.L	en	Category:Articles with dead external links from September 2010
B.L	en	Category:Articles with disputed statements from September 2012
B.L	en	Category:Articles with unsourced statements from September 2012
B.L	en	Category:Chrysler
B.L	en	Category:Chrysler people
B.L	en	Category:Daimler AG
B.L	et	Adidas
B.L	et	Allianz
B.L	et	BASF
B.L	et	BMW
B.L	et	Bayer
B.L	et	Beiersdorf AG
B.L	et	Commerzbank
B.L	et	DAX
B.L	et	Deutsche Bank
B.L	et	Deutsche Börse
B.L	et	Deutsche Post
B.L	et	Deutsche Telekom
B.L	et	E.ON
B.L	et	Frankfurdi börs
B.L	et	Fresenius
B.L	et	Fresenius Medical Care
B.L	et	HeidelbergCement
B.L	et	Henkel
B.L	et	Infineon Technologies
B.L	et	K+S
B.L	et	Lufthansa
B.L	et	MAN SE
B.L	et	Mercedes-Benz
B.L	et	Merck KGaA
B.L	et	Metro AG
B.L	et	Munich Re
B.L	et	RWE
B.L	et	SAP
B.L	et	Saksamaa
B.L	et	Siemens
B.L	et	The Linde Group
B.L	et	ThyssenKrupp
B.L	et	Volkswagen Group
B.L	es	1885
B.L	es	1886
B.L	es	1902
B.L	es	1906
B.L	es	1909
B.L	es	1924
B.L	es	1929
B.L	es	1981
B.L	es	1998
B.L	es	2007
B.L	es	Actros
B.L	es	Affalterbach
B.L	es	Aksaray
B.L	es	Alemania
B.L	es	Argentina
B.L	es	Atego
B.L	es	Austria
B.L	es	Automóvil
B.L	es	Axor
B.L	es	Berlín
B.L	es	Brasil
B.L	es	Bremen
B.L	es	Buenos Aires
B.L	es	Cerberus
B.L	es	Chakan
B.L	es	Charleston
B.L	es	Chasis
B.L	es	Chennai
B.L	es	Chrysler
B.L	es	Chrysler Corporation
B.L	es	Chrysler LLC
B.L	es	Cleveland
B.L	es	Daimler-Benz AG
B.L	es	DaimlerChrysler
B.L	es	DaimlerChrysler AG
B.L	es	Dassenberg
B.L	es	Detroit
B.L	es	Dirección (automóvil)
B.L	es	Dodge
B.L	es	Düsseldorf
B.L	es	EGR
B.L	es	East London
B.L	es	Eje (mecánica)
B.L	es	España
B.L	es	Estados Unidos
B.L	es	Francia
B.L	es	Freightliner
B.L	es	Fuzhou
B.L	es	Gaffney
B.L	es	Gastonia
B.L	es	General Motors
B.L	es	Hambach
B.L	es	Hamburgo
B.L	es	High Point
B.L	es	Hungría
B.L	es	India
B.L	es	Industria
B.L	es	Industria automovilística
B.L	es	Inglés
B.L	es	Inyección de combustible
B.L	es	Japón
B.L	es	Jeep
B.L	es	Juiz de Fora
B.L	es	Kanagawa
B.L	es	Kassel
B.L	es	Kecskemét
B.L	es	Kölleda
B.L	es	Logan Township
B.L	es	Ludwigsfelde
B.L	es	Mannheim
B.L	es	Maybach
B.L	es	Maybach 57 y 62
B.L	es	Mercedes-Benz
B.L	es	Mercedes-Benz Clase A
B.L	es	Mercedes-Benz Clase B
B.L	es	Mercedes-Benz Clase C
B.L	es	Mercedes-Benz Clase CL
B.L	es	Mercedes-Benz Clase CLK
B.L	es	Mercedes-Benz Clase CLS
B.L	es	Mercedes-Benz Clase E
B.L	es	Mercedes-Benz Clase GLK
B.L	es	Mercedes-Benz Clase R
B.L	es	Mercedes-Benz Clase S
B.L	es	Mercedes-Benz Clase SL
B.L	es	Mercedes-Benz Clase SLK
B.L	es	Mercedes-Benz Clase SLS
B.L	es	Mercedes-Benz Sprinter
B.L	es	Mercedes-Benz Viano
B.L	es	Mitsubishi Motors
B.L	es	Molsheim
B.L	es	Mondialogo School Contest
B.L	es	Motor
B.L	es	Mount Holly
B.L	es	México
B.L	es	Niza
B.L	es	Pekín
B.L	es	Portland
B.L	es	Portugal
B.L	es	Rastatt
B.L	es	República Popular China
B.L	es	Saltillo
B.L	es	Santiago Tianguistenco
B.L	es	Sindelfingen
B.L	es	Sitio web
B.L	es	Smart
B.L	es	Smart Forfour
B.L	es	Smart Forfour elecrtic drive
B.L	es	Stuttgart
B.L	es	Sudáfrica
B.L	es	Tochigi
B.L	es	Toluca
B.L	es	Toyama
B.L	es	Toyota
B.L	es	Tramagal
B.L	es	Transmisión mecánica
B.L	es	Turquía
B.L	es	Tuscaloosa
B.L	es	Unesco
B.L	es	Unimog
B.L	es	Vitoria
B.L	es	Wikimedia Commons
B.L	es	Woerth am Rhein
B.L	es	€
B.L	ca	1885
B.L	ca	1886
B.L	ca	Aabar Investments
B.L	ca	Aktiengesellschaft
B.L	ca	Alemanya
B.L	ca	Automòbil
B.L	ca	Borsa de Frankfurt
B.L	ca	Chairman
B.L	ca	Chrysler
B.L	ca	Chrysler LLC
B.L	ca	Daimler-Benz
B.L	ca	Daimler Financial Services
B.L	ca	Dieter Zetsche
B.L	ca	Dodge
B.L	ca	Euro
B.L	ca	General Motors
B.L	ca	Gottlieb Daimler
B.L	ca	Ingressos nets
B.L	ca	Jeep
B.L	ca	Karl Benz
B.L	ca	Kuwait Investment Authority
B.L	ca	Manfred Bischoff
B.L	ca	Maybach
B.L	ca	Mercedes-Benz
B.L	ca	Mitsubishi Motors
B.L	ca	Mondialogo School Contest
B.L	ca	Producte (màrqueting)
B.L	ca	Renault-Nissan Alliance
B.L	ca	Smart
B.L	ca	Stuttgart
B.L	ca	Tipus d'entitat empresarial
B.L	ca	Toyota
B.L	ca	Unesco
B.L	ca	Vehicle comercial
B.L	ca	Wilhelm Maybach
B.L	bs	1883
B.L	bs	1998
B.L	bs	Adidas
B.L	bs	Allianz
B.L	bs	Azija
B.L	bs	BASF
B.L	bs	BMW
B.L	bs	Bayer AG
B.L	bs	Beiersdorf
B.L	bs	Chrysler
B.L	bs	Chrysler Corporation
B.L	bs	Commerzbank
B.L	bs	DAX
B.L	bs	Daimler-Benz
B.L	bs	Deutsche Bank
B.L	bs	Deutsche Börse
B.L	bs	Deutsche Post
B.L	bs	Deutsche Telekom
B.L	bs	Dodge
B.L	bs	E.ON
B.L	bs	Euro
B.L	bs	Fresenius (company)
B.L	bs	Fresenius Medical Care
B.L	bs	HeidelbergCement
B.L	bs	Henkel
B.L	bs	Hyundai
B.L	bs	Infineon Technologies
B.L	bs	Jeep
B.L	bs	K+S
B.L	bs	Lufthansa
B.L	bs	MAN SE
B.L	bs	Maybach
B.L	bs	Mercedes-Benz
B.L	bs	Merck KGaA
B.L	bs	Metro AG
B.L	bs	Mitsubishi
B.L	bs	Munich Re
B.L	bs	Njemačka
B.L	bs	RWE
B.L	bs	SAP AG
B.L	bs	Siemens
B.L	bs	Sjedinjene Američke Države
B.L	bs	Smart
B.L	bs	Stuttgart
B.L	bs	The Linde Group
B.L	bs	ThyssenKrupp
B.L	bs	Volkswagen Group
B.L	bs	Zastava Njemačke
B.L	bs	Šablon:DAX kompanije
B.L	bs	Razgovor o šablonu:DAX kompanije
B.L	bg	1883
B.L	bg	Автомобил
B.L	bg	Баден-Вюртемберг
B.L	bg	Германия
B.L	bg	Даймлер-Моторен
B.L	bg	Двигател
B.L	bg	Додж
B.L	bg	Евро
B.L	bg	Крайслер
B.L	bg	Майбах
B.L	bg	Мерцедес-Бенц
B.L	bg	Предприятие
B.L	bg	Сетра
B.L	bg	Смарт
B.L	bg	Стерлинг (автомобил)
B.L	bg	Фрайтлайнер
B.L	bg	Щутгарт
B.L	bg	Уикипедия:Мъниче
B.L	be	1883
B.L	be	2006
B.L	be	2011
B.L	be	AXA
B.L	be	Adidas
B.L	be	Aegon
B.L	be	Air Liquide
B.L	be	Alcatel-Lucent
B.L	be	Allianz
B.L	be	ArcelorMittal
B.L	be	Assicurazioni Generali
B.L	be	BASF
B.L	be	BBVA
B.L	be	BMW
B.L	be	BNP Paribas
B.L	be	Bayer
B.L	be	Beiersdorf
B.L	be	Bertrandt
B.L	be	Carrefour
B.L	be	Commerzbank
B.L	be	Crédit Agricole
B.L	be	DAX
B.L	be	Daimler Dernburg Wagen
B.L	be	Daimler Fleet Management GmbH
B.L	be	Daimler Truck Financial
B.L	be	Daimler Trucks Government Vehicles
B.L	be	Daimler Trucks North America LLC
B.L	be	Daimler Trucks Remarketing Corporation (DTRC)
B.L	be	Danone
B.L	be	Detroit Diesel
B.L	be	Deutsche Bank
B.L	be	Deutsche Börse
B.L	be	Deutsche Post
B.L	be	Deutsche Telekom
B.L	be	Dow Jones Euro Stoxx 50
B.L	be	E.ON
B.L	be	ENEL
B.L	be	Eni
B.L	be	Fortis
B.L	be	France Télécom
B.L	be	Freightliner
B.L	be	Freightliner Custom Chassis Corporation (FCCC)
B.L	be	Fresenius
B.L	be	Fresenius SE
B.L	be	GDF Suez
B.L	be	Grupo Santander
B.L	be	Hannover Re
B.L	be	Henkel
B.L	be	ING Groep N.V.
B.L	be	Iberdrola
B.L	be	Intesa Sanpaolo
B.L	be	K+S
B.L	be	L'Oréal
B.L	be	LVMH
B.L	be	Lufthansa
B.L	be	MAN
B.L	be	Maybach
B.L	be	Mercedes-AMG
B.L	be	Mercedes-Benz
B.L	be	Mercedes-Benz Bank AG
B.L	be	Mercedes-Benz Financial
B.L	be	Merck KGaA
B.L	be	Metro AG
B.L	be	Mitsubishi Fuso
B.L	be	Munich Re
B.L	be	Nokia
B.L	be	Orion Bus Industries
B.L	be	Philips
B.L	be	RWE
B.L	be	Renault
B.L	be	Repsol YPF
B.L	be	SAP
B.L	be	Saint-Gobain
B.L	be	Salzgitter AG
B.L	be	Sanofi-Aventis
B.L	be	Schneider Electric
B.L	be	Setra
B.L	be	Siemens
B.L	be	Smart (аўтамабільная марка)
B.L	be	Société Générale
B.L	be	Sterling trucks
B.L	be	Telecom Italia
B.L	be	Telefónica
B.L	be	The Linde Group
B.L	be	Thomas Built Buses
B.L	be	ThyssenKrupp
B.L	be	Total
B.L	be	UniCredit
B.L	be	Unilever
B.L	be	Vinci
B.L	be	Vivendi
B.L	be	Volkswagen Group
B.L	be	Western Star Trucks
B.L	be	Італьянская фондавая біржа
B.L	be	Акцыянернае таварыства
B.L	be	Аўтамабільная прамысловасць
B.L	be	Аўтобус
B.L	be	Бадэн-Вюртэмберг
B.L	be	Выручка
B.L	be	Германія
B.L	be	Грузавы аўтамабіль
B.L	be	Дзітэр Цэтшэ
B.L	be	Еўра
B.L	be	Канцэрн
B.L	be	Легкавы аўтамабіль
B.L	be	Лістынг, эканоміка
B.L	be	Нью-Ёркская фондавая біржа
B.L	be	Прадукт, бізнес
B.L	be	Рухавік
B.L	be	Сайт
B.L	be	Франкфурцкая фондавая біржа
B.L	be	Чысты прыбытак
B.L	be	Штутгарт
B.L	be	Юрыдычная асоба
B.L	be	Шаблон:Daimler AG
B.L	da	14. maj
B.L	da	1998
B.L	da	2007
B.L	da	4. oktober
B.L	da	5. oktober
B.L	da	Cerberus Capital Management
B.L	da	Chrysler
B.L	da	Chrysler Corporation
B.L	da	Chrysler Group LLC
B.L	da	Daimler-Benz AG
B.L	da	Daimler AG
B.L	da	Dodge
B.L	da	Dodge Ram
B.L	da	Dodge Sprinter
B.L	da	Firma
B.L	da	Global Electric Motorcars
B.L	da	Jeep
B.L	da	Jeep Grand Cherokee
B.L	da	Jeep Liberty
B.L	da	Jeep Wrangler
B.L	da	Jeep Wrangler Unlimited
B.L	da	Maybach
B.L	da	Mercedes-AMG
B.L	da	Mercedes-Benz
B.L	da	Mercedes-Benz Sprinter
B.L	da	New York City
B.L	da	Nordamerika
B.L	da	Ram Trucks
B.L	da	SmartCar
B.L	da	Smart (bilmærke)
B.L	da	Tyskland
B.L	da	Virksomhed
B.L	da	Hjælp:Artikeludvidelse
B.L	da	Hjælp:Stub
B.L	cs	1998
B.L	cs	1999
B.L	cs	AMG
B.L	cs	Affalterbach
B.L	cs	Aichi
B.L	cs	Akciová společnost
B.L	cs	Aksaray
B.L	cs	Alabama
B.L	cs	Anglie
B.L	cs	Argentina
B.L	cs	Automobil
B.L	cs	Automotive Fuel Cell Cooperation
B.L	cs	Berlin
B.L	cs	Brazílie
B.L	cs	Bremen
B.L	cs	Buenos Aires
B.L	cs	Charleston
B.L	cs	Chrysler
B.L	cs	Daimler Motor Company
B.L	cs	Daimler Trucks
B.L	cs	Detroit Diesel
B.L	cs	Dodge
B.L	cs	Dortmund
B.L	cs	Düsseldorf
B.L	cs	EADS
B.L	cs	Edo de Mexico
B.L	cs	Euro
B.L	cs	EvoBus
B.L	cs	Finanční služby
B.L	cs	Formule 1
B.L	cs	Francie
B.L	cs	Freightliner
B.L	cs	Freightliner LLC
B.L	cs	Fuso
B.L	cs	Gafney
B.L	cs	Gaggenau
B.L	cs	Hamburk
B.L	cs	Holýšov
B.L	cs	ISIN
B.L	cs	Indie
B.L	cs	Indonésie
B.L	cs	Japonsko
B.L	cs	Jeep
B.L	cs	Jižní Afrika
B.L	cs	Kanada
B.L	cs	Kanagawa
B.L	cs	Kassel
B.L	cs	Kuppenheim
B.L	cs	Ligny
B.L	cs	Ludwigsfelde
B.L	cs	Mannheim
B.L	cs	Master Motors
B.L	cs	Maybach
B.L	cs	Maybach 57
B.L	cs	McLaren
B.L	cs	McLaren SLR
B.L	cs	Mercedes-AMG
B.L	cs	Mercedes-Benz
B.L	cs	Mercedes-Benz High Performance Engines
B.L	cs	Mercedes-Benz autobusy
B.L	cs	Mercedes-Benz třídy A
B.L	cs	Mercedes-Benz třídy B
B.L	cs	Mercedes-Benz třídy GL
B.L	cs	Mercedes-Benz třídy ML
B.L	cs	Mercedes-Benz třídy R
B.L	cs	Mercedes Grand Prix
B.L	cs	Mexiko
B.L	cs	Mitsubishi Fuso
B.L	cs	Mitsubishi Fuso Truck and Bus Corporation
B.L	cs	Německo
B.L	cs	Obrat (ekonomie)
B.L	cs	Ontario (provincie)
B.L	cs	Oregon
B.L	cs	Orion
B.L	cs	Orion International
B.L	cs	Portland
B.L	cs	Portugalsko
B.L	cs	Praha
B.L	cs	Pune
B.L	cs	Rastatt
B.L	cs	Samano
B.L	cs	Setra
B.L	cs	Severní Karolína
B.L	cs	Sindelfingen
B.L	cs	Smart (automobil)
B.L	cs	South Carolina
B.L	cs	Spojené království
B.L	cs	Spojené státy americké
B.L	cs	St. Thomas
B.L	cs	Sterling Trucks
B.L	cs	Stuttgart
B.L	cs	São Bernardo do Campo
B.L	cs	Tata Motors
B.L	cs	Tesla Motors
B.L	cs	Thajsko
B.L	cs	Thomas Built Buses
B.L	cs	Tognum
B.L	cs	Toyama
B.L	cs	Tramagal
B.L	cs	Turecko
B.L	cs	Tuscaloosa County
B.L	cs	Ulm
B.L	cs	Unimog
B.L	cs	Vance (Alabama)
B.L	cs	Vietnam
B.L	cs	Vitoria-Gasteiz
B.L	cs	Western Star
B.L	cs	Western Star (company)
B.L	cs	Wikimedia Commons
B.L	cs	Woking
B.L	cs	Wörth am Rhein
B.L	cs	Česko
B.L	cs	Čína
B.L	cs	Španělsko
B.L	sco	2008
B.L	sco	2009
B.L	sco	22 November
B.L	sco	30 November
B.L	sco	Aabar Investments
B.L	sco	Aktiengesellschaft
B.L	sco	Automaker
B.L	sco	Automobiles
B.L	sco	Benz & Cie.
B.L	sco	Brand
B.L	sco	Bus
B.L	sco	Cerberus Capital Management
B.L	sco	Chrysler
B.L	sco	Daimler-Benz
B.L	sco	Daimler Financial Services
B.L	sco	Daimler Motoren Gesellschaft
B.L	sco	Detroit Diesel
B.L	sco	EADS
B.L	sco	Federal Meenistry o Finance (Germany)
B.L	sco	Fraunce
B.L	sco	Freightliner LLC
B.L	sco	Freightliner Trucks
B.L	sco	Germany
B.L	sco	Gottlieb Daimler
B.L	sco	Institutional investor
B.L	sco	Japan
B.L	sco	Karl Benz
B.L	sco	Kuwait
B.L	sco	Kuwait Investment Authority
B.L	sco	Marque
B.L	sco	Maybach
B.L	sco	McLaren
B.L	sco	McLaren Group
B.L	sco	Media
B.L	sco	Mercedes-AMG
B.L	sco	Mercedes-Benz
B.L	sco	Mercedes-Benz buses
B.L	sco	Mitsubishi Fuso Truck and Bus Corporation
B.L	sco	Nissan
B.L	sco	Orion Bus Industries
B.L	sco	Private equity
B.L	sco	Private investors
B.L	sco	Renault
B.L	sco	Setra
B.L	sco	Smart (automobile)
B.L	sco	Sterling Trucks
B.L	sco	Stuttgart, Germany
B.L	sco	Thomas Built Buses
B.L	sco	Unitit Arab Emirates
B.L	sco	WP:IPA for German
B.L	sco	Western Star Trucks
B.L	sco	Wikimedia Commons
B.L	sco	Wilhelm Maybach
B.L	sco	Template:FWB
B.L	ar	1998
B.L	ar	2004
B.L	ar	2005
B.L	ar	2006
B.L	ar	2007
B.L	ar	ألمانية
B.L	ar	البنك الألماني
B.L	ar	الكويت
B.L	ar	جيب
B.L	ar	دايملر بنز
B.L	ar	دودج
B.L	ar	سمارت
B.L	ar	سيربيروس لإدارة رؤوس الأموال
B.L	ar	كرايسلر
B.L	ar	مايباخ
B.L	ar	مايو
B.L	ar	مرسيدس
B.L	ar	يورو
B.L	no	1. januar
B.L	no	14. mai
B.L	no	18. november
B.L	no	1998
B.L	no	2002
B.L	no	2003
B.L	no	2005
B.L	no	2006
B.L	no	2007
B.L	no	2010
B.L	no	4. oktober
B.L	no	5. oktober
B.L	no	7. april
B.L	no	Airbus
B.L	no	Aksjeselskap
B.L	no	Cerberus (selskap)
B.L	no	Cerberus Capital Management
B.L	no	Chrysler
B.L	no	Chrysler Corporation
B.L	no	Chrysler Crossfire
B.L	no	Chrysler Holding LLC
B.L	no	Chrysler LLC
B.L	no	DCTV
B.L	no	DaimlerChrysler Financial Services, LLC
B.L	no	Detroit Diesel
B.L	no	Dieter Zetsche
B.L	no	Dodge
B.L	no	EADS
B.L	no	EQT
B.L	no	Eagle (bil)
B.L	no	Euro
B.L	no	Freightliner
B.L	no	Freightliner (bil)
B.L	no	Global Electric Motorcars
B.L	no	Hemi
B.L	no	Hyundai
B.L	no	Japan
B.L	no	Jeep
B.L	no	Jürgen E. Schrempp
B.L	no	Kirk Kerkorian
B.L	no	Korea
B.L	no	MTU Friedrichshafen
B.L	no	Maybach
B.L	no	McLaren Group
B.L	no	Mercedes-AMG
B.L	no	Mercedes-Benz
B.L	no	Mercedes-Benz Sprinter
B.L	no	Mitsubishi
B.L	no	Mitsubishi Fuso Truck and Bus Corporation
B.L	no	Mitsubishi Motors
B.L	no	Mopar
B.L	no	Orion Bus Industries
B.L	no	Plymouth (bil)
B.L	no	Setra
B.L	no	Smart (bil)
B.L	no	Smart (bilmerke)
B.L	no	Sterling Trucks
B.L	no	Stuttgart
B.L	no	Thomas Built Buses
B.L	no	Tyskland
B.L	no	USA
B.L	no	USD
B.L	no	Western Star
B.L	nn	Airbus
B.L	nn	Aktiebolaget Volvo
B.L	nn	Astra SpA
B.L	nn	Audi
B.L	nn	BMW
B.L	nn	BharatBenz
B.L	nn	Bilen Freightliner
B.L	nn	Bilmerke
B.L	nn	Bilmerket Eagle
B.L	nn	Bilmerket Freightliner
B.L	nn	Bilmerket Plymouth
B.L	nn	Bilmerket Smart
B.L	nn	Chrysler
B.L	nn	Chrysler Crossfire
B.L	nn	DAF (entreprise)
B.L	nn	DCTV
B.L	nn	DaimlerChrysler Financial Services, LLC
B.L	nn	Detroit Diesel
B.L	nn	Dieter Zetsche
B.L	nn	Dodge
B.L	nn	Dongfeng Motor
B.L	nn	EQT
B.L	nn	Euro
B.L	nn	FAW Group
B.L	nn	Fiat
B.L	nn	Fiatgruppa
B.L	nn	Finland
B.L	nn	Folkerepublikken Kina
B.L	nn	Freightliner
B.L	nn	Freightliner Trucks
B.L	nn	GAZ
B.L	nn	Global Electric Motorcars
B.L	nn	Hemi
B.L	nn	Hino Jidōsha
B.L	nn	Hongyan
B.L	nn	Hyundai
B.L	nn	Hyundai Motor
B.L	nn	IVECO
B.L	nn	India
B.L	nn	International trucks
B.L	nn	Isuzu Motors
B.L	nn	Italia
B.L	nn	Japan
B.L	nn	Jeep
B.L	nn	Jürgen E. Schrempp
B.L	nn	KamAZ
B.L	nn	Kenworth
B.L	nn	Kirk Kerkorian
B.L	nn	Korea
B.L	nn	KrAZ
B.L	nn	Kviterussland
B.L	nn	Lastebil
B.L	nn	Leyland Motors
B.L	nn	MAN (constructeur)
B.L	nn	MAZ
B.L	nn	MTU Friedrichshafen
B.L	nn	Mack Trucks
B.L	nn	Maybach
B.L	nn	Mercedes-AMG
B.L	nn	Mercedes-Benz
B.L	nn	Mercedes-Benz Sprinter
B.L	nn	Mitsubishi
B.L	nn	Mitsubishi Fuso Truck
B.L	nn	Mitsubishi Fuso Truck and Bus Corporation
B.L	nn	Mitsubishi Motors
B.L	nn	Mopar
B.L	nn	Navistar International Corporation
B.L	nn	Orion Bus Industries
B.L	nn	Paccar
B.L	nn	Peterbilt
B.L	nn	Renault Trucks
B.L	nn	Russland
B.L	nn	Scania
B.L	nn	Selskapet Cerberus
B.L	nn	Setra
B.L	nn	Sisu Auto
B.L	nn	Sterling Trucks
B.L	nn	Stuttgart
B.L	nn	Sverige
B.L	nn	Sør-Korea
B.L	nn	Tata
B.L	nn	Tata Daewoo
B.L	nn	Tata Motors
B.L	nn	Tatra
B.L	nn	Thomas Built Buses
B.L	nn	Toyota Motor Corporation
B.L	nn	Tsjekkia
B.L	nn	Tyske bilprodusentar
B.L	nn	Tyskland
B.L	nn	UD Trucks
B.L	nn	USA
B.L	nn	USD
B.L	nn	Ukraina
B.L	nn	Unimog
B.L	nn	UralAZ
B.L	nn	Volkswagen
B.L	nn	Volvo Lastvagnar
B.L	nn	Western Star
B.L	nn	Mal:Lastebilprodusentar
B.L	nn	Mal:Tyske bilprodusentar
B.L	nn	Maldiskusjon:Lastebilprodusentar
B.L	nn	Maldiskusjon:Tyske bilprodusentar
B.L	pl	14 maja
B.L	pl	17 listopada
B.L	pl	18 listopada
B.L	pl	1998
B.L	pl	2000
B.L	pl	2001
B.L	pl	2002
B.L	pl	2004
B.L	pl	2005
B.L	pl	2006
B.L	pl	2007
B.L	pl	Adidas
B.L	pl	Airbus
B.L	pl	Aktiengesellschaft (Niemcy)
B.L	pl	Allianz
B.L	pl	Automotive Fuel Cell Cooperation
B.L	pl	BASF
B.L	pl	BMW
B.L	pl	Badenia-Wirtembergia
B.L	pl	Bayer AG
B.L	pl	Beiersdorf AG
B.L	pl	Branża
B.L	pl	Brawn GP
B.L	pl	Chrysler
B.L	pl	Chrysler Holding LLC
B.L	pl	Commerzbank
B.L	pl	DAX
B.L	pl	Daimler-Benz
B.L	pl	Daimler Financial Services
B.L	pl	Daimler Truck Financial
B.L	pl	Detroit Diesel
B.L	pl	Deutsche Bank
B.L	pl	Deutsche Börse
B.L	pl	Deutsche Post
B.L	pl	Deutsche Telekom
B.L	pl	Dochód
B.L	pl	E.ON
B.L	pl	EADS
B.L	pl	Eicher Motors Ltd.
B.L	pl	Euro
B.L	pl	Eurocopter Group
B.L	pl	European Aeronautic Defence and Space Company
B.L	pl	Faktoring
B.L	pl	FleetBoard
B.L	pl	Formuła 1
B.L	pl	Formy prawne przedsiębiorstw
B.L	pl	Frankfurter Wertpapierbörse
B.L	pl	Freightliner Trucks
B.L	pl	Fresenius
B.L	pl	Fresenius Medical Care
B.L	pl	Gottlieb Daimler
B.L	pl	Henkel
B.L	pl	Hyundai Motor Company
B.L	pl	Indie
B.L	pl	Infineon
B.L	pl	K+S
B.L	pl	Karl Benz
B.L	pl	Leasing
B.L	pl	Linde AG
B.L	pl	Lufthansa
B.L	pl	MAN SE
B.L	pl	Maybach
B.L	pl	McLaren
B.L	pl	McLaren Automotive
B.L	pl	McLaren Group
B.L	pl	Mercedes-AMG
B.L	pl	Mercedes-Benz
B.L	pl	Mercedes-Benz Bank
B.L	pl	Mercedes-Benz HighPerformanceEngines
B.L	pl	Mercedes-Benz SLR McLaren
B.L	pl	Merck KGaA
B.L	pl	Metro Group
B.L	pl	Miliard
B.L	pl	Mitsubishi
B.L	pl	Mitsubishi Fuso Truck and Bus Corporation
B.L	pl	Munich Re
B.L	pl	New York Stock Exchange
B.L	pl	Niemcy
B.L	pl	Orion International
B.L	pl	Produkt (marketing)
B.L	pl	Przedsiębiorstwo
B.L	pl	Przychód (ekonomia)
B.L	pl	RWE (koncern)
B.L	pl	SAP AG
B.L	pl	Salzgitter AG
B.L	pl	Samochód
B.L	pl	Setra
B.L	pl	Siemens AG
B.L	pl	Smart (motoryzacja)
B.L	pl	Spółka akcyjna
B.L	pl	Sterling Trucks
B.L	pl	Stuttgart
B.L	pl	Tata Motors
B.L	pl	Telematyka
B.L	pl	Thomas Built
B.L	pl	Thomas Built Buses
B.L	pl	ThyssenKrupp
B.L	pl	Tokijska Giełda Papierów Wartościowych
B.L	pl	Toll Collect
B.L	pl	Unimog
B.L	pl	Volkswagen AG
B.L	pl	Western Star
B.L	pl	Wilhelm Maybach
B.L	pl	Zatrudnienie
B.L	pl	Szablon:DAX
B.L	pl	Szablon:Daimler AG
B.L	pl	Dyskusja szablonu:DAX
B.L	pl	Dyskusja szablonu:Daimler AG
B.L	lt	1998
B.L	lt	2005
B.L	lt	2007
B.L	lt	2008
B.L	lt	Adidas
B.L	lt	Akcija
B.L	lt	Allianz
B.L	lt	Automobilis
B.L	lt	BASF
B.L	lt	BMW
B.L	lt	Bayer
B.L	lt	Beiersdorf
B.L	lt	Cerberus Capital Management
B.L	lt	Chrysler Corporation
B.L	lt	Chrysler Holding LLC
B.L	lt	Commerzbank
B.L	lt	DAX
B.L	lt	DaimlerChrysler
B.L	lt	Detroit Diesel
B.L	lt	Deutsche Bank
B.L	lt	Deutsche Börse
B.L	lt	Deutsche Post
B.L	lt	Deutsche Telekom
B.L	lt	Dieter Zetsche
B.L	lt	Dyteris Cetšė
B.L	lt	E.ON
B.L	lt	EADS
B.L	lt	Euras
B.L	lt	Freightliner LLC
B.L	lt	Fresenius (company)
B.L	lt	Fresenius Medical Care
B.L	lt	Gegužės 14
B.L	lt	HeidelbergCement
B.L	lt	Henkel
B.L	lt	Infineon Technologies
B.L	lt	JAV
B.L	lt	K+S
B.L	lt	Lufthansa
B.L	lt	MAN SE
B.L	lt	Maybach
B.L	lt	McLaren Group
B.L	lt	Mercedes-AMG
B.L	lt	Mercedes-Benz
B.L	lt	Merck KGaA
B.L	lt	Metro AG
B.L	lt	Mitsubishi Fuso Truck and Bus Corporation
B.L	lt	Munich Re
B.L	lt	Organizacinė-teisinė forma
B.L	lt	Orion Bus Industries
B.L	lt	Pramonė
B.L	lt	RWE
B.L	lt	SAP AG
B.L	lt	Setra
B.L	lt	Siemens
B.L	lt	Smart
B.L	lt	Sterling Trucks
B.L	lt	Sunkvežimis
B.L	lt	The Linde Group
B.L	lt	Thomas Built Buses
B.L	lt	ThyssenKrupp
B.L	lt	Vokietija
B.L	lt	Volkswagen Group
B.L	lt	Western Star
B.L	lt	Štutgartas
B.L	lt	Šablonas:DAX companies
B.L	lt	Šablonas:DaimlerChrysler
B.L	lt	Šablono aptarimas:DAX companies
B.L	lt	Šablono aptarimas:DaimlerChrysler
B.L	mr	Www.daimler.com
B.L	mr	अमेरिकेची संयुक्त संस्थाने
B.L	mr	ऑटोमोटीव फ्युएल सेल
B.L	mr	ओरियन बस
B.L	mr	कॅनडा
B.L	mr	ख्राईस्लर
B.L	mr	जपान
B.L	mr	जर्मनी
B.L	mr	टाटा मोटर्स
B.L	mr	टॉग्नम
B.L	mr	डीटर झेट्श
B.L	mr	डेट्रॉईट
B.L	mr	थॉमस बस
B.L	mr	दुसरे महायुद्ध
B.L	mr	फ्राईटलाईनर
B.L	mr	भारत
B.L	mr	मर्सिडीज बेंझ
B.L	mr	मर्सिडीज बेंझ ट्रक्स
B.L	mr	मर्सिडीज बेंझ बस
B.L	mr	मायबाख
B.L	mr	मित्सुबिशि फुसो
B.L	mr	मित्सुबिशी ट्रक आणि बस
B.L	mr	मॅक्लारेन
B.L	mr	युनायटेड कींगडम
B.L	mr	युरोप
B.L	mr	श्टुटगार्ट
B.L	mr	सेट्रा
B.L	mr	स्टर्लिंग ट्रक्स
B.L	mr	स्मार्ट
B.L	ms	Aset
B.L	ms	EADS
B.L	ms	Ekuiti (kewangan)
B.L	ms	Euro
B.L	ms	Frankfurt Stock Exchange
B.L	ms	Industri automotif
B.L	ms	Jenis entiti bisnes
B.L	ms	Kereta
B.L	ms	Ketua pegawai eksekutif
B.L	ms	Mercedes-AMG
B.L	ms	Mercedes-Benz
B.L	ms	Mercedes-Benz Bank
B.L	ms	Mercedes-Benz India
B.L	ms	Mercedes-Benz Mexico
B.L	ms	Mercedes Grand Prix
B.L	ms	Pendapatan bersih
B.L	ms	Perolehan sebelum faedah dan cukai
B.L	ms	Rangkaian kuasa berprestasi tinggi Mercedes AMG
B.L	ms	Simbol detik
B.L	ms	Stuttgart
B.L	ms	Tata Motors
B.L	ms	Templat:Daimler AG
B.L	ms	Perbincangan templat:Daimler AG
B.L	ms	Kategori:Daimler AG
B.L	nl	$
B.L	nl	2007
B.L	nl	Adidas
B.L	nl	Airbus
B.L	nl	Allianz
B.L	nl	Auto
B.L	nl	BASF (chemieconcern)
B.L	nl	BMW
B.L	nl	Bayer
B.L	nl	Beiersdorf AG
B.L	nl	Benz (automerk)
B.L	nl	Brightman
B.L	nl	CEO
B.L	nl	Chief Executive Officer
B.L	nl	Commerzbank
B.L	nl	Continental AG
B.L	nl	DAX-index
B.L	nl	DaimlerChrysler
B.L	nl	DaimlerChrysler Aerospace AG
B.L	nl	Daimler AG
B.L	nl	Daimler Truck North America
B.L	nl	Detroit Diesel
B.L	nl	Deutsche Bank
B.L	nl	Deutsche Börse
B.L	nl	Deutsche Post
B.L	nl	Deutsche Telekom
B.L	nl	Dieter Zetsche
B.L	nl	E.ON
B.L	nl	Effectenbeurs
B.L	nl	Euro
B.L	nl	European Aeronautic Defence and Space Company
B.L	nl	Evobus
B.L	nl	FBW
B.L	nl	Fiat Industrial
B.L	nl	Freightliner
B.L	nl	Fresenius
B.L	nl	Fresenius Medical Care
B.L	nl	Hamburg
B.L	nl	HeidelbergCement
B.L	nl	Henkel KGaA
B.L	nl	Infineon
B.L	nl	Iveco
B.L	nl	K+S
B.L	nl	Koeweit
B.L	nl	Lanxess
B.L	nl	Linde AG
B.L	nl	Lufthansa
B.L	nl	Maybach
B.L	nl	Mercedes-Benz
B.L	nl	Mercedes-Benz S-Klasse
B.L	nl	Mercedes (auto)
B.L	nl	Merck KGaA
B.L	nl	Mitsubishi Fuso
B.L	nl	Multinational
B.L	nl	Münchener Rück
B.L	nl	NAW (automerk)
B.L	nl	New York Stock Exchange
B.L	nl	Nutzfahrzeuggesellschaft Arbon & Wetzikon
B.L	nl	Omzet
B.L	nl	RWE (energie)
B.L	nl	Renault
B.L	nl	Renault-Nissan
B.L	nl	Rolls-Royce Motors
B.L	nl	SAP AG
B.L	nl	Saurer
B.L	nl	Setra
B.L	nl	Siemens AG
B.L	nl	Smart (automerk)
B.L	nl	Sterling Trucks
B.L	nl	Stuttgart
B.L	nl	Tesla Motors
B.L	nl	ThyssenKrupp
B.L	nl	Tokyo Stock Exchange
B.L	nl	Vliegtuig
B.L	nl	Volkswagen AG
B.L	nl	Voorzitter
B.L	nl	Western Star
B.L	nl	Wikimedia Commons
B.L	nl	Portaal:Economie
B.L	ka	Aabar Investments
B.L	ka	Airbus
B.L	ka	Alliance Truck Parts
B.L	ka	Automotive Fuel Cell Cooperation
B.L	ka	BharatBenz
B.L	ka	Daimler Truck Financial
B.L	ka	Detroit Diesel
B.L	ka	EADS
B.L	ka	Freightliner Trucks
B.L	ka	KAMAZ
B.L	ka	Kuwait Investment Authority
B.L	ka	Maybach
B.L	ka	Mercedes-AMG
B.L	ka	Mercedes-Benz
B.L	ka	Mercedes-Benz Bank
B.L	ka	Mercedes-Benz Financial
B.L	ka	Mercedes-Benz HighPerformanceEngines
B.L	ka	Mercedes-Benz buses
B.L	ka	Mitsubishi Fuso Truck and Bus Corporation
B.L	ka	Nissan
B.L	ka	Orion Bus Industries
B.L	ka	Renault
B.L	ka	Setra
B.L	ka	Smart (ავტომობილი)
B.L	ka	Sterling Trucks
B.L	ka	Tesla Motors
B.L	ka	Thomas Built Buses
B.L	ka	Tognum
B.L	ka	Western Star Trucks
B.L	ka	ავტოინდუსტრია
B.L	ka	ავტომობილი
B.L	ka	არაბთა გაერთიანებული საამიროები
B.L	ka	არგენტინა
B.L	ka	აშშ
B.L	ka	ბრაზილია
B.L	ka	ბრენდი
B.L	ka	გერმანია
B.L	ka	დაიმლერის ფინანსური მომსახურება
B.L	ka	ევრო
B.L	ka	ევროპა
B.L	ka	ესპანეთი
B.L	ka	ვებ-გვერდი
B.L	ka	ვიეტნამი
B.L	ka	ვიკისაწყობი
B.L	ka	თურქეთი
B.L	ka	იაპონია
B.L	ka	ინდოეთი
B.L	ka	ინდონეზია
B.L	ka	ინსტიტუციონალური ინვესტორი
B.L	ka	კანადა
B.L	ka	კერძო ინვესტორი
B.L	ka	კონცერნი
B.L	ka	მექსიკა
B.L	ka	მსოფლიო
B.L	ka	პროდუქცია
B.L	ka	რუსეთი
B.L	ka	სააქციო საზოგადოება
B.L	ka	სამეთვალყურეო საბჭო
B.L	ka	სამხრეთ აფრიკა
B.L	ka	საფრანგეთი
B.L	ka	ქუვეითი
B.L	ka	შტუტგარტი
B.L	ka	ჩინეთი
B.L	ko	1926년
B.L	ko	1998년
B.L	ko	2007년
B.L	ko	2008년
B.L	ko	2월 29일
B.L	ko	BASF
B.L	ko	BMW
B.L	ko	DAX
B.L	ko	E.ON
B.L	ko	K+S
B.L	ko	MAN SE
B.L	ko	RWE
B.L	ko	SAP AG
B.L	ko	다임러 벤츠
B.L	ko	도이체 방크
B.L	ko	도이체 뵈르제
B.L	ko	도이체 텔레콤
B.L	ko	도이체 포스트
B.L	ko	독일
B.L	ko	독일어
B.L	ko	루프트한자
B.L	ko	린데 AG
B.L	ko	마이바흐
B.L	ko	메르세데스-벤츠
B.L	ko	메르크
B.L	ko	메트로 AG
B.L	ko	뮤닉 리
B.L	ko	미쓰비시후소트럭·버스
B.L	ko	바이어스도르프
B.L	ko	바이엘 (기업)
B.L	ko	스마트
B.L	ko	아디다스
B.L	ko	알리안츠
B.L	ko	인피니온 테크놀로지스
B.L	ko	지멘스 AG
B.L	ko	코메르츠방크
B.L	ko	크라이슬러
B.L	ko	티센크루프
B.L	ko	폭스바겐 AG
B.L	ko	프레제니우스 (기업)
B.L	ko	프레제니우스 메디컬 케어
B.L	ko	하이델베르그시멘트
B.L	ko	헨켈
B.L	ko	틀:DAX
B.L	ko	틀토론:DAX
B.L	kk	Автокөліктер
B.L	kk	Автомобиль жасау
B.L	kk	Айналым қаражаты
B.L	kk	Акционерлік қоғам
B.L	kk	Германия
B.L	kk	Таза табыс
B.L	kk	Трансұлттық корпорация
B.L	kk	Штутгарт
B.L	kk	Өнім
B.L	la	14 Februarii
B.L	la	2007
B.L	la	Autocinetum
B.L	la	Capitale
B.L	la	Cuvaitum
B.L	la	Diurnarium Generale Francofordense
B.L	la	Euro
B.L	la	Millio
B.L	la	Stella
B.L	la	Theodoricus Zetsche
B.L	hr	1998.
B.L	hr	2008.
B.L	hr	Automobil
B.L	hr	Baden-Württemberg
B.L	hr	Chrysler
B.L	hr	Daimler-Benz
B.L	hr	Daimler Financial Services
B.L	hr	Daimler Truck Financial
B.L	hr	Dieter Zetsche
B.L	hr	EADS
B.L	hr	Maybach
B.L	hr	McLaren Group
B.L	hr	Mercedes-Benz
B.L	hr	Mercedes-Benz Bank
B.L	hr	Njemačka
B.L	hr	Setra
B.L	hr	Smart
B.L	hr	Stuttgart
B.L	hr	Vodafone McLaren Mercedes
B.L	hr	Wikipedija:Stil
B.L	hi	Adidas
B.L	hi	Aktiengesellschaft
B.L	hi	Allianz
B.L	hi	Automobile
B.L	hi	Automotive industry
B.L	hi	BASF
B.L	hi	BMW
B.L	hi	Bayer AG
B.L	hi	Beiersdorf
B.L	hi	BusinessWeek
B.L	hi	Chairman
B.L	hi	Chief executive officer
B.L	hi	Commercial vehicle
B.L	hi	Commerzbank
B.L	hi	DAX
B.L	hi	Daimler AG
B.L	hi	Daimler Motor Company
B.L	hi	Deutsche Bank
B.L	hi	Deutsche Börse
B.L	hi	Deutsche Post
B.L	hi	Deutsche Telekom
B.L	hi	Dieter Zetsche
B.L	hi	E.ON
B.L	hi	Euro
B.L	hi	Frankfurt Stock Exchange
B.L	hi	Fresenius (company)
B.L	hi	Fresenius Medical Care
B.L	hi	Germany
B.L	hi	HeidelbergCement
B.L	hi	Henkel
B.L	hi	Infineon Technologies
B.L	hi	K+S
B.L	hi	Lufthansa
B.L	hi	MAN SE
B.L	hi	Manfred Bischoff
B.L	hi	Merck KGaA
B.L	hi	Metro AG
B.L	hi	Munich Re
B.L	hi	Oil-for-Food Programme
B.L	hi	RWE
B.L	hi	SAP AG
B.L	hi	Siemens
B.L	hi	Stuttgart
B.L	hi	Supervisory board
B.L	hi	The Linde Group
B.L	hi	ThyssenKrupp
B.L	hi	Volkswagen Group
B.L	hi	इटली
B.L	hi	इराक़
B.L	hi	उद्योग
B.L	hi	कार्ल बेन्ज़
B.L	hi	कुवैत
B.L	hi	घूस
B.L	hi	घोषणापत्र
B.L	hi	जत्रोफा
B.L	hi	जर्मनी
B.L	hi	जापान
B.L	hi	जालस्थल
B.L	hi	डिस्ट्रिक्ट ऑफ कोलंबिया
B.L	hi	डेमलर-बेंज
B.L	hi	तुर्कमेनिस्तान
B.L	hi	दक्षिण अमेरिका
B.L	hi	फ़्रांस
B.L	hi	फिएट
B.L	hi	बर्लिन
B.L	hi	भ्रष्टाचार (आचरण)
B.L	hi	मर्सिडीज़ बेन्ज़
B.L	hi	रोजगार
B.L	hi	श्टुटगार्ट
B.L	hi	संपत्ति
B.L	hi	संयुक्त अरब अमीरात
B.L	hi	संविदा निर्माण
B.L	hi	सद्दाम हुसैन
B.L	hi	विकिपीडिया:IPA for German
B.L	hi	साँचा:Chrysler LLC
B.L	hi	साँचा:Country data Germany
B.L	hi	साँचा:DAX companies
B.L	hi	साँचा:Daimler AG
B.L	hi	साँचा वार्ता:DAX companies
B.L	hi	श्रेणी:लेख जिनमें May 2009 से मृत कड़ियाँ हैं
B.L	hi	श्रेणी:लेख जिनमें October 2010 से मृत कड़ियाँ हैं
B.L	hi	श्रेणी:लेख जिनमें September 2010 से मृत कड़ियाँ हैं
B.L	id	1998
B.L	id	Aktiengesellschaft
B.L	id	Auburn Hills, Michigan
B.L	id	Cerberus Capital Management
B.L	id	Chrysler
B.L	id	Chrysler Corporation
B.L	id	Daimler-Benz
B.L	id	Daimler AG
B.L	id	Mobil
B.L	id	Stuttgart, Jerman
B.L	id	Truk
B.L	is	2010
B.L	is	6. október
B.L	is	Adidas
B.L	is	Allianz
B.L	is	BASF
B.L	is	BMW
B.L	is	Bayer
B.L	is	Beiersdorf
B.L	is	Bíll
B.L	is	Commerzbank
B.L	is	DAX
B.L	is	Detroit Diesel
B.L	is	Deutsche Bank
B.L	is	Deutsche Börse
B.L	is	Deutsche Lufthansa
B.L	is	Deutsche Post
B.L	is	Deutsche Telekom
B.L	is	E.ON
B.L	is	Freightliner
B.L	is	Fresenius
B.L	is	Fresenius Medical Care
B.L	is	Fyrirtæki
B.L	is	HeidelbergCement
B.L	is	Henkel
B.L	is	Infineon Technologies
B.L	is	K+S
B.L	is	Linde
B.L	is	MAN
B.L	is	METRO
B.L	is	Maybach
B.L	is	Mercedes-AMG
B.L	is	Mercedes-Benz
B.L	is	Merck (þýskt fyrirtæki)
B.L	is	Mitsubishi-Fuso
B.L	is	Munich Re
B.L	is	RWE
B.L	is	SAP
B.L	is	Setra
B.L	is	Siemens
B.L	is	Smart
B.L	is	Stuttgart
B.L	is	ThyssenKrupp
B.L	is	Volkswagen
B.L	is	Western Star
B.L	is	Þýskaland
B.L	is	Wikipedia:Stubbur
B.L	is	Snið:DAX
B.L	is	Sniðaspjall:DAX
B.L	it	1883
B.L	it	1926
B.L	it	1936
B.L	it	1951
B.L	it	1952
B.L	it	1958
B.L	it	1960
B.L	it	1961
B.L	it	1962
B.L	it	1964
B.L	it	1965
B.L	it	1968
B.L	it	1969
B.L	it	1970
B.L	it	1972
B.L	it	1978
B.L	it	1980
B.L	it	1981
B.L	it	1982
B.L	it	1985
B.L	it	1988
B.L	it	1989
B.L	it	1990
B.L	it	1992
B.L	it	1995
B.L	it	1996
B.L	it	1997
B.L	it	1998
B.L	it	2000
B.L	it	2001
B.L	it	2003
B.L	it	2005
B.L	it	2006
B.L	it	2007
B.L	it	2010
B.L	it	2011
B.L	it	Abu Dhabi
B.L	it	Adidas
B.L	it	Airbag
B.L	it	Airbus
B.L	it	Alabama
B.L	it	Allgemeine Elektrizitäts-Gesellschaft
B.L	it	Allianz
B.L	it	Amburgo
B.L	it	Argentina
B.L	it	Asea Brown Boveri
B.L	it	Auburn Hills
B.L	it	Australia
B.L	it	Austria
B.L	it	Auto Union
B.L	it	Automobile
B.L	it	Autoveicolo
B.L	it	BASF
B.L	it	BMW
B.L	it	Bahrain Mumtalakat Holding
B.L	it	Bayer
B.L	it	Beiersdorf (azienda)
B.L	it	Berlino
B.L	it	Blue chip
B.L	it	Borgward
B.L	it	Borsa Italiana
B.L	it	Borsa di Francoforte
B.L	it	Borsa valori
B.L	it	Brasile
B.L	it	Brema (città)
B.L	it	Canada
B.L	it	Carl Benz
B.L	it	Case automobilistiche
B.L	it	Cerberus Capital Management
B.L	it	Chrysler
B.L	it	Ciclomotore
B.L	it	Cina
B.L	it	Commerzbank
B.L	it	DAX 30
B.L	it	DKW
B.L	it	Daimler-Benz
B.L	it	Daimler-Motoren-Gesellschaft
B.L	it	DaimlerChrysler Aerospace
B.L	it	Daimler AG
B.L	it	Daimler Truck Financial
B.L	it	Detroit Diesel Corporation
B.L	it	Deutsche Bank
B.L	it	Deutsche Börse
B.L	it	Deutsche Post
B.L	it	Deutsche Telekom
B.L	it	Dieter Zetsche
B.L	it	Diritto
B.L	it	Düsseldorf
B.L	it	E.ON
B.L	it	EADS
B.L	it	Egitto
B.L	it	Euro
B.L	it	Eurocopter
B.L	it	EvoBus
B.L	it	Fatturato
B.L	it	Fokker
B.L	it	Formula 1
B.L	it	Francia
B.L	it	Freightliner
B.L	it	Fresenius
B.L	it	Fresenius Medical Care
B.L	it	Fuso Truck and Bus Corporation
B.L	it	Germania
B.L	it	Gottlieb Daimler
B.L	it	Gruppo Volkswagen
B.L	it	Hanomag-Henschel
B.L	it	Heidelberg Cement
B.L	it	Henkel
B.L	it	Horex
B.L	it	Impresa
B.L	it	India
B.L	it	Indice azionario
B.L	it	Indonesia
B.L	it	Infineon Technologies
B.L	it	K+S
B.L	it	KPMG
B.L	it	Kassel
B.L	it	Krupp
B.L	it	Kuwait
B.L	it	Linde AG
B.L	it	Lufthansa
B.L	it	MAN SE
B.L	it	Mannheim
B.L	it	Mansour Ojjeh
B.L	it	Maschinenfabrik Esslingen
B.L	it	Maybach
B.L	it	Maybach-Motorenbau GmbH
B.L	it	McLaren
B.L	it	Mercedes-AMG
B.L	it	Mercedes-Benz
B.L	it	Mercedes-Benz Bank
B.L	it	Mercedes-Benz Financial
B.L	it	Mercedes-Benz MB 100
B.L	it	Mercedes-Benz SLR McLaren
B.L	it	Mercedes-Benz Sprinter
B.L	it	Mercedes-Benz Vaneo
B.L	it	Merck KGaA
B.L	it	Messico
B.L	it	Metro (azienda)
B.L	it	Mezzi di trasporto
B.L	it	Miliardi
B.L	it	Mitsubishi Motors Corporation
B.L	it	Munich Re
B.L	it	Nuova Ulma
B.L	it	OMNIplus
B.L	it	Profitto
B.L	it	RWE (azienda)
B.L	it	Risultato operativo
B.L	it	Ron Dennis
B.L	it	Russia
B.L	it	SAP (azienda)
B.L	it	San Pietroburgo
B.L	it	Setra
B.L	it	Siemens (azienda)
B.L	it	Sindelfingen
B.L	it	Sito web
B.L	it	Smart
B.L	it	Società per azioni
B.L	it	Spagna
B.L	it	Stati Uniti d'America
B.L	it	Stato
B.L	it	Sterling Trucks
B.L	it	Stoccarda
B.L	it	Sudafrica
B.L	it	Techniques d'Avant Garde
B.L	it	Test dell'alce
B.L	it	Thomas Built Buses
B.L	it	ThyssenKrupp
B.L	it	Toll Collect
B.L	it	Turchia
B.L	it	Tuscaloosa
B.L	it	Unimog
B.L	it	Venezuela
B.L	it	Volkswagen
B.L	it	Volkswagen LT
B.L	it	Western Star
B.L	it	Wilhelm Friedle
B.L	it	Discussione:Daimler (azienda)
B.L	it	Template:Aziende DAX 30
B.L	it	Discussioni template:Aziende DAX 30
B.L	it	Aiuto:Voci da controllare
B.L	it	Categoria:Controllare - aziende
B.L	it	Categoria:Controllare - marzo 2008
B.L	it	Portale:Trasporti
B.L	it	Portale:Trasporti/icona
B.L	it	Progetto:Aziende
B.L	ja	10月4日
B.L	ja	11月
B.L	ja	12月31日
B.L	ja	1998年
B.L	ja	2000年
B.L	ja	2004年
B.L	ja	2005年
B.L	ja	2007年
B.L	ja	2009年
B.L	ja	2010年
B.L	ja	3月
B.L	ja	5月14日
B.L	ja	5月6日
B.L	ja	6大グループ
B.L	ja	7月
B.L	ja	8月3日
B.L	ja	AG (ドイツ)
B.L	ja	AMG
B.L	ja	BASF
B.L	ja	BMW
B.L	ja	E.ON
B.L	ja	EADS
B.L	ja	K+S
B.L	ja	RWE
B.L	ja	SAP (企業)
B.L	ja	Smart (自動車)
B.L	ja	お台場
B.L	ja	アジア
B.L	ja	アディダス
B.L	ja	アドルフ・ヒトラー
B.L	ja	アメリカ合衆国
B.L	ja	アラブ首長国連邦
B.L	ja	アリアンツ
B.L	ja	イギリス
B.L	ja	インフィニオン・テクノロジーズ
B.L	ja	ウィルヘルム・マイバッハ
B.L	ja	ウェスタンスター
B.L	ja	ウォルター・クライスラー
B.L	ja	ウニモグ
B.L	ja	オリオン・バス・インダストリー
B.L	ja	オーストラリア
B.L	ja	オーバーンヒルズ
B.L	ja	カール・ベンツ
B.L	ja	クウェート
B.L	ja	クウェート投資庁
B.L	ja	クライスラー
B.L	ja	クライスラー・300
B.L	ja	コメルツ銀行
B.L	ja	コンチネンタル (自動車部品製造業)
B.L	ja	ゴットリープ・ダイムラー
B.L	ja	サーベラス・キャピタル・マネジメント
B.L	ja	シュトゥットガルト
B.L	ja	シーメンス
B.L	ja	ジープ
B.L	ja	スターリング・トラック
B.L	ja	スマート (自動車)
B.L	ja	ゼトラ
B.L	ja	ダイムラー・ベンツ
B.L	ja	ダッジ・バイパー
B.L	ja	チェロキー
B.L	ja	ティッセンクルップ
B.L	ja	デトロイトディーゼル
B.L	ja	デハーンのバス＆コーチ
B.L	ja	トーマス・ビルト・バス
B.L	ja	ドイツ
B.L	ja	ドイツテレコム
B.L	ja	ドイツポスト
B.L	ja	ドイツ・ポストバンク
B.L	ja	ドイツ再軍備宣言
B.L	ja	ドイツ株価指数
B.L	ja	ドイツ証券取引所
B.L	ja	ドイツ銀行
B.L	ja	ニューヨーク証券取引所
B.L	ja	ハイポ・リアル・エステート
B.L	ja	バイエル (企業)
B.L	ja	バーデン＝ヴュルテンベルク州
B.L	ja	バーラト・ベンツ
B.L	ja	ビッグスリー
B.L	ja	フィアット
B.L	ja	フォルクスワーゲングループ
B.L	ja	フランクフルト証券取引所
B.L	ja	フレイトライナー
B.L	ja	フレゼニウス
B.L	ja	ヘンケル
B.L	ja	マイバッハ
B.L	ja	マン (企業)
B.L	ja	ミュンヘン再保険
B.L	ja	メトロ (小売業)
B.L	ja	メルク (ドイツ)
B.L	ja	メルセデス・ベンツ
B.L	ja	メルセデス・ベンツ Eクラス
B.L	ja	メルセデス・ベンツ Rクラス
B.L	ja	ラングラー
B.L	ja	リンデ
B.L	ja	ルノー
B.L	ja	ルフトハンザドイツ航空
B.L	ja	ヴィルヘルム・マイバッハ
B.L	ja	三菱ふそうトラック・バス
B.L	ja	三菱自動車工業
B.L	ja	会社
B.L	ja	六本木
B.L	ja	化生 (ブランド)
B.L	ja	反ユダヤ主義
B.L	ja	国家社会主義ドイツ労働者党
B.L	ja	大韓民国
B.L	ja	完全子会社
B.L	ja	常磐自動車道
B.L	ja	愛知県
B.L	ja	日本
B.L	ja	日産自動車
B.L	ja	日立南太田インターチェンジ
B.L	ja	日立市
B.L	ja	日立港
B.L	ja	東京都
B.L	ja	東日本大震災
B.L	ja	業種
B.L	ja	港区 (東京都)
B.L	ja	現代自動車
B.L	ja	英国放送協会
B.L	ja	茨城港
B.L	ja	茨城県
B.L	ja	製造商用車
B.L	ja	製造業
B.L	ja	豊橋市
B.L	ja	貨物自動車
B.L	ja	Template:DAX
B.L	ja	Template:基礎情報 会社
B.L	ja	Template‐ノート:DAX
B.L	vi	1000000000
B.L	vi	15 tháng 4
B.L	vi	1998
B.L	vi	2007
B.L	vi	4 tháng 10
B.L	vi	Cerberus Capital Management
B.L	vi	Chrysler
B.L	vi	Công nghiệp
B.L	vi	Công ty đại chúng
B.L	vi	Daimler-Benz
B.L	vi	Daimler Financial Services
B.L	vi	Danh sách các nhà sản xuất ô tô
B.L	vi	Dieter Zetsche
B.L	vi	Doanh thu
B.L	vi	EADS
B.L	vi	ECHOLINE
B.L	vi	EVolution
B.L	vi	Euro
B.L	vi	Freightliner LLC
B.L	vi	Manufacturing Commercial Vehicles
B.L	vi	Maybach
B.L	vi	McLaren
B.L	vi	Mercedes-AMG
B.L	vi	Mercedes-Benz
B.L	vi	Mitsubishi
B.L	vi	Mitsubishi Fuso Truck and Bus Corporation
B.L	vi	Orion Bus
B.L	vi	Setra
B.L	vi	Smart (ô tô)
B.L	vi	Sterling Trucks
B.L	vi	Stuttgart
B.L	vi	Sàn giao dịch chứng khoán Frankfurt
B.L	vi	Sản phẩm
B.L	vi	Sở giao dịch chứng khoán New York
B.L	vi	Thomas Built Buses
B.L	vi	Unimog
B.L	vi	Website
B.L	vi	Western Star
B.L	vi	Xe tải
B.L	vi	Ô tô
B.L	vi	Đức
B.L	vi	Wikipedia:Bài sơ khai
B.L	vi	Bản mẫu:ISIN
B.L	vi	Trợ giúp:Sửa đổi
B.L	uk	Daimler-Benz
B.L	uk	Daimler-Motoren-Gesellschaft
B.L	uk	DaimlerChrysler
B.L	uk	Daimler AG
B.L	uk	Daimler Motor Company
B.L	uk	Mercedes-Benz
B.L	uk	Steyr Daimler Puch
B.L	uk	Готліб Даймлер
B.L	uk	Пауль Даймлер
B.L	tr	1879
B.L	tr	1926
B.L	tr	1958
B.L	tr	1960
B.L	tr	1965
B.L	tr	1968
B.L	tr	1969
B.L	tr	1970
B.L	tr	1980
B.L	tr	1981
B.L	tr	1982
B.L	tr	1985
B.L	tr	1989
B.L	tr	1992
B.L	tr	1995
B.L	tr	1997
B.L	tr	1998
B.L	tr	2000
B.L	tr	2001
B.L	tr	2003
B.L	tr	2005
B.L	tr	2007
B.L	tr	2008
B.L	tr	AEG
B.L	tr	Adolph Saurer AG
B.L	tr	Almanya
B.L	tr	Auto Union
B.L	tr	Automotive Fuel Cell Cooperation
B.L	tr	Benz & Cie.
B.L	tr	CEO
B.L	tr	Carl Benz
B.L	tr	Cerberus
B.L	tr	Chrysler
B.L	tr	Chrysler Corporation
B.L	tr	DAX
B.L	tr	Daimler-Benz
B.L	tr	Daimler-Chrysler
B.L	tr	DaimlerChrysler
B.L	tr	DaimlerChrysler AG
B.L	tr	Daimler Contemporary
B.L	tr	Daimler Motoren Gesellschaft
B.L	tr	Detroit Diesel
B.L	tr	Dieter Zetsche
B.L	tr	Dornier-Werke
B.L	tr	EADS
B.L	tr	Euro
B.L	tr	EvoBus
B.L	tr	Fokker
B.L	tr	Ford Motor Şirketi
B.L	tr	Franz Brozincevic & Cie
B.L	tr	Freightliner
B.L	tr	Gelir
B.L	tr	Gottlieb Daimler
B.L	tr	Hanomag-Henschel
B.L	tr	Horex
B.L	tr	Kamaz
B.L	tr	Kamyon
B.L	tr	Krupp
B.L	tr	Kâr (ekonomi)
B.L	tr	Kässbohrer
B.L	tr	MTU Aero Engines
B.L	tr	Manfred Bischoff
B.L	tr	Mannheim
B.L	tr	Maschinenfabrik Esslingen
B.L	tr	Maybach
B.L	tr	Maybach-Motorenbau GmbH
B.L	tr	McLaren Group
B.L	tr	Menkul değer sembolü
B.L	tr	Mercedes-AMG
B.L	tr	Mercedes-Benz
B.L	tr	Mercedes-Benz (Rennteam)
B.L	tr	Mercedes-Benz buses
B.L	tr	Messerschmitt-Boelkow-Blohm
B.L	tr	Mitsubishi Fuso Truck and Bus Corporation
B.L	tr	Mitsubishi Motors Corporation
B.L	tr	Orion Bus Industries
B.L	tr	Otobüs
B.L	tr	Otomobil
B.L	tr	Otomotiv endüstrisi
B.L	tr	Setra
B.L	tr	Smart
B.L	tr	Sterling Trucks
B.L	tr	Stuttgart
B.L	tr	Tata Motor
B.L	tr	Tesla Motors
B.L	tr	Thomas Built Buses
B.L	tr	Tognum
B.L	tr	Western Star
B.L	tr	Western Star Trucks
B.L	tr	Ürün
B.L	tr	Şablon:Daimler AG
B.L	tr	Şablon:FWB
B.L	tr	Şablon tartışma:Daimler AG
B.L	te	2007-03-15
B.L	te	2007-07-23
B.L	te	2007-11-06
B.L	te	2009-05-01
B.L	te	2009-11-22
B.L	te	2010-03-24
B.L	te	2010-04-03
B.L	te	2010-04-07
B.L	te	2010-07-26
B.L	te	30 November 2008
B.L	te	Aktiengesellschaft
B.L	te	Automobile
B.L	te	Automotive industry
B.L	te	BusinessWeek
B.L	te	Chairman
B.L	te	Chief executive officer
B.L	te	Commercial vehicle
B.L	te	Daimler Motor Company
B.L	te	Dieter Zetsche
B.L	te	Euro
B.L	te	Germany
B.L	te	Manfred Bischoff
B.L	te	Net income
B.L	te	Oil-for-Food Programme
B.L	te	Stuttgart
B.L	te	Supervisory board
B.L	te	Types of business entity
B.L	te	Wall Street Journal
B.L	te	ఆదాయం
B.L	te	ఆస్తులు
B.L	te	ఇటలీ
B.L	te	ఇరాక్
B.L	te	ఉత్పత్తులు
B.L	te	ఉద్యోగులు
B.L	te	ఎయిర్‌బస్
B.L	te	కువైట్
B.L	te	జపాన్
B.L	te	జర్మనీ
B.L	te	తుర్కమేనిస్తాన్
B.L	te	దక్షిణ అమెరికా
B.L	te	నిర్వహణ రాబడి
B.L	te	పరిశ్రమ
B.L	te	ఫ్రాన్స్
B.L	te	బెర్లిన్
B.L	te	యునైటెడ్ అరబ్ ఎమిరేట్స్
B.L	te	వెబ్‌సైటు
B.L	te	వోక్స్ వాగన్
B.L	te	సద్దామ్ హుసేన్
B.L	te	వికీపీడియా:చెడిన లింకు
B.L	te	మూస:Chrysler LLC
B.L	te	మూస:DAX companies
B.L	te	మూస:Daimler AG
B.L	te	మూస:FWB
B.L	te	మూస:IPA-de
B.L	te	మూస:Official
B.L	te	వర్గం:అచేతన బాహ్యలింకులు గల వ్యాసాలు from May 2009
B.L	sv	1886
B.L	sv	1900
B.L	sv	1998
B.L	sv	2000
B.L	sv	2001
B.L	sv	2004
B.L	sv	2007
B.L	sv	2008
B.L	sv	AEG
B.L	sv	Aabar Investment
B.L	sv	Abu Dhabi
B.L	sv	Adidas
B.L	sv	Airbus
B.L	sv	Allianz
B.L	sv	American Motors Corporation
B.L	sv	Auburn Hills
B.L	sv	Audi
B.L	sv	BASF
B.L	sv	BMW
B.L	sv	Bayer AG
B.L	sv	Beiersdorf AG
B.L	sv	Benz & Cie.
B.L	sv	Bil
B.L	sv	Biltillverkare
B.L	sv	Bolag
B.L	sv	Bremen
B.L	sv	Carl Benz
B.L	sv	Cerberus
B.L	sv	Chrysler
B.L	sv	Chrysler Corporation
B.L	sv	Chrysler Europe
B.L	sv	Chrysler Voyager
B.L	sv	Commerzbank
B.L	sv	DKW
B.L	sv	Daimler
B.L	sv	Daimler-Benz
B.L	sv	Daimler-Benz AG
B.L	sv	Daimler-Motoren-Gesellschaft
B.L	sv	DaimlerChrysler Bank
B.L	sv	Daimler Financial Services
B.L	sv	Daimler Truck Financial
B.L	sv	Detroit Diesel
B.L	sv	Deutsche Bank
B.L	sv	Deutsche Börse
B.L	sv	Deutsche Post
B.L	sv	Deutsche Telekom
B.L	sv	Deutscher Aktienindex
B.L	sv	Dieter Zetsche
B.L	sv	Diversifiering
B.L	sv	Dodge
B.L	sv	E.ON
B.L	sv	EADS
B.L	sv	Edzard Reuter
B.L	sv	Eget kapital
B.L	sv	Euro
B.L	sv	EvoBus
B.L	sv	Finansiella tjänster
B.L	sv	Fokker
B.L	sv	Ford
B.L	sv	Fordon
B.L	sv	Frankfurter Wertpapierbörse
B.L	sv	Freightliner
B.L	sv	Freightliner LLC
B.L	sv	Fresenius
B.L	sv	Fresenius Medical Care
B.L	sv	Fusion (ekonomi)
B.L	sv	Fuso
B.L	sv	Företag
B.L	sv	General Motors
B.L	sv	Global Electric Motorcars
B.L	sv	Gottlieb Daimler
B.L	sv	Hamburg
B.L	sv	Hannover Re
B.L	sv	Hanns-Martin Schleyer
B.L	sv	Hanomag-Henschel
B.L	sv	Henkel
B.L	sv	Hyundai Motor Company
B.L	sv	Industri
B.L	sv	Infineon
B.L	sv	Jaguar (bilmärke)
B.L	sv	Jeep
B.L	sv	Jürgen Schrempp
B.L	sv	K+S
B.L	sv	Karl Benz
B.L	sv	Land Rover
B.L	sv	Lastbil
B.L	sv	Lee Iacocca
B.L	sv	Linde AG
B.L	sv	Lufthansa
B.L	sv	MAN AG
B.L	sv	MBB
B.L	sv	MTU
B.L	sv	Maybach
B.L	sv	McLaren Group
B.L	sv	Mercedes-AMG
B.L	sv	Mercedes-Benz
B.L	sv	Mercedes-Benz Bussar
B.L	sv	Mercedes-Benz Lastbilar
B.L	sv	Merck KGaA
B.L	sv	Metro AG
B.L	sv	Miljon
B.L	sv	Minibuss
B.L	sv	Mitsubishi
B.L	sv	Mitsubishi Fuso Truck and Bus Corporation
B.L	sv	Munich Re
B.L	sv	Omsättning
B.L	sv	Orion Bus Industries
B.L	sv	Publikt aktiebolag
B.L	sv	RWE
B.L	sv	Rootes
B.L	sv	Röda armé-fraktionen
B.L	sv	Rörelseresultat
B.L	sv	SAP AG
B.L	sv	Setra
B.L	sv	Siemens AG
B.L	sv	Simca
B.L	sv	Smart
B.L	sv	Smart (personbil)
B.L	sv	Sterling
B.L	sv	Sterling Trucks
B.L	sv	Stuttgart
B.L	sv	Styrelseordförande
B.L	sv	Tata Motors
B.L	sv	Thomas Built Buses
B.L	sv	ThyssenKrupp
B.L	sv	Tillgång
B.L	sv	Tyskland
B.L	sv	USA
B.L	sv	USA-dollar
B.L	sv	Unimog
B.L	sv	Van
B.L	sv	Verkställande direktör
B.L	sv	Vinst
B.L	sv	Volkswagen
B.L	sv	Volkswagen AG
B.L	sv	Western Star
B.L	sv	Wikipedia:Introduktion till källhänvisningar
B.L	sv	Fil:Daimler AG.ogg
B.L	sv	Mall:DAX
B.L	sv	Mall:Daimler
B.L	sv	Malldiskussion:DAX
B.L	sv	Malldiskussion:Daimler
B.L	sk	17. november
B.L	sk	1998
B.L	sk	AMG
B.L	sk	Akciová spoločnosť
B.L	sk	Argentína
B.L	sk	Autobus
B.L	sk	Automobil
B.L	sk	Automobilový priemysel
B.L	sk	Brazília
B.L	sk	Detroit Diesel
B.L	sk	EADS
B.L	sk	Euro
B.L	sk	Formula 1
B.L	sk	Francúzsko
B.L	sk	Freightliner
B.L	sk	India
B.L	sk	Indonézia
B.L	sk	Japonsko
B.L	sk	Južná Afrika (štát)
B.L	sk	Kanada
B.L	sk	Maybach
B.L	sk	McLaren
B.L	sk	Mercedes-Benz
B.L	sk	Mercedes-Benz High Performance Engines
B.L	sk	Mexiko
B.L	sk	Mitsubishi Fuso Truck and Bus Corporation
B.L	sk	Nemecko
B.L	sk	Nákladný automobil
B.L	sk	Odvetvie
B.L	sk	Orion
B.L	sk	Portugalsko
B.L	sk	Preklad (jazykoveda)
B.L	sk	Prevádzkový príjem
B.L	sk	Priemysel
B.L	sk	Produkcia
B.L	sk	Setra
B.L	sk	Smart (automobil)
B.L	sk	Spojené kráľovstvo
B.L	sk	Sterling Trucks
B.L	sk	Stuttgart
B.L	sk	Thomas Built Buses
B.L	sk	Turecko
B.L	sk	USA
B.L	sk	Vietnam
B.L	sk	Webová stránka
B.L	sk	Western Star
B.L	sk	Zamestnanec
B.L	sk	Česko
B.L	sk	Čína
B.L	sk	Španielsko
B.L	ru	14 мая
B.L	ru	1883
B.L	ru	1886 год
B.L	ru	1998 год
B.L	ru	1 января
B.L	ru	2006 год
B.L	ru	2007 год
B.L	ru	2008 год
B.L	ru	2011 год
B.L	ru	30 апреля
B.L	ru	4 октября
B.L	ru	AXA
B.L	ru	Aabar Investments
B.L	ru	Adidas
B.L	ru	Aegon
B.L	ru	Air Liquide
B.L	ru	Alcatel-Lucent
B.L	ru	Allianz
B.L	ru	ArcelorMittal
B.L	ru	Assicurazioni Generali
B.L	ru	Automotive Fuel Cell Cooperation
B.L	ru	Automotive Fuel Cell Cooperation of Canada
B.L	ru	BASF
B.L	ru	BBVA
B.L	ru	BMW
B.L	ru	BNP Paribas
B.L	ru	Bayer
B.L	ru	Beiersdorf
B.L	ru	Beijing Benz
B.L	ru	Bertrandt
B.L	ru	BharatBenz
B.L	ru	Carrefour
B.L	ru	Cerberus Capital Management
B.L	ru	Chrysler
B.L	ru	Commerzbank
B.L	ru	Crédit Agricole
B.L	ru	DAX
B.L	ru	Daimler
B.L	ru	Daimler-Benz
B.L	ru	Daimler Fleet Management GmbH
B.L	ru	Daimler Motor Company
B.L	ru	Daimler Truck Financial
B.L	ru	Daimler Trucks
B.L	ru	Daimler Trucks Government Vehicles
B.L	ru	Daimler Trucks North America LLC
B.L	ru	Daimler Trucks Remarketing Corporation (DTRC)
B.L	ru	Danone
B.L	ru	Detroit Diesel
B.L	ru	Deutsche Aerospace
B.L	ru	Deutsche Bank
B.L	ru	Deutsche Börse
B.L	ru	Deutsche Post AG
B.L	ru	Deutsche Telekom
B.L	ru	Dow Jones Euro Stoxx 50
B.L	ru	E.ON
B.L	ru	EADS
B.L	ru	ENEL
B.L	ru	Eni
B.L	ru	EvoBus
B.L	ru	Fortis
B.L	ru	France Télécom
B.L	ru	Freightliner
B.L	ru	Freightliner Custom Chassis Corporation (FCCC)
B.L	ru	Fresenius
B.L	ru	Fresenius SE
B.L	ru	GDF Suez
B.L	ru	Grupo Santander
B.L	ru	Hannover Re
B.L	ru	Henkel
B.L	ru	ING Groep N.V.
B.L	ru	Iberdrola
B.L	ru	Intesa Sanpaolo
B.L	ru	K+S
B.L	ru	L'Oréal
B.L	ru	LVMH
B.L	ru	Lufthansa
B.L	ru	MAN
B.L	ru	Master Motors
B.L	ru	Maybach
B.L	ru	Mercedes-AMG
B.L	ru	Mercedes-AMG GmbH
B.L	ru	Mercedes-Benz
B.L	ru	Mercedes-Benz Bank AG
B.L	ru	Mercedes-Benz Cars
B.L	ru	Mercedes-Benz Financial
B.L	ru	Mercedes-Benz Türk
B.L	ru	Merck KGaA
B.L	ru	Metro AG
B.L	ru	Mitsubishi Fuso Truck and Bus Corporation
B.L	ru	Mobil
B.L	ru	Munich Re
B.L	ru	Nokia
B.L	ru	Orion International
B.L	ru	PARM-2
B.L	ru	Philips
B.L	ru	RBC.ru
B.L	ru	RWE
B.L	ru	Renault
B.L	ru	Repsol YPF
B.L	ru	Robert Bosch GmbH
B.L	ru	SAP
B.L	ru	Saint-Gobain
B.L	ru	Salzgitter AG
B.L	ru	Sanofi-Aventis
B.L	ru	Schneider Electric
B.L	ru	Setra
B.L	ru	Siemens
B.L	ru	Smart (автомобильная марка)
B.L	ru	Société Générale
B.L	ru	Sterling trucks
B.L	ru	Tata Motors
B.L	ru	Telecom Italia
B.L	ru	Telefónica
B.L	ru	Tesla Motors
B.L	ru	The Linde Group
B.L	ru	Thomas Built Buses
B.L	ru	ThyssenKrupp
B.L	ru	Tognum
B.L	ru	Tognum of Germany
B.L	ru	Total
B.L	ru	UniCredit
B.L	ru	Unilever
B.L	ru	Vinci
B.L	ru	Vivendi
B.L	ru	Volkswagen Group
B.L	ru	Western Star
B.L	ru	Western Star Trucks
B.L	ru	Автобус
B.L	ru	Автомобильная промышленность
B.L	ru	Акционерное общество
B.L	ru	Баден-Вюртемберг
B.L	ru	Бенц, Карл
B.L	ru	Взятка
B.L	ru	Викисклад
B.L	ru	Выручка
B.L	ru	Германия
B.L	ru	Грузовой автомобиль
B.L	ru	Даймлер
B.L	ru	Даймлер, Готтлиб
B.L	ru	Двигатель
B.L	ru	Дитер Цетше
B.L	ru	Евро
B.L	ru	Европа
B.L	ru	Итальянская фондовая биржа
B.L	ru	КАМАЗ
B.L	ru	КамАЗ
B.L	ru	Концерн
B.L	ru	Коррупция
B.L	ru	Легковой автомобиль
B.L	ru	Лента.ру
B.L	ru	Листинг (экономика)
B.L	ru	Министерство обороны США
B.L	ru	Минюст США
B.L	ru	Нью-Йоркская фондовая биржа
B.L	ru	Правительство Москвы
B.L	ru	Продукт (бизнес)
B.L	ru	Противопехотные мины
B.L	ru	Рамблер
B.L	ru	США
B.L	ru	Сайт
B.L	ru	Франкфуртская фондовая биржа
B.L	ru	Цетше, Дитер
B.L	ru	Черная книга корпораций
B.L	ru	Чистая прибыль
B.L	ru	Штутгарт
B.L	ru	Юридическое лицо
B.L	ru	Шаблон:Daimler AG
B.L	ru	Шаблон:Ref-en
B.L	ro	1998
B.L	ro	2007
B.L	ro	2010
B.L	ro	Bursa din Frankfurt
B.L	ro	Cerberus Capital Management
B.L	ro	Chrysler
B.L	ro	Chrysler (autovehicule)
B.L	ro	Chrysler Group
B.L	ro	Chrysler LLC
B.L	ro	Cifra de afaceri
B.L	ro	Companie
B.L	ro	Corporație
B.L	ro	DaimlerChrysler
B.L	ro	Daimler Benz
B.L	ro	Detroit Diesel
B.L	ro	Dieter Zetsche
B.L	ro	Dodge
B.L	ro	EADS
B.L	ro	Euro
B.L	ro	Freightliner LLC
B.L	ro	Germania
B.L	ro	Global Electric Motorcars
B.L	ro	Industrie
B.L	ro	List of automobile manufacturers
B.L	ro	Maybach
B.L	ro	McLaren Group
B.L	ro	Mercedes-AMG
B.L	ro	Mercedes-Benz
B.L	ro	Mitsubishi Fuso Truck and Bus Corporation
B.L	ro	New York Stock Exchange
B.L	ro	Orion Bus
B.L	ro	Orion Bus Industries
B.L	ro	Produs (marketing)
B.L	ro	Profit net
B.L	ro	Public company
B.L	ro	Setra
B.L	ro	Smart
B.L	ro	Smart (automobile)
B.L	ro	Statele Unite ale Americii
B.L	ro	Sterling Trucks
B.L	ro	Thomas Built Buses
B.L	ro	Tokyo Stock Exchange
B.L	ro	Western Star
B.L	ro	Wikimedia Commons
B.L	ro	Wikipedia:Articolul ciot perfect
B.L	ro	Wikipedia:Găsește și repară un ciot
B.L	ro	Format:DaimlerChrysler
B.L	ro	Discuție Format:DaimlerChrysler
B.L	ro	Categorie:Tipuri de companii
B.L	pt	14 de maio
B.L	pt	17 de junho
B.L	pt	17 de novembro
B.L	pt	1998
B.L	pt	2007
B.L	pt	AMG Motors
B.L	pt	Adidas
B.L	pt	Aktiengesellschaft
B.L	pt	Alemanha
B.L	pt	Allianz
B.L	pt	Automóveis
B.L	pt	Automóvel
B.L	pt	BASF
B.L	pt	BMW
B.L	pt	Bayer
B.L	pt	Beiersdorf
B.L	pt	Cerberus Capital Management
B.L	pt	Chrysler
B.L	pt	Commerzbank
B.L	pt	DAX-30
B.L	pt	Daimler Truck Group
B.L	pt	Detroit Diesel
B.L	pt	Deutsche Bank
B.L	pt	Deutsche Börse
B.L	pt	Deutsche Post
B.L	pt	Deutsche Telekom
B.L	pt	Dieter Zetsche
B.L	pt	Dodge
B.L	pt	E.ON
B.L	pt	Empresa
B.L	pt	Freightliner
B.L	pt	Fresenius
B.L	pt	Fresenius Medical Care
B.L	pt	Fusão
B.L	pt	Grupo Volkswagen
B.L	pt	HeidelbergCement
B.L	pt	Henkel
B.L	pt	Hessen
B.L	pt	Indústria automobilística
B.L	pt	Infineon Technologies
B.L	pt	Jeep
B.L	pt	K+S
B.L	pt	Kuwait Investment Authority
B.L	pt	Linde AG
B.L	pt	Lista de fabricantes de automóveis
B.L	pt	Lufthansa
B.L	pt	MAN SE
B.L	pt	METRO AG
B.L	pt	Maybach
B.L	pt	Mercedes-Benz
B.L	pt	Mercedes Car Group
B.L	pt	Merck KGaA
B.L	pt	Mitsubishi Fuso
B.L	pt	Mitsubishi Fuso Truck and Bus Corporation
B.L	pt	Multinacional
B.L	pt	Munich Re
B.L	pt	Orion
B.L	pt	Orion International
B.L	pt	RWE
B.L	pt	Renault
B.L	pt	SAP AG
B.L	pt	Setra
B.L	pt	Siemens AG
B.L	pt	Smart
B.L	pt	Sociedade anônima
B.L	pt	Sterling Trucks
B.L	pt	Stuttgart
B.L	pt	Team Mercedes
B.L	pt	Thomas Built Buses
B.L	pt	ThyssenKrupp
B.L	pt	Unimog
B.L	pt	Western Star Trucks
B.L	pt	Wikimedia Foundation
B.L	pt	Wikipédia:Esboço
B.L	pt	Predefinição:DAX
B.L	pt	Portal:Alemanha
B.L	zh	1886年
B.L	zh	1890年
B.L	zh	1902年
B.L	zh	1998年
B.L	zh	2007年
B.L	zh	2010年
B.L	zh	2011年
B.L	zh	2013年
B.L	zh	2月1日
B.L	zh	4月7日
B.L	zh	5月18日
B.L	zh	5月7日
B.L	zh	AMG
B.L	zh	Automotive Fuel Cell Cooperation
B.L	zh	BMW
B.L	zh	CEO
B.L	zh	DAX指数
B.L	zh	E.ON
B.L	zh	EVolution
B.L	zh	Euro
B.L	zh	FleetBoard
B.L	zh	Freightliner LLC
B.L	zh	K+S
B.L	zh	Lanxess
B.L	zh	Orion 巴士
B.L	zh	RWE
B.L	zh	SAP公司
B.L	zh	Smart
B.L	zh	Western Star
B.L	zh	三菱扶桑
B.L	zh	三菱扶桑卡客车
B.L	zh	三菱汽车
B.L	zh	世界
B.L	zh	乌尼莫克
B.L	zh	于尔根·施伦佩
B.L	zh	伦敦
B.L	zh	俄羅斯
B.L	zh	克莱斯勒汽车公司
B.L	zh	利润
B.L	zh	制造商用车辆
B.L	zh	加拿大
B.L	zh	北汽福田
B.L	zh	卡尔·本茨
B.L	zh	卡車
B.L	zh	回声线
B.L	zh	国际音标
B.L	zh	大众集团
B.L	zh	大陆集团
B.L	zh	安联
B.L	zh	巴斯夫
B.L	zh	德哈恩的公共汽车和长途汽车
B.L	zh	德国
B.L	zh	德国商业银行
B.L	zh	德国电信
B.L	zh	德国邮政
B.L	zh	德國
B.L	zh	德國證券交易所
B.L	zh	德意志银行
B.L	zh	愛迪達
B.L	zh	慕尼黑再保险
B.L	zh	戈特利布·戴姆勒
B.L	zh	戴姆勒-克萊斯勒財務服務公司
B.L	zh	戴姆勒-克萊斯勒銀行
B.L	zh	戴姆勒公司
B.L	zh	戴姆勒发动机公司
B.L	zh	戴姆勒金融服务公司
B.L	zh	戴姆勒银行
B.L	zh	托马斯内置巴士
B.L	zh	拜尔斯道夫
B.L	zh	拜耳
B.L	zh	斯圖加特
B.L	zh	斯特林卡车
B.L	zh	日本
B.L	zh	日產
B.L	zh	林德
B.L	zh	梅塞德斯-朋馳
B.L	zh	梅巴赫
B.L	zh	梅賽德斯-AMG
B.L	zh	梅赛德斯
B.L	zh	梅赛德斯-奔驰
B.L	zh	梅赛德斯 MCV
B.L	zh	歐洲
B.L	zh	汉莎航空
B.L	zh	汉高公司
B.L	zh	汽車
B.L	zh	法兰克福证券交易所
B.L	zh	海德堡水泥
B.L	zh	營業額
B.L	zh	猎户座国际
B.L	zh	產業
B.L	zh	福莱纳
B.L	zh	稅前盈餘
B.L	zh	空中巴士
B.L	zh	罗伯特·伊同
B.L	zh	美國
B.L	zh	股份公司
B.L	zh	股東權益
B.L	zh	英國
B.L	zh	英飞凌
B.L	zh	蒂森克虏伯
B.L	zh	西星
B.L	zh	西星卡车
B.L	zh	西特
B.L	zh	西门子公司
B.L	zh	資產
B.L	zh	费森尤斯
B.L	zh	费森尤斯医疗
B.L	zh	赛特拉
B.L	zh	雷諾
B.L	zh	默克集團
B.L	zh	Template:CGroup/Motor
B.L	zh	Template:CGroup/地名
B.L	zh	Template:DAX指数成份公司
B.L	zh	Template:Daimler
B.L	zh	Template talk:DAX指数成份公司
B.L	zh	Template talk:Daimler
B.L	zh	Category:公司
B.L	yo	Aktiengesellschaft
B.L	yo	Asset
B.L	yo	Automobile
B.L	yo	Automotive industry
B.L	yo	Chairman
B.L	yo	Chief executive officer
B.L	yo	Commercial vehicle
B.L	yo	Dieter Zetsche
B.L	yo	Earnings before interest and taxes
B.L	yo	Employment
B.L	yo	Euro
B.L	yo	Frankfurt Stock Exchange
B.L	yo	Germany
B.L	yo	Industry
B.L	yo	Manfred Bischoff
B.L	yo	Net income
B.L	yo	Product (business)
B.L	yo	Revenue
B.L	yo	Stuttgart
B.L	yo	Supervisory board
B.L	yo	Types of business entity
B.L	yo	Website
B.L	yo	Wikipedia:Ayoka fun ekunrere
B.L	yo	Wikipedia:Ìmúdára àyọkà
CN	de	Daimler_AG
IWL	fi	Daimler
IWL	fr	Daimler (entreprise)
IWL	he	דיימלר-קרייזלר
IWL	fa	دایملر آ گ
IWL	el	Daimler
IWL	eo	Daimler AG
IWL	en	Daimler AG
IWL	et	Daimler
IWL	es	Daimler AG
IWL	ca	Daimler AG
IWL	bs	Daimler AG
IWL	bg	Даймлер
IWL	be	Daimler
IWL	da	DaimlerChrysler
IWL	cs	Daimler AG
IWL	sco	Daimler AG
IWL	ar	دايملر كرايسلر
IWL	no	Daimler AG
IWL	nn	Daimler AG
IWL	pl	Daimler AG
IWL	lt	Daimler AG
IWL	mr	डाईमलर आ.गे.
IWL	ms	Daimler AG
IWL	nl	Daimler (Duitsland)
IWL	ka	Daimler AG
IWL	ko	다임러 AG
IWL	kk	Daimler AG
IWL	la	DaimlerChrysler
IWL	hr	Daimler AG
IWL	hi	डेमलर एजी
IWL	id	DaimlerChrysler
IWL	is	Daimler
IWL	it	Daimler (azienda)
IWL	ja	ダイムラー (自動車メーカー)
IWL	vi	Daimler AG
IWL	uk	Daimler
IWL	tr	Daimler AG
IWL	te	డైమ్లెర్‌క్రిస్లెర్
IWL	sv	Daimler AG
IWL	sk	Daimler AG
IWL	ru	Daimler
IWL	ro	Daimler AG
IWL	pt	Daimler AG
IWL	zh	戴姆勒
IWL	diq	Daimler AG
IWL	yo	Daimler AG
