A.L	de	Baeyer
A.L	de	Baier
A.L	de	Bajer
A.L	de	Bajuwaren
A.L	de	Bayer-Bezeichnung
A.L	de	Bayer-Sensor
A.L	de	Bayer-Verfahren
A.L	de	Bayer (Familienname)
A.L	de	Bayer (Mondkrater)
A.L	de	Bayer 04 Leverkusen
A.L	de	Bayer AG
A.L	de	Bayer CropScience
A.L	de	Bayer Giants Leverkusen
A.L	de	Bayer HealthCare
A.L	de	Bayer MaterialScience
A.L	de	Bayer Science & Education Foundation
A.L	de	Bayer von Boppard
A.L	de	Bayern
A.L	de	Bayr
A.L	de	Beier
A.L	de	Beyer
A.L	de	DHC Rheinland
A.L	de	KFC Uerdingen 05
A.L	de	Ludwig IV. (HRR)
A.L	de	Otto-Bayer-Preis
A.L	de	RTHC Bayer Leverkusen
A.L	de	SC Bayer 05 Uerdingen
A.L	de	SG Bayer Wuppertal/Uerdingen/Dormagen
A.L	de	SV Bayer Wuppertal
A.L	de	TSV Bayer 04 Leverkusen
A.L	de	TSV Bayer Dormagen
A.L	de	Villa Bayer
A.L	de	Wikipedia:Begriffsklärung
B.L	fr	1572
B.L	fr	1625
B.L	fr	1694
B.L	fr	1738
B.L	fr	1847
B.L	fr	1872
B.L	fr	1882
B.L	fr	1898
B.L	fr	1900
B.L	fr	1904
B.L	fr	1917
B.L	fr	1921
B.L	fr	1931
B.L	fr	1938
B.L	fr	1940
B.L	fr	1943
B.L	fr	1960
B.L	fr	1985
B.L	fr	2004
B.L	fr	Allemagne
B.L	fr	Anna Karina
B.L	fr	Astronome
B.L	fr	Baier
B.L	fr	Bayer (cratère)
B.L	fr	Bayer AG
B.L	fr	Bayer CropScience
B.L	fr	Bryce Bayer
B.L	fr	Chimie
B.L	fr	Constellation
B.L	fr	Contrat de bail
B.L	fr	Désignation de Bayer
B.L	fr	Extraction de l'alumine
B.L	fr	Francis Bayer
B.L	fr	Francis Bayer du Kern
B.L	fr	Francisco Bayeu y Subias
B.L	fr	Frederick Merke Bayer
B.L	fr	Friedrich Bayer
B.L	fr	Gottlieb Siegfried Bayer
B.L	fr	Herbert Bayer
B.L	fr	Johann Bayer
B.L	fr	Josef Bayer
B.L	fr	Karl Josef Bayer
B.L	fr	L'Ami des bêtes
B.L	fr	Lune
B.L	fr	Lyropecten
B.L	fr	Matrice de Bayer
B.L	fr	Maximilian Bayer
B.L	fr	Médicament
B.L	fr	Raymond Bayer
B.L	fr	Ronny Bayer
B.L	fr	TSV Bayer 04 Leverkusen
B.L	fr	Willi Bayer
B.L	fr	William Bayer
B.L	fr	Étoile
B.L	fr	Aide:Homonymie
B.L	en	Baeyer's reagent
B.L	en	Bayer
B.L	en	Bayer (crater)
B.L	en	Bayer Esporte Clube
B.L	en	Bayer Leverkusen
B.L	en	Bayer designation
B.L	en	Bayer filter
B.L	en	Beyer (disambiguation)
B.L	en	Bryce Bayer
B.L	en	Buyer
B.L	en	Carl Josef Bayer
B.L	en	Frederick Bayer
B.L	en	Herbert Bayer
B.L	en	Johann Bayer
B.L	en	Josef Bayer
B.L	en	KFC Uerdingen 05
B.L	en	Osvaldo Bayer
B.L	en	Theodore Bayer
B.L	en	Help:Disambiguation
B.L	es	Bayer
B.L	es	Bayer 04 Leverkusen
B.L	es	Bayer Leverkusen (baloncesto)
B.L	es	Bayer Uerdingen Schwimmverein 08
B.L	es	Carole Bayer Sager
B.L	es	Denominación de Bayer
B.L	es	Ehrentraut Bayer
B.L	es	Francisco Pérez Bayer
B.L	es	Friderika Bayer
B.L	es	Herbert Bayer
B.L	es	Johann Bayer
B.L	es	Martin Bruce Bayer
B.L	es	Mosaico de Bayer
B.L	es	Osvaldo Bayer
B.L	es	Proceso Bayer
B.L	es	Rudolf Bayer
B.L	es	Samuel Bayer
B.L	es	Wikipedia:Ambigüedad en títulos
B.L	es	Wikipedia:Manual de estilo/páginas de desambiguación
B.L	cs	1572
B.L	cs	1625
B.L	cs	1694
B.L	cs	1738
B.L	cs	1854
B.L	cs	1862
B.L	cs	1885
B.L	cs	1927
B.L	cs	1930
B.L	cs	1939
B.L	cs	1942
B.L	cs	1956
B.L	cs	1976
B.L	cs	1986
B.L	cs	Agrochemie
B.L	cs	Astronom
B.L	cs	Bajer
B.L	cs	Bayer
B.L	cs	Edvín Bayer
B.L	cs	Farmacie
B.L	cs	Fotbal
B.L	cs	František Bayer
B.L	cs	Galerie Bayer & Bayer
B.L	cs	Gottlieb Siegfried Bayer
B.L	cs	Informatika
B.L	cs	Johann Bayer
B.L	cs	Karel Bayer
B.L	cs	Marta Bayerová
B.L	cs	Pavel Ignác Bayer
B.L	cs	Profesor
B.L	cs	Příjmení
B.L	cs	Rudolf Bayer
B.L	cs	Sebastian Bayer
B.L	cs	TSV Bayer 04 Leverkusen
B.L	cs	Vladimír Bayer
B.L	cs	Wikipedie:Název článku
B.L	cs	Wikipedie:Odkaz na rozcestník
B.L	cs	Wikipedie:Rozcestníky
B.L	cs	Wikipedie:Článek
B.L	no	Bayer (selskap)
B.L	no	Bayer (øl)
B.L	no	Bayer Schering Pharma
B.L	no	Bayern
B.L	no	Ernest Bayer
B.L	no	Gustav Bayer
B.L	no	Herbert Bayer
B.L	no	Johann Bayer
B.L	no	Johann Christoph Bayer
B.L	no	Sebastian Bayer
B.L	no	Wikipedia:Flertydige titler
B.L	ko	1863년
B.L	ko	F. 바이어
B.L	ko	J. 베스코트
B.L	ko	독일
B.L	ko	라이베리아
B.L	ko	만데어파
B.L	ko	바이어 (아시아의 언어)
B.L	ko	바이어 (아프리카의 언어)
B.L	ko	바이어 명명법
B.L	ko	바이엘 (기업)
B.L	ko	바이엘 (피아노)
B.L	ko	바이엘 04 레버쿠젠
B.L	ko	아돌프 폰 바이어
B.L	ko	아스피린
B.L	ko	요한 바이어
B.L	ko	중국
B.L	ko	중국티베트어족
B.L	ko	페르디난트 바이어
B.L	ko	허버트 바이어
B.L	ko	위키백과:동음이의어 문서
B.L	it	Bayer
B.L	it	Bayer Leverkusen
B.L	it	Bayer Uerdingen
B.L	it	Carl Josef Bayer
B.L	it	Herbert Bayer
B.L	it	Johann Bayer
B.L	it	Samuel Bayer
B.L	it	Aiuto:Disambigua
B.L	it	Aiuto:Voce
B.L	it	Aiuto:Wikilink
B.L	ja	アドルフ・フォン・バイヤー
B.L	ja	アメリカ合衆国
B.L	ja	ウィリアム・バイアー
B.L	ja	ウド・バイヤー
B.L	ja	エルンスト・バイアー
B.L	ja	オーストリア
B.L	ja	カール・ヨーゼフ・バイヤー
B.L	ja	キャロル・ベイヤー・セイガー
B.L	ja	クリスティーナ・バイアー
B.L	ja	クレーター
B.L	ja	サッカー
B.L	ja	デザイナー
B.L	ja	ドイツ民主共和国
B.L	ja	ドイツ語
B.L	ja	ノーベル化学賞
B.L	ja	バイエル (クレーター)
B.L	ja	バイエル (企業)
B.L	ja	バイエル・レバークーゼン
B.L	ja	バイエル符号
B.L	ja	バイヤー・ビリガー酸化
B.L	ja	バイヤー法
B.L	ja	バレエ
B.L	ja	ピアニスト
B.L	ja	フィギュアスケート選手
B.L	ja	フェルディナント・バイエル
B.L	ja	フランク・バイヤー
B.L	ja	フランツ・バイヤー
B.L	ja	プロボクサー
B.L	ja	ヘルベルト・バイヤー
B.L	ja	マルクス・バイエル
B.L	ja	ミュンヘン音楽大学
B.L	ja	ヨハン・バイエル
B.L	ja	ヨーゼフ・バイヤー
B.L	ja	レクイエム (モーツァルト)
B.L	ja	ヴィオラ
B.L	ja	作曲家
B.L	ja	写真家
B.L	ja	天文学者
B.L	ja	姓
B.L	ja	映画監督
B.L	ja	月
B.L	ja	画家
B.L	ja	舞台ドイツ語
B.L	ja	英語
B.L	ja	酸化アルミニウム
B.L	ja	陸上競技選手
B.L	ja	音楽学者
B.L	ja	黒人
B.L	ja	Wikipedia:曖昧さ回避
B.L	tr	Baeyer ayıracı
B.L	tr	Bayer (krater)
B.L	tr	Bayer AG
B.L	tr	Bayer Leverkusen
B.L	tr	Bayer Türkiye
B.L	tr	Bayer belirtmeleriyle yıldız tablosu
B.L	tr	Bayer belirtmesi
B.L	tr	Bayer filtresi
B.L	tr	Bayern (anlam ayrımı)
B.L	tr	Donat Bayer
B.L	tr	Friderika Bayer
B.L	tr	Herbert Bayer
B.L	tr	Johann Bayer
B.L	tr	Josef Bayer
B.L	tr	KFC Uerdingen 05
B.L	tr	Melda Bayer
B.L	tr	Nuran Bayer
B.L	tr	Özgür Bayer
B.L	tr	Vikipedi:Anlam ayrımı
B.L	sv	Bayer 04 Leverkusen
B.L	sv	Bayer AG
B.L	sv	Carl Josef Bayer
B.L	sv	Christoph Bayer
B.L	sv	Friedrich Bayer
B.L	sv	KFC Uerdingen 05
B.L	sv	SC Bayer 05 Uerdingen
B.L	sv	SG Bayer Wuppertal/Uerdingen/Dormagen
B.L	sv	SV Bayer Wuppertal
B.L	sv	TSV Bayer Dormagen
B.L	sv	Wikipedia:Förgreningssida
B.L	sv	Wikipedia:Wikilänkar
B.L	sk	Bayer 04 Leverkusen
B.L	sk	Bayer AG
B.L	sk	Bayerovo označenie
B.L	sk	Johann Bayer
B.L	sk	Ján Bayer
B.L	sk	Wikipédia:Rozlišovacia stránka
B.L	ru	Bayer
B.L	ru	Beyer-Peacock
B.L	ru	Байер, Август
B.L	ru	Байер, Адольф
B.L	ru	Байер, Готлиб Зигфрид
B.L	ru	Байер, Джорджина
B.L	ru	Байер, Иеронимус фон
B.L	ru	Байер, Иоанн Вильгельм
B.L	ru	Байер, Иоганн
B.L	ru	Байер, Иосиф Август
B.L	ru	Байер, Иосиф Яков
B.L	ru	Байер, Йожеф
B.L	ru	Байер, Йозеф
B.L	ru	Байер, Карл Роберт Эмерих
B.L	ru	Байер, Конрад
B.L	ru	Байер, Конрад (писатель)
B.L	ru	Байер, Рональд
B.L	ru	Байер, Франк
B.L	ru	Байер, Франц (натуралист)
B.L	ru	Байер, Франц (писатель)
B.L	ru	Байер, Фредрик
B.L	ru	Байер, Фридерика
B.L	ru	Байер, Эмиль
B.L	ru	Байер, Эрнст
B.L	ru	Байер (баскетбольный клуб, Леверкузен)
B.L	ru	Байер (профессия)
B.L	ru	Байер 04 (футбольный клуб)
B.L	ru	Байер Вупперталь
B.L	ru	Байер Дормаген
B.L	ru	Венская группа
B.L	ru	Вупперталь
B.L	ru	Дормаген
B.L	ru	Крефельд
B.L	ru	Леверкузен
B.L	ru	Немцы
B.L	ru	Энциклопедический словарь Брокгауза и Ефрона
B.L	ru	Юрдинген 05
B.L	ru	Википедия:Неоднозначность
B.L	ru	Википедия:Статья
B.L	ru	Википедия:Толкование ссылок
B.L	ro	Bayer 04 Leverkusen
B.L	ro	Bayer AG
B.L	ro	Bayern
B.L	ro	Leverkusen
B.L	ro	SC Bayer 05 Uerdingen
B.L	ro	SG Bayer Wuppertal/Uerdingen/Dormagen
B.L	ro	SV Bayer Wuppertal
B.L	ro	TSV Bayer Dormagen
B.L	ro	Wikipedia:Articol
B.L	ro	Wikipedia:Dezambiguizare
B.L	ro	Wikipedia:Liste
B.L	ro	Wikipedia:Manual de stil
B.L	ro	Wikipedia:Titluri
CN	de	Bayer
IWL	fr	Bayer
IWL	en	Bayer (disambiguation)
IWL	es	Bayer (desambiguación)
IWL	cs	Bayer (rozcestník)
IWL	no	Bayer
IWL	ko	바이어
IWL	it	Bayer (disambigua)
IWL	ja	バイエル
IWL	tr	Bayer (anlam ayrımı)
IWL	sv	Bayer
IWL	sk	Bayer
IWL	ru	Байер
IWL	ro	Bayer (dezambiguizare)
