A.L	de	2,3,7,8-Tetrachlordibenzodioxin
A.L	de	AEG
A.L	de	Abbott Laboratories
A.L	de	Acetylen
A.L	de	Acrylsäure
A.L	de	AdBlue
A.L	de	Adidas
A.L	de	Agfa
A.L	de	Agrarchemie
A.L	de	Air Liquide
A.L	de	Akzo Nobel
A.L	de	Alizarin
A.L	de	Allianz SE
A.L	de	Alliierter Kontrollrat
A.L	de	Alstom
A.L	de	Altamira (Mexico)
A.L	de	Altana
A.L	de	Alwin Mittasch
A.L	de	Amflora
A.L	de	Amine
A.L	de	Anheuser-Busch InBev
A.L	de	Anilin
A.L	de	Anke Schäferkordt
A.L	de	Anorganische Chemie
A.L	de	Antwerpen
A.L	de	ArcelorMittal
A.L	de	Argentinien
A.L	de	Assicurazioni Generali
A.L	de	Aufsichtsratsvorsitzender
A.L	de	August Clemm
A.L	de	Australien
A.L	de	Axa
A.L	de	Azofarbstoffe
A.L	de	BASF Agrarzentrum Limburgerhof
A.L	de	BASF Coatings
A.L	de	BASF Coatings AG
A.L	de	BASF IT Services
A.L	de	BASF Pharmachemikalien
A.L	de	BASF Plant Science
A.L	de	BASF Polyurethanes
A.L	de	BASF Schwarzheide GmbH
A.L	de	BMW
A.L	de	BNP Paribas
A.L	de	Babcock Borsig
A.L	de	Banco Bilbao Vizcaya Argentaria
A.L	de	Banco Santander
A.L	de	Basel
A.L	de	Basell
A.L	de	Baumwolle
A.L	de	Bayer AG
A.L	de	Bayer CropScience
A.L	de	Bayerische Hypotheken- und Wechsel-Bank
A.L	de	Bayerische Vereinsbank
A.L	de	Beiersdorf AG
A.L	de	Belgien
A.L	de	Bergius-Pier-Verfahren
A.L	de	Bernd Venohr
A.L	de	Bilanzsumme
A.L	de	Biotechnologie
A.L	de	BlackRock
A.L	de	Brasilien
A.L	de	Buna (Kautschuk)
A.L	de	Bund für Umwelt und Naturschutz Deutschland
A.L	de	Calciumcarbid
A.L	de	Carl-Zeiss-Stiftung
A.L	de	Carl Bosch
A.L	de	Carl Clemm
A.L	de	Carl Duisberg
A.L	de	Carl Zeiss AG
A.L	de	Carotinoide
A.L	de	Carrefour (Unternehmen)
A.L	de	Cassella Farbwerke Mainkur
A.L	de	Celanese
A.L	de	Cement Roadstone Holding
A.L	de	Chemiepark Marl
A.L	de	Chemiker
A.L	de	Chemische Fabrik
A.L	de	Chemische Fabrik Griesheim-Elektron
A.L	de	Chemische Fabrik Kalle
A.L	de	Chemische Industrie
A.L	de	Chlorakne
A.L	de	Ciba AG
A.L	de	Citronellal
A.L	de	Citronellol
A.L	de	Clariant
A.L	de	Cognis
A.L	de	Commerzbank
A.L	de	Compagnie de Saint-Gobain
A.L	de	Comparex
A.L	de	Continental AG
A.L	de	Corporate Design
A.L	de	Crédit Agricole (Unternehmen)
A.L	de	DAX
A.L	de	Dachverband der Kritischen Aktionärinnen und Aktionäre
A.L	de	Daimler AG
A.L	de	Dannenfels
A.L	de	Danone
A.L	de	Degussa
A.L	de	Deutsche Bank
A.L	de	Deutsche Börse
A.L	de	Deutsche Gesellschaft für Schädlingsbekämpfung
A.L	de	Deutsche Post AG
A.L	de	Deutsche Telekom
A.L	de	Deutscher Naturschutzring
A.L	de	Deutschland
A.L	de	Dow Chemical
A.L	de	Dresdner Bank
A.L	de	DuPont
A.L	de	DyStar
A.L	de	Dynamit Nobel
A.L	de	E.ON
A.L	de	EBIT
A.L	de	EURO STOXX 50
A.L	de	Eggert Voscherau
A.L	de	Emtec Magnetics
A.L	de	Enel
A.L	de	Engelhard Corporation
A.L	de	Eni (Unternehmen)
A.L	de	Entwesung
A.L	de	Eosin Y
A.L	de	Epcos
A.L	de	Erdgasleitung
A.L	de	Erdgasspeicher
A.L	de	Erdöl
A.L	de	Erlös
A.L	de	Erster Weltkrieg
A.L	de	Ersttagsblatt
A.L	de	Ethen
A.L	de	Ethylen
A.L	de	Euro
A.L	de	Euronext
A.L	de	Europäische Gesellschaft
A.L	de	Evonik
A.L	de	Evonik Degussa
A.L	de	Explosion des Oppauer Stickstoffwerkes
A.L	de	Externe Mitarbeiter in deutschen Bundesministerien
A.L	de	Exxon
A.L	de	Faserverbundwerkstoff
A.L	de	Feinchemie
A.L	de	Feldmühle (Unternehmen)
A.L	de	Florian Langenscheidt
A.L	de	Forbes Magazine
A.L	de	Fortuna (Kartoffel)
A.L	de	France Telecom
A.L	de	Frankfurt am Main
A.L	de	Frankfurter Wertpapierbörse
A.L	de	Frankreich
A.L	de	Franz Fehrenbach
A.L	de	François Diederich
A.L	de	Freeport (Texas)
A.L	de	Fresenius (Unternehmen)
A.L	de	Fresenius Medical Care
A.L	de	Friedensvertrag von Versailles
A.L	de	Friedrich-Engelhorn-Hochhaus
A.L	de	Friedrich Engelhorn
A.L	de	Fritz Haber
A.L	de	Fritz Stastny
A.L	de	Fungizid
A.L	de	GDF Suez
A.L	de	Gas
A.L	de	Gaskammer (Massenmord)
A.L	de	Gatersleben
A.L	de	Gazprom
A.L	de	Geismar (Louisiana)
A.L	de	Gent
A.L	de	Gentechnik
A.L	de	Georg Wittig
A.L	de	Gewinn
A.L	de	Giftgas
A.L	de	Glasurit
A.L	de	Glysantin
A.L	de	Goldmark
A.L	de	Graphit
A.L	de	Großrechner
A.L	de	Gründung (Recht)
A.L	de	Gulden
A.L	de	Gustav von Brüning
A.L	de	Haber-Bosch-Verfahren
A.L	de	Handelsregister
A.L	de	Hannover Rück
A.L	de	Hans Poelzig
A.L	de	Harnstoff
A.L	de	Harz (Material)
A.L	de	Haßmersheim
A.L	de	HeidelbergCement
A.L	de	Heinrich Caro
A.L	de	Heinrich von Brunck
A.L	de	Hemshof
A.L	de	Henkel (Unternehmen)
A.L	de	Henkel KGaA
A.L	de	Herbizide
A.L	de	Hitachi (Unternehmen)
A.L	de	Hoechst
A.L	de	Hoechst AG
A.L	de	Hoofddorp
A.L	de	Hypo Real Estate
A.L	de	I.G.-Farben-Haus
A.L	de	I.G.-Farben-Prozess
A.L	de	I.G. Farben
A.L	de	IBM
A.L	de	ING Groep
A.L	de	Iberdrola
A.L	de	Illinois
A.L	de	Indanthren
A.L	de	Indigo
A.L	de	Industrie und Technik (Briefmarkenserie)
A.L	de	Industriegewerkschaft Bergbau, Chemie, Energie
A.L	de	Industrieller
A.L	de	Infineon
A.L	de	Inhaberaktie
A.L	de	Insektizide
A.L	de	International Securities Identification Number
A.L	de	Internet Archive
A.L	de	Intesa Sanpaolo
A.L	de	Irland
A.L	de	Japan
A.L	de	Joint Venture
A.L	de	Justus von Liebig
A.L	de	Jürgen Hambrecht
A.L	de	Jürgen Strube
A.L	de	K+S
A.L	de	K+S AG
A.L	de	KOHAP Inc.
A.L	de	KZ Auschwitz
A.L	de	KZ Majdanek
A.L	de	KZ Mauthausen
A.L	de	KZ Neuengamme
A.L	de	KZ Ravensbrück
A.L	de	KZ Sachsenhausen
A.L	de	KZ Stutthof
A.L	de	Kanada
A.L	de	Karstadt
A.L	de	Kassel
A.L	de	Kehl
A.L	de	Kesselwagenexplosion in der BASF
A.L	de	Kleiderlaus
A.L	de	Klimapolitik
A.L	de	Kohlehydrierung
A.L	de	Kompatibilität (Technik)
A.L	de	Kraftwerk BASF-Antwerpen
A.L	de	Kraftwerk BASF-Ludwigshafen
A.L	de	Kuantan
A.L	de	Kurt Bock
A.L	de	Lanxess
A.L	de	Latentwärmespeicher
A.L	de	Leim
A.L	de	Lemförde
A.L	de	Leunawerke
A.L	de	Lichtschutzmittel
A.L	de	Limburgerhof
A.L	de	Linde AG
A.L	de	Liquidation
A.L	de	Lobbyismus
A.L	de	London Stock Exchange
A.L	de	Ludwigshafen
A.L	de	Ludwigshafen-Oppau
A.L	de	Ludwigshafen am Rhein
A.L	de	Lufthansa
A.L	de	L’Oréal
A.L	de	MAN
A.L	de	MIDAL
A.L	de	MLP AG
A.L	de	Magnetophon
A.L	de	Malaysia
A.L	de	Mannesmann
A.L	de	Mannheim-Jungbusch
A.L	de	Margret Suckale
A.L	de	Marktführer
A.L	de	Marktkapitalisierung
A.L	de	Markus Dufner
A.L	de	Matthias Pier
A.L	de	Max Dietrich Kley
A.L	de	Maximilian II. Joseph (Bayern)
A.L	de	Melamin
A.L	de	Merck KGaA
A.L	de	Merseburg
A.L	de	Methanol
A.L	de	Methanolherstellung
A.L	de	Methylenblau
A.L	de	Metro AG
A.L	de	Mexiko
A.L	de	Michael Diekmann
A.L	de	Michael Vassiliadis
A.L	de	Michigan
A.L	de	Micronal
A.L	de	Minden
A.L	de	Mississippi (Bundesstaat)
A.L	de	Mitarbeiter
A.L	de	Monitor (Fernsehmagazin)
A.L	de	Monsanto
A.L	de	Moët Hennessy Louis Vuitton
A.L	de	Munich Re
A.L	de	Museum für Lackkunst
A.L	de	Münster (Westfalen)
A.L	de	Namensaktie
A.L	de	Nanjing
A.L	de	Natriumcarbonat
A.L	de	Neopor
A.L	de	Netzwerk Europäische Bewegung
A.L	de	New York Stock Exchange
A.L	de	Niederlande
A.L	de	Nixdorf Computer
A.L	de	Nokia
A.L	de	Nordamerika
A.L	de	Oppanol B
A.L	de	Paul Moldenhauer
A.L	de	Peripheriegerät
A.L	de	Petrochemie
A.L	de	Petronas
A.L	de	Pflanzenschutzmittel
A.L	de	Philips
A.L	de	Phthalsäureester
A.L	de	Pigment
A.L	de	Politiker
A.L	de	Polyamide
A.L	de	Polyethylen
A.L	de	Polyolefin
A.L	de	Polyoxymethylen
A.L	de	Polypropylen
A.L	de	Polystyrol
A.L	de	Polyurethan
A.L	de	Polyvinylchlorid
A.L	de	Port Arthur (Texas)
A.L	de	Postbank
A.L	de	Preussag
A.L	de	Propylen
A.L	de	Propylenoxid
A.L	de	Québec (Stadt)
A.L	de	REACH
A.L	de	REACH-Verordnung
A.L	de	RTL Television
A.L	de	RWE
A.L	de	Rechtsform
A.L	de	Rehden
A.L	de	Reichsschwefelwerk
A.L	de	Reparation
A.L	de	Repsol YPF
A.L	de	Robert Bosch GmbH
A.L	de	Royal Dutch Shell
A.L	de	Rudolf Knietsch
A.L	de	Ruprecht-Karls-Universität Heidelberg
A.L	de	SAP
A.L	de	STEGAL
A.L	de	Salzgitter AG
A.L	de	Sanofi-Aventis
A.L	de	Schneider Electric
A.L	de	Schott AG
A.L	de	Schwarzheide
A.L	de	Schwefelsäure
A.L	de	Schweiz
A.L	de	Seife
A.L	de	Siemens
A.L	de	Sinopec
A.L	de	Sitz (juristische Person)
A.L	de	Societe Generale
A.L	de	Soja
A.L	de	Solvay
A.L	de	Sowjetische Besatzungszone
A.L	de	Spanien
A.L	de	Steamcracker
A.L	de	Stellungskrieg
A.L	de	Stiftung „Erinnerung, Verantwortung und Zukunft“
A.L	de	Strobilurine
A.L	de	Stuttgart
A.L	de	Styrodur
A.L	de	Styropor
A.L	de	Superabsorber
A.L	de	Superphosphat
A.L	de	Swiss Exchange
A.L	de	Synthetischer Kautschuk
A.L	de	System/370
A.L	de	Säure
A.L	de	TUI
A.L	de	Technologieführerschaft
A.L	de	Teerfarbstoff
A.L	de	Telecom Italia
A.L	de	Telefónica
A.L	de	Telepolis
A.L	de	Texas
A.L	de	Th. Goldschmidt AG
A.L	de	ThyssenKrupp
A.L	de	Tokioter Börse
A.L	de	Total (Unternehmen)
A.L	de	Treuhandanstalt
A.L	de	UV-Strahlung
A.L	de	UniCredit Group
A.L	de	Unibail-rodamco
A.L	de	Unilever
A.L	de	Unternehmensführung
A.L	de	Unternehmenslogo
A.L	de	VEBA
A.L	de	VIAG
A.L	de	Verband der Chemischen Industrie
A.L	de	Vereinigte Staaten
A.L	de	Vereinigtes Königreich
A.L	de	Verlag C. H. Beck
A.L	de	Vinci (Unternehmen)
A.L	de	Virginia
A.L	de	Vitamin A
A.L	de	Vitamine
A.L	de	Vivendi
A.L	de	Volkswagen AG
A.L	de	Vorstandsvorsitzender
A.L	de	Wacker Chemie
A.L	de	Walter Reppe
A.L	de	Wappen
A.L	de	Waschmittel
A.L	de	Website
A.L	de	Weichmacher
A.L	de	Weimarer Republik
A.L	de	Weltausstellung
A.L	de	Werkfeuerwehr BASF
A.L	de	Werner Abelshauser
A.L	de	Wesseling
A.L	de	Willstätt
A.L	de	Wingas
A.L	de	Wintershall
A.L	de	Wirtschaftskartell
A.L	de	Wirtschaftszweig
A.L	de	Ylide
A.L	de	Zyklon B
A.L	de	Diskussion:BASF
A.L	de	Wikipedia:Lesenswerte Artikel
A.L	de	Wikipedia:Wie schreibe ich gute Artikel
A.L	de	Kategorie:Datei:BASF
B.L	fi	1865
B.L	fi	Adidas
B.L	fi	Akronyymi
B.L	fi	Allianz
B.L	fi	Ammoniakki
B.L	fi	Auschwitz
B.L	fi	BMW
B.L	fi	Bayer
B.L	fi	Beiersdorf
B.L	fi	Birkenau
B.L	fi	Carl Bosch
B.L	fi	Chile
B.L	fi	Commerzbank
B.L	fi	DAX-indeksi
B.L	fi	Daimler
B.L	fi	Deutsche Bank
B.L	fi	Deutsche Börse
B.L	fi	Deutsche Post
B.L	fi	Deutsche Telekom
B.L	fi	E.ON
B.L	fi	Ensimmäinen maailmansota
B.L	fi	Farkut
B.L	fi	Frankfurtin pörssi
B.L	fi	Fresenius
B.L	fi	Fresenius Medical Care
B.L	fi	Friedrich Engelhorn
B.L	fi	Fritz Haber
B.L	fi	Gazprom
B.L	fi	Guano
B.L	fi	Haber-Bosch-prosessi
B.L	fi	Hannover Re
B.L	fi	Henkel
B.L	fi	Hoechst
B.L	fi	IG Farben
B.L	fi	Juutalaisuus
B.L	fi	K+S
B.L	fi	Keskitysleiri
B.L	fi	Kurt Bock
B.L	fi	Liikevaihto
B.L	fi	Linde
B.L	fi	Lontoon pörssi
B.L	fi	Ludwigshafen am Rhein
B.L	fi	Lufthansa
B.L	fi	MAN (yritys)
B.L	fi	METRO AG
B.L	fi	Maakaasu
B.L	fi	Maaöljy
B.L	fi	Merck KGaA
B.L	fi	Munich Re
B.L	fi	Nord Stream
B.L	fi	RWE
B.L	fi	SAP (yritys)
B.L	fi	Saksa
B.L	fi	Salzgitter (yritys)
B.L	fi	Siemens
B.L	fi	ThyssenKrupp
B.L	fi	Toimitusjohtaja
B.L	fi	Toinen maailmansota
B.L	fi	Volkswagen
B.L	fi	Wintershall
B.L	fi	Yhtiömuoto
B.L	fi	Zyklon B
B.L	fi	Wikipedia:Merkitse lähteet
B.L	fi	Wikipedia:Tynkä
B.L	fi	Luokka:Saksa-tyngät
B.L	fr	1900
B.L	fr	1920
B.L	fr	1925
B.L	fr	1952
B.L	fr	1990
B.L	fr	2005 en économie
B.L	fr	2010
B.L	fr	2010 en économie
B.L	fr	31 décembre
B.L	fr	Acronyme
B.L	fr	Action (finance)
B.L	fr	Adidas
B.L	fr	Afrique
B.L	fr	Air liquide
B.L	fr	AkzoNobel
B.L	fr	Alizarine
B.L	fr	Allemagne
B.L	fr	Allianz
B.L	fr	Alliés de la Seconde Guerre mondiale
B.L	fr	Amflora
B.L	fr	Amidon
B.L	fr	Ammoniac
B.L	fr	Amylopectine
B.L	fr	Amérique du Nord
B.L	fr	Amérique du Sud
B.L	fr	Aniline
B.L	fr	Asie
B.L	fr	Associated Press
B.L	fr	BASF
B.L	fr	BASF Plant Science
B.L	fr	Bade
B.L	fr	Bayer (entreprise)
B.L	fr	Bayerische Motoren Werke
B.L	fr	Beiersdorf
B.L	fr	Bourse de Francfort
B.L	fr	Bourse de Londres
B.L	fr	Braskem
B.L	fr	Caoutchouc (matériau)
B.L	fr	Carbonate de sodium
B.L	fr	Chef d'entreprise
B.L	fr	Chiffre d'affaires
B.L	fr	Ciba Specialty Chemicals
B.L	fr	Coentreprise
B.L	fr	Colorant industriel
B.L	fr	Commerzbank
B.L	fr	Consortium
B.L	fr	Continental AG
B.L	fr	Cultivar
B.L	fr	DAX
B.L	fr	Daimler (entreprise)
B.L	fr	Der Spiegel
B.L	fr	Deutsche Bank
B.L	fr	Deutsche Börse
B.L	fr	Deutsche Post
B.L	fr	Deutsche Telekom
B.L	fr	Dow Chemical
B.L	fr	DuPont
B.L	fr	Décembre 2010
B.L	fr	E.ON
B.L	fr	Engrais
B.L	fr	Euro
B.L	fr	Europe
B.L	fr	Evonik
B.L	fr	ExxonMobil
B.L	fr	Filiale
B.L	fr	Forbes (magazine)
B.L	fr	Fresenius
B.L	fr	Fresenius Medical Care
B.L	fr	Goudron
B.L	fr	HeidelbergCement
B.L	fr	Henkel
B.L	fr	Histoire du procédé Haber-Bosch
B.L	fr	Indanthrène
B.L	fr	Indigo
B.L	fr	Industrie chimique
B.L	fr	Industrie papetière
B.L	fr	Ineos
B.L	fr	Infineon Technologies
B.L	fr	Interessengemeinschaft Farbenindustrie
B.L	fr	K+S
B.L	fr	Lanxess
B.L	fr	Le Monde
B.L	fr	Linde AG
B.L	fr	Ludwigshafen
B.L	fr	Lufthansa
B.L	fr	LyondellBasell
B.L	fr	Mannheim
B.L	fr	Merck KGaA
B.L	fr	Mitsubishi Chemical Holdings
B.L	fr	Mitsui Chemicals
B.L	fr	Munich Re
B.L	fr	Nankin
B.L	fr	OGM
B.L	fr	Palatinat
B.L	fr	Pays de Bade
B.L	fr	Pomme de terre
B.L	fr	Procédé Haber
B.L	fr	RWE
B.L	fr	Rhin
B.L	fr	Rhénanie-Palatinat
B.L	fr	SAP (entreprise)
B.L	fr	Sabic
B.L	fr	Seconde Guerre mondiale
B.L	fr	Secteur d'activité
B.L	fr	Shanghai
B.L	fr	Shell (entreprise)
B.L	fr	Siemens (entreprise)
B.L	fr	Sinopec
B.L	fr	Site web
B.L	fr	Siège social
B.L	fr	Slogan publicitaire
B.L	fr	Société européenne
B.L	fr	Spiegel
B.L	fr	Sumitomo Chemical
B.L	fr	The Economist
B.L	fr	ThyssenKrupp
B.L	fr	Toray Industries
B.L	fr	Total (entreprise)
B.L	fr	Union européenne
B.L	fr	Volkswagen (entreprise)
B.L	fr	Wintershall
B.L	fr	Économie de guerre
B.L	fr	Discussion:BASF/À faire
B.L	fr	Wikipédia:Citez vos sources
B.L	fr	Wikipédia:Notoriété des entreprises, sociétés et produits
B.L	fr	Modèle:Infobox Société
B.L	fr	Modèle:Palette DAX
B.L	fr	Modèle:Palette Société chimie
B.L	fr	Modèle:Ébauche/paramètres entreprise allemande
B.L	fr	Discussion modèle:Palette DAX
B.L	fr	Discussion modèle:Palette Société chimie
B.L	fr	Aide:Comment modifier une page
B.L	fr	Aide:Note
B.L	fr	Aide:Ébauche
B.L	fr	Catégorie:Article manquant de référence depuis juillet 2008
B.L	fr	Catégorie:Entreprise par date de fondation
B.L	fr	Catégorie:Forme juridique des entreprises
B.L	fr	Catégorie:Portail:Chimie/Articles liés
B.L	fr	Catégorie:Portail:Entreprises/Articles liés
B.L	fr	Catégorie:Portail:Rhénanie-Palatinat/Articles liés
B.L	fr	Portail:Allemagne
B.L	fr	Portail:Chimie
B.L	fr	Portail:Entreprises
B.L	fr	Portail:Rhénanie-Palatinat
B.L	fa	آدیداس
B.L	fa	آرسلور میتال
B.L	fa	آسیا
B.L	fa	آفریقا
B.L	fa	آلمان
B.L	fa	آلیانتس
B.L	fa	آمریکا
B.L	fa	آنهویزر-بوش انبیو
B.L	fa	آکزونوبل
B.L	fa	آکسا
B.L	fa	ا.آن
B.L	fa	ار وه ئه
B.L	fa	اروپا
B.L	fa	اس آ پ
B.L	fa	استرالیا
B.L	fa	اسیلور
B.L	fa	اشنایدر الکتریک
B.L	fa	ال و ام هاش
B.L	fa	انل
B.L	fa	انی
B.L	fa	اوونیک
B.L	fa	اکسان‌موبیل
B.L	fa	ایبردرولا
B.L	fa	ایر لیکوئید
B.L	fa	اینتسا سانپائولو
B.L	fa	ایندیتکس
B.L	fa	اینفینئون
B.L	fa	اینیوس
B.L	fa	ای‌اس‌ام‌ال هولدینگ
B.L	fa	ب ام و
B.L	fa	ب ان پ پاریبا
B.L	fa	بازار بورس نیویورک
B.L	fa	بانکو بیلبائو
B.L	fa	بایر (شرکت)
B.L	fa	بایرسدورف
B.L	fa	براسکم
B.L	fa	بورس فرانکفورت
B.L	fa	بورس لندن
B.L	fa	بی‌پی
B.L	fa	تلفونیکا
B.L	fa	توتال
B.L	fa	تورای
B.L	fa	تولیدکنندگان
B.L	fa	تیسن‌کروپ
B.L	fa	جنرالی
B.L	fa	جهان
B.L	fa	دانون
B.L	fa	دایملر آ گ
B.L	fa	دستگاه مختصات جغرافیایی
B.L	fa	دوپونت
B.L	fa	دویچه بانک
B.L	fa	دویچه بورزه
B.L	fa	دویچه تلکوم
B.L	fa	دویچه پست
B.L	fa	رویال داچ شل
B.L	fa	رپسول
B.L	fa	زبان آلمانی
B.L	fa	زیمنس
B.L	fa	سابیک
B.L	fa	سانتاندر گروپ
B.L	fa	سانوفی
B.L	fa	ساینوپک
B.L	fa	سن-گوبن
B.L	fa	سوسیته ژنرال
B.L	fa	سومیتومو کمیکال
B.L	fa	سی‌آراچ
B.L	fa	شرکت داو کمیکال
B.L	fa	علامت تجاری
B.L	fa	علم کشاورزی
B.L	fa	فرانس تلکوم
B.L	fa	فرزنیوس
B.L	fa	فرزنیوس مدیکال کر
B.L	fa	فیلیپس
B.L	fa	لانکسس
B.L	fa	لودویگسهافن
B.L	fa	لورئال
B.L	fa	لوفت‌هانزا
B.L	fa	لینده
B.L	fa	لیوندل‌باسل
B.L	fa	مرک
B.L	fa	مواد شیمیایی
B.L	fa	میتسوبیشی کمیکال
B.L	fa	میتسویی کمیکال
B.L	fa	میونیک ره
B.L	fa	نفت خام
B.L	fa	نوکیا
B.L	fa	هایدلبرگ‌سمنت
B.L	fa	هنکل
B.L	fa	وینچی
B.L	fa	ویوندی
B.L	fa	پلاستیک
B.L	fa	ژ د اف سوئز
B.L	fa	کا+اس
B.L	fa	کاتالیزور
B.L	fa	کارفور
B.L	fa	کومرتس‌بانک
B.L	fa	کونتیننتال آ گ
B.L	fa	گاز طبیعی
B.L	fa	گروه فولکس‌واگن
B.L	fa	یورو
B.L	fa	یورو استاکس ۵۰
B.L	fa	یونیبیل-رودآمکو
B.L	fa	یونیلیور
B.L	fa	یونی‌کردیت
B.L	fa	۱۸۶۵ (میلادی)
B.L	fa	الگو:شرکت‌های دکس
B.L	fa	الگو:شرکت‌های شیمیایی
B.L	fa	الگو:شرکت‌های یورو استاکس ۵۰
B.L	fa	بحث الگو:شرکت‌های دکس
B.L	fa	بحث الگو:شرکت‌های شیمیایی
B.L	fa	بحث الگو:شرکت‌های یورو استاکس ۵۰
B.L	el	BASF Plant Science
B.L	el	IG Farben
B.L	el	ΒΠΠ
B.L	el	Γερμανία
B.L	el	Γεωγραφικές συντεταγμένες
B.L	el	Λούντβιχσχαφεν
B.L	el	Μανχάιμ
B.L	el	Βικιπαίδεια:Λήμματα προς επέκταση
B.L	eo	Akcia societo
B.L	eo	Kemio
B.L	eo	Konzerno
B.L	eo	Ludwigshafen
B.L	eo	Neta profito
B.L	eo	Transnacia firmao
B.L	eo	Vendosumo
B.L	en	AEG
B.L	en	ASML Holding
B.L	en	AXA
B.L	en	Adidas
B.L	en	Adolf Hitler
B.L	en	Africa
B.L	en	Agfa-Gevaert
B.L	en	Agricultural science
B.L	en	Air Liquide
B.L	en	Alizarin
B.L	en	Allianz
B.L	en	Allies of World War II
B.L	en	American Depositary Receipt
B.L	en	American IG
B.L	en	Americas
B.L	en	Amflora
B.L	en	Ammonia
B.L	en	Anheuser-Busch InBev
B.L	en	Anhydrite
B.L	en	Aniline
B.L	en	Arcelor Mittal
B.L	en	Argentina
B.L	en	Asia
B.L	en	Asset
B.L	en	Assicurazioni Generali
B.L	en	Australia
B.L	en	BASF
B.L	en	BASF Plant Science
B.L	en	BBVA
B.L	en	BMW
B.L	en	BNP Paribas
B.L	en	Baden
B.L	en	Banco Santander
B.L	en	Bayer AG
B.L	en	Beiersdorf
B.L	en	Belgium
B.L	en	Berlin
B.L	en	BlackRock
B.L	en	Brazil
B.L	en	Buna Werke
B.L	en	CRH plc
B.L	en	Carl Bosch
B.L	en	Carl Duisberg
B.L	en	Carl Krauch
B.L	en	Carl Lautenschläger
B.L	en	Carl Wurster
B.L	en	Carrefour
B.L	en	Cassella Farbwerke Mainkur Aktiengesellschaft
B.L	en	Catalyst
B.L	en	Catalytic converter
B.L	en	Chairman
B.L	en	Chemical industry
B.L	en	Chief executive officer
B.L	en	China
B.L	en	Chloroquine
B.L	en	Christian Schneider
B.L	en	Chromium
B.L	en	Ciba
B.L	en	Coating
B.L	en	Coatings
B.L	en	Commerzbank
B.L	en	Commonwealth Railway
B.L	en	Concentration camps
B.L	en	Contact process
B.L	en	Continental AG
B.L	en	Crude oil
B.L	en	DAX
B.L	en	Daimler AG
B.L	en	Degussa
B.L	en	Deutsche Bank
B.L	en	Deutsche Börse
B.L	en	Deutsche Post
B.L	en	Deutsche Telekom
B.L	en	Dye
B.L	en	E.ON
B.L	en	EMTEC
B.L	en	Earnings before interest and taxes
B.L	en	Eastern Europe
B.L	en	Effluent
B.L	en	Enel
B.L	en	Engelhard
B.L	en	Eni
B.L	en	Eosin
B.L	en	Equity (finance)
B.L	en	Essilor
B.L	en	Euro
B.L	en	Euro Stoxx 50
B.L	en	Europe
B.L	en	European Commissioner for Competition
B.L	en	European Company Statute
B.L	en	Explosive
B.L	en	Fertilizer
B.L	en	Fipronil
B.L	en	France
B.L	en	France Télécom
B.L	en	Frankfurt Stock Exchange
B.L	en	Fresenius (company)
B.L	en	Fresenius Medical Care
B.L	en	Friedrich Engelhorn
B.L	en	Fritz Gajewski
B.L	en	Fritz ter Meer
B.L	en	Fuel
B.L	en	Functional polymers
B.L	en	Fungicides
B.L	en	GDF Suez
B.L	en	GMO
B.L	en	Gasworks
B.L	en	Gazprom
B.L	en	Geographic coordinate system
B.L	en	Georg von Schnitzler
B.L	en	German economic miracle
B.L	en	German reunification
B.L	en	Germany
B.L	en	Groupe Danone
B.L	en	Gypsum
B.L	en	Haber process
B.L	en	Hannibal, Missouri
B.L	en	Hans Kühne
B.L	en	HeidelbergCement
B.L	en	Heinrich Bütefisch
B.L	en	Heinrich Caro
B.L	en	Heinrich Gattineau
B.L	en	Heinrich Oster
B.L	en	Henkel
B.L	en	Herbicides
B.L	en	Herbol
B.L	en	Hermann Schmitz (industrialist)
B.L	en	Hexavalent chromium
B.L	en	Hoechst AG
B.L	en	Hydrocarbon exploration
B.L	en	IG Farben
B.L	en	IG Farben Building
B.L	en	IG Farben Trial
B.L	en	Iberdrola
B.L	en	India
B.L	en	Indigo dye
B.L	en	Inditex
B.L	en	Industrial gas
B.L	en	Infineon Technologies
B.L	en	Insecticides
B.L	en	Institutional investor
B.L	en	Internationale Funkausstellung Berlin
B.L	en	Intesa Sanpaolo
B.L	en	Italy
B.L	en	Japan
B.L	en	Joint ventures
B.L	en	K+S
B.L	en	Kohnstein
B.L	en	L'Oréal
B.L	en	LVMH
B.L	en	Lanxess
B.L	en	Lead chamber process
B.L	en	Leblanc process
B.L	en	Liebig Medal
B.L	en	London Stock Exchange
B.L	en	Ludwigshafen
B.L	en	Ludwigshafen-Oppau
B.L	en	Lufthansa
B.L	en	Magnetophon
B.L	en	Mangalore
B.L	en	Mannheim
B.L	en	Max Ilgner
B.L	en	Merck KGaA
B.L	en	Methylene blue
B.L	en	Mexico
B.L	en	Mississippi River
B.L	en	Missouri Department of Natural Resources
B.L	en	Monopoly
B.L	en	Monowitz concentration camp
B.L	en	Monsanto Company
B.L	en	Munich Re
B.L	en	Nanjing
B.L	en	Natural gas
B.L	en	Nazi Germany
B.L	en	Net income
B.L	en	New York Stock Exchange
B.L	en	Nitrile rubber
B.L	en	Nokia
B.L	en	Non-executive director
B.L	en	Novartis
B.L	en	Nutrigenomics
B.L	en	Nylon
B.L	en	OTC Markets Group
B.L	en	Oppau explosion
B.L	en	Otto Ambros
B.L	en	Paper chemicals
B.L	en	Pesticides
B.L	en	Pharmaceutical
B.L	en	Philips
B.L	en	Plastic
B.L	en	Polyacetal
B.L	en	Polyamide
B.L	en	Polybutylene terephthalate
B.L	en	Polyethersulfone
B.L	en	Polylactic acid
B.L	en	Polystyrene
B.L	en	Polysulfone
B.L	en	Polyurethane
B.L	en	Portsmouth, Virginia
B.L	en	Prontosil
B.L	en	RWE
B.L	en	Repsol S.A.
B.L	en	Resin
B.L	en	Reuters
B.L	en	Rhine
B.L	en	Rhineland-Palatinate
B.L	en	Rubber
B.L	en	Rubia
B.L	en	SAP AG
B.L	en	Saint-Gobain
B.L	en	Sanofi
B.L	en	Schneider Electric
B.L	en	Schwarzheide
B.L	en	Shanghai
B.L	en	Siemens
B.L	en	Slave labor
B.L	en	Société Générale
B.L	en	Sodium carbonate
B.L	en	Solvay (company)
B.L	en	Solvay process
B.L	en	Spain
B.L	en	Subsidiary
B.L	en	Sulfuric acid
B.L	en	Supervisory board
B.L	en	Tape recorder
B.L	en	Tar
B.L	en	Telefónica
B.L	en	The Linde Group
B.L	en	ThyssenKrupp
B.L	en	Ticker symbol
B.L	en	Total SA
B.L	en	Trademark
B.L	en	Types of business entity
B.L	en	UniCredit
B.L	en	Unibail-Rodamco
B.L	en	Unilever
B.L	en	United Kingdom
B.L	en	United States
B.L	en	Vinci (construction)
B.L	en	Vivendi
B.L	en	Volkswagen Group
B.L	en	Wilhelm Rudolf Mann
B.L	en	William Henry Perkin
B.L	en	Wintershall
B.L	en	World War II
B.L	en	Zurich Stock Exchange
B.L	en	Zyklon-B
B.L	en	Zyklon B
B.L	en	Talk:BASF
B.L	en	Wikipedia:Neutral point of view
B.L	en	Template:DAX companies
B.L	en	Template:Euro Stoxx 50 Companies
B.L	en	Template:IG Farben
B.L	en	Template:Portal/Images/Companies
B.L	en	Template talk:DAX companies
B.L	en	Template talk:Euro Stoxx 50 Companies
B.L	en	Template talk:IG Farben
B.L	en	Category:Articles needing POV-check from August 2009
B.L	en	Category:IG Farben
B.L	en	Category:IG Farben people
B.L	en	Category:Use dmy dates from December 2012
B.L	en	Portal:Companies
B.L	es	1865
B.L	es	1925
B.L	es	1945
B.L	es	Activo (contabilidad)
B.L	es	Agronomía
B.L	es	Alemania
B.L	es	Anilina
B.L	es	Bicarbonato de sodio
B.L	es	Capital social
B.L	es	Catalizador
B.L	es	Dow Chemical Company
B.L	es	DuPont
B.L	es	EMTEC
B.L	es	Empresa
B.L	es	Euro
B.L	es	Friedrich Engelhorn
B.L	es	Gas natural
B.L	es	IG Farben
B.L	es	ISBN
B.L	es	Industria
B.L	es	Ludwigshafen
B.L	es	Petroquímica
B.L	es	Petróleo
B.L	es	Plástico
B.L	es	Recubrimiento
B.L	es	Renania-Palatinado
B.L	es	Segunda Guerra Mundial
B.L	es	Sitio web
B.L	es	Tinte
B.L	es	Wikimedia Commons
B.L	ca	1865
B.L	ca	1925
B.L	ca	1945
B.L	ca	Adidas
B.L	ca	Alemanya
B.L	ca	Allianz
B.L	ca	Anilina
B.L	ca	BMW
B.L	ca	Bayer
B.L	ca	Beiersdorf
B.L	ca	Bicarbonat de sodi
B.L	ca	Borsa de Frankfurt
B.L	ca	Borsa de Londres
B.L	ca	Commerzbank
B.L	ca	DAX
B.L	ca	Daimler AG
B.L	ca	Deutsche Bank
B.L	ca	Deutsche Börse
B.L	ca	Deutsche Post
B.L	ca	Deutsche Telekom
B.L	ca	Dow Chemical Company
B.L	ca	DuPont
B.L	ca	E.ON
B.L	ca	Empresa
B.L	ca	Fresenius Medical Care
B.L	ca	Fresenius SE
B.L	ca	Friedrich Engelhorn
B.L	ca	Henkel
B.L	ca	IG Farben
B.L	ca	Infineon Technologies
B.L	ca	K+S
B.L	ca	Ludwigshafen
B.L	ca	Lufthansa
B.L	ca	MAN SE
B.L	ca	Merck KGaA
B.L	ca	Metro AG
B.L	ca	Munich Re
B.L	ca	RWE
B.L	ca	SAP AG
B.L	ca	Salzgitter AG
B.L	ca	Segona Guerra Mundial
B.L	ca	Siemens AG
B.L	ca	The Linde Group
B.L	ca	ThyssenKrupp
B.L	ca	Tint
B.L	ca	Volkswagen Group
B.L	ca	Plantilla:Bandera/Germany
B.L	ca	Plantilla:Empreses DAX
B.L	bg	1865
B.L	bg	2009
B.L	bg	6 април
B.L	bg	Газпром
B.L	bg	Германия
B.L	bg	Компания
B.L	bg	Концерн
B.L	bg	Лудвигсхафен
B.L	bg	Райнланд-Пфалц
B.L	bg	Химия
B.L	be	1865
B.L	be	6 красавіка
B.L	be	AXA
B.L	be	AXA SA
B.L	be	Adidas
B.L	be	Aegon
B.L	be	Air Liquide
B.L	be	Alcatel-Lucent
B.L	be	Allianz
B.L	be	Allianz AG
B.L	be	ArcelorMittal
B.L	be	Assicurazioni Generali
B.L	be	BBVA
B.L	be	BMW
B.L	be	BNP Paribas
B.L	be	Bayer
B.L	be	Beiersdorf
B.L	be	Bertrandt
B.L	be	Carrefour
B.L	be	Commerzbank
B.L	be	Crédit Agricole
B.L	be	DAX
B.L	be	Daimler
B.L	be	Danone
B.L	be	Deutsche Bank
B.L	be	Deutsche Börse
B.L	be	Deutsche Post
B.L	be	Deutsche Telekom
B.L	be	Dow Jones Euro Stoxx 50
B.L	be	E.ON
B.L	be	ENEL
B.L	be	Eni
B.L	be	Fortis
B.L	be	France Télécom
B.L	be	Fresenius
B.L	be	Fresenius SE
B.L	be	GDF Suez
B.L	be	General Capital Group
B.L	be	Grupo Santander
B.L	be	Hannover Re
B.L	be	Henkel
B.L	be	IG Farben
B.L	be	ING Groep N.V.
B.L	be	Iberdrola
B.L	be	Intesa Sanpaolo
B.L	be	K+S
B.L	be	L'Oréal
B.L	be	LVMH
B.L	be	Lufthansa
B.L	be	MAN
B.L	be	Merck KGaA
B.L	be	Metro AG
B.L	be	Munich Re
B.L	be	Nokia
B.L	be	Philips
B.L	be	RWE
B.L	be	Renault
B.L	be	Repsol YPF
B.L	be	SAP
B.L	be	Saint-Gobain
B.L	be	Salzgitter AG
B.L	be	Sanofi-Aventis
B.L	be	Schneider Electric
B.L	be	Siemens
B.L	be	Société Générale
B.L	be	Telecom Italia
B.L	be	Telefónica
B.L	be	The Linde Group
B.L	be	ThyssenKrupp
B.L	be	Total
B.L	be	UniCredit
B.L	be	Unilever
B.L	be	Vinci
B.L	be	Vivendi
B.L	be	Volkswagen Group
B.L	be	Істытуцыянальны фундатар
B.L	be	Анілін
B.L	be	Выручка
B.L	be	ВікіСховішча
B.L	be	Геаграфічныя каардынаты
B.L	be	Германія
B.L	be	Гідракарбанат натрыю
B.L	be	Еўра
B.L	be	Еўрапейская кампанія
B.L	be	Землі Германіі
B.L	be	Людвігсхафен
B.L	be	Лістынг, эканоміка
B.L	be	Нью-Ёркская фондавая біржа
B.L	be	Нямецкая мова
B.L	be	Палімер
B.L	be	Пластык
B.L	be	Прадукт, бізнес
B.L	be	Рэйнланд-Пфальц
B.L	be	Сайт
B.L	be	Франкфурцкая фондавая біржа
B.L	be	Хімічная прамысловасць
B.L	be	Хімія
B.L	be	Чысты прыбытак
B.L	be	Штаб-кватэра
B.L	be	Юрыдычная асоба
B.L	da	2. verdenskrig
B.L	da	Agfa
B.L	da	Bayer
B.L	da	Hoechst
B.L	da	I.G. Farben
B.L	da	Koncern
B.L	da	Produkt (marketing)
B.L	da	Selskabsform
B.L	cs	1865
B.L	cs	2009
B.L	cs	Friedrich Engelhorn
B.L	cs	Geneticky modifikovaný organismus
B.L	cs	Ludwigshafen
B.L	cs	Mannheim
B.L	cs	Německo
B.L	cs	Pesticid
B.L	cs	Plast
B.L	cs	Rýn
B.L	cs	Diskuse:BASF
B.L	cs	Wikipedie:Pahýl
B.L	cs	Wikipedie:WikiProjekt Překlad/Rady
B.L	ar	Jürgen F. Strube
B.L	ar	ألمانيا
B.L	ar	إيصالات الإيداع الأمريكية
B.L	ar	استكشاف الهيدروكربونات
B.L	ar	الأرباح
B.L	ar	بورصة زيورخ
B.L	ar	بورصة فرانكفورت
B.L	ar	بورصة لندن
B.L	ar	بورصة نيويورك
B.L	ar	تحفيز
B.L	ar	تصنيع
B.L	ar	رئيس مجلس
B.L	ar	سوق لندن للأوراق المالية
B.L	ar	صناعة الطاقة
B.L	ar	علامة تجارية
B.L	ar	علم الزراعة
B.L	ar	كبير الإداريين التنفيذيين
B.L	ar	لدائن
B.L	ar	لودفيغسهافن
B.L	ar	مادة كيميائية
B.L	ar	مجلس الإشراف
B.L	ar	مواد تكسية
B.L	ar	ويكيميديا كومنز
B.L	ar	يورو
B.L	ar	قالب:إحداث/كوائف
B.L	no	1865
B.L	no	Euro
B.L	no	Frankfurt-børsen
B.L	no	London-børsen
B.L	no	Ludwigshafen
B.L	no	New York-børsen
B.L	no	Zürich-børsen
B.L	pl	1865
B.L	pl	6 kwietnia
B.L	pl	Adidas
B.L	pl	Afryka
B.L	pl	Allianz
B.L	pl	Ameryka Południowa
B.L	pl	Ameryka Północna
B.L	pl	Azja
B.L	pl	BMW
B.L	pl	Bayer AG
B.L	pl	Beiersdorf AG
B.L	pl	Branża
B.L	pl	Commerzbank
B.L	pl	DAX
B.L	pl	Daimler AG
B.L	pl	Deutsche Bank
B.L	pl	Deutsche Börse
B.L	pl	Deutsche Post
B.L	pl	Deutsche Telekom
B.L	pl	E.ON
B.L	pl	EUR
B.L	pl	Europa
B.L	pl	Formy prawne przedsiębiorstw
B.L	pl	Fresenius
B.L	pl	Fresenius Medical Care
B.L	pl	Gazociąg Północny
B.L	pl	Henkel
B.L	pl	Infineon
B.L	pl	K+S
B.L	pl	Linde AG
B.L	pl	Ludwigshafen am Rhein
B.L	pl	Lufthansa
B.L	pl	MAN SE
B.L	pl	Merck KGaA
B.L	pl	Metro Group
B.L	pl	Munich Re
B.L	pl	Nadrenia-Palatynat
B.L	pl	Niemcy
B.L	pl	Nordstream
B.L	pl	Produkt (marketing)
B.L	pl	Przychód (ekonomia)
B.L	pl	RWE (koncern)
B.L	pl	SAP AG
B.L	pl	Salzgitter AG
B.L	pl	Siedziba (prawo)
B.L	pl	Siemens AG
B.L	pl	Spółka europejska
B.L	pl	ThyssenKrupp
B.L	pl	Volkswagen AG
B.L	pl	Zatrudnienie
B.L	pl	Wikipedia:Weryfikowalność
B.L	pl	Szablon:DAX
B.L	pl	Dyskusja szablonu:DAX
B.L	pl	Pomoc:Przypisy
B.L	pfl	Friedrich Engelhorn
B.L	pfl	Kurpalz
B.L	pfl	Ludwichshafe
B.L	pfl	Monnem
B.L	pfl	Rhoi
B.L	mr	जर्मनी
B.L	mr	मानहाइम
B.L	mr	रसायन
B.L	mr	लुडविग्सहाफेन
B.L	nl	1865
B.L	nl	1870
B.L	nl	1897
B.L	nl	1913
B.L	nl	1914
B.L	nl	1930
B.L	nl	1932
B.L	nl	1951
B.L	nl	1953
B.L	nl	1998
B.L	nl	2000
B.L	nl	Adidas
B.L	nl	Alizarine
B.L	nl	Allianz
B.L	nl	Apeldoorn (stad)
B.L	nl	Arnhem
B.L	nl	BMW
B.L	nl	Bayer
B.L	nl	Beiersdorf AG
B.L	nl	Boxtel (plaats)
B.L	nl	Brussel (stad)
B.L	nl	Commerzbank
B.L	nl	Continental AG
B.L	nl	DAX-index
B.L	nl	Daimler (Duitsland)
B.L	nl	De Meern
B.L	nl	Deutsche Bank
B.L	nl	Deutsche Börse
B.L	nl	Deutsche Post
B.L	nl	Deutsche Telekom
B.L	nl	Duitsland
B.L	nl	E.ON
B.L	nl	EMTEC
B.L	nl	Emlichheim
B.L	nl	Fresenius
B.L	nl	Fresenius Medical Care
B.L	nl	Haven van Antwerpen
B.L	nl	Heerenveen (plaats)
B.L	nl	HeidelbergCement
B.L	nl	Henkel KGaA
B.L	nl	IG Farben
B.L	nl	Indigo (kleurstof)
B.L	nl	Infineon
B.L	nl	K+S
B.L	nl	Kunstmest
B.L	nl	Lanxess
B.L	nl	Latex
B.L	nl	Limburgerhof
B.L	nl	Linde AG
B.L	nl	Ludwigshafen am Rhein
B.L	nl	Lufthansa
B.L	nl	Maastricht
B.L	nl	Magneetband
B.L	nl	Merck KGaA
B.L	nl	Multinational
B.L	nl	Münchener Rück
B.L	nl	Nazi-Duitsland
B.L	nl	Nijehaske (plaats)
B.L	nl	PPG Industries
B.L	nl	Polyurethaan
B.L	nl	Productieplatform
B.L	nl	RWE (energie)
B.L	nl	Rijswijk (Zuid-Holland)
B.L	nl	SAP AG
B.L	nl	Schoonebeek
B.L	nl	Siemens AG
B.L	nl	ThyssenKrupp
B.L	nl	Tiel
B.L	nl	Volkswagen AG
B.L	nl	Wikimedia Commons
B.L	nl	Wintershall
B.L	nl	Zyklon B
B.L	ko	1865년
B.L	ko	1951년
B.L	ko	1954년
B.L	ko	1998년
B.L	ko	가이스마
B.L	ko	군산시
B.L	ko	난징
B.L	ko	대전광역시
B.L	ko	대한민국
B.L	ko	런던
B.L	ko	루트비히스하펜
B.L	ko	서울특별시
B.L	ko	수원시
B.L	ko	시흥시
B.L	ko	안산시
B.L	ko	앤트워프
B.L	ko	여수시
B.L	ko	울산광역시
B.L	ko	위키미디어 공용
B.L	ko	취리히
B.L	ko	콴탄
B.L	ko	프랑크푸르트
B.L	ko	프리포트
B.L	hr	1865.
B.L	hr	August Clemm
B.L	hr	Carl Clemm
B.L	hr	Friedrich Engelhorn
B.L	hr	Indigo
B.L	hr	Katran
B.L	hr	Kemijska industrija
B.L	hr	Ludwigshafen
B.L	hr	Mannheim
B.L	hr	Njemačka
B.L	hr	Rajna
B.L	hr	Wikipedija:Stil
B.L	hu	1865
B.L	hu	Ammónia
B.L	hu	Bayer
B.L	hu	Báden
B.L	hu	Carl Wurster
B.L	hu	DAX-index
B.L	hu	Első világháború
B.L	hu	European Company Statute
B.L	hu	Friedrich Engelhorn
B.L	hu	Gazdasági társaság
B.L	hu	Intézmény
B.L	hu	Katalizátor
B.L	hu	Ludwigshafen am Rhein
B.L	hu	Mannheim
B.L	hu	Monsanto
B.L	hu	Műanyag
B.L	hu	Nylon
B.L	hu	Németország
B.L	hu	Növényvédő szer
B.L	hu	Polisztirén
B.L	hu	Szénhidrogén
B.L	hu	Társadalmi szervezet
B.L	hu	Vegyipar
B.L	hu	Vezérigazgató
B.L	hu	Zyklon B
B.L	hu	Április 6.
B.L	hu	Wikipédia:Csonk
B.L	id	1865
B.L	id	2010
B.L	id	Adidas
B.L	id	Afrika
B.L	id	Allianz
B.L	id	Amerika Selatan
B.L	id	Amerika Utara
B.L	id	Asia
B.L	id	BMW
B.L	id	Bayer AG
B.L	id	Beiersdorf
B.L	id	Bursa Saham Frankfurt
B.L	id	Bursa Saham London
B.L	id	Bursa Saham New York
B.L	id	Bursa Saham Zurich
B.L	id	Commerzbank
B.L	id	Continental AG
B.L	id	DAX
B.L	id	Daimler AG
B.L	id	Deutsche Bank
B.L	id	Deutsche Börse
B.L	id	Deutsche Post
B.L	id	Deutsche Telekom
B.L	id	E.ON
B.L	id	Eggert Voscherau
B.L	id	Eropa
B.L	id	Fresenius (perusahaan)
B.L	id	Fresenius Medical Care
B.L	id	Germany
B.L	id	HeidelbergCement
B.L	id	Henkel
B.L	id	Infineon Technologies
B.L	id	International Securities Identifying Number
B.L	id	Jenis entitas bisnis
B.L	id	Jerman
B.L	id	K+S
B.L	id	Kimia
B.L	id	Korporasi
B.L	id	Kurt Bock
B.L	id	Laba bersih
B.L	id	Lanxess
B.L	id	Ludwigshafen
B.L	id	Lufthansa
B.L	id	Merck KGaA
B.L	id	Munich Re
B.L	id	Perusahaan (hukum)
B.L	id	RWE
B.L	id	SAP AG
B.L	id	Siemens
B.L	id	The Linde Group
B.L	id	ThyssenKrupp
B.L	id	Volkswagen Group
B.L	id	Wikipedia:Rintisan
B.L	id	Templat:Perusahaan DAX
B.L	id	Pembicaraan Templat:Perusahaan DAX
B.L	it	1865
B.L	it	1934
B.L	it	2010
B.L	it	AEG (azienda)
B.L	it	Acronimo
B.L	it	Adidas
B.L	it	Allianz
B.L	it	Amministratore delegato
B.L	it	Asia
B.L	it	BASF (casa discografica)
B.L	it	BMW
B.L	it	Bayer
B.L	it	Beiersdorf (azienda)
B.L	it	Blue chip
B.L	it	Borsa Italiana
B.L	it	Borsa di Francoforte
B.L	it	Borsa valori
B.L	it	Carl Bosch
B.L	it	Chimica industriale
B.L	it	Commerzbank
B.L	it	Coordinate geografiche
B.L	it	DAX 30
B.L	it	Daimler (azienda)
B.L	it	Deutsche Bank
B.L	it	Deutsche Börse
B.L	it	Deutsche Post
B.L	it	Deutsche Telekom
B.L	it	Dupont
B.L	it	E.ON
B.L	it	Euro
B.L	it	Europa
B.L	it	Fatturato
B.L	it	Francoforte
B.L	it	Fresenius
B.L	it	Fresenius Medical Care
B.L	it	Germania
B.L	it	Gruppo Volkswagen
B.L	it	Heidelberg Cement
B.L	it	Henkel
B.L	it	IG Farben
B.L	it	Impresa
B.L	it	Indaco
B.L	it	Indice azionario
B.L	it	Infineon Technologies
B.L	it	K+S
B.L	it	Linde AG
B.L	it	London Stock Exchange
B.L	it	Ludwigshafen
B.L	it	Lufthansa
B.L	it	MAN SE
B.L	it	Materiale sintetico
B.L	it	Merck KGaA
B.L	it	Metro (azienda)
B.L	it	Miliardo
B.L	it	Munich Re
B.L	it	Nastro magnetico
B.L	it	Nord America
B.L	it	RWE (azienda)
B.L	it	Renania Palatinato
B.L	it	SAP (azienda)
B.L	it	Siemens (azienda)
B.L	it	Sito web
B.L	it	Slogan
B.L	it	Società europea
B.L	it	Stato
B.L	it	Sud America
B.L	it	Telefunken
B.L	it	ThyssenKrupp
B.L	it	Zyklon B
B.L	it	Wikipedia:Fonti attendibili
B.L	it	Wikipedia:Uso delle fonti
B.L	it	File:Stub .png
B.L	it	File:Stub aziende tedesche.png
B.L	it	Template:Aziende DAX 30
B.L	it	Discussioni template:Aziende DAX 30
B.L	it	Aiuto:Abbozzo
B.L	it	Aiuto:Disambigua
B.L	it	Aiuto:Manuale di stile
B.L	it	Categoria:Senza fonti - aprile 2008
B.L	it	Categoria:Senza fonti - aziende
B.L	it	Categoria:Stub - aziende tedesche
B.L	it	Progetto:Aziende
B.L	it	Progetto:Aziende tedesche
B.L	ja	12月31日
B.L	ja	1865年
B.L	ja	1925年
B.L	ja	1952年
B.L	ja	1月14日
B.L	ja	2008年
B.L	ja	2011年
B.L	ja	4月6日
B.L	ja	AG (ドイツ)
B.L	ja	BASFジャパン
B.L	ja	BMW
B.L	ja	E.ON
B.L	ja	Forbes Global 2000
B.L	ja	IG・ファルベンインドゥストリー
B.L	ja	K+S
B.L	ja	RWE
B.L	ja	SAP (企業)
B.L	ja	アグフア・ゲバルト
B.L	ja	アセテート
B.L	ja	アディダス
B.L	ja	アボット・ラボラトリーズ
B.L	ja	アリアンツ
B.L	ja	イノアックコーポレーション
B.L	ja	インフィニオン・テクノロジーズ
B.L	ja	カール・ボッシュ
B.L	ja	コメルツ銀行
B.L	ja	コンチネンタル (自動車部品製造業)
B.L	ja	コンパクトカセット
B.L	ja	サノフィ・アベンティス
B.L	ja	シーメンス
B.L	ja	スイス証券取引所
B.L	ja	ダイムラー (自動車メーカー)
B.L	ja	ティッセンクルップ
B.L	ja	テープレコーダ
B.L	ja	ドイツ
B.L	ja	ドイツテレコム
B.L	ja	ドイツポスト
B.L	ja	ドイツ・ポストバンク
B.L	ja	ドイツ株価指数
B.L	ja	ドイツ証券取引所
B.L	ja	ドイツ銀行
B.L	ja	ニューヨーク証券取引所
B.L	ja	ハイポ・リアル・エステート
B.L	ja	ハーバー・ボッシュ法
B.L	ja	バイエル (企業)
B.L	ja	フォルクスワーゲングループ
B.L	ja	フォーチュン・グローバル500
B.L	ja	フランクフルト証券取引所
B.L	ja	フレゼニウス
B.L	ja	プラスチック
B.L	ja	ヘキスト (化学メーカー)
B.L	ja	ヘンケル
B.L	ja	マン (企業)
B.L	ja	マンハイム
B.L	ja	ミュンヘン再保険
B.L	ja	メトロ (小売業)
B.L	ja	メルク (ドイツ)
B.L	ja	ラインラント＝プファルツ州
B.L	ja	リンデ
B.L	ja	ルフトハンザドイツ航空
B.L	ja	ルートヴィヒスハーフェン
B.L	ja	ロンドン証券取引所
B.L	ja	三井化学
B.L	ja	三菱化学
B.L	ja	中華人民共和国
B.L	ja	会社
B.L	ja	住友金属鉱山
B.L	ja	出光興産
B.L	ja	化学品
B.L	ja	化学工業
B.L	ja	合弁会社
B.L	ja	大創産業
B.L	ja	日油
B.L	ja	東京証券取引所
B.L	ja	業種
B.L	ja	欧州会社
B.L	ja	武田薬品工業
B.L	ja	石油
B.L	ja	磁気テープ
B.L	ja	第二次世界大戦
B.L	ja	音楽レコード
B.L	ja	Wikipedia:言葉を濁さない
B.L	ja	Template:DAX
B.L	ja	Template:基礎情報 会社
B.L	ja	Template‐ノート:DAX
B.L	ja	Category:言葉を濁した記述のある記事 (いつ)/2012年4月-6月
B.L	vi	Adolf Hitler
B.L	vi	Ammonia
B.L	vi	Anilin
B.L	vi	Argentina
B.L	vi	Bayer
B.L	vi	Brasil
B.L	vi	Bỉ
B.L	vi	Chiến tranh thế giới thứ hai
B.L	vi	Châu Á
B.L	vi	Chất dẻo
B.L	vi	Chất hoạt động bề mặt
B.L	vi	Chất xúc tác
B.L	vi	Công nghiệp
B.L	vi	Công nghiệp năng lượng
B.L	vi	Cộng hòa Dân chủ Đức
B.L	vi	Degussa
B.L	vi	Doanh thu
B.L	vi	Dầu mỏ
B.L	vi	EMTEC
B.L	vi	Eggert Voscherau
B.L	vi	Engelhard
B.L	vi	Euro
B.L	vi	Gazprom
B.L	vi	Hoa Kỳ
B.L	vi	Hoescht
B.L	vi	Hóa chất
B.L	vi	Hóa chất sơn phủ
B.L	vi	IG Farben
B.L	vi	Katipalla
B.L	vi	Khoa học nông nghiệp
B.L	vi	Kohnstein
B.L	vi	Ludwigshafen am Rhein
B.L	vi	Lợi nhuận trước lãi vay và thuế
B.L	vi	Mannheim
B.L	vi	Monsanto
B.L	vi	México
B.L	vi	Nam Kinh
B.L	vi	Nhật Bản
B.L	vi	Norvatis
B.L	vi	Pháp
B.L	vi	Quy trình Haber
B.L	vi	Reuters
B.L	vi	Rheinland-Pfalz
B.L	vi	Rhine
B.L	vi	Sàn giao dịch chứng khoán Frankfurt
B.L	vi	Sàn giao dịch chứng khoán London
B.L	vi	Sàn giao dịch chứng khoán Zurich
B.L	vi	Sản phẩm
B.L	vi	Sản xuất
B.L	vi	Sở giao dịch chứng khoán London
B.L	vi	Thượng Hải
B.L	vi	Trung Quốc
B.L	vi	Tài sản
B.L	vi	Tây Ban Nha
B.L	vi	Vương quốc Anh
B.L	vi	Website
B.L	vi	Zyklon-B
B.L	vi	Úc
B.L	vi	Ý
B.L	vi	Đức
B.L	vi	Đức Quốc Xã
B.L	vi	Ấn Độ
B.L	uk	1969
B.L	uk	IG Farben
B.L	uk	Wintershall
B.L	uk	Європа
B.L	uk	Ібупрофен
B.L	uk	Індиго
B.L	uk	Адипінова кислота
B.L	uk	Азія
B.L	uk	Амоніак
B.L	uk	Аміди
B.L	uk	Антверпен
B.L	uk	Антрахінонсульфонова кислота
B.L	uk	Анілін
B.L	uk	Африка
B.L	uk	Бацили
B.L	uk	Бензен
B.L	uk	Бутадієн
B.L	uk	Бутандіол
B.L	uk	Валовий дохід
B.L	uk	Вікісховище
B.L	uk	Вільям Генрі Перкін (старший)
B.L	uk	Гераніол
B.L	uk	Гліколі
B.L	uk	Гонконг
B.L	uk	Ензим
B.L	uk	Естери
B.L	uk	Етен
B.L	uk	Кам'яновугільна смола
B.L	uk	Каолін
B.L	uk	Капролактам
B.L	uk	Каустична сода
B.L	uk	Кофеїн
B.L	uk	Куантан
B.L	uk	Курт Бок
B.L	uk	Луїзіана
B.L	uk	Людвіґсгафен-на-Рейні
B.L	uk	Мангейм
B.L	uk	Метанол
B.L	uk	Метиленовий синій
B.L	uk	Мурашина кислота
B.L	uk	Нанкін
B.L	uk	Німеччина
B.L	uk	Нітратна кислота
B.L	uk	Нітрофоска
B.L	uk	Олеум
B.L	uk	Поліуретан
B.L	uk	Послуга
B.L	uk	Продукція
B.L	uk	Пропілен
B.L	uk	Псевдоефедрин
B.L	uk	Південна Америка
B.L	uk	Північна Америка
B.L	uk	Підприємство
B.L	uk	Рейн
B.L	uk	Рейнланд-Пфальц
B.L	uk	Роберт Кох
B.L	uk	Рудольф Кнітш
B.L	uk	Сайт
B.L	uk	Сан-Паулу
B.L	uk	Спирти
B.L	uk	Стероли
B.L	uk	Сульфатна кислота
B.L	uk	Сінгапур
B.L	uk	Техас
B.L	uk	Торгова марка
B.L	uk	Туберкульоз
B.L	uk	Флоргем Парк (Нью-Джерсі)
B.L	uk	Фрідріх Енґельгорн
B.L	uk	Фріпорт (округ Бразорія, Техас
B.L	uk	Хелати
B.L	uk	Хлор
B.L	uk	Цитронеллол
B.L	uk	Чистий прибуток
B.L	uk	Ґеісмар (невключена територія, Луїзіана)
B.L	uk	Вікіпедія:Як редагувати статтю
B.L	uk	Шаблон:Назва країни Бельгія
B.L	uk	Шаблон:Назва країни Бразилія
B.L	uk	Шаблон:Назва країни Гонконг
B.L	uk	Шаблон:Назва країни Китай
B.L	uk	Шаблон:Назва країни Малайзія
B.L	uk	Шаблон:Назва країни Німеччина
B.L	uk	Шаблон:Назва країни США
B.L	uk	Шаблон:Назва країни Сингапур
B.L	tr	1865
B.L	tr	2009
B.L	tr	Almanya
B.L	tr	Coğrafi koordinat sistemi
B.L	tr	Dr. Jürgen Hambrecht
B.L	tr	Euro
B.L	tr	Frankfurt
B.L	tr	Gaz
B.L	tr	Gelir
B.L	tr	Kimya
B.L	tr	Londra
B.L	tr	Ludwigshafen
B.L	tr	Petrol
B.L	tr	Ren Nehri
B.L	tr	Zürih
B.L	tr	Ürün
B.L	tr	Şirket
B.L	tr	Vikipedi:Madde
B.L	tr	Vikipedi:Taslak madde
B.L	sv	1865
B.L	sv	Adidas
B.L	sv	Agfa
B.L	sv	Alizarin
B.L	sv	Allianz
B.L	sv	Altamira (Mexiko)
B.L	sv	Alwin Mittasch
B.L	sv	Ammoniak
B.L	sv	Anilin
B.L	sv	Anilindollar
B.L	sv	Anilinfärgämnen
B.L	sv	Antwerpen
B.L	sv	Azofärgämne
B.L	sv	BMW
B.L	sv	Bayer AG
B.L	sv	Beiersdorf AG
B.L	sv	Belgien
B.L	sv	Bolag
B.L	sv	C.H.Beck
B.L	sv	Carl Bosch
B.L	sv	Carl Duisberg
B.L	sv	Cassella
B.L	sv	Cassella Farbwerke Mainkur
B.L	sv	Chemische Fabrik Kalle
B.L	sv	Commerzbank
B.L	sv	Daimler AG
B.L	sv	Deutsche Bank
B.L	sv	Deutsche Börse
B.L	sv	Deutsche Post
B.L	sv	Deutsche Telekom
B.L	sv	Deutscher Aktienindex
B.L	sv	Dioxin
B.L	sv	Dow Chemical
B.L	sv	Dynamit Nobel
B.L	sv	E.ON
B.L	sv	Eggert Voscherau
B.L	sv	Eosin
B.L	sv	Euro
B.L	sv	Europabolag
B.L	sv	Frankfurt am Main
B.L	sv	Freeport
B.L	sv	Fresenius
B.L	sv	Fresenius Medical Care
B.L	sv	Friedrich-Engelhorn-Hochhaus
B.L	sv	Friedrich Engelhorn
B.L	sv	Fritz Haber
B.L	sv	Första oljekrisen
B.L	sv	Geismar
B.L	sv	Haber-Boschmetoden
B.L	sv	Hannover Re
B.L	sv	Henkel
B.L	sv	Hoechst
B.L	sv	Hüls
B.L	sv	IG Farben
B.L	sv	IG Farben-processen
B.L	sv	Infineon
B.L	sv	Joint venture
B.L	sv	Jürgen Hambrecht
B.L	sv	Jürgen Strube
B.L	sv	K+S
B.L	sv	K+S AG
B.L	sv	Kehl
B.L	sv	Kemi
B.L	sv	Klorakne
B.L	sv	Kuantan
B.L	sv	Leunawerke
B.L	sv	Linde AG
B.L	sv	London Stock Exchange
B.L	sv	Ludwigshafen
B.L	sv	Lufthansa
B.L	sv	MAN AG
B.L	sv	Mannheim
B.L	sv	Matthias Pier
B.L	sv	Maximilian II
B.L	sv	Merck KGaA
B.L	sv	Messer Griesheim
B.L	sv	Metanol
B.L	sv	Metro AG
B.L	sv	Metylenblått
B.L	sv	Miljard
B.L	sv	Mississippi (delstat)
B.L	sv	Munich Re
B.L	sv	Münster
B.L	sv	Nanjing
B.L	sv	New York Stock Exchange
B.L	sv	Nobelpriset i kemi
B.L	sv	Omsättning
B.L	sv	Oppau
B.L	sv	Paris
B.L	sv	Polypropen
B.L	sv	Port Arthur, Texas
B.L	sv	RWE
B.L	sv	Reichswehr
B.L	sv	Rheinpfalz
B.L	sv	SAP AG
B.L	sv	Salpeter
B.L	sv	Schwarzheide
B.L	sv	Siemens AG
B.L	sv	Societas Europaea
B.L	sv	Soda
B.L	sv	Standard Oil
B.L	sv	Stenkolstjära
B.L	sv	Swiss Exchange
B.L	sv	ThyssenKrupp
B.L	sv	Tyskland
B.L	sv	Virginia
B.L	sv	Volkswagen AG
B.L	sv	Wacker Chemie AG
B.L	sv	Walter Reppe
B.L	sv	Werner Abelshauser
B.L	sv	Zyklon B
B.L	sv	Mall:DAX
B.L	sv	Malldiskussion:DAX
B.L	sk	1865
B.L	sk	6. apríl
B.L	sk	August Clemm
B.L	sk	Carl Clemm
B.L	sk	Friedrich Engelhorn
B.L	sk	Ludwigshafen
B.L	sk	Mannheim
B.L	sk	Nemecko
B.L	sk	Pesticíd
B.L	sk	Plast
B.L	sk	Ropa
B.L	sk	Zemný plyn
B.L	sk	Wikipédia:Výhonok
B.L	sr	1865
B.L	sr	2010
B.L	sr	Akcijski kapital
B.L	sr	Aktiva
B.L	sr	Frankfurtska berza
B.L	sr	Izvršni direktor
B.L	sr	Londonska berza
B.L	sr	Neto prihod
B.L	sr	OTC tržišna grupa
B.L	sr	Prirodni gas
B.L	sr	Tiker simbol berze
B.L	sr	Zajednički poduhvat
B.L	sr	Zarada pre kamate i poreza
B.L	sr	Švajcarska berza
B.L	sr	Њујоршка берза
B.L	sr	Азија
B.L	sr	Америка
B.L	sr	Аустралија
B.L	sr	Африка
B.L	sr	Врсте предузећа по државама
B.L	sr	Евро
B.L	sr	Европа
B.L	sr	Индија
B.L	sr	Катализатор
B.L	sr	Кина
B.L	sr	Лудвигсхафен на Рајни
B.L	sr	Нафта
B.L	sr	Немачка
B.L	sr	Немачки језик
B.L	sr	Пластика
B.L	sr	Хемијска индустрија
B.L	sq	1865
B.L	sq	2009
B.L	sq	6 Prill
B.L	sq	Bota
B.L	sq	Bursa (ekonomi)
B.L	sq	Cyrihu
B.L	sq	DAX
B.L	sq	Indeks
B.L	sq	Londra
B.L	sq	Ludwigshafen am Rhein
B.L	sq	Ndërmarje
B.L	sq	New York
B.L	sq	Transakcionet
B.L	ru	1865
B.L	ru	1865 год
B.L	ru	6 апреля
B.L	ru	AXA
B.L	ru	AXA SA
B.L	ru	AdBlue
B.L	ru	Adidas
B.L	ru	Aegon
B.L	ru	Air Liquide
B.L	ru	Alcatel-Lucent
B.L	ru	Allianz
B.L	ru	Allianz AG
B.L	ru	ArcelorMittal
B.L	ru	Assicurazioni Generali
B.L	ru	BASF Coatings GmbH
B.L	ru	BASF IT Services Holding GmbH
B.L	ru	BASF Performance Flooring
B.L	ru	BASF Wall Systems GmbH & Co. KG
B.L	ru	BBVA
B.L	ru	BMW
B.L	ru	BNP Paribas
B.L	ru	Basotect
B.L	ru	Bayer
B.L	ru	Beiersdorf
B.L	ru	Bertrandt
B.L	ru	Buna
B.L	ru	Carrefour
B.L	ru	Cognis
B.L	ru	Commerzbank
B.L	ru	Crédit Agricole
B.L	ru	DAX
B.L	ru	Daimler
B.L	ru	Danone
B.L	ru	Deutsche Bank
B.L	ru	Deutsche Börse
B.L	ru	Deutsche Post AG
B.L	ru	Deutsche Telekom
B.L	ru	Dow Jones Euro Stoxx 50
B.L	ru	E.ON
B.L	ru	ENEL
B.L	ru	Emaco
B.L	ru	Eni
B.L	ru	Fortis
B.L	ru	France Télécom
B.L	ru	Fresenius
B.L	ru	Fresenius SE
B.L	ru	GDF Suez
B.L	ru	General Capital Group
B.L	ru	Glenium
B.L	ru	Glysantin
B.L	ru	Grupo Santander
B.L	ru	Hannover Re
B.L	ru	Henkel
B.L	ru	Hexamoll DINCH
B.L	ru	IG Farben
B.L	ru	ING Groep N.V.
B.L	ru	Iberdrola
B.L	ru	Indanthren-Farben
B.L	ru	Intesa Sanpaolo
B.L	ru	K+S
B.L	ru	L'Oréal
B.L	ru	LVMH
B.L	ru	Lufthansa
B.L	ru	MAN
B.L	ru	Masterflow
B.L	ru	Masterkure
B.L	ru	Masterseal
B.L	ru	Mastertop
B.L	ru	Merck KGaA
B.L	ru	Metro AG
B.L	ru	Meyco
B.L	ru	Micronal PCM
B.L	ru	Munich Re
B.L	ru	Mvrace
B.L	ru	Neopor
B.L	ru	Nokia
B.L	ru	Oppanol B
B.L	ru	PCI (Poly-Chemie-Ingenieurgesellschaft)
B.L	ru	Philips
B.L	ru	RELIUS-Gruppe
B.L	ru	RWE
B.L	ru	Renault
B.L	ru	Repsol YPF
B.L	ru	SAP
B.L	ru	Saint-Gobain
B.L	ru	Salzgitter AG
B.L	ru	Sanofi-Aventis
B.L	ru	Schneider Electric
B.L	ru	Siemens
B.L	ru	Société Générale
B.L	ru	Styrodur
B.L	ru	Styrolux
B.L	ru	Styropor
B.L	ru	Superabsorber
B.L	ru	Telecom Italia
B.L	ru	Telefónica
B.L	ru	The Linde Group
B.L	ru	ThyssenKrupp
B.L	ru	Total
B.L	ru	Ucrete
B.L	ru	UniCredit
B.L	ru	Unilever
B.L	ru	Uvinul
B.L	ru	Vinci
B.L	ru	Vivendi
B.L	ru	Volkswagen Group
B.L	ru	Wintershall
B.L	ru	Азия
B.L	ru	Америка
B.L	ru	Анилин
B.L	ru	Ачимское газоконденсатное месторождение
B.L	ru	Викисклад
B.L	ru	Выручка
B.L	ru	Газпром
B.L	ru	Географические координаты
B.L	ru	Германия
B.L	ru	Графит
B.L	ru	Евро
B.L	ru	Европа
B.L	ru	Европейская компания
B.L	ru	Жевательная резинка
B.L	ru	Земли Германии
B.L	ru	Институциональный инвестор
B.L	ru	Каучук
B.L	ru	Листинг (экономика)
B.L	ru	Людвигсхафен
B.L	ru	Людвигсхафен-на-Рейне
B.L	ru	Немецкий язык
B.L	ru	Нижнекамскнефтехим
B.L	ru	Нью-Йоркская фондовая биржа
B.L	ru	Пластик
B.L	ru	Полимер
B.L	ru	Продукт (бизнес)
B.L	ru	Рейнланд-Пфальц
B.L	ru	Россия
B.L	ru	Сайт
B.L	ru	Севернефтегазпром
B.L	ru	Северный поток
B.L	ru	Сода
B.L	ru	Ультрафиолетовое излучение
B.L	ru	Франкфуртская фондовая биржа
B.L	ru	Химическая промышленность
B.L	ru	Химия
B.L	ru	Чистая прибыль
B.L	ru	Эластокам
B.L	ru	Южно-Русское нефтегазовое месторождение
B.L	ru	Юридическое лицо
B.L	ru	Ямало-Ненецкий автономный округ
B.L	ru	Википедия:Авторитетные источники
B.L	ru	Википедия:Проверяемость
B.L	ru	Википедия:Ссылки на источники
B.L	ro	2007
B.L	ro	AFI
B.L	ro	Chimie
B.L	ro	Companie
B.L	ro	Corporație
B.L	ro	Euro
B.L	ro	Germania
B.L	ro	Germană
B.L	ro	Ludwigshafen
B.L	ro	Ploiești
B.L	ro	Renania-Palatinat
B.L	ro	România
B.L	ro	Sit web
B.L	ro	WIEE România
B.L	ro	Wikipedia:Articolul ciot perfect
B.L	ro	Wikipedia:Găsește și repară un ciot
B.L	qu	1865
B.L	qu	Alimanya
B.L	qu	Bayer
B.L	qu	Chaqllisinchi
B.L	qu	Degussa
B.L	qu	Ludwigshafen
B.L	qu	Ruruchina
B.L	pt	1865
B.L	pt	Adidas
B.L	pt	Alemanha
B.L	pt	Allianz
B.L	pt	BMW
B.L	pt	Bayer
B.L	pt	Beiersdorf
B.L	pt	Commerzbank
B.L	pt	Coordenadas geográficas
B.L	pt	DAX-30
B.L	pt	Daimler AG
B.L	pt	Deutsche Bank
B.L	pt	Deutsche Börse
B.L	pt	Deutsche Post
B.L	pt	Deutsche Telekom
B.L	pt	E.ON
B.L	pt	Empresa
B.L	pt	Fresenius
B.L	pt	Fresenius Medical Care
B.L	pt	Grupo Volkswagen
B.L	pt	HeidelbergCement
B.L	pt	Henkel
B.L	pt	Infineon Technologies
B.L	pt	K+S
B.L	pt	Linde AG
B.L	pt	Ludwigshafen am Rhein
B.L	pt	Lufthansa
B.L	pt	MAN SE
B.L	pt	METRO AG
B.L	pt	Merck KGaA
B.L	pt	Munich Re
B.L	pt	RWE
B.L	pt	SAP AG
B.L	pt	Siemens AG
B.L	pt	Suvinil
B.L	pt	ThyssenKrupp
B.L	pt	Wikipédia:Esboço
B.L	pt	Predefinição:DAX
B.L	zh	(Kurt Bock)
B.L	zh	1865年
B.L	zh	1908年
B.L	zh	1912年
B.L	zh	1913年
B.L	zh	1916年
B.L	zh	1925年
B.L	zh	1935年
B.L	zh	1952年
B.L	zh	2005年
B.L	zh	2006年
B.L	zh	4月6日
B.L	zh	5月30日
B.L	zh	AEG (企业)
B.L	zh	BMW
B.L	zh	DAX指数
B.L	zh	E.ON
B.L	zh	Friedrich Engelhorn
B.L	zh	Gazprom
B.L	zh	IG颜料
B.L	zh	K+S
B.L	zh	Lanxess
B.L	zh	Polystyrol
B.L	zh	RWE
B.L	zh	SAP公司
B.L	zh	Styropor
B.L	zh	Wintershall AG
B.L	zh	上海
B.L	zh	中華人民共和國
B.L	zh	二战
B.L	zh	亚洲
B.L	zh	人造树脂
B.L	zh	伦敦
B.L	zh	催化剂
B.L	zh	关丹
B.L	zh	化学品
B.L	zh	化工
B.L	zh	北欧天然气管道
B.L	zh	北美
B.L	zh	南京
B.L	zh	南美
B.L	zh	博凱慈博士
B.L	zh	卡塞尔
B.L	zh	印度
B.L	zh	印度尼西亚
B.L	zh	合成(化学)
B.L	zh	哈伯-博士法
B.L	zh	塑料
B.L	zh	大众集团
B.L	zh	大陆集团
B.L	zh	安联
B.L	zh	巴登
B.L	zh	巴登-符腾堡
B.L	zh	康采恩
B.L	zh	强制性劳动
B.L	zh	德国
B.L	zh	德国商业银行
B.L	zh	德国电信
B.L	zh	德国邮政
B.L	zh	德國證券交易所
B.L	zh	德意志银行
B.L	zh	愛迪達
B.L	zh	慕尼黑再保险
B.L	zh	戴姆勒
B.L	zh	拜尔斯道夫
B.L	zh	拜耳
B.L	zh	新加坡
B.L	zh	日本
B.L	zh	曼海姆
B.L	zh	林德
B.L	zh	橡胶
B.L	zh	欧洲
B.L	zh	氨
B.L	zh	汉莎航空
B.L	zh	汉高公司
B.L	zh	法兰克福
B.L	zh	法本公司
B.L	zh	注册商标
B.L	zh	海德堡水泥
B.L	zh	漕泾
B.L	zh	營業額
B.L	zh	生物技术
B.L	zh	產業
B.L	zh	磁石电话
B.L	zh	紫外线
B.L	zh	纯碱
B.L	zh	纳粹
B.L	zh	纽约
B.L	zh	经济奇迹
B.L	zh	绿色和平
B.L	zh	群山市
B.L	zh	股份公司
B.L	zh	苏打
B.L	zh	苏黎世
B.L	zh	苯胺
B.L	zh	英飞凌
B.L	zh	莱茵-普法尔茨
B.L	zh	莱茵河
B.L	zh	蒂森克虏伯
B.L	zh	西门子公司
B.L	zh	费森尤斯
B.L	zh	费森尤斯医疗
B.L	zh	路德维希港
B.L	zh	靛蓝
B.L	zh	韩国
B.L	zh	马来西亚
B.L	zh	麗水市 (韓國)
B.L	zh	黏合剂
B.L	zh	默克集團
B.L	zh	Template:DAX指数成份公司
B.L	zh	Template talk:DAX指数成份公司
B.L	zh	Category:公司
CN	de	BASF
IWL	fi	BASF
IWL	fr	BASF
IWL	fa	ب آ اس اف
IWL	el	BASF
IWL	eo	BASF
IWL	en	BASF
IWL	es	BASF
IWL	ca	BASF
IWL	bg	BASF
IWL	be	BASF
IWL	da	BASF
IWL	cs	BASF
IWL	ar	باسف
IWL	no	BASF
IWL	pl	BASF
IWL	pfl	Anilin
IWL	mr	बी.ए.एस.एफ.
IWL	nl	BASF (chemieconcern)
IWL	ko	바스프
IWL	hr	BASF
IWL	hu	BASF
IWL	id	BASF
IWL	it	BASF
IWL	ja	BASF
IWL	vi	BASF
IWL	uk	BASF
IWL	tr	BASF
IWL	ta	பி.எ.எசு.எப்
IWL	sv	BASF
IWL	sk	BASF
IWL	sr	BASF
IWL	sq	BASF
IWL	ru	BASF
IWL	ro	BASF
IWL	qu	BASF
IWL	pt	BASF
IWL	zh	巴斯夫
