A.L	de	Absichtserklärung
A.L	de	Adidas
A.L	de	Air Liquide
A.L	de	Aktiengesellschaft
A.L	de	Aktiengesellschaft (Deutschland)
A.L	de	Aktienindex
A.L	de	Aktienrückkauf
A.L	de	Allianz SE
A.L	de	Alstom
A.L	de	Altana
A.L	de	Angela Merkel
A.L	de	Anheuser-Busch InBev
A.L	de	ArcelorMittal
A.L	de	Assicurazioni Generali
A.L	de	Aufsichtsratsvorsitzender
A.L	de	Axa
A.L	de	BASF
A.L	de	BMW
A.L	de	BNP Paribas
A.L	de	Babcock Borsig
A.L	de	Banco Bilbao Vizcaya Argentaria
A.L	de	Banco Santander
A.L	de	Bayer AG
A.L	de	Bayerische Hypotheken- und Wechsel-Bank
A.L	de	Bayerische Vereinsbank
A.L	de	Beiersdorf AG
A.L	de	Bernd Venohr
A.L	de	BlackRock
A.L	de	Borsa Italiana
A.L	de	Brand eins
A.L	de	Braunschweig
A.L	de	Börse
A.L	de	Börse Stuttgart
A.L	de	Carrefour (Unternehmen)
A.L	de	Cement Roadstone Holding
A.L	de	Chicago Mercantile Exchange
A.L	de	Clearstream
A.L	de	Commerzbank
A.L	de	Compagnie de Saint-Gobain
A.L	de	Continental AG
A.L	de	Crédit Agricole (Unternehmen)
A.L	de	DAX
A.L	de	Daimler AG
A.L	de	Danone
A.L	de	Deutsche Bank
A.L	de	Deutsche Post AG
A.L	de	Deutsche Telekom
A.L	de	Deutschland
A.L	de	Dresdner Bank
A.L	de	E.ON
A.L	de	EEX
A.L	de	EU-Kommission
A.L	de	EUREX
A.L	de	EURO STOXX 50
A.L	de	Enel
A.L	de	Eni (Unternehmen)
A.L	de	Epcos
A.L	de	Erlös
A.L	de	Eschborn
A.L	de	Eurex
A.L	de	Euro
A.L	de	Euronext
A.L	de	Evonik Degussa
A.L	de	Feldmühle (Unternehmen)
A.L	de	Firmensitz
A.L	de	Florian Langenscheidt
A.L	de	France Telecom
A.L	de	Frankfurt-Bockenheim
A.L	de	Frankfurt-Innenstadt
A.L	de	Frankfurt am Main
A.L	de	Frankfurter Allgemeine Zeitung
A.L	de	Frankfurter Wertpapierbörse
A.L	de	Fresenius (Unternehmen)
A.L	de	Fresenius Medical Care
A.L	de	GDF Suez
A.L	de	Gewerbesteuer
A.L	de	Gewinn
A.L	de	Gregor Pottmeyer
A.L	de	Gründung (Recht)
A.L	de	Hannover Rück
A.L	de	Hedge-Fonds
A.L	de	HeidelbergCement
A.L	de	Henkel (Unternehmen)
A.L	de	Heuschreckendebatte
A.L	de	Hoechst
A.L	de	Hypo Real Estate
A.L	de	ING Groep
A.L	de	Iberdrola
A.L	de	Immobilienfonds
A.L	de	Industriehof (Frankfurt am Main)
A.L	de	Infineon
A.L	de	International Securities Exchange
A.L	de	International Securities Exchange Holdings
A.L	de	International Securities Identification Number
A.L	de	Intesa Sanpaolo
A.L	de	Jacques Chirac
A.L	de	Jean-Claude Trichet
A.L	de	Joachim Faber
A.L	de	K+S
A.L	de	KSP Jürgen Engel Architekten
A.L	de	Karstadt
A.L	de	Kassamarkt
A.L	de	Lanxess
A.L	de	Linde AG
A.L	de	London Stock Exchange
A.L	de	Lufthansa
A.L	de	L’Oréal
A.L	de	MAN
A.L	de	MLP AG
A.L	de	Mannesmann
A.L	de	Merck KGaA
A.L	de	Metro AG
A.L	de	Mitarbeiter
A.L	de	Moët Hennessy Louis Vuitton
A.L	de	Munich Re
A.L	de	NYSE Euronext
A.L	de	New York Stock Exchange
A.L	de	Nixdorf Computer
A.L	de	Nokia
A.L	de	Philips
A.L	de	Postbank
A.L	de	Preussag
A.L	de	RWE
A.L	de	Rechtsform
A.L	de	Repsol YPF
A.L	de	Reto Francioni
A.L	de	Rolf-E. Breuer
A.L	de	SAP
A.L	de	SIX Swiss Exchange
A.L	de	STOXX Ltd.
A.L	de	Salzgitter AG
A.L	de	Sanofi-Aventis
A.L	de	Schneider Electric
A.L	de	Schweizer Börse
A.L	de	Scoach
A.L	de	Siemens
A.L	de	Sitz (juristische Person)
A.L	de	Societe Generale
A.L	de	Spotmarkt
A.L	de	Streubesitz
A.L	de	TUI
A.L	de	Telecom Italia
A.L	de	Telefónica
A.L	de	Terminbörse
A.L	de	The Children’s Investment Fund
A.L	de	ThyssenKrupp
A.L	de	Total (Unternehmen)
A.L	de	UniCredit Group
A.L	de	Unibail-rodamco
A.L	de	Unilever
A.L	de	Unternehmensführung
A.L	de	VEBA
A.L	de	VIAG
A.L	de	Vinci (Unternehmen)
A.L	de	Vivendi
A.L	de	Volkswagen AG
A.L	de	Vorstandsvorsitzender
A.L	de	Website
A.L	de	Werner Seifert
A.L	de	Wirtschaftszweig
A.L	de	Xetra
B.L	fi	Aasia
B.L	fi	Adidas
B.L	fi	Allianz
B.L	fi	Arvopaperi
B.L	fi	BASF
B.L	fi	BMW
B.L	fi	Bayer
B.L	fi	Beiersdorf
B.L	fi	Beijing
B.L	fi	Berliinin pörssi
B.L	fi	Chicago
B.L	fi	Commerzbank
B.L	fi	DAX-indeksi
B.L	fi	Daimler
B.L	fi	Deutsche Bank
B.L	fi	Deutsche Post
B.L	fi	Deutsche Telekom
B.L	fi	Dubai
B.L	fi	Düsseldorfin pörssi
B.L	fi	E.ON
B.L	fi	Espanja
B.L	fi	Eurooppa
B.L	fi	Frankfurt
B.L	fi	Frankfurtin pörssi
B.L	fi	Fresenius
B.L	fi	Fresenius Medical Care
B.L	fi	Hampurin pörssi
B.L	fi	Hannover Re
B.L	fi	Henkel
B.L	fi	Hongkong
B.L	fi	K+S
B.L	fi	Linde
B.L	fi	Lontoo
B.L	fi	Lufthansa
B.L	fi	Luxemburg
B.L	fi	MAN (yritys)
B.L	fi	METRO AG
B.L	fi	Merck KGaA
B.L	fi	Munich Re
B.L	fi	Münchenin pörssi
B.L	fi	New York
B.L	fi	Osaka
B.L	fi	Pariisi
B.L	fi	Pääomamarkkinat
B.L	fi	RWE
B.L	fi	SAP (yritys)
B.L	fi	Saksa
B.L	fi	Salzgitter (yritys)
B.L	fi	Siemens
B.L	fi	Stuttgartin pörssi
B.L	fi	Sveitsi
B.L	fi	ThyssenKrupp
B.L	fi	Tšekki
B.L	fi	Volkswagen
B.L	fi	Yhdysvallat
B.L	fr	1993
B.L	fr	Action (finance)
B.L	fr	Adidas
B.L	fr	Allemagne
B.L	fr	Allianz
B.L	fr	Asie
B.L	fr	BASF
B.L	fr	Bayer (entreprise)
B.L	fr	Bayerische Motoren Werke
B.L	fr	Beiersdorf
B.L	fr	Bourse de Francfort
B.L	fr	Bourse de Londres
B.L	fr	Chicago
B.L	fr	Clearstream International
B.L	fr	Commerzbank
B.L	fr	Continental AG
B.L	fr	DAX
B.L	fr	Daimler (entreprise)
B.L	fr	Deutsche Bank
B.L	fr	Deutsche Post
B.L	fr	Deutsche Telekom
B.L	fr	Dubaï (ville)
B.L	fr	Dérivé
B.L	fr	E.ON
B.L	fr	Espagne
B.L	fr	Europe
B.L	fr	Filiale
B.L	fr	Francfort
B.L	fr	Fresenius
B.L	fr	Fresenius Medical Care
B.L	fr	HeidelbergCement
B.L	fr	Henkel
B.L	fr	Hong Kong
B.L	fr	Infineon Technologies
B.L	fr	K+S
B.L	fr	Lanxess
B.L	fr	Linde AG
B.L	fr	Londres
B.L	fr	Lufthansa
B.L	fr	Luxembourg (pays)
B.L	fr	Marché boursier
B.L	fr	Merck KGaA
B.L	fr	Munich Re
B.L	fr	NYSE Euronext
B.L	fr	New York
B.L	fr	Paris
B.L	fr	RWE
B.L	fr	République tchèque
B.L	fr	SAP (entreprise)
B.L	fr	Secteur d'activité
B.L	fr	Siemens (entreprise)
B.L	fr	Site web
B.L	fr	Siège social
B.L	fr	Suisse
B.L	fr	ThyssenKrupp
B.L	fr	Volkswagen (entreprise)
B.L	fr	États-Unis
B.L	fr	Discussion:Deutsche Börse
B.L	fr	Discussion:Deutsche Börse/À faire
B.L	fr	Wikipédia:Notoriété des entreprises, sociétés et produits
B.L	fr	Modèle:Infobox Société
B.L	fr	Modèle:Palette DAX
B.L	fr	Modèle:Ébauche/paramètres entreprise allemande
B.L	fr	Discussion modèle:Palette DAX
B.L	fr	Aide:Comment modifier une page
B.L	fr	Aide:Ébauche
B.L	fr	Catégorie:Entreprise par date de fondation
B.L	fr	Catégorie:Portail:Allemagne/Articles liés
B.L	fr	Catégorie:Portail:Entreprises/Articles liés
B.L	fr	Catégorie:Portail:Finance/Articles liés
B.L	fr	Catégorie:Portail:Francfort-sur-le-Main/Articles liés
B.L	fr	Portail:Allemagne
B.L	fr	Portail:Entreprises
B.L	fr	Portail:Finance
B.L	fr	Portail:Francfort-sur-le-Main
B.L	fa	آدیداس
B.L	fa	آلمان
B.L	fa	آلیانتس
B.L	fa	ا.آن
B.L	fa	ار وه ئه
B.L	fa	ارزش بازار
B.L	fa	اس آ پ
B.L	fa	اقتصاد
B.L	fa	اوراق بهادار
B.L	fa	اینفینئون
B.L	fa	ب آ اس اف
B.L	fa	ب ام و
B.L	fa	بایر (شرکت)
B.L	fa	بایرسدورف
B.L	fa	بورس فرانکفورت
B.L	fa	تیسن‌کروپ
B.L	fa	دایملر آ گ
B.L	fa	دویچه بانک
B.L	fa	دویچه تلکوم
B.L	fa	دویچه پست
B.L	fa	زبان آلمانی
B.L	fa	زیمنس
B.L	fa	سهم
B.L	fa	شرکت سهامی
B.L	fa	فرانکفورت
B.L	fa	فرزنیوس
B.L	fa	فرزنیوس مدیکال کر
B.L	fa	لانکسس
B.L	fa	لوفت‌هانزا
B.L	fa	لینده
B.L	fa	مرک
B.L	fa	میونیک ره
B.L	fa	هایدلبرگ‌سمنت
B.L	fa	هنکل
B.L	fa	کا+اس
B.L	fa	کومرتس‌بانک
B.L	fa	کونتیننتال آ گ
B.L	fa	گروه فولکس‌واگن
B.L	fa	یورو
B.L	fa	ویکی‌پدیا:مقالهٔ خرد
B.L	fa	الگو:اقتصاد-خرد
B.L	fa	الگو:شرکت‌های دکس
B.L	fa	بحث الگو:اقتصاد-خرد
B.L	fa	بحث الگو:شرکت‌های دکس
B.L	en	Adidas
B.L	en	Aktiengesellschaft
B.L	en	Allianz
B.L	en	Asia
B.L	en	Asset
B.L	en	BASF
B.L	en	BMW
B.L	en	Bayer AG
B.L	en	Beiersdorf
B.L	en	Beijing
B.L	en	Capital market
B.L	en	Chairman
B.L	en	Chicago
B.L	en	Chief executive officer
B.L	en	Clearing (finance)
B.L	en	Clearstream
B.L	en	Commerzbank
B.L	en	Continental AG
B.L	en	Czech Republic
B.L	en	DAX
B.L	en	Daimler AG
B.L	en	Derivative (finance)
B.L	en	Deutsche Bank
B.L	en	Deutsche Post
B.L	en	Deutsche Telekom
B.L	en	Docklands
B.L	en	Dominique Cerutti
B.L	en	Dubai
B.L	en	E.ON
B.L	en	Earnings before interest and taxes
B.L	en	Equity (finance)
B.L	en	Equity trading
B.L	en	Eurex
B.L	en	Euro
B.L	en	Euronext
B.L	en	Europe
B.L	en	European Commission
B.L	en	Finance
B.L	en	Financial market
B.L	en	Financial services
B.L	en	Frankfurt
B.L	en	Frankfurt Stock Exchange
B.L	en	Frankfurt am Main
B.L	en	Fresenius (company)
B.L	en	Fresenius Medical Care
B.L	en	Full-time equivalent
B.L	en	Germany
B.L	en	HeidelbergCement
B.L	en	Henkel
B.L	en	Hong Kong
B.L	en	Infineon Technologies
B.L	en	Investors
B.L	en	Joint stock company
B.L	en	Joint venture
B.L	en	K+S
B.L	en	LME
B.L	en	Lanxess
B.L	en	London
B.L	en	London Stock Exchange
B.L	en	Lufthansa
B.L	en	Luxembourg
B.L	en	Marex Spectron
B.L	en	Market News International
B.L	en	Market capitalization
B.L	en	Market data
B.L	en	Merck KGaA
B.L	en	Munich Re
B.L	en	NYSE Euronext
B.L	en	Net income
B.L	en	New York
B.L	en	New York Stock Exchange
B.L	en	OTC Markets Group
B.L	en	Oak Futures
B.L	en	Paris
B.L	en	Public company
B.L	en	RWE
B.L	en	SAP AG
B.L	en	SIX Swiss Exchange
B.L	en	Scoach
B.L	en	Security (finance)
B.L	en	Shares
B.L	en	Siemens
B.L	en	Spain
B.L	en	Stock exchange
B.L	en	Subsidiary
B.L	en	Supervisory board
B.L	en	Switzerland
B.L	en	The Linde Group
B.L	en	The Photographers' Gallery
B.L	en	ThyssenKrupp
B.L	en	Ticker symbol
B.L	en	Types of business entity
B.L	en	U.S.
B.L	en	Volkswagen Group
B.L	en	Werner Seifert
B.L	en	Xetra (trading system)
B.L	en	Wikipedia:Citation needed
B.L	en	Wikipedia:Verifiability
B.L	en	Template:Citation needed
B.L	en	Template:DAX companies
B.L	en	Template:Portal/Images/Companies
B.L	en	Template talk:DAX companies
B.L	en	Help:IPA for German
B.L	en	Help:Introduction to referencing/1
B.L	en	Category:Articles needing additional references from February 2011
B.L	en	Category:Articles with unsourced statements from July 2011
B.L	en	Portal:Companies
B.L	es	1992
B.L	es	Acción (finanzas)
B.L	es	Aktiengesellschaft
B.L	es	Alemania
B.L	es	Alfabeto Fonético Internacional
B.L	es	Bolsa de Fráncfort
B.L	es	Bolsa de Londres
B.L	es	Eurex
B.L	es	Euronext
B.L	es	Finanzas
B.L	es	Fráncfort
B.L	es	Fusiones y adquisiciones
B.L	es	ISBN
B.L	es	Industria
B.L	es	Mercado de capitales
B.L	es	Sitio web
B.L	es	Sociedad anónima
B.L	es	The Guardian
B.L	es	Valor (finanzas)
B.L	es	Xetra
B.L	ca	Acció
B.L	ca	Adidas
B.L	ca	Aktiengesellschaft
B.L	ca	Alemanya
B.L	ca	Allianz
B.L	ca	BASF
B.L	ca	BMW
B.L	ca	Bayer
B.L	ca	Beiersdorf
B.L	ca	Borsa de Frankfurt
B.L	ca	Borsa de Londres
B.L	ca	Chicago
B.L	ca	Clearstream Internacional
B.L	ca	Clearstream International
B.L	ca	Commerzbank
B.L	ca	DAX
B.L	ca	Daimler AG
B.L	ca	Derivat
B.L	ca	Deutsche Bank
B.L	ca	Deutsche Post
B.L	ca	Deutsche Telekom
B.L	ca	Dubai
B.L	ca	E.ON
B.L	ca	Espanya
B.L	ca	Estats Units
B.L	ca	Eurex
B.L	ca	Euronext
B.L	ca	Europa
B.L	ca	Filial
B.L	ca	Fresenius Medical Care
B.L	ca	Fresenius SE
B.L	ca	Henkel
B.L	ca	Hong Kong
B.L	ca	Infineon Technologies
B.L	ca	K+S
B.L	ca	Londres
B.L	ca	Lufthansa
B.L	ca	Luxemburg
B.L	ca	MAN SE
B.L	ca	Merck KGaA
B.L	ca	Metro AG
B.L	ca	Munich Re
B.L	ca	Nova York
B.L	ca	París
B.L	ca	RWE
B.L	ca	República Txeca
B.L	ca	SAP AG
B.L	ca	Salzgitter AG
B.L	ca	Siemens AG
B.L	ca	Societat anònima
B.L	ca	Suïssa
B.L	ca	The Guardian
B.L	ca	The Linde Group
B.L	ca	ThyssenKrupp
B.L	ca	Tipus d'entitat empresarial
B.L	ca	Valor (economia)
B.L	ca	Volkswagen Group
B.L	ca	Xetra
B.L	ca	Àsia
B.L	ca	Plantilla:Bandera/Germany
B.L	ca	Plantilla:Empreses DAX
B.L	bg	Clearstream
B.L	bg	Борса
B.L	bg	Германия
B.L	bg	Евро
B.L	bg	Европа
B.L	bg	Франкфурт на Майн
B.L	bg	Франкфуртска фондова борса
B.L	be	AXA
B.L	be	Adidas
B.L	be	Aegon
B.L	be	Air Liquide
B.L	be	Alcatel-Lucent
B.L	be	Allianz
B.L	be	ArcelorMittal
B.L	be	Assicurazioni Generali
B.L	be	BASF
B.L	be	BBVA
B.L	be	BMW
B.L	be	BNP Paribas
B.L	be	Bayer
B.L	be	Beiersdorf
B.L	be	Bertrandt
B.L	be	Carrefour
B.L	be	Clearstream
B.L	be	Commerzbank
B.L	be	Crédit Agricole
B.L	be	DAX
B.L	be	Daimler
B.L	be	Danone
B.L	be	Deutsche Bank
B.L	be	Deutsche Post
B.L	be	Deutsche Telekom
B.L	be	Dow Jones Euro Stoxx 50
B.L	be	E.ON
B.L	be	ENEL
B.L	be	Eni
B.L	be	Fortis
B.L	be	France Télécom
B.L	be	Fresenius
B.L	be	Fresenius SE
B.L	be	GDF Suez
B.L	be	Grupo Santander
B.L	be	Hannover Re
B.L	be	Henkel
B.L	be	ING Groep N.V.
B.L	be	Iberdrola
B.L	be	Intesa Sanpaolo
B.L	be	K+S
B.L	be	L'Oréal
B.L	be	LVMH
B.L	be	Lufthansa
B.L	be	MAN
B.L	be	Merck KGaA
B.L	be	Metro AG
B.L	be	Munich Re
B.L	be	Nokia
B.L	be	Philips
B.L	be	RWE
B.L	be	Renault
B.L	be	Repsol YPF
B.L	be	SAP
B.L	be	Saint-Gobain
B.L	be	Salzgitter AG
B.L	be	Sanofi-Aventis
B.L	be	Schneider Electric
B.L	be	Siemens
B.L	be	Société Générale
B.L	be	Telecom Italia
B.L	be	Telefónica
B.L	be	The Linde Group
B.L	be	ThyssenKrupp
B.L	be	Total
B.L	be	UniCredit
B.L	be	Unilever
B.L	be	Vinci
B.L	be	Vivendi
B.L	be	Volkswagen Group
B.L	be	Біржа
B.L	be	Лістынг, эканоміка
B.L	be	Прадпрыемства
B.L	be	Сайт
B.L	be	Франкфурт-на-Майне
B.L	be	Франкфурцкая фондавая біржа
B.L	be	Юрыдычная асоба
B.L	be	Вікіпедыя:Накід
B.L	be	Вікіпедыя:Як правіць артыкул
B.L	da	Adidas
B.L	da	Allianz
B.L	da	Asien
B.L	da	Australian Securities Exchange
B.L	da	Australien
B.L	da	BASF
B.L	da	BM&F Bovespa
B.L	da	BMW
B.L	da	Bayer
B.L	da	Beiersdorf AG
B.L	da	Beijing
B.L	da	Bolsas y Mercados Españoles
B.L	da	Bombay Stock Exchange
B.L	da	Brasilien
B.L	da	Canada
B.L	da	Chicago
B.L	da	Clearstream
B.L	da	Commerzbank
B.L	da	Continental AG
B.L	da	DAX
B.L	da	Daimler AG
B.L	da	Den Europæiske Union
B.L	da	Deutsche Bank
B.L	da	Deutsche Post
B.L	da	Deutsche Telekom
B.L	da	Dubai
B.L	da	E.ON
B.L	da	EU
B.L	da	Europa
B.L	da	Frankfurt am Main
B.L	da	Frankfurter Wertpapierbörse
B.L	da	Fresenius Medical Care
B.L	da	Fresenius SE
B.L	da	HeidelbergCement
B.L	da	Henkel
B.L	da	Hong Kong
B.L	da	Hong Kong Stock Exchange
B.L	da	Hongkong
B.L	da	Indien
B.L	da	Infineon Technologies
B.L	da	JSE Limited
B.L	da	Japan
B.L	da	K+S
B.L	da	Kina
B.L	da	Korea Exchange
B.L	da	Lanxess
B.L	da	Linde AG
B.L	da	Liste over børser
B.L	da	London
B.L	da	London Stock Exchange
B.L	da	Lufthansa
B.L	da	Luxembourg
B.L	da	Market News International
B.L	da	Merck KGaA
B.L	da	Moscow Exchange
B.L	da	Munich Re
B.L	da	NASDAQ OMX Group
B.L	da	NYSE Euronext
B.L	da	National Stock Exchange of India
B.L	da	New York
B.L	da	Paris
B.L	da	RWE
B.L	da	Republikken Kina
B.L	da	Rusland
B.L	da	SAP AG
B.L	da	SIX Swiss Exchange
B.L	da	Schweiz
B.L	da	Shanghai Stock Exchange
B.L	da	Shenzhen Stock Exchange
B.L	da	Siemens AG
B.L	da	Singapore
B.L	da	Singapore Exchange
B.L	da	Spanien
B.L	da	Storbritannien
B.L	da	Sydafrika
B.L	da	Sydkorea
B.L	da	Taiwan Stock Exchange
B.L	da	ThyssenKrupp
B.L	da	Tjekkiet
B.L	da	Tokyo Stock Exchange
B.L	da	Toronto Stock Exchange
B.L	da	Tyskland
B.L	da	USA
B.L	da	Volkswagen Aktiengesellschaft
B.L	da	Skabelon:DE-Firmastub
B.L	ar	اقتصاد
B.L	ar	بورصة فرانكفورت
B.L	ar	فرانكفورت
B.L	ar	لغة ألمانية
B.L	ar	ويكيبيديا:بذرة
B.L	ar	ويكيبيديا:يتيمة
B.L	ar	مساعدة:وصلة
B.L	ar	تصنيف:مقالات يتيمة منذ يونيو 2009
B.L	pl	1990
B.L	pl	1992
B.L	pl	Adidas
B.L	pl	Allianz
B.L	pl	BASF
B.L	pl	BMW
B.L	pl	Bayer AG
B.L	pl	Beiersdorf AG
B.L	pl	Commerzbank
B.L	pl	DAX
B.L	pl	Daimler AG
B.L	pl	Deutsche Bank
B.L	pl	Deutsche Post
B.L	pl	Deutsche Telekom
B.L	pl	E.ON
B.L	pl	Frankfurt nad Menem
B.L	pl	Frankfurter Wertpapierbörse
B.L	pl	Fresenius
B.L	pl	Fresenius Medical Care
B.L	pl	Henkel
B.L	pl	Infineon
B.L	pl	K+S
B.L	pl	Linde AG
B.L	pl	Lufthansa
B.L	pl	MAN SE
B.L	pl	MDAX
B.L	pl	Merck KGaA
B.L	pl	Metro Group
B.L	pl	Munich Re
B.L	pl	Niemcy
B.L	pl	RWE (koncern)
B.L	pl	SAP AG
B.L	pl	Salzgitter AG
B.L	pl	Siemens AG
B.L	pl	Spółka akcyjna
B.L	pl	TecDAX
B.L	pl	ThyssenKrupp
B.L	pl	Volkswagen AG
B.L	pl	XETRA
B.L	pl	Szablon:DAX
B.L	pl	Dyskusja szablonu:DAX
B.L	nl	Adidas
B.L	nl	Allianz
B.L	nl	BASF (chemieconcern)
B.L	nl	BMW
B.L	nl	Bayer
B.L	nl	Bedrijf
B.L	nl	Beiersdorf AG
B.L	nl	Beurshandel
B.L	nl	Commerzbank
B.L	nl	Continental AG
B.L	nl	DAX-index
B.L	nl	Daimler (Duitsland)
B.L	nl	Deutsche Bank
B.L	nl	Deutsche Post
B.L	nl	Deutsche Telekom
B.L	nl	Duitsland
B.L	nl	E.ON
B.L	nl	Effectenbeurs
B.L	nl	Eurex
B.L	nl	Frankfurt Stock Exchange
B.L	nl	Frankfurt am Main
B.L	nl	Frankfurter Wertpapierbörse
B.L	nl	Fresenius
B.L	nl	Fresenius Medical Care
B.L	nl	HeidelbergCement
B.L	nl	Henkel KGaA
B.L	nl	Infineon
B.L	nl	K+S
B.L	nl	Lanxess
B.L	nl	Linde AG
B.L	nl	London Stock Exchange
B.L	nl	Lufthansa
B.L	nl	Luxemburg (land)
B.L	nl	Marktkapitalisatie
B.L	nl	Merck KGaA
B.L	nl	Münchener Rück
B.L	nl	Omzet
B.L	nl	RWE (energie)
B.L	nl	SAP AG
B.L	nl	Siemens AG
B.L	nl	Spanje
B.L	nl	ThyssenKrupp
B.L	nl	Volkswagen AG
B.L	nl	Winst (onderneming)
B.L	nl	Xetra
B.L	nl	Zwitserland
B.L	nl	Portaal:Economie
B.L	hr	1845.
B.L	hr	1993.
B.L	hr	2010.
B.L	hr	2012.
B.L	hr	Američki dolar
B.L	hr	Azija
B.L	hr	Chicago
B.L	hr	Dionica
B.L	hr	Dioničko društvo
B.L	hr	Dubai
B.L	hr	Europa
B.L	hr	Frankfurt na Majni
B.L	hr	Frankfurtska burza vrijednosnih papira
B.L	hr	Hong Kong
B.L	hr	Informacija
B.L	hr	Investitor
B.L	hr	Izvedenica (financije)
B.L	hr	Lisabon
B.L	hr	London
B.L	hr	Luksemburg
B.L	hr	Moskva
B.L	hr	New York
B.L	hr	New York Stock Exchange
B.L	hr	Njemački jezik
B.L	hr	Peking
B.L	hr	SAD
B.L	hr	Singapur
B.L	hr	Tehnologija
B.L	hr	Tisućljeće
B.L	hr	Tokio
B.L	hr	Trilijun
B.L	hr	Tržište kapitala
B.L	hr	Vrijednosni papir
B.L	hr	Češka
B.L	hr	Španjolska
B.L	hr	Švicarska
B.L	id	2001
B.L	id	Aktiengesellschaft
B.L	id	Alfabet Fonetis Internasional
B.L	id	Amerika Serikat
B.L	id	Asia
B.L	id	Bursa Saham London
B.L	id	Bursa saham
B.L	id	Chicago
B.L	id	Dubai
B.L	id	Eropa
B.L	id	Frankfurt
B.L	id	Hong Kong
B.L	id	International Securities Identifying Number
B.L	id	Jerman
B.L	id	London
B.L	id	Luxemburg
B.L	id	New York
B.L	id	Paris
B.L	id	Perusahaan
B.L	id	Spanyol
B.L	id	Swiss
B.L	id	Wikipedia:Rintisan
B.L	it	2001
B.L	it	2004
B.L	it	2006
B.L	it	Adidas
B.L	it	Allianz
B.L	it	Asia
B.L	it	Azione (finanza)
B.L	it	BASF
B.L	it	BMW
B.L	it	Bayer
B.L	it	Beiersdorf (azienda)
B.L	it	Blue chip
B.L	it	Borsa di Francoforte
B.L	it	Borsa di Londra
B.L	it	Borsa valori
B.L	it	Chicago
B.L	it	Clearstream
B.L	it	Commerzbank
B.L	it	DAX 30
B.L	it	Daimler (azienda)
B.L	it	Deutsche Bank
B.L	it	Deutsche Post
B.L	it	Deutsche Telekom
B.L	it	Dubai
B.L	it	E.ON
B.L	it	Euronext
B.L	it	Europa
B.L	it	Fresenius
B.L	it	Fresenius Medical Care
B.L	it	Germania
B.L	it	Gruppo Volkswagen
B.L	it	Heidelberg Cement
B.L	it	Henkel
B.L	it	Hong Kong
B.L	it	Indice azionario
B.L	it	Infineon Technologies
B.L	it	K+S
B.L	it	Linde AG
B.L	it	London Stock Exchange
B.L	it	Londra
B.L	it	Lufthansa
B.L	it	Lussemburgo
B.L	it	MAN SE
B.L	it	Merck KGaA
B.L	it	Metro (azienda)
B.L	it	Munich Re
B.L	it	NYSE
B.L	it	New York
B.L	it	Parigi
B.L	it	RWE (azienda)
B.L	it	SAP (azienda)
B.L	it	Security
B.L	it	Siemens (azienda)
B.L	it	Spagna
B.L	it	Stati Uniti d'America
B.L	it	Svizzera
B.L	it	ThyssenKrupp
B.L	it	File:Stub .png
B.L	it	File:Stub aziende tedesche.png
B.L	it	Template:Aziende DAX 30
B.L	it	Discussioni template:Aziende DAX 30
B.L	it	Aiuto:Abbozzo
B.L	it	Aiuto:Manuale di stile
B.L	it	Categoria:Stub - aziende tedesche
B.L	it	Portale:Economia
B.L	it	Portale:Economia/icona
B.L	it	Progetto:Aziende tedesche
B.L	ja	BASF
B.L	ja	BMW
B.L	ja	E.ON
B.L	ja	K+S
B.L	ja	RWE
B.L	ja	SAP (企業)
B.L	ja	アディダス
B.L	ja	アリアンツ
B.L	ja	インフィニオン・テクノロジーズ
B.L	ja	コメルツ銀行
B.L	ja	コンチネンタル (自動車部品製造業)
B.L	ja	シーメンス
B.L	ja	ダイムラー (自動車メーカー)
B.L	ja	ティッセンクルップ
B.L	ja	ドイツ
B.L	ja	ドイツテレコム
B.L	ja	ドイツポスト
B.L	ja	ドイツ・ポストバンク
B.L	ja	ドイツ株価指数
B.L	ja	ドイツ語
B.L	ja	ドイツ銀行
B.L	ja	ハイポ・リアル・エステート
B.L	ja	バイエル (企業)
B.L	ja	フォルクスワーゲングループ
B.L	ja	フランクフルト証券取引所
B.L	ja	フレゼニウス
B.L	ja	ヘンケル
B.L	ja	マン (企業)
B.L	ja	ミュンヘン再保険
B.L	ja	メトロ (小売業)
B.L	ja	メルク (ドイツ)
B.L	ja	リンデ
B.L	ja	ルフトハンザドイツ航空
B.L	ja	ロンドン証券取引所
B.L	ja	証券取引所
B.L	ja	金融機関
B.L	ja	Wikipedia:スタブ
B.L	ja	Template:DAX
B.L	ja	Template‐ノート:DAX
B.L	ja	Category:ドイツ関連のスタブ項目
B.L	ja	Category:金融関連のスタブ記事
B.L	ja	Portal:ドイツ
B.L	ja	プロジェクト:ドイツ
B.L	ja	プロジェクト:経済
B.L	ja	プロジェクト:金融
B.L	tr	Almanya
B.L	tr	DAX
B.L	tr	Frankfurt
B.L	sv	Adidas
B.L	sv	Aktier
B.L	sv	Allianz
B.L	sv	BASF
B.L	sv	BMW
B.L	sv	Bayer AG
B.L	sv	Beiersdorf AG
B.L	sv	Clearstream
B.L	sv	Commerzbank
B.L	sv	Daimler AG
B.L	sv	Deutsche Bank
B.L	sv	Deutsche Post
B.L	sv	Deutsche Telekom
B.L	sv	Deutscher Aktienindex
B.L	sv	E.ON
B.L	sv	Frankfurter Wertpapierbörse
B.L	sv	Fresenius
B.L	sv	Fresenius Medical Care
B.L	sv	Företag
B.L	sv	Hannover Re
B.L	sv	Henkel
B.L	sv	Infineon
B.L	sv	K+S
B.L	sv	Linde AG
B.L	sv	Lufthansa
B.L	sv	MAN AG
B.L	sv	Marknadsplats
B.L	sv	Merck KGaA
B.L	sv	Metro AG
B.L	sv	Munich Re
B.L	sv	RWE
B.L	sv	SAP AG
B.L	sv	Siemens AG
B.L	sv	ThyssenKrupp
B.L	sv	Tyskt
B.L	sv	Volkswagen AG
B.L	sv	Värdepappershandel
B.L	sv	Wikipedia:Stubbar
B.L	sv	Mall:DAX
B.L	sv	Malldiskussion:DAX
B.L	ru	AXA
B.L	ru	Adidas
B.L	ru	Aegon
B.L	ru	Air Liquide
B.L	ru	Alcatel-Lucent
B.L	ru	Allianz
B.L	ru	ArcelorMittal
B.L	ru	Assicurazioni Generali
B.L	ru	BASF
B.L	ru	BBVA
B.L	ru	BMW
B.L	ru	BNP Paribas
B.L	ru	Bayer
B.L	ru	Beiersdorf
B.L	ru	Bertrandt
B.L	ru	Carrefour
B.L	ru	Clearstream
B.L	ru	Commerzbank
B.L	ru	Crédit Agricole
B.L	ru	DAX
B.L	ru	Daimler
B.L	ru	Danone
B.L	ru	Deutsche Bank
B.L	ru	Deutsche Post AG
B.L	ru	Deutsche Telekom
B.L	ru	Dow Jones Euro Stoxx 50
B.L	ru	E.ON
B.L	ru	ENEL
B.L	ru	Eni
B.L	ru	Eurex
B.L	ru	Fortis
B.L	ru	France Télécom
B.L	ru	Fresenius
B.L	ru	Fresenius SE
B.L	ru	GDF Suez
B.L	ru	Grupo Santander
B.L	ru	Hannover Re
B.L	ru	Henkel
B.L	ru	ING Groep N.V.
B.L	ru	Iberdrola
B.L	ru	Intesa Sanpaolo
B.L	ru	K+S
B.L	ru	L'Oréal
B.L	ru	LVMH
B.L	ru	Lufthansa
B.L	ru	MAN
B.L	ru	Merck KGaA
B.L	ru	Metro AG
B.L	ru	Munich Re
B.L	ru	Nokia
B.L	ru	Philips
B.L	ru	RWE
B.L	ru	Renault
B.L	ru	Repsol YPF
B.L	ru	SAP
B.L	ru	Saint-Gobain
B.L	ru	Salzgitter AG
B.L	ru	Sanofi-Aventis
B.L	ru	Schneider Electric
B.L	ru	Siemens
B.L	ru	Société Générale
B.L	ru	Telecom Italia
B.L	ru	Telefónica
B.L	ru	The Linde Group
B.L	ru	ThyssenKrupp
B.L	ru	Total
B.L	ru	UniCredit
B.L	ru	Unilever
B.L	ru	Vinci
B.L	ru	Vivendi
B.L	ru	Volkswagen Group
B.L	ru	Английский язык
B.L	ru	Биржа
B.L	ru	Выручка
B.L	ru	Гонконг
B.L	ru	Депозитарная деятельность
B.L	ru	Евро
B.L	ru	Клиринговая палата
B.L	ru	Листинг (экономика)
B.L	ru	Лондон
B.L	ru	Люксембург
B.L	ru	Москва
B.L	ru	Нью-Йорк
B.L	ru	Пекин
B.L	ru	Прага
B.L	ru	Производные финансовые инструменты
B.L	ru	Сайт
B.L	ru	Сингапур
B.L	ru	Токио
B.L	ru	Франкфурт-на-Майне
B.L	ru	Франкфуртская фондовая биржа
B.L	ru	Цюрих
B.L	ru	Чикаго
B.L	ru	Юридическое лицо
B.L	ru	Шаблон:Ref-de
B.L	ro	Africa
B.L	ro	America de Nord
B.L	ro	America de Sud
B.L	ro	Asia
B.L	ro	Australia
B.L	ro	Australian Securities Exchange
B.L	ro	Bolsa Mexicana de Valores
B.L	ro	Bolsa de Madrid
B.L	ro	Bombay Stock Exchange
B.L	ro	Borsa Italiana
B.L	ro	Buenos Aires Stock Exchange
B.L	ro	Burse de valori din Africa
B.L	ro	Burse de valori din America de Nord
B.L	ro	Burse de valori din America de Sud
B.L	ro	Burse de valori din Asia
B.L	ro	Burse de valori din Australia și Oceania
B.L	ro	Casablanca Stock Exchange
B.L	ro	Companie
B.L	ro	Corporație
B.L	ro	DAX
B.L	ro	Engleză
B.L	ro	Eurex
B.L	ro	Euronext
B.L	ro	Europa
B.L	ro	Frankfurter Wertpapierbörse
B.L	ro	Germania
B.L	ro	Hong Kong Stock Exchange
B.L	ro	Istanbul Stock Exchange
B.L	ro	Japan Exchange Group
B.L	ro	Johannesburg Securities Exchange
B.L	ro	Korea Exchange
B.L	ro	London Stock Exchange
B.L	ro	Moscow Exchange
B.L	ro	NASDAQ OMX
B.L	ro	NYSE Arca
B.L	ro	National Stock Exchange of India
B.L	ro	New York Stock Exchange
B.L	ro	Nigerian Stock Exchange
B.L	ro	Santiago Stock Exchange
B.L	ro	Shanghai Stock Exchange
B.L	ro	Shenzhen Stock Exchange
B.L	ro	Singapore Exchange
B.L	ro	Swiss Exchange
B.L	ro	São Paulo Stock Exchange
B.L	ro	TSX Venture Exchange
B.L	ro	Taiwan Stock Exchange
B.L	ro	Toronto Stock Exchange
B.L	ro	Wiener Börse
B.L	ro	Wikipedia:Articolul ciot perfect
B.L	ro	Wikipedia:Găsește și repară un ciot
B.L	ro	Format:Burse de valori
B.L	ro	Discuție Format:Burse de valori
B.L	pt	Adidas
B.L	pt	Aktiengesellschaft
B.L	pt	Alemanha
B.L	pt	Allianz
B.L	pt	Australian Securities Exchange
B.L	pt	Austrália
B.L	pt	BASF
B.L	pt	BM&F Bovespa
B.L	pt	BMW
B.L	pt	Bayer
B.L	pt	Beiersdorf
B.L	pt	Bolsas y Mercados Españoles
B.L	pt	Bombay Stock Exchange
B.L	pt	Brasil
B.L	pt	Canadá
B.L	pt	Chicago
B.L	pt	Clearstream
B.L	pt	Commerzbank
B.L	pt	Coreia do Sul
B.L	pt	DAX-30
B.L	pt	Daimler AG
B.L	pt	Deutsche Bank
B.L	pt	Deutsche Post
B.L	pt	Deutsche Telekom
B.L	pt	Dubai
B.L	pt	E.ON
B.L	pt	Espanha
B.L	pt	Estados Unidos
B.L	pt	Fresenius
B.L	pt	Fresenius Medical Care
B.L	pt	Grupo Volkswagen
B.L	pt	HeidelbergCement
B.L	pt	Henkel
B.L	pt	Hong Kong
B.L	pt	Hong Kong Stock Exchange
B.L	pt	Indústria
B.L	pt	Infineon Technologies
B.L	pt	JSE Limited
B.L	pt	Japão
B.L	pt	K+S
B.L	pt	Korea Exchange
B.L	pt	Linde AG
B.L	pt	London Stock Exchange
B.L	pt	Londres
B.L	pt	Lufthansa
B.L	pt	Luxemburgo
B.L	pt	MAN SE
B.L	pt	METRO AG
B.L	pt	MICEX-RTS
B.L	pt	Merck KGaA
B.L	pt	Munich Re
B.L	pt	NASDAQ
B.L	pt	NYSE Euronext
B.L	pt	National Stock Exchange of India
B.L	pt	Nova York
B.L	pt	Organização
B.L	pt	Paris
B.L	pt	Plano de negócios
B.L	pt	RWE
B.L	pt	Reino Unido
B.L	pt	República Popular da China
B.L	pt	Rússia
B.L	pt	SAP AG
B.L	pt	SIX Swiss Exchange
B.L	pt	Shanghai Stock Exchange
B.L	pt	Shenzhen Stock Exchange
B.L	pt	Siemens AG
B.L	pt	Suíça
B.L	pt	ThyssenKrupp
B.L	pt	Tokyo Stock Exchange
B.L	pt	Toronto Stock Exchange
B.L	pt	União Europeia
B.L	pt	África do Sul
B.L	pt	Índia
B.L	pt	Wikipédia:Esboço
B.L	pt	Predefinição:DAX
B.L	pt	Predefinição:Stock exchanges top 18
B.L	pt	Anexo:Lista de bolsas de valores
B.L	zh	BMW
B.L	zh	DAX
B.L	zh	DAX指数
B.L	zh	E.ON
B.L	zh	K+S
B.L	zh	Lanxess
B.L	zh	RWE
B.L	zh	SAP公司
B.L	zh	亞洲
B.L	zh	倫敦
B.L	zh	大众集团
B.L	zh	大陆集团
B.L	zh	安联
B.L	zh	巴斯夫
B.L	zh	巴黎
B.L	zh	德国
B.L	zh	德国商业银行
B.L	zh	德国电信
B.L	zh	德国邮政
B.L	zh	德國
B.L	zh	德意志银行
B.L	zh	愛迪達
B.L	zh	慕尼黑再保险
B.L	zh	戴姆勒
B.L	zh	拜尔斯道夫
B.L	zh	拜耳
B.L	zh	捷克
B.L	zh	林德
B.L	zh	汉莎航空
B.L	zh	汉高公司
B.L	zh	法兰克福证券交易所
B.L	zh	法蘭克福
B.L	zh	海德堡水泥
B.L	zh	瑞士
B.L	zh	盧森堡
B.L	zh	紐約
B.L	zh	美國
B.L	zh	芝加哥
B.L	zh	英飞凌
B.L	zh	蒂森克虏伯
B.L	zh	藍籌股
B.L	zh	西班牙
B.L	zh	西门子公司
B.L	zh	费森尤斯
B.L	zh	费森尤斯医疗
B.L	zh	迪拜
B.L	zh	香港
B.L	zh	默克集團
B.L	zh	Template:DAX指数成份公司
B.L	zh	Template talk:DAX指数成份公司
CN	de	Deutsche_Börse
IWL	fi	Deutsche Börse
IWL	fr	Deutsche Börse
IWL	fa	دویچه بورزه
IWL	en	Deutsche Börse
IWL	es	Deutsche Börse
IWL	ca	Deutsche Börse
IWL	bg	Deutsche Börse
IWL	be	Deutsche Börse
IWL	da	Deutsche Börse
IWL	ar	البورصة الألمانية
IWL	pl	Deutsche Börse
IWL	nl	Deutsche Börse
IWL	hr	Njemačka burza
IWL	id	Bursa efek Jerman
IWL	it	Deutsche Börse
IWL	ja	ドイツ証券取引所
IWL	tr	Deutsche Börse
IWL	sv	Deutsche Börse
IWL	ru	Deutsche Börse
IWL	ro	Deutsche Börse
IWL	pt	Deutsche Börse
IWL	zh	德國證券交易所
