A.L	de	Alexander Hamilton
A.L	de	Bretton-Woods-System
A.L	de	Bundestagswahl 2005
A.L	de	D-Mark
A.L	de	Demokratische Partei (Vereinigte Staaten)
A.L	de	Deutscher Bundestag
A.L	de	Deutschland
A.L	de	Erdgas
A.L	de	Erdöl
A.L	de	Europawahl 2004
A.L	de	Europawahl in Deutschland 2009
A.L	de	Europäische Arbeiter-Partei
A.L	de	Finanzsystem
A.L	de	Friedrich List
A.L	de	Fusionsreaktor
A.L	de	Gemeinsame Normdatei
A.L	de	Gemeinwohl
A.L	de	Globale Erwärmung
A.L	de	Gottfried Wilhelm Leibniz
A.L	de	Helga Zepp-LaRouche
A.L	de	Helmut Lorscheid
A.L	de	Hochtemperaturreaktor
A.L	de	Industrielle Revolution
A.L	de	Intergovernmental Panel on Climate Change
A.L	de	Karl Marx
A.L	de	Kernkraftwerk
A.L	de	Kleinpartei
A.L	de	LaRouche-Bewegung
A.L	de	Landtagswahl in Baden-Württemberg 2011
A.L	de	Landtagswahl in Rheinland-Pfalz 2011
A.L	de	Landtagswahl in Sachsen 2009
A.L	de	Lyndon LaRouche
A.L	de	Monetarismus
A.L	de	Nationalstaat
A.L	de	Neoliberalismus
A.L	de	Patrioten für Deutschland
A.L	de	Politische Ökonomie
A.L	de	Rosa Luxemburg
A.L	de	Russisches schwimmendes Kernkraftwerk
A.L	de	Schiller-Institut
A.L	de	Seidenstraße
A.L	de	Spitzenkandidat
A.L	de	Transrapid
A.L	de	Treibhausgas
A.L	de	Verfassungsschutz
A.L	de	Wertschöpfung
A.L	de	Wiesbaden
B.L	he	1980
B.L	he	1992
B.L	he	2005
B.L	he	אחוז החסימה
B.L	he	אנטישמיות
B.L	he	אנרגיה אטומית
B.L	he	ארצות הברית
B.L	he	בחירות
B.L	he	ג'ורג' ווקר בוש
B.L	he	גרמניה
B.L	he	גרמנית
B.L	he	דואר
B.L	he	הונאה
B.L	he	הכחשת השואה
B.L	he	המפלגה הדמוקרטית
B.L	he	טלפון
B.L	he	ימין ושמאל בפוליטיקה
B.L	he	כלא
B.L	he	כלכלה
B.L	he	מאסר
B.L	he	מיינץ
B.L	he	מפלגה
B.L	he	נשיא ארצות הברית
B.L	he	עבירת מס
B.L	he	פוליטיקאי
B.L	he	פשיזם
B.L	he	קומוניזם
B.L	he	קפיטליזם
B.L	he	תעמולה
B.L	en	Amelia Boynton Robinson
B.L	en	Anton Chaitkin
B.L	en	Basic Law for the Federal Republic of Germany
B.L	en	Berlin
B.L	en	Berliner Zeitung
B.L	en	Billy Davis (Mississippi politician)
B.L	en	California Proposition 64 (1986)
B.L	en	Chip Berlet
B.L	en	Citizens Electoral Council
B.L	en	Daniel Estulin
B.L	en	Daniel Patrick Moynihan
B.L	en	Death of Jeremiah Duggan
B.L	en	Eric Lerner
B.L	en	Erik R. Fleming
B.L	en	European Workers Party
B.L	en	Executive Intelligence Review
B.L	en	F. William Engdahl
B.L	en	Fred Newman (philosopher)
B.L	en	Frederick Wills (Guyana)
B.L	en	Friedwardt Winterberg
B.L	en	Fusion Energy Foundation
B.L	en	Globalization
B.L	en	Gordon M. Johnson
B.L	en	Helga Zepp-LaRouche
B.L	en	Hulan Jack
B.L	en	Infrastructure
B.L	en	J.L. Chestnut
B.L	en	J. Gordon Edwards (entomologist and mountaineer)
B.L	en	Jacques Cheminade
B.L	en	James Bevel
B.L	en	Janice Hart
B.L	en	John Rees (journalist)
B.L	en	Karen Kwiatkowski
B.L	en	Kenneth Kronberg
B.L	en	Kesha Rogers
B.L	en	LaRouche Youth Movement
B.L	en	LaRouche criminal trials
B.L	en	LaRouche movement
B.L	en	Laurent Murawiec
B.L	en	Lyndon LaRouche
B.L	en	Lyndon LaRouche U.S. Presidential campaigns
B.L	en	Maglev train
B.L	en	Michael Billington (activist)
B.L	en	Mike Royko
B.L	en	Nataliya Vitrenko
B.L	en	National Caucus of Labor Committees
B.L	en	Nicholas F. Benton
B.L	en	Norbert Brainin
B.L	en	North American Labour Party
B.L	en	Party for the Commonwealth of Canada
B.L	en	Robert Beltran
B.L	en	Robert Dreyfuss
B.L	en	Robert James Moon
B.L	en	Roy Frankhouser
B.L	en	Schiller Institute
B.L	en	Sergey Glazyev
B.L	en	Speculation
B.L	en	Stanislav Menshikov
B.L	en	Theo Mitchell
B.L	en	Transrapid
B.L	en	U.S. Labor Party
B.L	en	Victor Gunnarsson
B.L	en	Views of Lyndon LaRouche and the LaRouche movement
B.L	en	Webster Tarpley
B.L	en	Wiesbaden
B.L	en	Wilhelm von Humboldt
B.L	en	William Warfield
B.L	en	Worldwide LaRouche Youth Movement
B.L	en	Zbigniew Jaworowski
B.L	en	Template:LaRouche movement
B.L	en	Template talk:LaRouche movement
B.L	en	Portal:Politics
B.L	en	Book:LaRouche movement
CN	de	Bürgerrechtsbewegung_Solidarität
IWL	he	BüSo
IWL	en	Bürgerrechtsbewegung Solidarität
