1.A.L	de	2. Thüringisches Infanterie-Regiment Nr. 32
1.A.L	de	3D-Film
1.A.L	de	ADVA Optical Networking
1.A.L	de	ASG Vorwärts Meiningen
1.A.L	de	Abendsegler
1.A.L	de	Adelaide
1.A.L	de	Adelheid von Sachsen-Meiningen (1792–1849)
1.A.L	de	Adolf von Hildebrand
1.A.L	de	Aerobic
1.A.L	de	Allegorie
1.A.L	de	Altersbach
1.A.L	de	Amtlicher Gemeindeschlüssel
1.A.L	de	Amtsgericht Meiningen
1.A.L	de	Aschaffenburg
1.A.L	de	Aschenhausen
1.A.L	de	Ausfallstraße
1.A.L	de	Backhaus Nahrstedt
1.A.L	de	Bad Kissingen
1.A.L	de	Badminton
1.A.L	de	Bahnbetriebswerk
1.A.L	de	Bahnbetriebswerk Meiningen
1.A.L	de	Bahnhof Meiningen
1.A.L	de	Bahnstrecke Neudietendorf–Ritschenhausen
1.A.L	de	Bahnstrecke Schweinfurt–Meiningen
1.A.L	de	Ballett
1.A.L	de	Ballsport
1.A.L	de	Bamberg
1.A.L	de	Bank für Thüringen
1.A.L	de	Baptisten
1.A.L	de	Barchent
1.A.L	de	Barock
1.A.L	de	Basalt
1.A.L	de	Basketball
1.A.L	de	Bauernbarock
1.A.L	de	Bayern
1.A.L	de	Bechsteinbrunnen
1.A.L	de	Beginen und Begarden
1.A.L	de	Belrieth
1.A.L	de	Benshausen
1.A.L	de	Bermbach
1.A.L	de	Bernhard I. (Sachsen-Meiningen)
1.A.L	de	Bernhard II. (Sachsen-Meiningen)
1.A.L	de	Bernhard III. (Sachsen-Meiningen)
1.A.L	de	Bezirk Suhl
1.A.L	de	Bier
1.A.L	de	Bildende Kunst
1.A.L	de	Bildersturm
1.A.L	de	Bildungszentrum der Thüringer Polizei
1.A.L	de	Biosphärenreservat Rhön
1.A.L	de	Birx
1.A.L	de	Bischöfliches Amt Erfurt-Meiningen
1.A.L	de	Bistro
1.A.L	de	Bistum Erfurt
1.A.L	de	Bistum Fulda
1.A.L	de	Bistum Mainz
1.A.L	de	Bistum Würzburg
1.A.L	de	Blasonierung
1.A.L	de	Bobfahrer
1.A.L	de	Bobsport
1.A.L	de	Boxen
1.A.L	de	Brahms-Denkmal (Meiningen)
1.A.L	de	Breitensport
1.A.L	de	Breitflügelfledermaus
1.A.L	de	Breitungen/Werra
1.A.L	de	Brotterode-Trusetal
1.A.L	de	Brunnen
1.A.L	de	Budo
1.A.L	de	Bund Evangelisch-Freikirchlicher Gemeinden
1.A.L	de	Bund für Umwelt und Naturschutz Deutschland
1.A.L	de	Bundesautobahn 66
1.A.L	de	Bundesautobahn 7
1.A.L	de	Bundesautobahn 71
1.A.L	de	Bundesautobahn 73
1.A.L	de	Bundesstraße
1.A.L	de	Bundesstraße 19
1.A.L	de	Bundesstraße 87n
1.A.L	de	Bundesstraße 89
1.A.L	de	Bundesverkehrswegeplan 2003
1.A.L	de	Burg Landeswehre
1.A.L	de	Bussy-Saint-Georges
1.A.L	de	Büchnersches Hinterhaus
1.A.L	de	Bühnenprospekt
1.A.L	de	Bündnis 90/Die Grünen
1.A.L	de	Bürgerhaus
1.A.L	de	Bürgermeister
1.A.L	de	Büste
1.A.L	de	Campus
1.A.L	de	Caspar von Zumbusch
1.A.L	de	Cheerleading
1.A.L	de	Chemnitz
1.A.L	de	Christes
1.A.L	de	Christian Bach
1.A.L	de	Christlich Demokratische Union Deutschlands
1.A.L	de	Civitas
1.A.L	de	Coburg
1.A.L	de	Comedy
1.A.L	de	Cross over
1.A.L	de	DDR-Liga
1.A.L	de	DDR-Oberliga
1.A.L	de	Dampflokwerk Meiningen
1.A.L	de	Das Meininger Theater
1.A.L	de	Dekanat
1.A.L	de	Demenz
1.A.L	de	Der standhafte Zinnsoldat
1.A.L	de	Deutsch-Französischer Krieg
1.A.L	de	Deutsche Angestellten-Akademie
1.A.L	de	Deutsche Bahn
1.A.L	de	Deutsche Demokratische Republik
1.A.L	de	Deutsche Hypothekenbank Meiningen
1.A.L	de	Deutscher Wetterdienst
1.A.L	de	Dialekt
1.A.L	de	Dialyse
1.A.L	de	Diaspora
1.A.L	de	Die Linke
1.A.L	de	Dillstädt
1.A.L	de	Distributed Feedback Laser
1.A.L	de	Diözese
1.A.L	de	Dolmar
1.A.L	de	Dreißigacker
1.A.L	de	Dreißigjähriger Krieg
1.A.L	de	Dōjō
1.A.L	de	Einhausen (Thüringen)
1.A.L	de	Eisenach
1.A.L	de	Eisenbahnstrecke
1.A.L	de	Eisenbahnverkehrsunternehmen
1.A.L	de	Eisfeld
1.A.L	de	Eklektizismus
1.A.L	de	Elektrotechnik
1.A.L	de	Elisabeth Schumacher
1.A.L	de	Ellen Franz
1.A.L	de	Ellingshausen
1.A.L	de	Empire (Stilrichtung)
1.A.L	de	Energie
1.A.L	de	Englischer Garten (Meiningen)
1.A.L	de	Englischer Landschaftspark
1.A.L	de	Erbenhausen
1.A.L	de	Erfurt
1.A.L	de	Erfurter Bahn
1.A.L	de	Ernestinische Herzogtümer
1.A.L	de	Europacup
1.A.L	de	Europastraße Historische Theater
1.A.L	de	Evangelisch-Lutherische Kirche in Thüringen
1.A.L	de	Evangelisch-lutherisch
1.A.L	de	Evangelische Kirche der Kirchenprovinz Sachsen
1.A.L	de	Evangelische Kirche in Mitteldeutschland
1.A.L	de	Evangelisches Gymnasium Meiningen
1.A.L	de	Exponat
1.A.L	de	Exposition (Kunst)
1.A.L	de	FW Meininger Tageblatt
1.A.L	de	Fachwerkhaus
1.A.L	de	Fachwerkhäuser in Meiningen
1.A.L	de	Fambach
1.A.L	de	Fassbier
1.A.L	de	Filmtheater
1.A.L	de	Fischdiebbrunnen
1.A.L	de	Floh-Seligenthal
1.A.L	de	Flughafen Erfurt
1.A.L	de	Flughafen Frankfurt am Main
1.A.L	de	Flughafen Meiningen
1.A.L	de	Flughafen Nürnberg
1.A.L	de	Franken (Region)
1.A.L	de	Frankenheim/Rhön
1.A.L	de	Frankenreich
1.A.L	de	Frankfurt am Main
1.A.L	de	Franz Josef Strauß
1.A.L	de	Frau Holle
1.A.L	de	Freie Demokratische Partei
1.A.L	de	Freie Wähler
1.A.L	de	Freistaat Sachsen-Meiningen
1.A.L	de	Friedelshausen
1.A.L	de	Friedrich Schiller
1.A.L	de	Fritz Steinbach
1.A.L	de	Fränkische Sprachen
1.A.L	de	Fulda
1.A.L	de	Fünf-Prozent-Hürde
1.A.L	de	Gastronomie
1.A.L	de	Gebaberg
1.A.L	de	Gefallener
1.A.L	de	Gehobener Dienst
1.A.L	de	Gemeinde
1.A.L	de	Gemeinde (Deutschland)
1.A.L	de	Gemeinsame Normdatei
1.A.L	de	Generalmusikdirektor
1.A.L	de	Georg Brückner
1.A.L	de	Georg Caspar Schürmann
1.A.L	de	Georg I. (Sachsen-Meiningen)
1.A.L	de	Georg II. (Sachsen-Meiningen)
1.A.L	de	Georgenkrankenhaus
1.A.L	de	Geowissenschaft
1.A.L	de	Geriatrie
1.A.L	de	Gerichtsbarkeit
1.A.L	de	Gerätturnen
1.A.L	de	Geschichte der Stadt Meiningen
1.A.L	de	Goetz-Höhle
1.A.L	de	Gotha
1.A.L	de	Gotik
1.A.L	de	Grabfeld
1.A.L	de	Grabfeld (Gemeinde)
1.A.L	de	Grad Celsius
1.A.L	de	Grafen von Henneberg
1.A.L	de	Grenztruppen der DDR
1.A.L	de	Großes Mausohr
1.A.L	de	Großes Palais (Meiningen)
1.A.L	de	Gruft
1.A.L	de	Gustav Strupp
1.A.L	de	Gänsemännchenbrunnen (Meiningen)
1.A.L	de	Handelsstraße
1.A.L	de	Hans von Bülow
1.A.L	de	Harfe
1.A.L	de	Hauptstadt
1.A.L	de	Heiliger Stuhl
1.A.L	de	Heinrich Beck (Ingenieur)
1.A.L	de	Heinrich II. (HRR)
1.A.L	de	Heinrichsbrunnen (Meiningen)
1.A.L	de	Helba (Meiningen)
1.A.L	de	Henfling-Gymnasium Meiningen
1.A.L	de	Henneberg (Thüringen)
1.A.L	de	Henneberger Haus
1.A.L	de	Henneberger Land
1.A.L	de	Hennebergisch
1.A.L	de	Herberge
1.A.L	de	Herpf
1.A.L	de	Hessen
1.A.L	de	Hightech
1.A.L	de	Historische Altstadt (Meiningen)
1.A.L	de	Historismus
1.A.L	de	Hochebene
1.A.L	de	Hochstift Würzburg
1.A.L	de	Hofkapelle (Orchester)
1.A.L	de	Hoftheater
1.A.L	de	Honky Tonk (Festival)
1.A.L	de	Hospiz
1.A.L	de	Hotel Sächsischer Hof
1.A.L	de	Hubschrauber
1.A.L	de	Höhe über dem Meeresspiegel
1.A.L	de	Hörsaal
1.A.L	de	Hümpfershausen
1.A.L	de	ICE 2
1.A.L	de	Individuum
1.A.L	de	Innovation
1.A.L	de	Intercity-Express
1.A.L	de	Inversionswetterlage
1.A.L	de	Jahresmitteltemperatur
1.A.L	de	Janine Tischer
1.A.L	de	Jean Paul
1.A.L	de	Jerusalem (Meiningen)
1.A.L	de	Johann Ludwig Bach
1.A.L	de	Johann Sebastian Güth
1.A.L	de	Johannes Brahms
1.A.L	de	Johannes Thielmann
1.A.L	de	Ju-Jutsu
1.A.L	de	Judenverfolgungen zur Zeit des Schwarzen Todes
1.A.L	de	Judo
1.A.L	de	Justizzentrum Meiningen
1.A.L	de	Kabarett
1.A.L	de	Kaltensundheim
1.A.L	de	Kaltenwestheim
1.A.L	de	Kampfsport
1.A.L	de	Kapelle (Kirchenbau)
1.A.L	de	Kapellenbrunnen
1.A.L	de	Kapellmeister
1.A.L	de	Karate
1.A.L	de	Karl Behlert
1.A.L	de	Katasterfläche
1.A.L	de	Katholische Kirche (Meiningen)
1.A.L	de	Kendo
1.A.L	de	Kfz-Kennzeichen (Deutschland)
1.A.L	de	Kickboxen
1.A.L	de	Kirchspiel
1.A.L	de	Klassikerstraße
1.A.L	de	Klassizismus
1.A.L	de	Kleines Palais (Meiningen)
1.A.L	de	Klimagarten
1.A.L	de	Klinikum Meiningen
1.A.L	de	Kniestock
1.A.L	de	Kobudo
1.A.L	de	Kondom des Grauens
1.A.L	de	Kreis Meiningen
1.A.L	de	Kreisstadt
1.A.L	de	Kronach
1.A.L	de	Kulturstiftung Meiningen
1.A.L	de	Kulturtourismus
1.A.L	de	Kulturzentrum
1.A.L	de	Kunsthaus Meiningen
1.A.L	de	Königlich Bayerische Staats-Eisenbahnen
1.A.L	de	Königsgut
1.A.L	de	Kühndorf
1.A.L	de	Land (Deutschland)
1.A.L	de	Landeskirchliche Gemeinschaft
1.A.L	de	Landesstraße
1.A.L	de	Landgericht Meiningen
1.A.L	de	Landkreis Schmalkalden-Meiningen
1.A.L	de	Landratsamt
1.A.L	de	Landschaftspark
1.A.L	de	Landtagsgebäude (Meiningen)
1.A.L	de	Lehen
1.A.L	de	Leutersdorf (Thüringen)
1.A.L	de	Linie (Verkehr)
1.A.L	de	Liste der Bürgermeister von Meiningen
1.A.L	de	Liste der Ehrenbürger von Meiningen
1.A.L	de	Liste der Kulturdenkmale der Meininger Außenbezirke
1.A.L	de	Liste der Kulturdenkmale der Meininger Innenstadt
1.A.L	de	Liste der Persönlichkeiten der Stadt Meiningen
1.A.L	de	Liste der Straßen und Plätze in Meiningen
1.A.L	de	Ludwig Bechstein
1.A.L	de	Ludwig Chronegk
1.A.L	de	Luftangriff auf Meiningen
1.A.L	de	Luftlinie
1.A.L	de	Luftqualität
1.A.L	de	Lustschloss
1.A.L	de	Main-Werra-Radweg
1.A.L	de	Mainberg (Schonungen)
1.A.L	de	Mainfranken-Thüringen-Express
1.A.L	de	Mainfränkisch
1.A.L	de	Mainfränkische Platten
1.A.L	de	Marke (Recht)
1.A.L	de	Marktplatz (Meiningen)
1.A.L	de	Marmor
1.A.L	de	Maschinenbau
1.A.L	de	Max Reger
1.A.L	de	Mehmels
1.A.L	de	Meiningen
1.A.L	de	Meiningen (Vorarlberg)
1.A.L	de	Meininger
1.A.L	de	Meininger (Bier)
1.A.L	de	Meininger Busbetrieb
1.A.L	de	Meininger Dampfloktage
1.A.L	de	Meininger Hofkapelle
1.A.L	de	Meininger Kalkplatten
1.A.L	de	Meininger Kasernen
1.A.L	de	Meininger Kleinkunsttage
1.A.L	de	Meininger Museen
1.A.L	de	Meininger Puppentheater
1.A.L	de	Meininger Straßen und Plätze
1.A.L	de	Mellrichstadt
1.A.L	de	Melpers
1.A.L	de	Mensa (Universität)
1.A.L	de	Mentalität
1.A.L	de	Metropolregion
1.A.L	de	Metzels
1.A.L	de	Mikroelektronik
1.A.L	de	Milseburgweg
1.A.L	de	Mission Olympic
1.A.L	de	Mittelalter
1.A.L	de	Mitteldeutscher Rundfunk
1.A.L	de	Mittelstadt
1.A.L	de	Mittelzentrum
1.A.L	de	Mittlerer Dienst
1.A.L	de	Moderne Kunst
1.A.L	de	Multihalle Meiningen
1.A.L	de	Multiplex-Kino
1.A.L	de	Muschelkalk
1.A.L	de	Museum
1.A.L	de	Musikfestival
1.A.L	de	Musikschule
1.A.L	de	Musiktheater
1.A.L	de	Naturräumliche Haupteinheiten Deutschlands
1.A.L	de	Neu-Ulm
1.A.L	de	Neuapostolische Kirche (Meiningen)
1.A.L	de	Neuapostolische Kirche Mitteldeutschland
1.A.L	de	Neubrunn (Thüringen)
1.A.L	de	Neugotik
1.A.L	de	Neuhaus am Rennweg
1.A.L	de	Niederschlag
1.A.L	de	Nürnberg
1.A.L	de	Oberbürgermeister
1.A.L	de	Oberfranken
1.A.L	de	Oberhof
1.A.L	de	Oberkatz
1.A.L	de	Obermaßfeld-Grimmenthal
1.A.L	de	Oberschönau
1.A.L	de	Obertshausen
1.A.L	de	Oberweid
1.A.L	de	Oberzentrum
1.A.L	de	Oepfershausen
1.A.L	de	Open Directory Project
1.A.L	de	Orchester
1.A.L	de	Otto II. (HRR)
1.A.L	de	Otto Ludwig
1.A.L	de	Pantomime
1.A.L	de	Paris
1.A.L	de	Parkfriedhof
1.A.L	de	Parkfriedhof Meiningen
1.A.L	de	Partei des Demokratischen Sozialismus
1.A.L	de	Pfarrei
1.A.L	de	Pfarrkirche
1.A.L	de	Pfingsten
1.A.L	de	Polizei Thüringen
1.A.L	de	Postleitzahl (Deutschland)
1.A.L	de	Preußische Staatsbahn
1.A.L	de	Propstei (Kirche)
1.A.L	de	Puppentheater
1.A.L	de	Quarks & Co
1.A.L	de	Radsport
1.A.L	de	Radweg Meiningen-Haßfurt
1.A.L	de	Ranga Yogeshwar
1.A.L	de	Reformation
1.A.L	de	Regietheater
1.A.L	de	Regionalbahn
1.A.L	de	Regionalexpress
1.A.L	de	Reichsautobahn
1.A.L	de	Reichsbank
1.A.L	de	Reichspogromnacht
1.A.L	de	Reichsstraße (Deutsches Reich)
1.A.L	de	Renaissance
1.A.L	de	Repertoire
1.A.L	de	Residenzstadt
1.A.L	de	Rhein-Main-Gebiet
1.A.L	de	Rhön
1.A.L	de	Rhön-Rennsteig-Sparkasse
1.A.L	de	Rhönblick
1.A.L	de	Rhöntropfen
1.A.L	de	Richard Mühlfeld
1.A.L	de	Richard Strauss
1.A.L	de	Richard Wagner
1.A.L	de	Rippershausen
1.A.L	de	Ritschenhausen
1.A.L	de	Robert Diez
1.A.L	de	Robotron Meiningen
1.A.L	de	Rohr (Thüringen)
1.A.L	de	Rokoko
1.A.L	de	Romanik
1.A.L	de	Rosa (Thüringen)
1.A.L	de	Rote Armee
1.A.L	de	Rote Kapelle
1.A.L	de	Rotterode
1.A.L	de	Roßdorf (Thüringen)
1.A.L	de	Rudi Arnstadt
1.A.L	de	Rudolf Baumbach
1.A.L	de	SPD
1.A.L	de	Sachsen-Altenburg
1.A.L	de	Sachsen-Gotha
1.A.L	de	Sachsen-Meiningen
1.A.L	de	Sage
1.A.L	de	Sangerhausen
1.A.L	de	Schloss Elisabethenburg
1.A.L	de	Schloss Landsberg (Meiningen)
1.A.L	de	Schlosspark
1.A.L	de	Schlosspark Meiningen
1.A.L	de	Schmalkalden
1.A.L	de	Schwallungen
1.A.L	de	Schwarza (Thüringer Wald)
1.A.L	de	Schweinfurt
1.A.L	de	Schwerpunktversorgung
1.A.L	de	Sinfoniekonzert
1.A.L	de	Skulptur
1.A.L	de	Slogan
1.A.L	de	Sommerfest des Meininger Theaters
1.A.L	de	Sonneberg
1.A.L	de	Sozialdemokratische Partei Deutschlands
1.A.L	de	Sozialgericht Meiningen
1.A.L	de	Springstille
1.A.L	de	St. Martin (Meiningen)
1.A.L	de	Staatsanwaltschaft
1.A.L	de	Stadtbild
1.A.L	de	Stadtbrand von Meiningen
1.A.L	de	Stadtbus
1.A.L	de	Stadtführung
1.A.L	de	Stadtkirche (Meiningen)
1.A.L	de	Stadtteil
1.A.L	de	Stadtverkehr Meiningen
1.A.L	de	Stadtwerke Meiningen
1.A.L	de	Steinbach-Hallenberg
1.A.L	de	Steinernes Haus (Meiningen)
1.A.L	de	Stele
1.A.L	de	Stepfershausen
1.A.L	de	Stillhof
1.A.L	de	Straße
1.A.L	de	Strecke 85
1.A.L	de	Städtereise
1.A.L	de	Suburbanisierung
1.A.L	de	Suhl
1.A.L	de	Superintendentur
1.A.L	de	Synagoge
1.A.L	de	Synagoge Meiningen
1.A.L	de	Süd-Thüringen-Bahn
1.A.L	de	Südthüringen
1.A.L	de	Südwestdeutsches Stufenland
1.A.L	de	Sühnekirche
1.A.L	de	Sülzfeld
1.A.L	de	Taekwondo
1.A.L	de	Tag der Deutschen Einheit
1.A.L	de	Tanzsport
1.A.L	de	Tatort (Kriminalwissenschaft)
1.A.L	de	TecDAX
1.A.L	de	Telefonvorwahl (Deutschland)
1.A.L	de	Temperatur
1.A.L	de	Tennis
1.A.L	de	Theater
1.A.L	de	Theateraufführung
1.A.L	de	Theatermuseum Meiningen
1.A.L	de	Thurn und Taxis
1.A.L	de	Thüringen
1.A.L	de	Thüringenliga (Fußball)
1.A.L	de	Thüringentag
1.A.L	de	Thüringer Fachhochschule für öffentliche Verwaltung
1.A.L	de	Thüringer Kleinkunstpreis
1.A.L	de	Thüringer Klöße
1.A.L	de	Thüringer Landestheater Eisenach
1.A.L	de	Thüringer Märchen- und Sagenpreis
1.A.L	de	Meiningen"><links><pl ns="0
1.A.L	de	Thüringer Wald
1.A.L	de	Thüringisches Staatsarchiv Meiningen
1.A.L	de	Tor (Architektur)
1.A.L	de	Tourismus
1.A.L	de	Trias (Geologie)
1.A.L	de	Trog (Behälter)
1.A.L	de	Turnen
1.A.L	de	Unfallchirurgie
1.A.L	de	United States Army
1.A.L	de	Universität Kaiserslautern
1.A.L	de	Unterfranken
1.A.L	de	Unterfranken-Shuttle
1.A.L	de	Unterkatz
1.A.L	de	Untermaßfeld
1.A.L	de	Unterschönau
1.A.L	de	Unterweid
1.A.L	de	Utendorf
1.A.L	de	Vacha
1.A.L	de	Vachdorf
1.A.L	de	Vereinsbrauerei Apolda
1.A.L	de	Verkehrslandeplatz
1.A.L	de	Verwaltungsgericht Meiningen
1.A.L	de	Vestibül
1.A.L	de	VfL Meiningen 04
1.A.L	de	Viernau
1.A.L	de	Volleyball
1.A.L	de	Vulkan
1.A.L	de	WDR
1.A.L	de	Wahns
1.A.L	de	Wallbach (Thüringen)
1.A.L	de	Walldorf (Werra)
1.A.L	de	Wassergraben
1.A.L	de	Wasungen
1.A.L	de	Weißwasser
1.A.L	de	Welkershausen
1.A.L	de	Wende (DDR)
1.A.L	de	Wende in Meiningen
1.A.L	de	Werra
1.A.L	de	Werra-Gäuplatten
1.A.L	de	Werraaue Meiningen-Wartha
1.A.L	de	Werrabahn
1.A.L	de	Werratalradweg
1.A.L	de	Weser
1.A.L	de	Wetterwarte
1.A.L	de	Wilhelm Berger
1.A.L	de	Windgeschwindigkeit
1.A.L	de	Winkhaus (Unternehmen)
1.A.L	de	Wohnmobil
1.A.L	de	Wohnwagen
1.A.L	de	Wölfershausen
1.A.L	de	Würzburg
1.A.L	de	Zella-Mehlis
1.A.L	de	Zugfahrt
1.A.L	de	Zukunftstechnologie
1.A.L	de	Zweifarbfledermaus
1.A.L	de	Zwergfledermaus
1.A.L	de	ÖPNV
1.A.L	de	Wikipedia:Lesenswerte Artikel
1.A.L	de	Wikipedia:WikiProjekt Kommunen und Landkreise in Deutschland/Einwohnerzahlen
1.A.L	de	Vorlage:Imagemap Landkreis Schmalkalden-Meiningen
1.A.L	de	Kategorie:Gemeinde in Thüringen
1.A.L	de	Kategorie:Landkreis Schmalkalden-Meiningen
1.A.L	de	Kategorie:Meiningen
1.B.L	fi	982
1.B.L	fi	Franken
1.B.L	fi	Pinta-ala
1.B.L	fi	Saksa
1.B.L	fi	Saksan osavaltiot
1.B.L	fi	Saksan piirikunnat
1.B.L	fi	Thüringen
1.B.L	fi	Vilhelm IV (Iso-Britannia)
1.B.L	fi	Väestötiheys
1.B.L	fi	Werra
1.B.L	fi	Wikipedia:Tynkä
1.B.L	fi	Luokka:Saksa-tyngät
1.B.L	fr	1230
1.B.L	fr	1680
1.B.L	fr	1918
1.B.L	fr	2006
1.B.L	fr	982
1.B.L	fr	Allemagne
1.B.L	fr	Altitude
1.B.L	fr	Arrondissement (Allemagne)
1.B.L	fr	Bourgmestre (Allemagne)
1.B.L	fr	Bussy-Saint-Georges
1.B.L	fr	Code postal
1.B.L	fr	Coordonnées géographiques
1.B.L	fr	Densité de population
1.B.L	fr	Duché de Saxe-Meiningen
1.B.L	fr	France
1.B.L	fr	Franconie
1.B.L	fr	Héraldique
1.B.L	fr	Land (Allemagne)
1.B.L	fr	Liste des indicatifs téléphoniques internationaux par indicatif
1.B.L	fr	Liste des pays du monde
1.B.L	fr	Liste des villes d'Allemagne
1.B.L	fr	Meiningen (homonymie)
1.B.L	fr	Ortsteil
1.B.L	fr	Plaque d'immatriculation allemande
1.B.L	fr	Recensement de la population
1.B.L	fr	Schmalkalden-Meiningen
1.B.L	fr	Site web
1.B.L	fr	Superficie
1.B.L	fr	Thuringe
1.B.L	fr	Werra
1.B.L	fr	Discussion:Meiningen/À faire
1.B.L	fr	Modèle:Allemagne
1.B.L	fr	Modèle:Country data France
1.B.L	fr	Modèle:Country flag alias France
1.B.L	fr	Modèle:Ébauche/paramètres ville d'Allemagne
1.B.L	fr	Aide:Comment modifier une page
1.B.L	fr	Aide:Homonymie
1.B.L	fr	Aide:Ébauche
1.B.L	fr	Catégorie:Portail:Thuringe/Articles liés
1.B.L	fr	Portail:Thuringe
1.B.L	fr	Projet:Accueil
1.B.L	he	1230
1.B.L	he	1680
1.B.L	he	1690
1.B.L	he	1692
1.B.L	he	1831
1.B.L	he	1840
1.B.L	he	1858
1.B.L	he	1909
1.B.L	he	1918
1.B.L	he	1945
1.B.L	he	1988
1.B.L	he	1990
1.B.L	he	1996
1.B.L	he	2007
1.B.L	he	2009
1.B.L	he	23 בפברואר
1.B.L	he	982
1.B.L	he	UTC
1.B.L	he	אוברטסהאוזן
1.B.L	he	אוכלוסייה
1.B.L	he	אזור זמן
1.B.L	he	איחוד גרמניה (המאה ה-20)
1.B.L	he	ארמון אליזבטנבורג
1.B.L	he	בוסי-סן-ג'ורג'
1.B.L	he	בישופות ווירצבורג
1.B.L	he	גאורג השני, דוכס זאכסן-מיינינגן
1.B.L	he	גובה מעל פני הים
1.B.L	he	גרמניה
1.B.L	he	גרמנית
1.B.L	he	דוכסות זאכסן-מיינינגן
1.B.L	he	האימפריה הרומית הקדושה
1.B.L	he	הדוכס ברנהרד הראשון
1.B.L	he	היי-טק
1.B.L	he	המאה ה-20
1.B.L	he	המאה ה- 16
1.B.L	he	המפלגה הליברלית
1.B.L	he	הנס פון בילוב
1.B.L	he	הציונות הכללית
1.B.L	he	וורה
1.B.L	he	ז'אן פול
1.B.L	he	חיל האוויר האמריקני
1.B.L	he	טירת לאנדסברג
1.B.L	he	טריטוריה
1.B.L	he	יוהנס ברהמס
1.B.L	he	לודוויג בכשטיין
1.B.L	he	מגילת העצמאות
1.B.L	he	מדינה
1.B.L	he	מזרח גרמניה
1.B.L	he	מחוז
1.B.L	he	מטר
1.B.L	he	מלחמת העולם השנייה
1.B.L	he	מסילת ברזל
1.B.L	he	מקס רגר
1.B.L	he	משפחת באך
1.B.L	he	נוי-אולם
1.B.L	he	עיר
1.B.L	he	פרנקוניה
1.B.L	he	פרץ ברנשטיין
1.B.L	he	צפיפות אוכלוסייה
1.B.L	he	צרפת
1.B.L	he	קואורדינטות גאוגרפיות
1.B.L	he	קילומטר רבוע
1.B.L	he	קמ"ר
1.B.L	he	ראש עירייה
1.B.L	he	ריכארד שטראוס
1.B.L	he	ריכרד שטראוס
1.B.L	he	שטח
1.B.L	he	שמאלקאלדן-מיינינגן
1.B.L	he	תורינגיה
1.B.L	he	תיאטרון חצר
1.B.L	he	תיירות
1.B.L	he	פורטל:גרמניה
1.B.L	fa	Schmalkalden-Meiningen
1.B.L	fa	Schmalkalden-Meiningen (district)
1.B.L	fa	Thüringer Landesamt für Statistik
1.B.L	fa	آلمان
1.B.L	fa	اشلسویگ-هولشتاین
1.B.L	fa	ایالت‌های آلمان
1.B.L	fa	بادن-وورتمبرگ
1.B.L	fa	بایرن
1.B.L	fa	براندنبورگ
1.B.L	fa	برلین
1.B.L	fa	برمن (ایالت)
1.B.L	fa	تورینگن
1.B.L	fa	دستگاه مختصات جغرافیایی
1.B.L	fa	راینلاند-فالتز
1.B.L	fa	زارلاند
1.B.L	fa	زاکسن
1.B.L	fa	زاکسن-آنهالت
1.B.L	fa	زبان آلمانی
1.B.L	fa	زمان اروپای مرکزی
1.B.L	fa	زمان تابستانی اروپای مرکزی
1.B.L	fa	شهردار
1.B.L	fa	شهرستان
1.B.L	fa	فهرست شهرهای آلمان
1.B.L	fa	فهرست پلاک‌های خودرو در آلمان
1.B.L	fa	فهرست کدهای پستی در آلمان
1.B.L	fa	منطقه زمانی
1.B.L	fa	مکلنبورگ-فورپومرن
1.B.L	fa	نوردراین-وستفالن
1.B.L	fa	نیدرزاکسن
1.B.L	fa	هامبورگ (آلمان)
1.B.L	fa	هسن
1.B.L	fa	پیش‌شماره‌ها در آلمان
1.B.L	fa	یوتی‌سی ۱:۰۰+
1.B.L	fa	یوتی‌سی ۲:۰۰+
1.B.L	fa	ویکی‌پدیا:مقالهٔ خرد
1.B.L	fa	الگو:Imagemap Germany district
1.B.L	fa	الگو:آلمان-خرد
1.B.L	fa	الگو:ایالت‌های آلمان
1.B.L	fa	بحث الگو:آلمان-خرد
1.B.L	fa	بحث الگو:ایالت‌های آلمان
1.B.L	eo	2010
1.B.L	eo	Distrikto (Germanio)
1.B.L	eo	Distrikto Schmalkalden-Meiningen
1.B.L	eo	Federacia lando (Germanio)
1.B.L	eo	Geografia koordinata sistemo
1.B.L	eo	Germanio
1.B.L	eo	Malnova poŝtkodo de antaŭ 1993 (Germanio)
1.B.L	eo	Marnivelo
1.B.L	eo	Oficiala kodo (Germanio)
1.B.L	eo	Partio
1.B.L	eo	Poŝtkodo
1.B.L	eo	Saksio-Meiningen
1.B.L	eo	Telefona antaŭkodo
1.B.L	eo	Turingio
1.B.L	eo	Urborajto
1.B.L	eo	Werra
1.B.L	eo	Vikipedio:Informkestoj
1.B.L	eo	Vikipedio:La perfekta ĝermo de artikolo
1.B.L	eo	Vikipedio:Trovi aŭ kreskigi ĝermojn
1.B.L	eo	Ŝablono:Informkesto germania komunumo
1.B.L	eo	Ŝablono:Situo sur mapo/korektado/DMS
1.B.L	eo	Ŝablono-Diskuto:Informkesto germania komunumo
1.B.L	en	Adelaide
1.B.L	en	Adelaide of Saxe-Meiningen
1.B.L	en	Adele Sandrock
1.B.L	en	Albert Bassermann
1.B.L	en	Altersbach
1.B.L	en	Area codes in Germany
1.B.L	en	Aschenhausen
1.B.L	en	Australia
1.B.L	en	Austria
1.B.L	en	Belrieth
1.B.L	en	Benshausen
1.B.L	en	Bermbach
1.B.L	en	Bernhard I, Duke of Saxe-Meiningen
1.B.L	en	Birx
1.B.L	en	Bjørn Bjørnson
1.B.L	en	Breitungen
1.B.L	en	Brotterode-Trusetal
1.B.L	en	Bundesautobahn 71
1.B.L	en	Burgomaster
1.B.L	en	Bussy-Saint-Georges
1.B.L	en	Central European Summer Time
1.B.L	en	Central European Time
1.B.L	en	Christes
1.B.L	en	Coventry
1.B.L	en	Dillstädt
1.B.L	en	Diocese of Würzburg
1.B.L	en	Districts of Germany
1.B.L	en	East Germany
1.B.L	en	Eberhard Esche
1.B.L	en	Einhausen, Thuringia
1.B.L	en	Elisabeth Grümmer
1.B.L	en	Ellen Franz
1.B.L	en	Ellingshausen
1.B.L	en	Elīna Garanča
1.B.L	en	Encyclopedia Americana
1.B.L	en	Erbenhausen
1.B.L	en	Ernestine duchies
1.B.L	en	Europe
1.B.L	en	Fambach
1.B.L	en	Floh-Seligenthal
1.B.L	en	France
1.B.L	en	Franconia
1.B.L	en	Frankenheim
1.B.L	en	Friedelshausen
1.B.L	en	Friedrich Mosengeil
1.B.L	en	Friedrich Schiller
1.B.L	en	Fritz Diez
1.B.L	en	Fulda
1.B.L	en	Geographic coordinate system
1.B.L	en	Georg II, Duke of Saxe-Meiningen
1.B.L	en	Germany
1.B.L	en	Grabfeld, Thuringia
1.B.L	en	Great Britain
1.B.L	en	Hans von Bülow
1.B.L	en	Henneberg, Thuringia
1.B.L	en	Henry II, Holy Roman Emperor
1.B.L	en	High-tech
1.B.L	en	House of Henneberg
1.B.L	en	Hümpfershausen
1.B.L	en	Ingrid van Bergen
1.B.L	en	Inner German border
1.B.L	en	Jean Paul
1.B.L	en	Johann Wolfgang von Goethe
1.B.L	en	Johannes Brahms
1.B.L	en	Josef Kainz
1.B.L	en	Kaltensundheim
1.B.L	en	Kaltenwestheim
1.B.L	en	Karl Korsch
1.B.L	en	Kühndorf
1.B.L	en	Landsberg Castle
1.B.L	en	Leutersdorf, Thuringia
1.B.L	en	List of postal codes in Germany
1.B.L	en	Ludwig Bechstein
1.B.L	en	Max Reger
1.B.L	en	Mehmels
1.B.L	en	Meiningen (Vorarlberg)
1.B.L	en	Meiningen Court Orchestra
1.B.L	en	Meiningen Court Theatre
1.B.L	en	Meiningen Steam Locomotive Works
1.B.L	en	Melpers
1.B.L	en	Metzels
1.B.L	en	Neu-Ulm
1.B.L	en	Neubrunn, Thuringia
1.B.L	en	Oberhof, Germany
1.B.L	en	Oberkatz
1.B.L	en	Obermaßfeld-Grimmenthal
1.B.L	en	Oberschönau
1.B.L	en	Obertshausen
1.B.L	en	Oberweid
1.B.L	en	Oepfershausen
1.B.L	en	Paul Oestreicher
1.B.L	en	Peretz Bernstein
1.B.L	en	Peter Borgelt
1.B.L	en	Rhönblick
1.B.L	en	Richard Strauss
1.B.L	en	Rippershausen
1.B.L	en	Ritschenhausen
1.B.L	en	Rohr, Thuringia
1.B.L	en	Rosa, Germany
1.B.L	en	Rotterode
1.B.L	en	Roßdorf, Thuringia
1.B.L	en	Saxe-Meiningen
1.B.L	en	Schloss Elisabethenburg
1.B.L	en	Schmalkalden
1.B.L	en	Schmalkalden-Meiningen
1.B.L	en	Schmalkalden-Meiningen (district)
1.B.L	en	Schwallungen
1.B.L	en	Schwarza, Thuringia
1.B.L	en	Springstille
1.B.L	en	States of Germany
1.B.L	en	Steinbach-Hallenberg
1.B.L	en	Stepfershausen
1.B.L	en	Sülzfeld
1.B.L	en	The English Garden
1.B.L	en	Thuringia
1.B.L	en	Thüringer Landesamt für Statistik
1.B.L	en	Time zone
1.B.L	en	Town twinning
1.B.L	en	USAF
1.B.L	en	UTC+1
1.B.L	en	UTC+2
1.B.L	en	Unterkatz
1.B.L	en	Untermaßfeld
1.B.L	en	Unterschönau
1.B.L	en	Unterweid
1.B.L	en	Utendorf
1.B.L	en	Vachdorf
1.B.L	en	Vehicle registration plates of Germany
1.B.L	en	Viernau
1.B.L	en	Wahns
1.B.L	en	Wallbach, Thuringia
1.B.L	en	Walldorf, Thuringia
1.B.L	en	Wasungen
1.B.L	en	Werra
1.B.L	en	Werra Railway
1.B.L	en	Wikisource
1.B.L	en	William IV of the United Kingdom
1.B.L	en	Wölfershausen
1.B.L	en	Zella-Mehlis
1.B.L	en	Template:Cities and towns in Schmalkalden-Meiningen (district)
1.B.L	en	Template:Imagemap Germany district png
1.B.L	en	Template talk:Cities and towns in Schmalkalden-Meiningen (district)
1.B.L	es	1230
1.B.L	es	1344
1.B.L	es	1680
1.B.L	es	1699
1.B.L	es	1914
1.B.L	es	1918
1.B.L	es	982
1.B.L	es	Alemania
1.B.L	es	Büchnersches Hinterhaus
1.B.L	es	Castle Landsberg
1.B.L	es	Cuentos de hadas
1.B.L	es	Dampflokwerk
1.B.L	es	Das Meininger Theater
1.B.L	es	Europa
1.B.L	es	Franconia
1.B.L	es	Goetz-Höhle
1.B.L	es	Hans Guido von Bülow
1.B.L	es	Johann Ludwig Bach
1.B.L	es	Johann Sebastian Bach
1.B.L	es	Jorge II de Sajonia-Meiningen
1.B.L	es	Ludwig Bechstein
1.B.L	es	Max Reger
1.B.L	es	Primera Guerra Mundial
1.B.L	es	Sajonia-Meiningen
1.B.L	es	Schloss Elisabethenburg
1.B.L	es	Schmalkalden-Meiningen
1.B.L	es	Teatro
1.B.L	es	Turingia
1.B.L	es	Werra
1.B.L	es	Wikimedia Commons
1.B.L	ca	1680
1.B.L	ca	1797
1.B.L	ca	1862
1.B.L	ca	1879
1.B.L	ca	1918
1.B.L	ca	1920
1.B.L	ca	1949
1.B.L	ca	1990
1.B.L	ca	Alemanya
1.B.L	ca	Altersbach
1.B.L	ca	Altitud
1.B.L	ca	Aschenhausen
1.B.L	ca	Bauerbach (Turíngia)
1.B.L	ca	Behrungen
1.B.L	ca	Belrieth
1.B.L	ca	Benshausen
1.B.L	ca	Berkach (Turíngia)
1.B.L	ca	Bermbach
1.B.L	ca	Bibra
1.B.L	ca	Birx
1.B.L	ca	Breitungen/Werra
1.B.L	ca	Brotterode
1.B.L	ca	Christes
1.B.L	ca	Codi postal
1.B.L	ca	Coordenades geogràfiques
1.B.L	ca	Densitat de població
1.B.L	ca	Dillstädt
1.B.L	ca	Districte alemany
1.B.L	ca	Einhausen (Turíngia)
1.B.L	ca	Ellingshausen
1.B.L	ca	Erbenhausen
1.B.L	ca	Escut de Meiningen
1.B.L	ca	Estat
1.B.L	ca	Estats alemanys
1.B.L	ca	Exdorf
1.B.L	ca	Fambach
1.B.L	ca	Floh-Seligenthal
1.B.L	ca	Frankenheim/Rhön
1.B.L	ca	Friedelshausen
1.B.L	ca	Friedrich Kummer
1.B.L	ca	Hans von Bülow
1.B.L	ca	Henneberg (Turíngia)
1.B.L	ca	Herpf
1.B.L	ca	Heßles
1.B.L	ca	Hümpfershausen
1.B.L	ca	Julius Röntgen
1.B.L	ca	Jüchsen
1.B.L	ca	Kaltensundheim
1.B.L	ca	Kaltenwestheim
1.B.L	ca	Kühndorf
1.B.L	ca	Leutersdorf (Thüringen)
1.B.L	ca	Llista de districtes rurals alemanys
1.B.L	ca	Matrícula
1.B.L	ca	Max Reger
1.B.L	ca	Mehmels
1.B.L	ca	Melpers
1.B.L	ca	Metzels
1.B.L	ca	Neubrunn (Turíngia)
1.B.L	ca	Nivell mitjà del mar
1.B.L	ca	Nordheim (Turíngia)
1.B.L	ca	Oberhof (Turíngia)
1.B.L	ca	Oberkatz
1.B.L	ca	Obermaßfeld-Grimmenthal
1.B.L	ca	Oberschönau
1.B.L	ca	Oberweid
1.B.L	ca	Oepfershausen
1.B.L	ca	Població
1.B.L	ca	Prefix de telèfon
1.B.L	ca	Queienfeld
1.B.L	ca	Rentwertshausen
1.B.L	ca	Rhönblick
1.B.L	ca	Richard Strauss
1.B.L	ca	Rippershausen
1.B.L	ca	Ritschenhausen
1.B.L	ca	Rohr (Turíngia)
1.B.L	ca	Rosa (Turíngia)
1.B.L	ca	Rotterode
1.B.L	ca	Roßdorf (Turíngia)
1.B.L	ca	Saxònia-Meiningen
1.B.L	ca	Schmalkalden
1.B.L	ca	Schmalkalden-Meiningen
1.B.L	ca	Schwallungen
1.B.L	ca	Schwarza (Turíngia)
1.B.L	ca	Schwickershausen
1.B.L	ca	Segle XX
1.B.L	ca	Springstille
1.B.L	ca	Steinbach-Hallenberg
1.B.L	ca	Stepfershausen
1.B.L	ca	Suhl
1.B.L	ca	Superfície
1.B.L	ca	Sülzfeld
1.B.L	ca	Trusetal
1.B.L	ca	Turíngia
1.B.L	ca	Unterkatz
1.B.L	ca	Untermaßfeld
1.B.L	ca	Unterschönau
1.B.L	ca	Unterweid
1.B.L	ca	Utendorf
1.B.L	ca	Vachdorf
1.B.L	ca	Viernau
1.B.L	ca	Wahns
1.B.L	ca	Wallbach (Turíngia)
1.B.L	ca	Walldorf (Werra)
1.B.L	ca	Wasungen
1.B.L	ca	Weimar
1.B.L	ca	Wernshausen
1.B.L	ca	Werra
1.B.L	ca	Wolfmannshausen
1.B.L	ca	Wölfershausen
1.B.L	ca	Zella-Mehlis
1.B.L	ca	Viquiprojecte:Coordenades geogràfiques
1.B.L	bg	1988
1.B.L	bg	2006
1.B.L	bg	2007
1.B.L	bg	2010
1.B.L	bg	2012
1.B.L	bg	982
1.B.L	bg	Hой Улм
1.B.L	bg	UTC+1
1.B.L	bg	UTC+2
1.B.L	bg	Австрия
1.B.L	bg	Бавария
1.B.L	bg	Бюcи Сен Жорж
1.B.L	bg	Вера
1.B.L	bg	Вюрцбург
1.B.L	bg	География
1.B.L	bg	Географски координати
1.B.L	bg	Германия
1.B.L	bg	Град
1.B.L	bg	Дева Мария
1.B.L	bg	Държава
1.B.L	bg	Ернестински херцогства
1.B.L	bg	Закс-Майнинген
1.B.L	bg	Квадратен километър
1.B.L	bg	Локомотив
1.B.L	bg	Лятно часово време
1.B.L	bg	Майнинген (Форарлберг)
1.B.L	bg	Немски език
1.B.L	bg	Обертcхаузен
1.B.L	bg	ПК Германия Тюрингия Ä§1Ъ
1.B.L	bg	Площ
1.B.L	bg	Провинция
1.B.L	bg	Райнхард Kyпитц
1.B.L	bg	Тюрингия
1.B.L	bg	Франция
1.B.L	bg	Хайнрих II (Свещена Римска империя)
1.B.L	bg	Хенеберг
1.B.L	bg	Херцогство
1.B.L	bg	Уикипедия:Мъниче
1.B.L	bg	Шаблон:ПК Германия
1.B.L	bg	Шаблон:ПК Германия Тюрингия
1.B.L	da	1792
1.B.L	da	1842
1.B.L	da	Adelaide af Saxe-Meiningen
1.B.L	da	Altersbach
1.B.L	da	Areal
1.B.L	da	Aschenhausen
1.B.L	da	Bauerbach (Thüringen)
1.B.L	da	Befolkningstæthed
1.B.L	da	Behrungen
1.B.L	da	Belrieth
1.B.L	da	Benshausen
1.B.L	da	Berkach
1.B.L	da	Bermbach
1.B.L	da	Bibra (bei Meiningen)
1.B.L	da	Birx
1.B.L	da	Borgmester
1.B.L	da	Breitungen
1.B.L	da	Brotterode
1.B.L	da	By
1.B.L	da	CEST
1.B.L	da	CET
1.B.L	da	Christes
1.B.L	da	Coat of arms of Meiningen
1.B.L	da	Delstat
1.B.L	da	Dillstädt
1.B.L	da	Einhausen (Thüringen)
1.B.L	da	Ellingshausen
1.B.L	da	Erbenhausen
1.B.L	da	Exdorf
1.B.L	da	Fabian Giesder
1.B.L	da	Fambach
1.B.L	da	Floh-Seligenthal
1.B.L	da	Franken
1.B.L	da	Frankenheim/Rhön
1.B.L	da	Friedelshausen
1.B.L	da	Fristat
1.B.L	da	Henneberg (Thüringen)
1.B.L	da	Herpf
1.B.L	da	Heßles
1.B.L	da	Hjemmeside
1.B.L	da	Hümpfershausen
1.B.L	da	Indbyggertal
1.B.L	da	Jüchsen
1.B.L	da	Kaltensundheim
1.B.L	da	Kaltenwestheim
1.B.L	da	Km²
1.B.L	da	Kreis Schmalkalden-Meiningen
1.B.L	da	Kühndorf
1.B.L	da	Land (stat)
1.B.L	da	Landkreis
1.B.L	da	Landkreis Schmalkalden-Meiningen
1.B.L	da	Leutersdorf (Thüringen)
1.B.L	da	Mehmels
1.B.L	da	Melpers
1.B.L	da	Meter over havets overflade
1.B.L	da	Metzels
1.B.L	da	Neubrunn (Thüringen)
1.B.L	da	Nordheim (Thüringen)
1.B.L	da	Oberhof
1.B.L	da	Oberkatz
1.B.L	da	Obermaßfeld-Grimmenthal
1.B.L	da	Oberschönau
1.B.L	da	Oberweid
1.B.L	da	Oepfershausen
1.B.L	da	Queienfeld
1.B.L	da	Rentwertshausen
1.B.L	da	Rhönblick
1.B.L	da	Rippershausen
1.B.L	da	Ritschenhausen
1.B.L	da	Rohr (Thüringen)
1.B.L	da	Rosa (Thüringen)
1.B.L	da	Rotterode
1.B.L	da	Roßdorf (Thüringen)
1.B.L	da	Schmalkalden
1.B.L	da	Schwallungen
1.B.L	da	Schwarza (Thüringer Wald)
1.B.L	da	Schwickershausen
1.B.L	da	Slot
1.B.L	da	Springstille
1.B.L	da	Steinbach-Hallenberg
1.B.L	da	Stepfershausen
1.B.L	da	Sülzfeld
1.B.L	da	Thüringen
1.B.L	da	Tidszone
1.B.L	da	Trusetal
1.B.L	da	Tyske telefonforvalg
1.B.L	da	Tyskland
1.B.L	da	Tysklands delstater
1.B.L	da	Tysklands nummerplader
1.B.L	da	Tysklands postnumre
1.B.L	da	UTC
1.B.L	da	Unterkatz
1.B.L	da	Untermaßfeld
1.B.L	da	Unterschönau
1.B.L	da	Unterweid
1.B.L	da	Utendorf
1.B.L	da	Vachdorf
1.B.L	da	Viernau
1.B.L	da	Wahns
1.B.L	da	Wallbach (Thüringen)
1.B.L	da	Walldorf (Werra)
1.B.L	da	Wasungen
1.B.L	da	Wernshausen
1.B.L	da	Wikimedia Commons
1.B.L	da	Wolfmannshausen
1.B.L	da	Wölfershausen
1.B.L	da	Würzburg
1.B.L	da	Zella-Mehlis
1.B.L	da	Wikipedia:Geografiske koordinater
1.B.L	cs	1792
1.B.L	cs	1842
1.B.L	cs	Adelheid Sasko-Meiningenská
1.B.L	cs	Anglický park
1.B.L	cs	Durynsko
1.B.L	cs	Ellingshausen
1.B.L	cs	Franky
1.B.L	cs	Hustota zalidnění
1.B.L	cs	Johannes Brahms
1.B.L	cs	Kilometr čtvereční
1.B.L	cs	Kühndorf
1.B.L	cs	Max Reger
1.B.L	cs	Meiningen (rozcestník)
1.B.L	cs	Město
1.B.L	cs	Nadmořská výška
1.B.L	cs	Německo
1.B.L	cs	Německé spolkové země
1.B.L	cs	Obermaßfeld-Grimmenthal
1.B.L	cs	Poštovní směrovací číslo
1.B.L	cs	Písek (město)
1.B.L	cs	Rhönblick
1.B.L	cs	Richard Strauss
1.B.L	cs	Rippershausen
1.B.L	cs	Rohr
1.B.L	cs	Rozloha
1.B.L	cs	Sasko-Meiningenské vévodství
1.B.L	cs	Seznam mezinárodních směrových čísel
1.B.L	cs	Starosta
1.B.L	cs	Stepfershausen
1.B.L	cs	Stát
1.B.L	cs	Sülzfeld
1.B.L	cs	Untermaßfeld
1.B.L	cs	Utendorf
1.B.L	cs	Walldorf
1.B.L	cs	Wikimedia Commons
1.B.L	cs	Würzburg
1.B.L	cs	Zemský okres
1.B.L	cs	Zemský okres Schmalkalden-Meiningen
1.B.L	cs	Zeměpisné souřadnice
1.B.L	cs	Šablona:LocMap Německo
1.B.L	ba	2010 йыл
1.B.L	ba	Commons
1.B.L	ba	UTC+1
1.B.L	ba	UTC+2
1.B.L	ba	Германия
1.B.L	ba	Германия ерҙәре
1.B.L	ba	Германия ерҙәре (Германия)
1.B.L	ba	Диңгеҙ кимәленән бейеклеге
1.B.L	ba	Ил
1.B.L	ba	Йәйге ваҡыт
1.B.L	ba	Квадрат километр
1.B.L	ba	Майҙан
1.B.L	ba	Метр
1.B.L	ba	Немец теле
1.B.L	ba	Район
1.B.L	ba	Район (Германия)
1.B.L	ba	Тамамланмаған мәҡәлә
1.B.L	ba	Тюрингия
1.B.L	ba	Халыҡ
1.B.L	ba	Шмалькальден-Майнинген (район)
1.B.L	ba	Үҙидара субъектының тиңләштереү коды
1.B.L	ba	Википедия:Ҡағиҙә һәм күрһәтмәләр
1.B.L	ba	Ҡалып:ПозКарта Германия Тюрингия
1.B.L	ba	Ҡалып:ПозКарта Германия Тюрингия Шмалькальден-Майнинген (район)
1.B.L	af	Beiere
1.B.L	af	County
1.B.L	af	Duitsland
1.B.L	af	Erfurt
1.B.L	af	Franke (streek)
1.B.L	af	Somertyd
1.B.L	af	Thüringen
1.B.L	af	UTC
1.B.L	af	Vierkante kilometer
1.B.L	af	Wikimedia Commons
1.B.L	af	Würzburg
1.B.L	af	Wikipedia:Saadjie
1.B.L	no	Areal
1.B.L	no	Befolkning
1.B.L	no	Bernhard I. (Sachsen-Meiningen)
1.B.L	no	Borgermester
1.B.L	no	Delstater i Tyskland
1.B.L	no	Distrikt (Tyskland)
1.B.L	no	Franken
1.B.L	no	Fritz Steinbach
1.B.L	no	Fulda (elv)
1.B.L	no	Georg Caspar Schürmann
1.B.L	no	Georg II. (Sachsen-Meiningen)
1.B.L	no	Hans von Bülow
1.B.L	no	Johann Ludwig Bach
1.B.L	no	Johannes Brahms
1.B.L	no	Klassisismen
1.B.L	no	Kvadratkilometer
1.B.L	no	Landkreis Schmalkalden-Meiningen
1.B.L	no	Max Reger
1.B.L	no	Nettside
1.B.L	no	Open Directory Project
1.B.L	no	Richard Mühlfeld
1.B.L	no	Richard Strauss
1.B.L	no	Thüringen
1.B.L	no	Tyskland
1.B.L	no	Werra
1.B.L	no	Weser
1.B.L	no	Wikimedia Commons
1.B.L	no	Wilhelm Berger
1.B.L	pl	2009
1.B.L	pl	ADVA Optical Networking
1.B.L	pl	Adelaide (Australia)
1.B.L	pl	Australia
1.B.L	pl	Austria
1.B.L	pl	Bawaria
1.B.L	pl	Benshausen
1.B.L	pl	Breitungen/Werra
1.B.L	pl	Brotterode-Trusetal
1.B.L	pl	Bussy-Saint-Georges
1.B.L	pl	Fambach (gmina)
1.B.L	pl	Floh-Seligenthal
1.B.L	pl	Francja
1.B.L	pl	Frankonia
1.B.L	pl	Grabfeld (gmina)
1.B.L	pl	Hans von Bülow
1.B.L	pl	Henneberg (Turyngia)
1.B.L	pl	Herb Meiningen
1.B.L	pl	Hesja
1.B.L	pl	Johannes Brahms
1.B.L	pl	Język niemiecki
1.B.L	pl	Kod pocztowy
1.B.L	pl	Kraje związkowe Niemiec
1.B.L	pl	Max Reger
1.B.L	pl	Meiningen (Austria)
1.B.L	pl	Meiningen (stacja kolejowa)
1.B.L	pl	Neu-Ulm
1.B.L	pl	Niemcy
1.B.L	pl	Numer kierunkowy
1.B.L	pl	Oberhof
1.B.L	pl	Obertshausen
1.B.L	pl	Państwo
1.B.L	pl	Powiat
1.B.L	pl	Powiat Schmalkalden-Meiningen
1.B.L	pl	Rhönblick
1.B.L	pl	Richard Strauss
1.B.L	pl	Rippershausen
1.B.L	pl	Rosa (Niemcy)
1.B.L	pl	Roßdorf (Turyngia)
1.B.L	pl	Schmalkalden
1.B.L	pl	Steinbach-Hallenberg
1.B.L	pl	Stepfershausen
1.B.L	pl	Sülzfeld
1.B.L	pl	Tablica rejestracyjna
1.B.L	pl	Turyngia
1.B.L	pl	Untermaßfeld
1.B.L	pl	Wasungen
1.B.L	pl	Werra
1.B.L	pl	Wspólnota administracyjna Dolmar-Salzbrücke
1.B.L	pl	Wspólnota administracyjna Haselgrund
1.B.L	pl	Wspólnota administracyjna Hohe Rhön
1.B.L	pl	Wspólnota administracyjna Wasungen-Amt Sand
1.B.L	pl	Zella-Mehlis
1.B.L	pl	Ziemia
1.B.L	pl	Wikipedia:Strona ujednoznaczniająca
1.B.L	pl	Wikipedia:Weryfikowalność
1.B.L	pl	Szablon:Infobox jednostki administracyjne/państwo DEU
1.B.L	pl	Szablon:Mapa dane DE-TH
1.B.L	pl	Szablon:Powiat Schmalkalden-Meiningen
1.B.L	pl	Dyskusja szablonu:Powiat Schmalkalden-Meiningen
1.B.L	mk	UTC+1
1.B.L	mk	UTC+2
1.B.L	mk	Јозеф Кајнц
1.B.L	mk	Јохан Волфганг фон Гете
1.B.L	mk	Јоханес Брамс
1.B.L	mk	Австралија
1.B.L	mk	Австрија
1.B.L	mk	Аделе Сандрок
1.B.L	mk	Аделејд
1.B.L	mk	Алберт Басерман
1.B.L	mk	Алтерсбах
1.B.L	mk	Англиска градина
1.B.L	mk	Ашенхаузен
1.B.L	mk	Ајнхаузен (Тирингија)
1.B.L	mk	Белрит
1.B.L	mk	Бенсхаузен
1.B.L	mk	Бермбах
1.B.L	mk	Биркс
1.B.L	mk	Биси Сен Жорж
1.B.L	mk	Бискупија Вирцбург
1.B.L	mk	Брајтунген
1.B.L	mk	Бротероде-Трузетал
1.B.L	mk	Бјерн Бјернсон
1.B.L	mk	Вазунген
1.B.L	mk	Валбах (Тирингија)
1.B.L	mk	Валдорф (Тирингија)
1.B.L	mk	Ванс
1.B.L	mk	Велика Британија
1.B.L	mk	Велферсхаузен
1.B.L	mk	Вера (река)
1.B.L	mk	Вилијам IV од Обединетото Кралство
1.B.L	mk	Висока технологија
1.B.L	mk	Втора светска војна
1.B.L	mk	Географски координатен систем
1.B.L	mk	Георг Втори
1.B.L	mk	Германија
1.B.L	mk	Германски јазик
1.B.L	mk	Грабфелд
1.B.L	mk	Градоначалник
1.B.L	mk	Густина на населеност
1.B.L	mk	Дилштет
1.B.L	mk	Еберхард Еше
1.B.L	mk	Елен Франц
1.B.L	mk	Елизабет Гример
1.B.L	mk	Елина Гаранча
1.B.L	mk	Елингсхаузен
1.B.L	mk	Епферсхаузен
1.B.L	mk	Ербенхаузен
1.B.L	mk	Жан Пол
1.B.L	mk	Збратимени градови
1.B.L	mk	Зилцфелд
1.B.L	mk	Ингрид ван Берген
1.B.L	mk	Калтенвестхајм
1.B.L	mk	Калтензундхајм
1.B.L	mk	Карл Корш
1.B.L	mk	Квадратен километар
1.B.L	mk	Киндорф
1.B.L	mk	Кристес
1.B.L	mk	Лојтерсдорф (Тирингија)
1.B.L	mk	Лудвиг Бехштајн
1.B.L	mk	Макс Регер
1.B.L	mk	Мајнинген (Австрија)
1.B.L	mk	Мелперс
1.B.L	mk	Мемелс
1.B.L	mk	Мецелс
1.B.L	mk	Мрежно место
1.B.L	mk	Надморска височина
1.B.L	mk	Население
1.B.L	mk	Ној-Улм
1.B.L	mk	Нојбрун (Тирингија)
1.B.L	mk	Обервајд
1.B.L	mk	Оберкац
1.B.L	mk	Обермасфелд-Гриментал
1.B.L	mk	Обертсхаузен
1.B.L	mk	Оберхоф
1.B.L	mk	Обершенау
1.B.L	mk	Окрузи во Германија
1.B.L	mk	Паул Ештрајхер
1.B.L	mk	Перец Бернштејн
1.B.L	mk	Петер Боргелт
1.B.L	mk	Повикувачки број
1.B.L	mk	Површина
1.B.L	mk	Покраини во Германија
1.B.L	mk	Поштенски број
1.B.L	mk	Прва светска војна
1.B.L	mk	Регистарски таблички
1.B.L	mk	Ренблик
1.B.L	mk	Риперсхаузен
1.B.L	mk	Рихард Штраус
1.B.L	mk	Риченхаузен
1.B.L	mk	Роза (Тирингија)
1.B.L	mk	Рор (Тирингија)
1.B.L	mk	Росдорф (Тирингија)
1.B.L	mk	Ротероде
1.B.L	mk	Саксо-Мајнинген
1.B.L	mk	Список на земји
1.B.L	mk	Средноевропско време
1.B.L	mk	Средноевропско летно време
1.B.L	mk	Статистичка служба на Тирингија
1.B.L	mk	Тирингија
1.B.L	mk	Унтервајд
1.B.L	mk	Унтеркац
1.B.L	mk	Унтермасфелд
1.B.L	mk	Унтершенау
1.B.L	mk	Утендорф
1.B.L	mk	Фамбах
1.B.L	mk	Фахверк
1.B.L	mk	Фахдорф
1.B.L	mk	Фирнау
1.B.L	mk	Фло-Зелигентал
1.B.L	mk	Франкенхајм
1.B.L	mk	Франконија
1.B.L	mk	Франција
1.B.L	mk	Фриделсхаузен
1.B.L	mk	Фридрих Мозенгајл
1.B.L	mk	Фридрих Шилер
1.B.L	mk	Фриц Диц
1.B.L	mk	Фулда
1.B.L	mk	Ханс фон Билов
1.B.L	mk	Хенеберг (Тирингија)
1.B.L	mk	Химпферсхаузен
1.B.L	mk	Цела-Мелис
1.B.L	mk	Часовен појас
1.B.L	mk	Швалунген
1.B.L	mk	Шварца (Тирингија)
1.B.L	mk	Шмалкалден
1.B.L	mk	Шмалкалден-Мајнинген
1.B.L	mk	Шмалкалден-Мајнинген (округ)
1.B.L	mk	Шпрингштиле
1.B.L	mk	Штајнбах-Халенберг
1.B.L	mk	Штепферсхаузен
1.B.L	mk	Шаблон:Градови во Шмалкалден-Мајнинген (округ)
1.B.L	mk	Разговор за шаблон:Градови во Шмалкалден-Мајнинген (округ)
1.B.L	ms	Bendera Meiningen
1.B.L	ms	Flag of Meiningen
1.B.L	ms	Greenwich Mean Time
1.B.L	ms	Jerman
1.B.L	ms	Mohor bagi Meiningen
1.B.L	ms	Schmalkalden-Meiningen
1.B.L	ms	Thuringia
1.B.L	ms	UTC
1.B.L	ms	Waktu musim panas
1.B.L	ms	Zon waktu
1.B.L	nl	Altersbach
1.B.L	nl	Aschenhausen
1.B.L	nl	Belrieth
1.B.L	nl	Benshausen
1.B.L	nl	Bermbach
1.B.L	nl	Bevolking
1.B.L	nl	Birx
1.B.L	nl	Breitungen (Werra)
1.B.L	nl	Brotterode-Trusetal
1.B.L	nl	Bundesautobahn 71
1.B.L	nl	Bundesstraße 19
1.B.L	nl	Burgemeester
1.B.L	nl	Bussy-Saint-Georges
1.B.L	nl	Christes
1.B.L	nl	Classicisme
1.B.L	nl	Deelstaten van Duitsland
1.B.L	nl	Dillstädt
1.B.L	nl	Duits kenteken
1.B.L	nl	Duitse gemeente
1.B.L	nl	Duitsland
1.B.L	nl	Einhausen (Thüringen)
1.B.L	nl	Eisenach
1.B.L	nl	Ellingshausen
1.B.L	nl	Erbenhausen
1.B.L	nl	Erfurt
1.B.L	nl	Fambach
1.B.L	nl	Floh-Seligenthal
1.B.L	nl	Franken (gebied)
1.B.L	nl	Frankenheim/Rhön
1.B.L	nl	Frankfurt am Main
1.B.L	nl	Friedelshausen
1.B.L	nl	Gemeentenummer
1.B.L	nl	Geografische coördinaten
1.B.L	nl	George II van Saksen-Meiningen
1.B.L	nl	Grabfeld (gemeente)
1.B.L	nl	Hans von Bülow (1830-1894)
1.B.L	nl	Henneberg (Thüringen)
1.B.L	nl	Henneberger Land
1.B.L	nl	Hightech (industrie)
1.B.L	nl	Hoogte
1.B.L	nl	Hümpfershausen
1.B.L	nl	Kaltensundheim
1.B.L	nl	Kaltenwestheim
1.B.L	nl	Kreisstadt
1.B.L	nl	Kühndorf
1.B.L	nl	Landkreis
1.B.L	nl	Landkreis Schmalkalden-Meiningen
1.B.L	nl	Leutersdorf (Thüringen)
1.B.L	nl	Max Reger
1.B.L	nl	Mehmels
1.B.L	nl	Meiningen (Vorarlberg)
1.B.L	nl	Meininger Hofkapelle
1.B.L	nl	Meininger Theater
1.B.L	nl	Melpers
1.B.L	nl	Metzels
1.B.L	nl	Middeleeuwen
1.B.L	nl	Netnummer
1.B.L	nl	Neu-Ulm (stad)
1.B.L	nl	Neubrunn (Thüringen)
1.B.L	nl	Oberhof (Duitsland)
1.B.L	nl	Oberkatz
1.B.L	nl	Obermaßfeld-Grimmenthal
1.B.L	nl	Oberschönau
1.B.L	nl	Obertshausen
1.B.L	nl	Oberweid
1.B.L	nl	Oepfershausen
1.B.L	nl	Oppervlakte
1.B.L	nl	Ortsteil
1.B.L	nl	Postcodes in Duitsland
1.B.L	nl	Residentie
1.B.L	nl	Rhönblick
1.B.L	nl	Rippershausen
1.B.L	nl	Ritschenhausen
1.B.L	nl	Rohr (Thüringen)
1.B.L	nl	Rosa (Thüringen)
1.B.L	nl	Rotterode
1.B.L	nl	Roßdorf (Thüringen)
1.B.L	nl	Saksen-Meiningen
1.B.L	nl	Schmalkalden
1.B.L	nl	Schwallungen
1.B.L	nl	Schwarza (Thüringer Wald)
1.B.L	nl	Schweinfurt (stad)
1.B.L	nl	Sonneberg (stad)
1.B.L	nl	Sozialdemokratische Partei Deutschlands
1.B.L	nl	Springstille
1.B.L	nl	Steinbach-Hallenberg
1.B.L	nl	Stepfershausen
1.B.L	nl	Sülzfeld
1.B.L	nl	Thüringen (deelstaat)
1.B.L	nl	Unterkatz
1.B.L	nl	Untermaßfeld
1.B.L	nl	Unterschönau
1.B.L	nl	Unterweid
1.B.L	nl	Utendorf
1.B.L	nl	Vachdorf
1.B.L	nl	Vakwerk (wandconstructie)
1.B.L	nl	Viernau
1.B.L	nl	Wahns
1.B.L	nl	Wallbach (Thüringen)
1.B.L	nl	Walldorf (Werra)
1.B.L	nl	Wasungen
1.B.L	nl	Website
1.B.L	nl	Werra
1.B.L	nl	Wikimedia Commons
1.B.L	nl	Wölfershausen
1.B.L	nl	Zella-Mehlis
1.B.L	nl	Wikipedia:Beginnetje
1.B.L	nl	Portaal:Duitsland
1.B.L	nl	Portaal:Landen & volken
1.B.L	kk	2010 жыл
1.B.L	kk	UTC+1
1.B.L	kk	UTC+2
1.B.L	kk	Автомобиль нөмірлері
1.B.L	kk	Айнхаузен (Тюрингия)
1.B.L	kk	Айхсфельд (аудан)
1.B.L	kk	Альтенбург (аудан)
1.B.L	kk	Альтерсбах
1.B.L	kk	Ашенхаузен
1.B.L	kk	Бауербах (Тюрингия)
1.B.L	kk	Бельрит
1.B.L	kk	Берках (Тюрингия)
1.B.L	kk	Бермбах
1.B.L	kk	Берунген
1.B.L	kk	Бибра (Майнинген)
1.B.L	kk	Биркс
1.B.L	kk	Брайтунген (Верра)
1.B.L	kk	Броттероде
1.B.L	kk	Вазунген
1.B.L	kk	Ваймарер-Ланд (аудан)
1.B.L	kk	Вальбах (Тюрингия)
1.B.L	kk	Вальдорф (Верра)
1.B.L	kk	Ванс (Германия)
1.B.L	kk	Вартбург (аудан)
1.B.L	kk	Вернсхаузен
1.B.L	kk	Вольфмансхаузен
1.B.L	kk	Вёльферсхаузен
1.B.L	kk	Географиялық координаттар
1.B.L	kk	Германия
1.B.L	kk	Германия ауданы
1.B.L	kk	Германия жерлері
1.B.L	kk	Гота (аудан)
1.B.L	kk	Грайц (аудан)
1.B.L	kk	Дильштедт
1.B.L	kk	Ел
1.B.L	kk	Жазғы уақыт
1.B.L	kk	Заале-Орла (аудан)
1.B.L	kk	Заале-Хольцланд (аудан)
1.B.L	kk	Заальфельд-Рудольштадт (аудан)
1.B.L	kk	Зоннеберг (аудан)
1.B.L	kk	Зюльцфельд
1.B.L	kk	Зёммерда (аудан)
1.B.L	kk	Ильм (аудан)
1.B.L	kk	Кальтенвештайм
1.B.L	kk	Кальтензундхайм
1.B.L	kk	Квайенфельд
1.B.L	kk	Кифхойзер (аудан)
1.B.L	kk	Кюндорф
1.B.L	kk	Лойтерсдорф (Тюрингия)
1.B.L	kk	Мельперс
1.B.L	kk	Мемельс
1.B.L	kk	Метр
1.B.L	kk	Метцельс
1.B.L	kk	Неміс тілі
1.B.L	kk	Нойбрунн (Тюрингия)
1.B.L	kk	Нордхайм (Тюрингия)
1.B.L	kk	Нордхаузен (аудан)
1.B.L	kk	Обервайд
1.B.L	kk	Оберкац
1.B.L	kk	Обермасфельд-Гримменталь
1.B.L	kk	Оберхоф
1.B.L	kk	Обершёнау
1.B.L	kk	Ортаққор
1.B.L	kk	Пошта индексі
1.B.L	kk	Рентвертсхаузен
1.B.L	kk	Рипперсхаузен
1.B.L	kk	Риченхаузен
1.B.L	kk	Роза (Тюрингия)
1.B.L	kk	Рор (Тюрингия)
1.B.L	kk	Росдорф (Тюрингия)
1.B.L	kk	Роттероде
1.B.L	kk	Рёнблик
1.B.L	kk	Телефон нөмірлері
1.B.L	kk	Теңiз деңгейiнен биіктігі
1.B.L	kk	Трузеталь
1.B.L	kk	Тюрингия
1.B.L	kk	Уақыт белдеуі
1.B.L	kk	Унструт-Хайних (аудан)
1.B.L	kk	Унтервайд
1.B.L	kk	Унтеркац
1.B.L	kk	Унтермасфельд
1.B.L	kk	Унтершёнау
1.B.L	kk	Утендорф
1.B.L	kk	Фамбах
1.B.L	kk	Фахдорф
1.B.L	kk	Фирнау
1.B.L	kk	Флох-Зелигенталь
1.B.L	kk	Франкенхайм-на-Рёне
1.B.L	kk	Фридельсхаузен
1.B.L	kk	Хеннеберг (Тюрингия)
1.B.L	kk	Херпф
1.B.L	kk	Хильдбургхаузен (аудан)
1.B.L	kk	Христес
1.B.L	kk	Хюмпферсхаузен
1.B.L	kk	Целла-Мелис
1.B.L	kk	Шаршы километр
1.B.L	kk	Шваллунген
1.B.L	kk	Шварца (Тюрингер-Вальд)
1.B.L	kk	Швикерсхаузен
1.B.L	kk	Шмалькальден
1.B.L	kk	Шмалькальден-Майнинген (аудан)
1.B.L	kk	Шпрингштилле
1.B.L	kk	Штайнбах-Халленберг
1.B.L	kk	Штепферсхаузен
1.B.L	kk	Эксдорф
1.B.L	kk	Эллингсхаузен
1.B.L	kk	Эпферсхаузен
1.B.L	kk	Эрбенхаузен
1.B.L	kk	Юхзен
1.B.L	kk	Қала
1.B.L	kk	Өзін-өзі басқару субъектісінің идентификациялық коды
1.B.L	kk	Уикипедия:Бастама
1.B.L	kk	Үлгі:ПозКарта Германия
1.B.L	kk	Үлгі:ПозКарта Германия Тюрингия
1.B.L	kk	Үлгі:ПозКарта Германия Тюрингия Шмалькальден-Майнинген
1.B.L	kk	Үлгі:Түс/Германия
1.B.L	la	Altitudo
1.B.L	la	Area
1.B.L	la	Bavaria
1.B.L	la	Bussy-Saint-Georges
1.B.L	la	Chiliometrum quadratum
1.B.L	la	Coniunctio communium
1.B.L	la	Coordinata geographica
1.B.L	la	Dresda
1.B.L	la	Fabian Giesder
1.B.L	la	Francia
1.B.L	la	Geographia
1.B.L	la	Hassia
1.B.L	la	Inscriptio cursualis
1.B.L	la	Insigne
1.B.L	la	Latine
1.B.L	la	Lingua Theodisca
1.B.L	la	Magister civium
1.B.L	la	Mare
1.B.L	la	NUTS
1.B.L	la	Nomen
1.B.L	la	Nota autocineti
1.B.L	la	Nota magistratus communalis
1.B.L	la	Nova Ulma (Bavaria)
1.B.L	la	Numerus cursualis
1.B.L	la	Numerus incolarum
1.B.L	la	Obertshausen
1.B.L	la	Orbis Latinus
1.B.L	la	Pagorum Germanorum index notarum autocinetorum
1.B.L	la	Pagus Germaniae
1.B.L	la	Politia
1.B.L	la	Praefixum telephonicum
1.B.L	la	Regio
1.B.L	la	SPD
1.B.L	la	Spissitudo incolarum
1.B.L	la	Statio ferriviaria
1.B.L	la	Terra Foederalis Germaniae
1.B.L	la	Thuringia
1.B.L	la	UN/LOCODE
1.B.L	la	Weraha
1.B.L	hu	Adelaide
1.B.L	hu	Adél szász–meiningeni hercegnő
1.B.L	hu	Ausztria
1.B.L	hu	Bajorország
1.B.L	hu	Budapest
1.B.L	hu	Bussy-Saint-George
1.B.L	hu	Egyezményes koordinált világidő
1.B.L	hu	Forgalmi rendszám
1.B.L	hu	Franciaország
1.B.L	hu	Friedrich Schiller
1.B.L	hu	Földrajzi koordináta-rendszer
1.B.L	hu	Hans von Bülow
1.B.L	hu	Hessen
1.B.L	hu	II. György szász-meiningeni-herceg
1.B.L	hu	IV. Vilmos brit király
1.B.L	hu	Időzóna
1.B.L	hu	Jean Paul Richter
1.B.L	hu	Johann Wolfgang von Goethe
1.B.L	hu	Johannes Brahms
1.B.L	hu	Josef Gottfried Ignaz Kainz
1.B.L	hu	Közép-európai idő
1.B.L	hu	Középkor
1.B.L	hu	Liszt Ferenc
1.B.L	hu	Ludwig Bechstein
1.B.L	hu	Max Reger
1.B.L	hu	Meiningen (Vorarlberg)
1.B.L	hu	Meiningen címere
1.B.L	hu	Neu-Ulm
1.B.L	hu	Németország
1.B.L	hu	Németország kormányzati kerületei
1.B.L	hu	Németország tartományai
1.B.L	hu	Németországi irányítószámok rendszere
1.B.L	hu	Népsűrűség
1.B.L	hu	Obertshausen
1.B.L	hu	Richard Strauss
1.B.L	hu	Richard Wagner
1.B.L	hu	Türingia
1.B.L	hu	Werra
1.B.L	hu	Wikimédia Commons
1.B.L	hu	Würzburg
1.B.L	hu	Sablon:Népesség/Meiningen
1.B.L	hu	Sablon:Pozíciós térkép Németország
1.B.L	hu	Portál:Németország
1.B.L	hu	Portál:Németország/ikon
1.B.L	war	Alemanya
1.B.L	war	Altersbach
1.B.L	war	Aschenhausen
1.B.L	war	Bauerbach
1.B.L	war	Belrieth
1.B.L	war	Benshausen
1.B.L	war	Bermbach
1.B.L	war	Birx
1.B.L	war	Breitungen
1.B.L	war	Brotterode
1.B.L	war	Christes
1.B.L	war	Dillstädt
1.B.L	war	Einhausen, Thuringia
1.B.L	war	Ellingshausen
1.B.L	war	Erbenhausen
1.B.L	war	Fambach
1.B.L	war	Floh-Seligenthal
1.B.L	war	Frankenheim
1.B.L	war	Friedelshausen
1.B.L	war	Grabfeld, Thuringia
1.B.L	war	Henneberg, Thuringia
1.B.L	war	Herpf
1.B.L	war	Hümpfershausen
1.B.L	war	Kaltensundheim
1.B.L	war	Kaltenwestheim
1.B.L	war	Kühndorf
1.B.L	war	Leutersdorf, Thuringia
1.B.L	war	Mehmels
1.B.L	war	Melpers
1.B.L	war	Metzels
1.B.L	war	Neubrunn, Thuringia
1.B.L	war	Oberhof, Germany
1.B.L	war	Oberkatz
1.B.L	war	Obermaßfeld-Grimmenthal
1.B.L	war	Oberschönau
1.B.L	war	Oberweid
1.B.L	war	Oepfershausen
1.B.L	war	Rhönblick
1.B.L	war	Rippershausen
1.B.L	war	Ritschenhausen
1.B.L	war	Rohr, Thuringia
1.B.L	war	Rosa, Germany
1.B.L	war	Rotterode
1.B.L	war	Roßdorf, Thuringia
1.B.L	war	Schmalkalden
1.B.L	war	Schmalkalden-Meiningen
1.B.L	war	Schwallungen
1.B.L	war	Schwarza, Thuringia
1.B.L	war	Springstille
1.B.L	war	Steinbach-Hallenberg
1.B.L	war	Stepfershausen
1.B.L	war	Sülzfeld
1.B.L	war	Thuringia
1.B.L	war	Trusetal
1.B.L	war	Unterkatz
1.B.L	war	Untermaßfeld
1.B.L	war	Unterschönau
1.B.L	war	Unterweid
1.B.L	war	Utendorf
1.B.L	war	Vachdorf
1.B.L	war	Viernau
1.B.L	war	Wahns
1.B.L	war	Wallbach, Thuringia
1.B.L	war	Walldorf, Thuringia
1.B.L	war	Wasungen
1.B.L	war	Wölfershausen
1.B.L	war	Zella-Mehlis
1.B.L	war	Wikipedia:Paagi pagliwat o pag-edit hin pakli
1.B.L	war	Wikipedia:Turók
1.B.L	war	Batakan:Mga syudad ngan mga bungto ha Schmalkalden-Meiningen (distrito)
1.B.L	war	Hiruhimangraw hiton batakan:Mga syudad ngan mga bungto ha Schmalkalden-Meiningen (distrito)
1.B.L	it	1988
1.B.L	it	2006
1.B.L	it	2007
1.B.L	it	2012
1.B.L	it	Adelaide di Sassonia-Meiningen
1.B.L	it	Altersbach
1.B.L	it	Altitudine
1.B.L	it	Andreas Ornithoparchus
1.B.L	it	Area
1.B.L	it	Aschenhausen
1.B.L	it	Bauerbach
1.B.L	it	Belrieth
1.B.L	it	Benshausen
1.B.L	it	Bermbach
1.B.L	it	Birx
1.B.L	it	Breitungen/Werra
1.B.L	it	Brotterode-Trusetal
1.B.L	it	Bussy-Saint-Georges
1.B.L	it	Capoluogo
1.B.L	it	Chilometro quadro
1.B.L	it	Christes
1.B.L	it	Circondario rurale (Germania)
1.B.L	it	Città
1.B.L	it	Codice postale
1.B.L	it	Comune amministratore
1.B.L	it	Coordinate geografiche
1.B.L	it	Densità di popolazione
1.B.L	it	Dillstädt
1.B.L	it	Distretto governativo
1.B.L	it	Dreißigacker
1.B.L	it	Einhausen (Turingia)
1.B.L	it	Ellingshausen
1.B.L	it	Erbenhausen
1.B.L	it	Fambach
1.B.L	it	Floh-Seligenthal
1.B.L	it	Frankenheim/Rhön
1.B.L	it	Friedelshausen
1.B.L	it	Fuso orario
1.B.L	it	Germania
1.B.L	it	Giorgio II di Sassonia-Meiningen
1.B.L	it	Grabfeld
1.B.L	it	Henneberg
1.B.L	it	Herpf
1.B.L	it	Hümpfershausen
1.B.L	it	Kaltensundheim
1.B.L	it	Kaltenwestheim
1.B.L	it	Kühndorf
1.B.L	it	Leutersdorf (Turingia)
1.B.L	it	Mehmels
1.B.L	it	Meiningen (Vorarlberg)
1.B.L	it	Melpers
1.B.L	it	Metri sul livello del mare
1.B.L	it	Metzels
1.B.L	it	Neubrunn (Turingia)
1.B.L	it	Nuova Ulma
1.B.L	it	Oberhof (Germania)
1.B.L	it	Oberkatz
1.B.L	it	Obermaßfeld-Grimmenthal
1.B.L	it	Oberschönau
1.B.L	it	Obertshausen
1.B.L	it	Oberweid
1.B.L	it	Oepfershausen
1.B.L	it	Popolazione
1.B.L	it	Prefisso telefonico
1.B.L	it	Rhönblick
1.B.L	it	Rippershausen
1.B.L	it	Ritschenhausen
1.B.L	it	Rohr (Turingia)
1.B.L	it	Rosa (Germania)
1.B.L	it	Rotterode
1.B.L	it	Roßdorf (Germania)
1.B.L	it	Sassonia-Meiningen
1.B.L	it	Schwallungen
1.B.L	it	Schwarza
1.B.L	it	Smalcalda
1.B.L	it	Smalcalda-Meiningen
1.B.L	it	Springstille
1.B.L	it	Stati federati della Germania
1.B.L	it	Statistisches Bundesamt
1.B.L	it	Stato
1.B.L	it	Steinbach-Hallenberg
1.B.L	it	Stepfershausen
1.B.L	it	Sülzfeld
1.B.L	it	Targa automobilistica
1.B.L	it	Targhe automobilistiche tedesche
1.B.L	it	Turingia
1.B.L	it	UTC+1
1.B.L	it	Unterkatz
1.B.L	it	Untermaßfeld
1.B.L	it	Unterschönau
1.B.L	it	Unterweid
1.B.L	it	Utendorf
1.B.L	it	Vachdorf
1.B.L	it	Viernau
1.B.L	it	Wahns
1.B.L	it	Wallbach (Germania)
1.B.L	it	Walldorf (Turingia)
1.B.L	it	Wasungen
1.B.L	it	Wölfershausen
1.B.L	it	Zella-Mehlis
1.B.L	it	File:Stub .png
1.B.L	it	File:Stub Turingia.png
1.B.L	it	Template:DEU
1.B.L	it	Template:DivAmm/DEU
1.B.L	it	Template:Divisione amministrativa/Stemmi/DEU
1.B.L	it	Template:Divisione amministrativa/Voci/DEU
1.B.L	it	Template:Mappa di localizzazione/DEU
1.B.L	it	Template:Smalcalda-Meiningen
1.B.L	it	Discussioni template:Smalcalda-Meiningen
1.B.L	it	Aiuto:Abbozzo
1.B.L	it	Aiuto:Manuale di stile
1.B.L	it	Categoria:Stub - Turingia
1.B.L	it	Categoria:Stub - turingia
1.B.L	it	Progetto:Turingia
1.B.L	ja	アデレード・オブ・サクス＝マイニンゲン
1.B.L	ja	ウィリアム4世 (イギリス王)
1.B.L	ja	エリザベーテンブルク城
1.B.L	ja	ゲオルク2世 (ザクセン＝マイニンゲン公)
1.B.L	ja	サークルシュマルカルデン·マイニンゲン
1.B.L	ja	ザクセン＝マイニンゲン公国
1.B.L	ja	シュマルカルデン＝マイニンゲン
1.B.L	ja	テューリンゲン州
1.B.L	ja	ドイツ
1.B.L	ja	ドイツ語
1.B.L	ja	フランケン地方
1.B.L	ja	マイニンゲン宮廷劇場
1.B.L	ja	メートル
1.B.L	ja	市外局番
1.B.L	ja	平方キロメートル
1.B.L	ja	測地系
1.B.L	ja	連邦州
1.B.L	ja	郵便番号
1.B.L	ja	Wikipedia:スタブ
1.B.L	ja	Category:ドイツ関連のスタブ項目
1.B.L	ja	Portal:ドイツ
1.B.L	ja	プロジェクト:ドイツ
1.B.L	vi	Altersbach
1.B.L	vi	Aschenhausen
1.B.L	vi	Bang của Đức
1.B.L	vi	Bauerbach
1.B.L	vi	Belrieth
1.B.L	vi	Benshausen
1.B.L	vi	Bermbach
1.B.L	vi	Birx
1.B.L	vi	Biển số xe Đức
1.B.L	vi	Breitungen
1.B.L	vi	Brotterode
1.B.L	vi	Burgomaster
1.B.L	vi	Cao độ
1.B.L	vi	Christes
1.B.L	vi	Các quốc gia trên thế giới
1.B.L	vi	Danh sách mã bưu chính ở Đức
1.B.L	vi	Dillstädt
1.B.L	vi	Diện tích
1.B.L	vi	Dân số
1.B.L	vi	Einhausen, Schmalkalden-Meiningen
1.B.L	vi	Ellingshausen
1.B.L	vi	Erbenhausen
1.B.L	vi	Fambach
1.B.L	vi	Floh-Seligenthal
1.B.L	vi	Franken
1.B.L	vi	Frankenheim
1.B.L	vi	Friedelshausen
1.B.L	vi	Giờ Trung Âu
1.B.L	vi	Giờ mùa Hè Trung Âu
1.B.L	vi	Grabfeld, Schmalkalden-Meiningen
1.B.L	vi	Henneberg, Schmalkalden-Meiningen
1.B.L	vi	Huy hiệu của Meiningen
1.B.L	vi	Huyện của Đức
1.B.L	vi	Hümpfershausen
1.B.L	vi	Hệ tọa độ địa lý
1.B.L	vi	Kaltensundheim
1.B.L	vi	Kaltenwestheim
1.B.L	vi	Kühndorf
1.B.L	vi	Leutersdorf, Schmalkalden-Meiningen
1.B.L	vi	Mehmels
1.B.L	vi	Melpers
1.B.L	vi	Metzels
1.B.L	vi	Mã vùng ở Đức
1.B.L	vi	Múi giờ
1.B.L	vi	Mật độ dân số
1.B.L	vi	Neubrunn, Schmalkalden-Meiningen
1.B.L	vi	Oberhof, Germany
1.B.L	vi	Oberkatz
1.B.L	vi	Obermaßfeld-Grimmenthal
1.B.L	vi	Oberschönau
1.B.L	vi	Oberweid
1.B.L	vi	Oepfershausen
1.B.L	vi	Quận
1.B.L	vi	Rhönblick
1.B.L	vi	Rippershausen
1.B.L	vi	Ritschenhausen
1.B.L	vi	Rohr, Schmalkalden-Meiningen
1.B.L	vi	Rosa, Germany
1.B.L	vi	Rotterode
1.B.L	vi	Roßdorf, Schmalkalden-Meiningen
1.B.L	vi	Schmalkalden
1.B.L	vi	Schmalkalden-Meiningen
1.B.L	vi	Schmalkalden-Meiningen (quận)
1.B.L	vi	Schwallungen
1.B.L	vi	Schwarza, Schmalkalden-Meiningen
1.B.L	vi	Springstille
1.B.L	vi	Steinbach-Hallenberg
1.B.L	vi	Stepfershausen
1.B.L	vi	Sülzfeld
1.B.L	vi	Thüringen
1.B.L	vi	Trusetal
1.B.L	vi	UTC+1
1.B.L	vi	UTC+2
1.B.L	vi	Unterkatz
1.B.L	vi	Untermaßfeld
1.B.L	vi	Unterschönau
1.B.L	vi	Unterweid
1.B.L	vi	Utendorf
1.B.L	vi	Vachdorf
1.B.L	vi	Viernau
1.B.L	vi	Wahns
1.B.L	vi	Wallbach, Schmalkalden-Meiningen
1.B.L	vi	Walldorf, Schmalkalden-Meiningen
1.B.L	vi	Wasungen
1.B.L	vi	Website
1.B.L	vi	Wölfershausen
1.B.L	vi	Zella-Mehlis
1.B.L	vi	Đảng Dân chủ Xã hội Đức
1.B.L	vi	Đức
1.B.L	vi	Wikipedia:Bài sơ khai
1.B.L	vi	Bản mẫu:Bản mẫu:Sơ khai Thüringen
1.B.L	vi	Bản mẫu:Cities and towns in Schmalkalden-Meiningen (district)
1.B.L	vi	Thảo luận Bản mẫu:Bản mẫu:Sơ khai Thüringen
1.B.L	vi	Thảo luận Bản mẫu:Cities and towns in Schmalkalden-Meiningen (district)
1.B.L	vo	Deutän
1.B.L	vo	Km²
1.B.L	vo	Koordinatasit taledavik
1.B.L	vo	Thüringen
1.B.L	uz	Anodza:JoyXarita Olmoniya Turingiya Schmalkalden-Meiningen (tuman)
1.B.L	uz	Avtomobil raqamlari
1.B.L	uz	Dengiz sathidan balandlik
1.B.L	uz	Geografik koordinatalar
1.B.L	uz	Germaniya
1.B.L	uz	Koordinatalar
1.B.L	uz	Kvadrat kilometr
1.B.L	uz	Mamlakat
1.B.L	uz	Maydon
1.B.L	uz	Maʼmuriy birlik identifikatsiyasi raqami
1.B.L	uz	Metr
1.B.L	uz	Olmoniya
1.B.L	uz	Olmoniya yerlari
1.B.L	uz	Pochta indeksi
1.B.L	uz	Schmalkalden-Meiningen (tuman)
1.B.L	uz	Telefon raqamlash rejasi
1.B.L	uz	Tuman
1.B.L	uz	Tuman (Olmoniya)
1.B.L	uz	Turingiya
1.B.L	uz	UTC+1
1.B.L	uz	UTC+2
1.B.L	uz	Vaqt mintaqasi
1.B.L	uz	VikiOmbor
1.B.L	uz	Yozgi vaqt
1.B.L	uz	Andoza:JoyXarita Olmoniya
1.B.L	uz	Andoza:JoyXarita Olmoniya Turingiya
1.B.L	uz	Andoza:Rang/Olmoniya
1.B.L	sv	1230
1.B.L	sv	982
1.B.L	sv	Befolkningstäthet
1.B.L	sv	Büchnersches Hinterhaus
1.B.L	sv	Dampflokwerk
1.B.L	sv	Das Meininger Theater
1.B.L	sv	Franken
1.B.L	sv	Geografiska koordinatsystem
1.B.L	sv	Goetz-Höhle
1.B.L	sv	Kvadratkilometer
1.B.L	sv	Land
1.B.L	sv	Landkreis
1.B.L	sv	Landkreis Schmalkalden-Meiningen
1.B.L	sv	Postnummer
1.B.L	sv	Registreringsskylt
1.B.L	sv	Riktnummer
1.B.L	sv	Sachsen-Meiningen
1.B.L	sv	Schloss Elisabethenburg
1.B.L	sv	Schloss Landsberg
1.B.L	sv	Thüringen
1.B.L	sv	Tyskland
1.B.L	sv	Tysklands förbundsländer
1.B.L	sv	Werra
1.B.L	sv	Wikipedia:Projekt Geografi
1.B.L	sv	Wikipedia:Stubbar
1.B.L	sk	1230
1.B.L	sk	982
1.B.L	sk	Durínsko
1.B.L	sk	Fabian Giesder
1.B.L	sk	Hektár
1.B.L	sk	Mesto
1.B.L	sk	Metrov nad morom
1.B.L	sk	Nemecko
1.B.L	sk	Preklad (jazykoveda)
1.B.L	sk	Sasko-Meiningensko
1.B.L	sk	Schmalkalden-Meiningen
1.B.L	sk	Stredoeurópsky letný čas
1.B.L	sk	Stredoeurópsky čas
1.B.L	sk	Werra
1.B.L	sk	Štvorcový kilometer
1.B.L	sk	Wikipédia:Výhonok
1.B.L	sr	1990
1.B.L	sr	2005
1.B.L	sr	Bussy St. Georges
1.B.L	sr	Њемачки језик
1.B.L	sr	Алтерсбах
1.B.L	sr	Ашенхаузен
1.B.L	sr	Белрит
1.B.L	sr	Бенсхаузен
1.B.L	sr	Бермбах
1.B.L	sr	Биркс
1.B.L	sr	Боа Колон
1.B.L	sr	Брајтунген (Вера)
1.B.L	sr	Бротероде
1.B.L	sr	Вазунген
1.B.L	sr	Ванс
1.B.L	sr	Велферсхаузен
1.B.L	sr	Временска зона
1.B.L	sr	Дилштет
1.B.L	sr	Елингсхаузен
1.B.L	sr	Епферсхаузен
1.B.L	sr	Ербенхаузен
1.B.L	sr	Зилцфелд
1.B.L	sr	Италија
1.B.L	sr	Калтенвестхајм
1.B.L	sr	Калтенсундхајм
1.B.L	sr	Киндорф
1.B.L	sr	Кристес
1.B.L	sr	Мелперс
1.B.L	sr	Мемелс
1.B.L	sr	Мецелс
1.B.L	sr	Немачка
1.B.L	sr	Немачке државе
1.B.L	sr	Обервајд
1.B.L	sr	Оберкац
1.B.L	sr	Обермасфелд-Гриментал
1.B.L	sr	Оберхоф
1.B.L	sr	Обершенау
1.B.L	sr	Округ Шмалкалден-Мајнинген
1.B.L	sr	Позивни број
1.B.L	sr	Поштански код
1.B.L	sr	Регистарска ознака
1.B.L	sr	Ренблик
1.B.L	sr	Риперсхаузен
1.B.L	sr	Риченхаузен
1.B.L	sr	Ротероде
1.B.L	sr	Становништво
1.B.L	sr	Тирингија
1.B.L	sr	Трисоно
1.B.L	sr	Трузетал
1.B.L	sr	Унтервајд
1.B.L	sr	Унтеркац
1.B.L	sr	Унтермасфелд
1.B.L	sr	Унтершенау
1.B.L	sr	Утендорф
1.B.L	sr	Фамбах
1.B.L	sr	Фахдорф
1.B.L	sr	Фирнау
1.B.L	sr	Фло-Зелигентал
1.B.L	sr	Франкенхајм (Рен)
1.B.L	sr	Француска
1.B.L	sr	Фриделсхаузен
1.B.L	sr	Химпферсхаузен
1.B.L	sr	Цела-Мелис
1.B.L	sr	Швалунген
1.B.L	sr	Шмалкалден
1.B.L	sr	Шпрингстиле
1.B.L	sr	Штајнбах-Халенберг
1.B.L	sr	Штепферсхаузен
1.B.L	sr	Портал:Немачка
1.B.L	ru	117-й гвардейский мотострелковый полк
1.B.L	ru	1774
1.B.L	ru	1845
1.B.L	ru	2010 год
1.B.L	ru	39-я гвардейская мотострелковая дивизия
1.B.L	ru	UTC+1
1.B.L	ru	UTC+2
1.B.L	ru	Автомобильные номера
1.B.L	ru	Айзенах
1.B.L	ru	Айнхаузен (Тюрингия)
1.B.L	ru	Айхсфельд (район)
1.B.L	ru	Альтенбург (район)
1.B.L	ru	Альтерсбах
1.B.L	ru	Ашенхаузен
1.B.L	ru	Бауербах (Тюрингия)
1.B.L	ru	Бельрит
1.B.L	ru	Берках (Тюрингия)
1.B.L	ru	Бермбах
1.B.L	ru	Берунген
1.B.L	ru	Бибра (Майнинген)
1.B.L	ru	Биркс
1.B.L	ru	Брайтунген (Верра)
1.B.L	ru	Броттероде
1.B.L	ru	Вазунген
1.B.L	ru	Ваймарер-Ланд
1.B.L	ru	Вальбах (Тюрингия)
1.B.L	ru	Вальдорф (Верра)
1.B.L	ru	Ванс (Германия)
1.B.L	ru	Вартбург (район)
1.B.L	ru	Веймар
1.B.L	ru	Вернсхаузен
1.B.L	ru	Викисклад
1.B.L	ru	Вольфмансхаузен
1.B.L	ru	Вольцоген, Людвиг фон
1.B.L	ru	Высота над уровнем моря
1.B.L	ru	Вёльферсхаузен
1.B.L	ru	ГСВГ
1.B.L	ru	Географические координаты
1.B.L	ru	Гера (город, Германия)
1.B.L	ru	Германия
1.B.L	ru	Гота (район)
1.B.L	ru	Грайц (район)
1.B.L	ru	Дильштедт
1.B.L	ru	Заале-Орла (район)
1.B.L	ru	Зале-Хольцланд (район)
1.B.L	ru	Зальфельд-Рудольштадт (район)
1.B.L	ru	Земли Германии
1.B.L	ru	Зоннеберг (район)
1.B.L	ru	Зуль
1.B.L	ru	Зюльцфельд
1.B.L	ru	Зёмерда (район)
1.B.L	ru	Идентификационный код субъекта самоуправления
1.B.L	ru	Ильм (район)
1.B.L	ru	Йена (город)
1.B.L	ru	Кальтенвештайм
1.B.L	ru	Кальтензундхайм
1.B.L	ru	Квадратный километр
1.B.L	ru	Квайенфельд
1.B.L	ru	Кифхойзер (район)
1.B.L	ru	Кюндорф
1.B.L	ru	Летнее время
1.B.L	ru	Лойтерсдорф (Тюрингия)
1.B.L	ru	Мельперс
1.B.L	ru	Мемельс
1.B.L	ru	Метр
1.B.L	ru	Метцельс
1.B.L	ru	Немецкий язык
1.B.L	ru	Нойбрунн (Тюрингия)
1.B.L	ru	Нордхайм (Тюрингия)
1.B.L	ru	Нордхаузен (район)
1.B.L	ru	Обервайд
1.B.L	ru	Оберкац
1.B.L	ru	Обермасфельд-Гримменталь
1.B.L	ru	Оберхоф
1.B.L	ru	Обершёнау
1.B.L	ru	Площадь
1.B.L	ru	Почтовый индекс
1.B.L	ru	Район (Германия)
1.B.L	ru	Рентвертсхаузен
1.B.L	ru	Рипперсхаузен
1.B.L	ru	Риченхаузен
1.B.L	ru	Роза (Тюрингия)
1.B.L	ru	Рор (Тюрингия)
1.B.L	ru	Росдорф (Тюрингия)
1.B.L	ru	Роттероде
1.B.L	ru	Рёнблик
1.B.L	ru	Советская Армия
1.B.L	ru	Страна
1.B.L	ru	Телефонный план нумерации
1.B.L	ru	Трузеталь
1.B.L	ru	Тюрингия
1.B.L	ru	Унструт-Хайних (район)
1.B.L	ru	Унтервайд
1.B.L	ru	Унтеркац
1.B.L	ru	Унтермасфельд
1.B.L	ru	Унтершёнау
1.B.L	ru	Утендорф
1.B.L	ru	Фамбах
1.B.L	ru	Фахдорф
1.B.L	ru	Фирнау
1.B.L	ru	Флох-Зелигенталь
1.B.L	ru	Франкенхайм-на-Рёне
1.B.L	ru	Франкония
1.B.L	ru	Фридельсхаузен
1.B.L	ru	Хеннеберг (Тюрингия)
1.B.L	ru	Херпф
1.B.L	ru	Хильдбургхаузен (район)
1.B.L	ru	Христес
1.B.L	ru	Хюмпферсхаузен
1.B.L	ru	Целла-Мелис
1.B.L	ru	Часовой пояс
1.B.L	ru	Шваллунген
1.B.L	ru	Шварца (Тюрингер-Вальд)
1.B.L	ru	Швикерсхаузен
1.B.L	ru	Шмалькальден
1.B.L	ru	Шмалькальден-Майнинген (район)
1.B.L	ru	Шпрингштилле
1.B.L	ru	Штайнбах-Халленберг
1.B.L	ru	Штепферсхаузен
1.B.L	ru	Эксдорф
1.B.L	ru	Эллингсхаузен
1.B.L	ru	Эпферсхаузен
1.B.L	ru	Эрбенхаузен
1.B.L	ru	Эрфурт
1.B.L	ru	Юхзен
1.B.L	ru	Википедия:Заготовка статьи
1.B.L	ru	Шаблон:ПозКарта Германия
1.B.L	ru	Шаблон:ПозКарта Германия Тюрингия
1.B.L	ru	Шаблон:ПозКарта Германия Тюрингия Шмалькальден-Майнинген (район)
1.B.L	ru	Шаблон:Цвет/Германия
1.B.L	ru	Проект:Германия/Шаблоны-geo-stub
1.B.L	ro	Altersbach
1.B.L	ro	Altitudine
1.B.L	ro	Aschenhausen
1.B.L	ro	Bauerbach (Thüringen)
1.B.L	ro	Behrungen
1.B.L	ro	Belrieth
1.B.L	ro	Benshausen
1.B.L	ro	Berkach
1.B.L	ro	Bermbach
1.B.L	ro	Bibra (bei Meiningen)
1.B.L	ro	Birx
1.B.L	ro	Breitungen
1.B.L	ro	Brotterode
1.B.L	ro	Burgomaster
1.B.L	ro	Christes
1.B.L	ro	Coat of arms of Meiningen
1.B.L	ro	Coordonate geografice
1.B.L	ro	Densitatea populației
1.B.L	ro	Dillstädt
1.B.L	ro	Districtele Germaniei
1.B.L	ro	Einhausen (Thüringen)
1.B.L	ro	Ellingshausen
1.B.L	ro	Erbenhausen
1.B.L	ro	Fambach
1.B.L	ro	Floh-Seligenthal
1.B.L	ro	Frankenheim/Rhön
1.B.L	ro	Friedelshausen
1.B.L	ro	Fus orar
1.B.L	ro	Germania
1.B.L	ro	Henneberg (Thüringen)
1.B.L	ro	Herpf
1.B.L	ro	Heßles
1.B.L	ro	Hümpfershausen
1.B.L	ro	Jüchsen
1.B.L	ro	Kaltensundheim
1.B.L	ro	Kaltenwestheim
1.B.L	ro	Km²
1.B.L	ro	Kühndorf
1.B.L	ro	Landurile Germaniei
1.B.L	ro	Leutersdorf (Thüringen)
1.B.L	ro	Listă de state suverane
1.B.L	ro	Localitate
1.B.L	ro	Mehmels
1.B.L	ro	Meiningen (dezambiguizare)
1.B.L	ro	Melpers
1.B.L	ro	Metzels
1.B.L	ro	Neubrunn (Thüringen)
1.B.L	ro	Nordheim (Thüringen)
1.B.L	ro	Oberhof
1.B.L	ro	Oberkatz
1.B.L	ro	Obermaßfeld-Grimmenthal
1.B.L	ro	Oberschönau
1.B.L	ro	Oberweid
1.B.L	ro	Oepfershausen
1.B.L	ro	Ora Europei Centrale
1.B.L	ro	Ora de vară a Europei Centrale
1.B.L	ro	Populație
1.B.L	ro	Queienfeld
1.B.L	ro	Reinhard Kupietz
1.B.L	ro	Rentwertshausen
1.B.L	ro	Rhönblick
1.B.L	ro	Rippershausen
1.B.L	ro	Ritschenhausen
1.B.L	ro	Rohr (Thüringen)
1.B.L	ro	Rosa (Thüringen)
1.B.L	ro	Rotterode
1.B.L	ro	Roßdorf (Thüringen)
1.B.L	ro	Schmalkalden
1.B.L	ro	Schmalkalden-Meiningen (district)
1.B.L	ro	Schwallungen
1.B.L	ro	Schwarza (Thüringer Wald)
1.B.L	ro	Schwickershausen
1.B.L	ro	Sit web
1.B.L	ro	Springstille
1.B.L	ro	Stadtteil
1.B.L	ro	Steinbach-Hallenberg
1.B.L	ro	Stepfershausen
1.B.L	ro	Suprafață
1.B.L	ro	Sülzfeld
1.B.L	ro	Thüringen
1.B.L	ro	Trusetal
1.B.L	ro	Turingia
1.B.L	ro	UTC+1
1.B.L	ro	UTC+2
1.B.L	ro	Unterkatz
1.B.L	ro	Untermaßfeld
1.B.L	ro	Unterschönau
1.B.L	ro	Unterweid
1.B.L	ro	Utendorf
1.B.L	ro	Vachdorf
1.B.L	ro	Viernau
1.B.L	ro	Wahns
1.B.L	ro	Wallbach (Thüringen)
1.B.L	ro	Walldorf (Werra)
1.B.L	ro	Wasungen
1.B.L	ro	Wernshausen
1.B.L	ro	Wolfmannshausen
1.B.L	ro	Wölfershausen
1.B.L	ro	Zella-Mehlis
1.B.L	ro	Wikipedia:Articolul ciot perfect
1.B.L	ro	Wikipedia:Găsește și repară un ciot
1.B.L	ro	Format:Schmalkalden-Meiningen
1.B.L	ro	Discuție Format:Schmalkalden-Meiningen
1.B.L	pt	2010
1.B.L	pt	Alemanha
1.B.L	pt	Altitude
1.B.L	pt	Cidade
1.B.L	pt	Coordenada geográfica
1.B.L	pt	Código postal
1.B.L	pt	Código telefônico
1.B.L	pt	Densidade populacional
1.B.L	pt	Distrito
1.B.L	pt	Erfüllende Gemeinde
1.B.L	pt	Estados da Alemanha
1.B.L	pt	Francônia
1.B.L	pt	Geografia da Alemanha
1.B.L	pt	Henneberg (Turíngia)
1.B.L	pt	Lista de distritos rurais da Alemanha
1.B.L	pt	Língua alemã
1.B.L	pt	Língua portuguesa
1.B.L	pt	Metro
1.B.L	pt	Partido político
1.B.L	pt	País
1.B.L	pt	Placa de identificação de veículos
1.B.L	pt	População
1.B.L	pt	Prefeito
1.B.L	pt	Prefeitura
1.B.L	pt	Quilómetro quadrado
1.B.L	pt	Rippershausen
1.B.L	pt	Schmalkalden-Meiningen
1.B.L	pt	Stepfershausen
1.B.L	pt	Sülzfeld
1.B.L	pt	Turíngia
1.B.L	pt	Untermaßfeld
1.B.L	pt	Website
1.B.L	pt	Área
1.B.L	pt	Wikipédia:Esboço
1.B.L	zh	UTC+1
1.B.L	zh	人口密度
1.B.L	zh	县 (德国)
1.B.L	zh	图林根州
1.B.L	zh	图林根州市镇列表
1.B.L	zh	市镇 (德国)
1.B.L	zh	德国
1.B.L	zh	德国行政区划
1.B.L	zh	時區
1.B.L	zh	欧洲中部时间
1.B.L	zh	经纬度
1.CN	de	Meiningen
1.IWL	fi	Meiningen
1.IWL	fr	Meiningen
1.IWL	he	מיינינגן
1.IWL	fa	ماینینگن
1.IWL	eo	Meiningen
1.IWL	en	Meiningen
1.IWL	es	Meiningen
1.IWL	ca	Meiningen
1.IWL	bg	Майнинген
1.IWL	da	Meiningen
1.IWL	cs	Meiningen
1.IWL	ba	Майнинген
1.IWL	af	Meiningen
1.IWL	no	Meiningen
1.IWL	pl	Meiningen
1.IWL	mk	Мајнинген
1.IWL	ms	Meiningen
1.IWL	nl	Meiningen (Duitsland)
1.IWL	kk	Майнинген
1.IWL	la	Mainingia
1.IWL	hu	Meiningen
1.IWL	war	Meiningen
1.IWL	it	Meiningen (Germania)
1.IWL	ja	マイニンゲン
1.IWL	vi	Meiningen
1.IWL	vo	Meiningen (Thüringen)
1.IWL	uz	Meiningen
1.IWL	fur	Meiningen
1.IWL	sv	Meiningen
1.IWL	sk	Meiningen (Nemecko)
1.IWL	sr	Мајнинген
1.IWL	ru	Майнинген
1.IWL	ro	Meiningen
1.IWL	pt	Meiningen
1.IWL	zh	迈宁根
